Archive member included to satisfy reference by file (symbol)

e:/gcc-arm-none-eabi-10.3-2021.10-win32/gcc-arm-none-eabi-10.3-2021.10/bin/../lib/gcc/arm-none-eabi/10.3.1/../../../../arm-none-eabi/lib/thumb/v7e-m+fp/hard\libc_nano.a(lib_a-exit.o)
                              e:/gcc-arm-none-eabi-10.3-2021.10-win32/gcc-arm-none-eabi-10.3-2021.10/bin/../lib/gcc/arm-none-eabi/10.3.1/../../../../arm-none-eabi/lib/thumb/v7e-m+fp/hard/crt0.o (exit)
e:/gcc-arm-none-eabi-10.3-2021.10-win32/gcc-arm-none-eabi-10.3-2021.10/bin/../lib/gcc/arm-none-eabi/10.3.1/../../../../arm-none-eabi/lib/thumb/v7e-m+fp/hard\libc_nano.a(lib_a-impure.o)
                              e:/gcc-arm-none-eabi-10.3-2021.10-win32/gcc-arm-none-eabi-10.3-2021.10/bin/../lib/gcc/arm-none-eabi/10.3.1/../../../../arm-none-eabi/lib/thumb/v7e-m+fp/hard\libc_nano.a(lib_a-exit.o) (_global_impure_ptr)
e:/gcc-arm-none-eabi-10.3-2021.10-win32/gcc-arm-none-eabi-10.3-2021.10/bin/../lib/gcc/arm-none-eabi/10.3.1/../../../../arm-none-eabi/lib/thumb/v7e-m+fp/hard\libc_nano.a(lib_a-init.o)
                              e:/gcc-arm-none-eabi-10.3-2021.10-win32/gcc-arm-none-eabi-10.3-2021.10/bin/../lib/gcc/arm-none-eabi/10.3.1/../../../../arm-none-eabi/lib/thumb/v7e-m+fp/hard/crt0.o (__libc_init_array)
e:/gcc-arm-none-eabi-10.3-2021.10-win32/gcc-arm-none-eabi-10.3-2021.10/bin/../lib/gcc/arm-none-eabi/10.3.1/../../../../arm-none-eabi/lib/thumb/v7e-m+fp/hard\libc_nano.a(lib_a-memset.o)
                              e:/gcc-arm-none-eabi-10.3-2021.10-win32/gcc-arm-none-eabi-10.3-2021.10/bin/../lib/gcc/arm-none-eabi/10.3.1/../../../../arm-none-eabi/lib/thumb/v7e-m+fp/hard/crt0.o (memset)
e:/gcc-arm-none-eabi-10.3-2021.10-win32/gcc-arm-none-eabi-10.3-2021.10/bin/../lib/gcc/arm-none-eabi/10.3.1/../../../../arm-none-eabi/lib/thumb/v7e-m+fp/hard\libc_nano.a(lib_a-nano-vfprintf_float.o)
                              (_printf_float)
e:/gcc-arm-none-eabi-10.3-2021.10-win32/gcc-arm-none-eabi-10.3-2021.10/bin/../lib/gcc/arm-none-eabi/10.3.1/../../../../arm-none-eabi/lib/thumb/v7e-m+fp/hard\libc_nano.a(lib_a-nano-vfprintf_i.o)
                              e:/gcc-arm-none-eabi-10.3-2021.10-win32/gcc-arm-none-eabi-10.3-2021.10/bin/../lib/gcc/arm-none-eabi/10.3.1/../../../../arm-none-eabi/lib/thumb/v7e-m+fp/hard\libc_nano.a(lib_a-nano-vfprintf_float.o) (_printf_common)
e:/gcc-arm-none-eabi-10.3-2021.10-win32/gcc-arm-none-eabi-10.3-2021.10/bin/../lib/gcc/arm-none-eabi/10.3.1/../../../../arm-none-eabi/lib/thumb/v7e-m+fp/hard\libc_nano.a(lib_a-strcmp.o)
                              build/main.o (strcmp)
e:/gcc-arm-none-eabi-10.3-2021.10-win32/gcc-arm-none-eabi-10.3-2021.10/bin/../lib/gcc/arm-none-eabi/10.3.1/../../../../arm-none-eabi/lib/thumb/v7e-m+fp/hard\libc_nano.a(lib_a-strlen.o)
                              build/main.o (strlen)
e:/gcc-arm-none-eabi-10.3-2021.10-win32/gcc-arm-none-eabi-10.3-2021.10/bin/../lib/gcc/arm-none-eabi/10.3.1/../../../../arm-none-eabi/lib/thumb/v7e-m+fp/hard\libc_nano.a(lib_a-strncmp.o)
                              build/shell.o (strncmp)
e:/gcc-arm-none-eabi-10.3-2021.10-win32/gcc-arm-none-eabi-10.3-2021.10/bin/../lib/gcc/arm-none-eabi/10.3.1/../../../../arm-none-eabi/lib/thumb/v7e-m+fp/hard\libc_nano.a(lib_a-vsnprintf.o)
                              build/shell.o (vsnprintf)
e:/gcc-arm-none-eabi-10.3-2021.10-win32/gcc-arm-none-eabi-10.3-2021.10/bin/../lib/gcc/arm-none-eabi/10.3.1/../../../../arm-none-eabi/lib/thumb/v7e-m+fp/hard\libc_nano.a(lib_a-dtoa.o)
                              e:/gcc-arm-none-eabi-10.3-2021.10-win32/gcc-arm-none-eabi-10.3-2021.10/bin/../lib/gcc/arm-none-eabi/10.3.1/../../../../arm-none-eabi/lib/thumb/v7e-m+fp/hard\libc_nano.a(lib_a-nano-vfprintf_float.o) (_dtoa_r)
e:/gcc-arm-none-eabi-10.3-2021.10-win32/gcc-arm-none-eabi-10.3-2021.10/bin/../lib/gcc/arm-none-eabi/10.3.1/../../../../arm-none-eabi/lib/thumb/v7e-m+fp/hard\libc_nano.a(lib_a-localeconv.o)
                              e:/gcc-arm-none-eabi-10.3-2021.10-win32/gcc-arm-none-eabi-10.3-2021.10/bin/../lib/gcc/arm-none-eabi/10.3.1/../../../../arm-none-eabi/lib/thumb/v7e-m+fp/hard\libc_nano.a(lib_a-nano-vfprintf_float.o) (_localeconv_r)
e:/gcc-arm-none-eabi-10.3-2021.10-win32/gcc-arm-none-eabi-10.3-2021.10/bin/../lib/gcc/arm-none-eabi/10.3.1/../../../../arm-none-eabi/lib/thumb/v7e-m+fp/hard\libc_nano.a(lib_a-malloc.o)
                              e:/gcc-arm-none-eabi-10.3-2021.10-win32/gcc-arm-none-eabi-10.3-2021.10/bin/../lib/gcc/arm-none-eabi/10.3.1/../../../../arm-none-eabi/lib/thumb/v7e-m+fp/hard\libc_nano.a(lib_a-dtoa.o) (malloc)
e:/gcc-arm-none-eabi-10.3-2021.10-win32/gcc-arm-none-eabi-10.3-2021.10/bin/../lib/gcc/arm-none-eabi/10.3.1/../../../../arm-none-eabi/lib/thumb/v7e-m+fp/hard\libc_nano.a(lib_a-memchr.o)
                              e:/gcc-arm-none-eabi-10.3-2021.10-win32/gcc-arm-none-eabi-10.3-2021.10/bin/../lib/gcc/arm-none-eabi/10.3.1/../../../../arm-none-eabi/lib/thumb/v7e-m+fp/hard\libc_nano.a(lib_a-nano-vfprintf_i.o) (memchr)
[...]
Memory Configuration

Name             Origin             Length             Attributes
RAM              0x20000000         0x00010000         xrw
RAM2             0x10000000         0x00004000         xrw
FLASH            0x08000000         0x00020000         xr
*default*        0x00000000         0xffffffff

Linker script and memory map

LOAD e:/gcc-arm-none-eabi-10.3-2021.10-win32/gcc-arm-none-eabi-10.3-2021.10/bin/../lib/gcc/arm-none-eabi/10.3.1/thumb/v7e-m+fp/hard/crti.o
LOAD e:/gcc-arm-none-eabi-10.3-2021.10-win32/gcc-arm-none-eabi-10.3-2021.10/bin/../lib/gcc/arm-none-eabi/10.3.1/thumb/v7e-m+fp/hard/crtbegin.o
LOAD e:/gcc-arm-none-eabi-10.3-2021.10-win32/gcc-arm-none-eabi-10.3-2021.10/bin/../lib/gcc/arm-none-eabi/10.3.1/../../../../arm-none-eabi/lib/thumb/v7e-m+fp/hard/crt0.o
LOAD build/main.o
LOAD build/stm32l4xx_it.o
LOAD build/stm32l4xx_hal_msp.o
LOAD build/stm32l4xx_hal_adc.o
LOAD build/stm32l4xx_hal_adc_ex.o
LOAD build/stm32l4xx_hal.o
LOAD build/stm32l4xx_hal_i2c.o
LOAD build/stm32l4xx_hal_i2c_ex.o
LOAD build/stm32l4xx_hal_rcc.o
LOAD build/stm32l4xx_hal_rcc_ex.o
LOAD build/stm32l4xx_hal_flash.o
LOAD build/stm32l4xx_hal_flash_ex.o
LOAD build/stm32l4xx_hal_flash_ramfunc.o
LOAD build/stm32l4xx_hal_gpio.o
LOAD build/stm32l4xx_hal_dma.o
LOAD build/stm32l4xx_hal_dma_ex.o
LOAD build/stm32l4xx_hal_pwr.o
LOAD build/stm32l4xx_hal_pwr_ex.o
LOAD build/stm32l4xx_hal_cortex.o
LOAD build/stm32l4xx_hal_exti.o
LOAD build/stm32l4xx_hal_spi.o
LOAD build/stm32l4xx_hal_spi_ex.o
LOAD build/stm32l4xx_hal_tim.o
LOAD build/stm32l4xx_hal_tim_ex.o
LOAD build/stm32l4xx_hal_uart.o
LOAD build/stm32l4xx_hal_uart_ex.o
LOAD build/system_stm32l4xx.o
LOAD build/shell_cmd_list.o
LOAD build/shell_companion.o
LOAD build/shell_ext.o
LOAD build/shell_port.o
LOAD build/shell.o
LOAD build/gpio.o
LOAD build/adc.o
LOAD build/spi.o
LOAD build/usart.o
LOAD build/W25QXX.o
LOAD build/led.o
LOAD build/rs485.o
LOAD build/startup_stm32l431xx.o
LOAD e:/gcc-arm-none-eabi-10.3-2021.10-win32/gcc-arm-none-eabi-10.3-2021.10/bin/../lib/gcc/arm-none-eabi/10.3.1/../../../../arm-none-eabi/lib/thumb/v7e-m+fp/hard\libc_nano.a
LOAD e:/gcc-arm-none-eabi-10.3-2021.10-win32/gcc-arm-none-eabi-10.3-2021.10/bin/../lib/gcc/arm-none-eabi/10.3.1/../../../../arm-none-eabi/lib/thumb/v7e-m+fp/hard\libm.a
LOAD e:/gcc-arm-none-eabi-10.3-2021.10-win32/gcc-arm-none-eabi-10.3-2021.10/bin/../lib/gcc/arm-none-eabi/10.3.1/../../../../arm-none-eabi/lib/thumb/v7e-m+fp/hard\libnosys.a
START GROUP
LOAD e:/gcc-arm-none-eabi-10.3-2021.10-win32/gcc-arm-none-eabi-10.3-2021.10/bin/../lib/gcc/arm-none-eabi/10.3.1/thumb/v7e-m+fp/hard\libgcc.a
LOAD e:/gcc-arm-none-eabi-10.3-2021.10-win32/gcc-arm-none-eabi-10.3-2021.10/bin/../lib/gcc/arm-none-eabi/10.3.1/../../../../arm-none-eabi/lib/thumb/v7e-m+fp/hard\libc_nano.a
END GROUP
START GROUP
LOAD e:/gcc-arm-none-eabi-10.3-2021.10-win32/gcc-arm-none-eabi-10.3-2021.10/bin/../lib/gcc/arm-none-eabi/10.3.1/thumb/v7e-m+fp/hard\libgcc.a
LOAD e:/gcc-arm-none-eabi-10.3-2021.10-win32/gcc-arm-none-eabi-10.3-2021.10/bin/../lib/gcc/arm-none-eabi/10.3.1/../../../../arm-none-eabi/lib/thumb/v7e-m+fp/hard\libc_nano.a
END GROUP
LOAD e:/gcc-arm-none-eabi-10.3-2021.10-win32/gcc-arm-none-eabi-10.3-2021.10/bin/../lib/gcc/arm-none-eabi/10.3.1/thumb/v7e-m+fp/hard/crtend.o
LOAD e:/gcc-arm-none-eabi-10.3-2021.10-win32/gcc-arm-none-eabi-10.3-2021.10/bin/../lib/gcc/arm-none-eabi/10.3.1/thumb/v7e-m+fp/hard/crtn.o
                0x20010000                _estack = 0x20010000
                0x00000400                _Min_Heap_Size = 0x400
                0x00000400                _Min_Stack_Size = 0x400

.isr_vector     0x08000000      0x190
                0x08000000                . = ALIGN (0x8)
 *(.isr_vector)
 .isr_vector    0x08000000      0x18c build/startup_stm32l431xx.o
                0x08000000                g_pfnVectors
                0x08000190                . = ALIGN (0x8)
 *fill*         0x0800018c        0x4 

.text           0x08000190     0xa368
                0x08000190                . = ALIGN (0x8)
 *(.text)
 .text          0x08000190       0x40 e:/gcc-arm-none-eabi-10.3-2021.10-win32/gcc-arm-none-eabi-10.3-2021.10/bin/../lib/gcc/arm-none-eabi/10.3.1/thumb/v7e-m+fp/hard/crtbegin.o
 .text          0x080001d0       0x14 e:/gcc-arm-none-eabi-10.3-2021.10-win32/gcc-arm-none-eabi-10.3-2021.10/bin/../lib/gcc/arm-none-eabi/10.3.1/../../../../arm-none-eabi/lib/thumb/v7e-m+fp/hard\libc_nano.a(lib_a-strcmp.o)
                0x080001d0                strcmp
 .text          0x080001e4       0x10 e:/gcc-arm-none-eabi-10.3-2021.10-win32/gcc-arm-none-eabi-10.3-2021.10/bin/../lib/gcc/arm-none-eabi/10.3.1/../../../../arm-none-eabi/lib/thumb/v7e-m+fp/hard\libc_nano.a(lib_a-strlen.o)
                0x080001e4                strlen
 *fill*         0x080001f4        0xc 
 .text          0x08000200       0xa0 e:/gcc-arm-none-eabi-10.3-2021.10-win32/gcc-arm-none-eabi-10.3-2021.10/bin/../lib/gcc/arm-none-eabi/10.3.1/../../../../arm-none-eabi/lib/thumb/v7e-m+fp/hard\libc_nano.a(lib_a-memchr.o)
                0x08000200                memchr
 .text          0x080002a0      0x378 e:/gcc-arm-none-eabi-10.3-2021.10-win32/gcc-arm-none-eabi-10.3-2021.10/bin/../lib/gcc/arm-none-eabi/10.3.1/thumb/v7e-m+fp/hard\libgcc.a(_arm_addsubdf3.o)
                0x080002a0                __aeabi_drsub
                0x080002a8                __aeabi_dsub
                0x080002a8                __subdf3
                0x080002ac                __aeabi_dadd
                0x080002ac                __adddf3
                0x08000524                __floatunsidf
                0x08000524                __aeabi_ui2d
                0x08000544                __floatsidf
                0x08000544                __aeabi_i2d
                0x08000568                __aeabi_f2d
                0x08000568                __extendsfdf2
                0x080005ac                __floatundidf
                0x080005ac                __aeabi_ul2d
                0x080005bc                __floatdidf
                0x080005bc                __aeabi_l2d
 .text          0x08000618      0x424 e:/gcc-arm-none-eabi-10.3-2021.10-win32/gcc-arm-none-eabi-10.3-2021.10/bin/../lib/gcc/arm-none-eabi/10.3.1/thumb/v7e-m+fp/hard\libgcc.a(_arm_muldivdf3.o)
                0x08000618                __aeabi_dmul
                0x08000618                __muldf3
                0x0800086c                __divdf3
                0x0800086c                __aeabi_ddiv
 .text          0x08000a3c      0x110 e:/gcc-arm-none-eabi-10.3-2021.10-win32/gcc-arm-none-eabi-10.3-2021.10/bin/../lib/gcc/arm-none-eabi/10.3.1/thumb/v7e-m+fp/hard\libgcc.a(_arm_cmpdf2.o)
                0x08000a3c                __gtdf2
                0x08000a3c                __gedf2
                0x08000a44                __ltdf2
                0x08000a44                __ledf2
                0x08000a4c                __nedf2
                0x08000a4c                __eqdf2
                0x08000a4c                __cmpdf2
                0x08000ac8                __aeabi_cdrcmple
                0x08000ad8                __aeabi_cdcmpeq
                0x08000ad8                __aeabi_cdcmple
                0x08000ae8                __aeabi_dcmpeq
                0x08000afc                __aeabi_dcmplt
                0x08000b10                __aeabi_dcmple
                0x08000b24                __aeabi_dcmpge
                0x08000b38                __aeabi_dcmpgt
 .text          0x08000b4c       0x2c e:/gcc-arm-none-eabi-10.3-2021.10-win32/gcc-arm-none-eabi-10.3-2021.10/bin/../lib/gcc/arm-none-eabi/10.3.1/thumb/v7e-m+fp/hard\libgcc.a(_arm_unorddf2.o)
                0x08000b4c                __unorddf2
                0x08000b4c                __aeabi_dcmpun
 .text          0x08000b78       0x50 e:/gcc-arm-none-eabi-10.3-2021.10-win32/gcc-arm-none-eabi-10.3-2021.10/bin/../lib/gcc/arm-none-eabi/10.3.1/thumb/v7e-m+fp/hard\libgcc.a(_arm_fixdfsi.o)
                0x08000b78                __aeabi_d2iz
                0x08000b78                __fixdfsi
 .text          0x08000bc8       0x40 e:/gcc-arm-none-eabi-10.3-2021.10-win32/gcc-arm-none-eabi-10.3-2021.10/bin/../lib/gcc/arm-none-eabi/10.3.1/thumb/v7e-m+fp/hard\libgcc.a(_arm_fixunsdfsi.o)
                0x08000bc8                __aeabi_d2uiz
                0x08000bc8                __fixunsdfsi
 .text          0x08000c08       0xa0 e:/gcc-arm-none-eabi-10.3-2021.10-win32/gcc-arm-none-eabi-10.3-2021.10/bin/../lib/gcc/arm-none-eabi/10.3.1/thumb/v7e-m+fp/hard\libgcc.a(_arm_truncdfsf2.o)
                0x08000c08                __truncdfsf2
                0x08000c08                __aeabi_d2f
 .text          0x08000ca8       0x30 e:/gcc-arm-none-eabi-10.3-2021.10-win32/gcc-arm-none-eabi-10.3-2021.10/bin/../lib/gcc/arm-none-eabi/10.3.1/thumb/v7e-m+fp/hard\libgcc.a(_aeabi_uldivmod.o)
                0x08000ca8                __aeabi_uldivmod
 .text          0x08000cd8      0x2d0 e:/gcc-arm-none-eabi-10.3-2021.10-win32/gcc-arm-none-eabi-10.3-2021.10/bin/../lib/gcc/arm-none-eabi/10.3.1/thumb/v7e-m+fp/hard\libgcc.a(_udivmoddi4.o)
                0x08000cd8                __udivmoddi4
 .text          0x08000fa8        0x4 e:/gcc-arm-none-eabi-10.3-2021.10-win32/gcc-arm-none-eabi-10.3-2021.10/bin/../lib/gcc/arm-none-eabi/10.3.1/thumb/v7e-m+fp/hard\libgcc.a(_dvmd_tls.o)
                0x08000fa8                __aeabi_idiv0
                0x08000fa8                __aeabi_ldiv0
 *(.text*)
 .text.LED_Test
                0x08000fac       0xc4 build/main.o
                0x08000fac                LED_Test
 .text.RS485_Test
                0x08001070       0x18 build/main.o
                0x08001070                RS485_Test
 .text.Flash_Test
                0x08001088       0xbc build/main.o
                0x08001088                Flash_Test
 .text.LDR_Value_Get
                0x08001144       0x44 build/main.o
                0x08001144                LDR_Value_Get
 .text.agencyLDR_Value_Get
                0x08001188        0xe build/main.o
                0x08001188                agencyLDR_Value_Get
 *fill*         0x08001196        0x2 
 .text.Battery_Test
                0x08001198       0x64 build/main.o
                0x08001198                Battery_Test
 .text.agencyBattery_Test
                0x080011fc        0x8 build/main.o
                0x080011fc                agencyBattery_Test
 .text.Error_Handler
                0x08001204        0x4 build/main.o
                0x08001204                Error_Handler
 .text.SystemClock_Config
                0x08001208       0x78 build/main.o
                0x08001208                SystemClock_Config
 .text.main     0x08001280       0x4c build/main.o
                0x08001280                main
 .text.NMI_Handler
                0x080012cc        0x2 build/stm32l4xx_it.o
                0x080012cc                NMI_Handler
 .text.HardFault_Handler
                0x080012ce        0x2 build/stm32l4xx_it.o
                0x080012ce                HardFault_Handler
 .text.MemManage_Handler
                0x080012d0        0x2 build/stm32l4xx_it.o
                0x080012d0                MemManage_Handler
 .text.BusFault_Handler
                0x080012d2        0x2 build/stm32l4xx_it.o
                0x080012d2                BusFault_Handler
 .text.UsageFault_Handler
                0x080012d4        0x2 build/stm32l4xx_it.o
                0x080012d4                UsageFault_Handler
 .text.SVC_Handler
                0x080012d6        0x2 build/stm32l4xx_it.o
                0x080012d6                SVC_Handler
 .text.DebugMon_Handler
                0x080012d8        0x2 build/stm32l4xx_it.o
                0x080012d8                DebugMon_Handler
 .text.PendSV_Handler
                0x080012da        0x2 build/stm32l4xx_it.o
                0x080012da                PendSV_Handler
 .text.SysTick_Handler
                0x080012dc        0x8 build/stm32l4xx_it.o
                0x080012dc                SysTick_Handler
 .text.SPI2_IRQHandler
                0x080012e4       0x10 build/stm32l4xx_it.o
                0x080012e4                SPI2_IRQHandler
 .text.USART1_IRQHandler
                0x080012f4       0x10 build/stm32l4xx_it.o
                0x080012f4                USART1_IRQHandler
 .text.USART2_IRQHandler
                0x08001304       0x10 build/stm32l4xx_it.o
                0x08001304                USART2_IRQHandler
 .text.USART3_IRQHandler
                0x08001314       0x10 build/stm32l4xx_it.o
                0x08001314                USART3_IRQHandler
 .text.SPI3_IRQHandler
                0x08001324       0x10 build/stm32l4xx_it.o
                0x08001324                SPI3_IRQHandler
 .text.HAL_MspInit
                0x08001334       0x3c build/stm32l4xx_hal_msp.o
                0x08001334                HAL_MspInit
 .text.HAL_ADC_Init
                0x08001370      0x1dc build/stm32l4xx_hal_adc.o
                0x08001370                HAL_ADC_Init
 .text.HAL_ADC_PollForConversion
                0x0800154c       0xb4 build/stm32l4xx_hal_adc.o
                0x0800154c                HAL_ADC_PollForConversion
 .text.HAL_ADC_GetValue
                0x08001600        0x6 build/stm32l4xx_hal_adc.o
                0x08001600                HAL_ADC_GetValue
 *fill*         0x08001606        0x2 
 .text.HAL_ADC_ConfigChannel
                0x08001608      0x4a0 build/stm32l4xx_hal_adc.o
                0x08001608                HAL_ADC_ConfigChannel
 .text.HAL_ADC_GetState
                0x08001aa8        0x4 build/stm32l4xx_hal_adc.o
                0x08001aa8                HAL_ADC_GetState
 .text.ADC_ConversionStop
                0x08001aac      0x100 build/stm32l4xx_hal_adc.o
                0x08001aac                ADC_ConversionStop
 .text.ADC_Enable
                0x08001bac       0xdc build/stm32l4xx_hal_adc.o
                0x08001bac                ADC_Enable
 .text.HAL_ADC_Start
                0x08001c88       0x8c build/stm32l4xx_hal_adc.o
                0x08001c88                HAL_ADC_Start
 .text.ADC_Disable
                0x08001d14       0x94 build/stm32l4xx_hal_adc.o
                0x08001d14                ADC_Disable
 .text.HAL_ADC_Stop
                0x08001da8       0x42 build/stm32l4xx_hal_adc.o
                0x08001da8                HAL_ADC_Stop
 .text.HAL_ADCEx_Calibration_Start
                0x08001dea       0x98 build/stm32l4xx_hal_adc_ex.o
                0x08001dea                HAL_ADCEx_Calibration_Start
 *fill*         0x08001e82        0x2 
 .text.HAL_InitTick
                0x08001e84       0x50 build/stm32l4xx_hal.o
                0x08001e84                HAL_InitTick
 .text.HAL_Init
                0x08001ed4       0x1e build/stm32l4xx_hal.o
                0x08001ed4                HAL_Init
 *fill*         0x08001ef2        0x2 
 .text.HAL_IncTick
                0x08001ef4       0x18 build/stm32l4xx_hal.o
                0x08001ef4                HAL_IncTick
 .text.HAL_GetTick
                0x08001f0c        0xc build/stm32l4xx_hal.o
                0x08001f0c                HAL_GetTick
 .text.HAL_Delay
                0x08001f18       0x28 build/stm32l4xx_hal.o
                0x08001f18                HAL_Delay
 .text.RCC_SetFlashLatencyFromMSIRange
                0x08001f40       0x90 build/stm32l4xx_hal_rcc.o
 .text.HAL_RCC_GetSysClockFreq
                0x08001fd0       0xb4 build/stm32l4xx_hal_rcc.o
                0x08001fd0                HAL_RCC_GetSysClockFreq
 .text.HAL_RCC_OscConfig
                0x08002084      0x66c build/stm32l4xx_hal_rcc.o
                0x08002084                HAL_RCC_OscConfig
 .text.HAL_RCC_ClockConfig
                0x080026f0      0x184 build/stm32l4xx_hal_rcc.o
                0x080026f0                HAL_RCC_ClockConfig
 .text.HAL_RCC_GetHCLKFreq
                0x08002874        0xc build/stm32l4xx_hal_rcc.o
                0x08002874                HAL_RCC_GetHCLKFreq
 .text.HAL_RCC_GetPCLK1Freq
                0x08002880       0x24 build/stm32l4xx_hal_rcc.o
                0x08002880                HAL_RCC_GetPCLK1Freq
 .text.HAL_RCC_GetPCLK2Freq
                0x080028a4       0x24 build/stm32l4xx_hal_rcc.o
                0x080028a4                HAL_RCC_GetPCLK2Freq
 .text.RCCEx_PLLSAI1_Config
                0x080028c8      0x16c build/stm32l4xx_hal_rcc_ex.o
 .text.HAL_RCCEx_PeriphCLKConfig
                0x08002a34      0x31c build/stm32l4xx_hal_rcc_ex.o
                0x08002a34                HAL_RCCEx_PeriphCLKConfig
 .text.HAL_GPIO_Init
                0x08002d50      0x1c8 build/stm32l4xx_hal_gpio.o
                0x08002d50                HAL_GPIO_Init
 .text.HAL_GPIO_WritePin
                0x08002f18        0xa build/stm32l4xx_hal_gpio.o
                0x08002f18                HAL_GPIO_WritePin
 .text.HAL_GPIO_TogglePin
                0x08002f22       0x12 build/stm32l4xx_hal_gpio.o
                0x08002f22                HAL_GPIO_TogglePin
 .text.HAL_DMA_Abort
                0x08002f34       0x4a build/stm32l4xx_hal_dma.o
                0x08002f34                HAL_DMA_Abort
 .text.HAL_DMA_Abort_IT
                0x08002f7e       0x50 build/stm32l4xx_hal_dma.o
                0x08002f7e                HAL_DMA_Abort_IT
 *fill*         0x08002fce        0x2 
 .text.HAL_PWREx_GetVoltageRange
                0x08002fd0       0x10 build/stm32l4xx_hal_pwr_ex.o
                0x08002fd0                HAL_PWREx_GetVoltageRange
 .text.HAL_PWREx_ControlVoltageScaling
                0x08002fe0       0x90 build/stm32l4xx_hal_pwr_ex.o
                0x08002fe0                HAL_PWREx_ControlVoltageScaling
 .text.HAL_NVIC_SetPriorityGrouping
                0x08003070       0x24 build/stm32l4xx_hal_cortex.o
                0x08003070                HAL_NVIC_SetPriorityGrouping
 .text.HAL_NVIC_SetPriority
                0x08003094       0x70 build/stm32l4xx_hal_cortex.o
                0x08003094                HAL_NVIC_SetPriority
 .text.HAL_NVIC_EnableIRQ
                0x08003104       0x1c build/stm32l4xx_hal_cortex.o
                0x08003104                HAL_NVIC_EnableIRQ
 .text.HAL_SYSTICK_Config
                0x08003120       0x28 build/stm32l4xx_hal_cortex.o
                0x08003120                HAL_SYSTICK_Config
 .text.SPI_WaitFlagStateUntilTimeout
                0x08003148       0xd4 build/stm32l4xx_hal_spi.o
 .text.SPI_WaitFifoStateUntilTimeout
                0x0800321c       0xf4 build/stm32l4xx_hal_spi.o
 .text.SPI_EndRxTxTransaction
                0x08003310       0x62 build/stm32l4xx_hal_spi.o
 .text.SPI_EndRxTransaction
                0x08003372       0x82 build/stm32l4xx_hal_spi.o
 .text.HAL_SPI_Init
                0x080033f4       0xde build/stm32l4xx_hal_spi.o
                0x080033f4                HAL_SPI_Init
 .text.HAL_SPI_Transmit
                0x080034d2      0x202 build/stm32l4xx_hal_spi.o
                0x080034d2                HAL_SPI_Transmit
 .text.HAL_SPI_TransmitReceive
                0x080036d4      0x2de build/stm32l4xx_hal_spi.o
                0x080036d4                HAL_SPI_TransmitReceive
 .text.HAL_SPI_Receive
                0x080039b2      0x1aa build/stm32l4xx_hal_spi.o
                0x080039b2                HAL_SPI_Receive
 .text.HAL_SPI_ErrorCallback
                0x08003b5c        0x2 build/stm32l4xx_hal_spi.o
                0x08003b5c                HAL_SPI_ErrorCallback
 *fill*         0x08003b5e        0x2 
 .text.HAL_SPI_IRQHandler
                0x08003b60      0x124 build/stm32l4xx_hal_spi.o
                0x08003b60                HAL_SPI_IRQHandler
 .text.SPI_DMAAbortOnError
                0x08003c84       0x12 build/stm32l4xx_hal_spi.o
 .text.UART_EndRxTransfer
                0x08003c96       0x50 build/stm32l4xx_hal_uart.o
 .text.HAL_UART_TxCpltCallback
                0x08003ce6        0x2 build/stm32l4xx_hal_uart.o
                0x08003ce6                HAL_UART_TxCpltCallback
 .text.UART_EndTransmit_IT
                0x08003ce8       0x22 build/stm32l4xx_hal_uart.o
 .text.HAL_UART_ErrorCallback
                0x08003d0a        0x2 build/stm32l4xx_hal_uart.o
                0x08003d0a                HAL_UART_ErrorCallback
 .text.UART_DMAAbortOnError
                0x08003d0c       0x14 build/stm32l4xx_hal_uart.o
 .text.HAL_UARTEx_RxEventCallback
                0x08003d20        0x2 build/stm32l4xx_hal_uart.o
                0x08003d20                HAL_UARTEx_RxEventCallback
 *fill*         0x08003d22        0x2 
 .text.HAL_UART_IRQHandler
                0x08003d24      0x2e4 build/stm32l4xx_hal_uart.o
                0x08003d24                HAL_UART_IRQHandler
 .text.UART_RxISR_8BIT
                0x08004008       0xb0 build/stm32l4xx_hal_uart.o
 .text.UART_RxISR_16BIT
                0x080040b8       0xae build/stm32l4xx_hal_uart.o
 *fill*         0x08004166        0x2 
 .text.UART_SetConfig
                0x08004168      0x2a0 build/stm32l4xx_hal_uart.o
                0x08004168                UART_SetConfig
 .text.UART_AdvFeatureConfig
                0x08004408       0xca build/stm32l4xx_hal_uart.o
                0x08004408                UART_AdvFeatureConfig
 .text.UART_WaitOnFlagUntilTimeout
                0x080044d2       0xd4 build/stm32l4xx_hal_uart.o
                0x080044d2                UART_WaitOnFlagUntilTimeout
 .text.HAL_UART_Transmit
                0x080045a6       0xd8 build/stm32l4xx_hal_uart.o
                0x080045a6                HAL_UART_Transmit
 .text.UART_CheckIdleState
                0x0800467e       0x70 build/stm32l4xx_hal_uart.o
                0x0800467e                UART_CheckIdleState
 .text.HAL_UART_Init
                0x080046ee       0x62 build/stm32l4xx_hal_uart.o
                0x080046ee                HAL_UART_Init
 .text.UART_Start_Receive_IT
                0x08004750       0xd8 build/stm32l4xx_hal_uart.o
                0x08004750                UART_Start_Receive_IT
 .text.HAL_UART_Receive_IT
                0x08004828       0x5c build/stm32l4xx_hal_uart.o
                0x08004828                HAL_UART_Receive_IT
 .text.HAL_UARTEx_WakeupCallback
                0x08004884        0x2 build/stm32l4xx_hal_uart_ex.o
                0x08004884                HAL_UARTEx_WakeupCallback
 *fill*         0x08004886        0x2 
 .text.SystemInit
                0x08004888       0x14 build/system_stm32l4xx.o
                0x08004888                SystemInit
 .text.shellExtNumType
                0x0800489c       0x58 build/shell_ext.o
 .text.shellExtToNum
                0x080048f4       0x2e build/shell_ext.o
 *fill*         0x08004922        0x2 
 .text.shellExtParseChar
                0x08004924       0x94 build/shell_ext.o
 .text.shellExtParseString
                0x080049b8       0x40 build/shell_ext.o
 .text.shellExtParseNumber
                0x080049f8       0xb0 build/shell_ext.o
 .text.shellExtParseVar
                0x08004aa8       0x1e build/shell_ext.o
 .text.shellExtParsePara
                0x08004ac6       0x78 build/shell_ext.o
                0x08004ac6                shellExtParsePara
 .text.shellExtRun
                0x08004b3e       0xf4 build/shell_ext.o
                0x08004b3e                shellExtRun
 *fill*         0x08004c32        0x2 
 .text.User_Shell_Write
                0x08004c34       0x14 build/shell_port.o
                0x08004c34                User_Shell_Write
 .text.User_Shell_Init
                0x08004c48       0x20 build/shell_port.o
                0x08004c48                User_Shell_Init
 .text.shellAdd
                0x08004c68       0x24 build/shell.o
 .text.shellWriteByte
                0x08004c8c       0x18 build/shell.o
 .text.shellWriteCommandDesc
                0x08004ca4       0x4c build/shell.o
 .text.shellStringCopy
                0x08004cf0       0x16 build/shell.o
 .text.shellStringCompare
                0x08004d06       0x2e build/shell.o
 .text.shellGetCommandDesc
                0x08004d34       0x22 build/shell.o
 .text.shellParserParam
                0x08004d56       0x92 build/shell.o
 .text.shellRight
                0x08004de8       0x1a build/shell.o
                0x08004de8                shellRight
 .text.shellLeft
                0x08004e02       0x18 build/shell.o
                0x08004e02                shellLeft
 .text.shellHistoryAdd
                0x08004e1a       0x70 build/shell.o
 .text.shellRemoveParamQuotes
                0x08004e8a       0x54 build/shell.o
 *fill*         0x08004ede        0x2 
 .text.shellGetCurrent
                0x08004ee0       0x2c build/shell.o
                0x08004ee0                shellGetCurrent
 .text.shellWriteString
                0x08004f0c       0x26 build/shell.o
                0x08004f0c                shellWriteString
 *fill*         0x08004f32        0x2 
 .text.shellWritePrompt
                0x08004f34       0x60 build/shell.o
 .text.shellCheckPassword
                0x08004f94       0x40 build/shell.o
 .text.shellClear
                0x08004fd4       0x14 build/shell.o
                0x08004fd4                shellClear
 .text.shellPrint
                0x08004fe8       0x32 build/shell.o
                0x08004fe8                shellPrint
 .text.shellCheckPermission
                0x0800501a       0x44 build/shell.o
                0x0800501a                shellCheckPermission
 .text.shellToHex
                0x0800505e       0x28 build/shell.o
                0x0800505e                shellToHex
 *fill*         0x08005086        0x2 
 .text.shellGetCommandName
                0x08005088       0x44 build/shell.o
 .text.shellToDec
                0x080050cc       0x60 build/shell.o
                0x080050cc                shellToDec
 .text.shellWriteReturnValue
                0x0800512c       0x80 build/shell.o
 .text.shellListItem
                0x080051ac       0xe0 build/shell.o
                0x080051ac                shellListItem
 .text.shellListCommand
                0x0800528c       0x48 build/shell.o
                0x0800528c                shellListCommand
 .text.shellCmds
                0x080052d4        0xe build/shell.o
                0x080052d4                shellCmds
 *fill*         0x080052e2        0x2 
 .text.shellListVar
                0x080052e4       0x4c build/shell.o
                0x080052e4                shellListVar
 .text.shellVars
                0x08005330        0xe build/shell.o
                0x08005330                shellVars
 *fill*         0x0800533e        0x2 
 .text.shellListUser
                0x08005340       0x48 build/shell.o
                0x08005340                shellListUser
 .text.shellUsers
                0x08005388        0xe build/shell.o
                0x08005388                shellUsers
 *fill*         0x08005396        0x2 
 .text.shellListKey
                0x08005398       0x48 build/shell.o
                0x08005398                shellListKey
 .text.shellKeys
                0x080053e0        0xe build/shell.o
                0x080053e0                shellKeys
 .text.shellListAll
                0x080053ee        0x8 build/shell.o
                0x080053ee                shellListAll
 *fill*         0x080053f6        0x2 
 .text.shellDeleteCommandLine
                0x080053f8       0x20 build/shell.o
                0x080053f8                shellDeleteCommandLine
 .text.shellClearCommandLine
                0x08005418       0x28 build/shell.o
                0x08005418                shellClearCommandLine
 .text.shellHistory
                0x08005440       0x98 build/shell.o
 .text.shellUp  0x080054d8        0xa build/shell.o
                0x080054d8                shellUp
 .text.shellDown
                0x080054e2        0xc build/shell.o
                0x080054e2                shellDown
 *fill*         0x080054ee        0x2 
 .text.shellTab
                0x080054f0      0x114 build/shell.o
                0x080054f0                shellTab
 .text.shellInsertByte
                0x08005604       0xbc build/shell.o
                0x08005604                shellInsertByte
 .text.shellDeleteByte
                0x080056c0       0xc4 build/shell.o
                0x080056c0                shellDeleteByte
 .text.shellBackspace
                0x08005784        0xa build/shell.o
                0x08005784                shellBackspace
 .text.shellDelete
                0x0800578e        0xc build/shell.o
                0x0800578e                shellDelete
 .text.shellSeekCommand
                0x0800579a       0x72 build/shell.o
                0x0800579a                shellSeekCommand
 .text.shellWriteCommandHelp
                0x0800580c       0x60 build/shell.o
 .text.shellHelp
                0x0800586c       0x24 build/shell.o
                0x0800586c                shellHelp
 .text.shellGetVarValue
                0x08005890       0x44 build/shell.o
                0x08005890                shellGetVarValue
 .text.shellShowVar
                0x080058d4       0xc0 build/shell.o
 .text.shellSetVarValue
                0x08005994       0x78 build/shell.o
                0x08005994                shellSetVarValue
 .text.shellSetVar
                0x08005a0c       0x64 build/shell.o
                0x08005a0c                shellSetVar
 .text.shellSetUser
                0x08005a70       0x60 build/shell.o
                0x08005a70                shellSetUser
 .text.shellInit
                0x08005ad0       0x90 build/shell.o
                0x08005ad0                shellInit
 .text.shellRunCommand
                0x08005b60       0x94 build/shell.o
                0x08005b60                shellRunCommand
 .text.shellNormalInput
                0x08005bf4       0x14 build/shell.o
                0x08005bf4                shellNormalInput
 .text.shellExec
                0x08005c08       0x68 build/shell.o
                0x08005c08                shellExec
 .text.shellEnter
                0x08005c70       0x12 build/shell.o
                0x08005c70                shellEnter
 *fill*         0x08005c82        0x2 
 .text.shellHandler
                0x08005c84       0xd8 build/shell.o
                0x08005c84                shellHandler
 .text.MX_GPIO_Init
                0x08005d5c       0xc0 build/gpio.o
                0x08005d5c                MX_GPIO_Init
 .text.MX_ADC1_Init
                0x08005e1c       0x8c build/adc.o
                0x08005e1c                MX_ADC1_Init
 .text.HAL_ADC_MspInit
                0x08005ea8       0xa4 build/adc.o
                0x08005ea8                HAL_ADC_MspInit
 .text.ADC_Average_Get
                0x08005f4c       0x8c build/adc.o
                0x08005f4c                ADC_Average_Get
 .text.MX_SPI2_Init
                0x08005fd8       0x4c build/spi.o
                0x08005fd8                MX_SPI2_Init
 .text.MX_SPI3_Init
                0x08006024       0x4c build/spi.o
                0x08006024                MX_SPI3_Init
 .text.HAL_SPI_MspInit
                0x08006070       0xc4 build/spi.o
                0x08006070                HAL_SPI_MspInit
 .text.MX_USART1_UART_Init
                0x08006134       0x38 build/usart.o
                0x08006134                MX_USART1_UART_Init
 .text.MX_USART2_UART_Init
                0x0800616c       0x38 build/usart.o
                0x0800616c                MX_USART2_UART_Init
 .text.MX_USART3_UART_Init
                0x080061a4       0x48 build/usart.o
                0x080061a4                MX_USART3_UART_Init
 .text.HAL_UART_MspInit
                0x080061ec      0x180 build/usart.o
                0x080061ec                HAL_UART_MspInit
 .text.HAL_UART_RxCpltCallback
                0x0800636c       0x34 build/usart.o
                0x0800636c                HAL_UART_RxCpltCallback
 .text.BSP_W25Qx_Reset
                0x080063a0       0x3c build/W25QXX.o
 .text.BSP_W25Qx_GetStatus
                0x080063dc       0x58 build/W25QXX.o
 .text.BSP_W25Qx_Init
                0x08006434        0xc build/W25QXX.o
                0x08006434                BSP_W25Qx_Init
 .text.BSP_W25Qx_Read_ID
                0x08006440       0x4c build/W25QXX.o
                0x08006440                BSP_W25Qx_Read_ID
 .text.BSP_W25Qx_Read_JEDEC_ID
                0x0800648c       0x48 build/W25QXX.o
                0x0800648c                BSP_W25Qx_Read_JEDEC_ID
 .text.LED_Init
                0x080064d4       0x5c build/led.o
                0x080064d4                LED_Init
 .text.LED_On   0x08006530        0xe build/led.o
                0x08006530                LED_On
 .text.LED_Off  0x0800653e        0xe build/led.o
                0x0800653e                LED_Off
 .text.LED_Toggle
                0x0800654c        0xc build/led.o
                0x0800654c                LED_Toggle
 .text.LED_Blink
                0x08006558       0x26 build/led.o
                0x08006558                LED_Blink
 .text.RS485_SendData
                0x0800657e       0x2c build/rs485.o
                0x0800657e                RS485_SendData
 *fill*         0x080065aa        0x2 
 .text.Reset_Handler
                0x080065ac       0x50 build/startup_stm32l431xx.o
                0x080065ac                Reset_Handler
 .text.Default_Handler
                0x080065fc        0x2 build/startup_stm32l431xx.o
                0x080065fc                RTC_Alarm_IRQHandler
                0x080065fc                EXTI2_IRQHandler
                0x080065fc                TIM1_CC_IRQHandler
                0x080065fc                TSC_IRQHandler
                0x080065fc                TAMP_STAMP_IRQHandler
                0x080065fc                EXTI3_IRQHandler
                0x080065fc                LPTIM2_IRQHandler
                0x080065fc                I2C3_ER_IRQHandler
                0x080065fc                EXTI0_IRQHandler
                0x080065fc                I2C2_EV_IRQHandler
                0x080065fc                CAN1_RX0_IRQHandler
                0x080065fc                FPU_IRQHandler
                0x080065fc                TIM1_UP_TIM16_IRQHandler
                0x080065fc                SPI1_IRQHandler
                0x080065fc                TIM6_DAC_IRQHandler
                0x080065fc                DMA2_Channel2_IRQHandler
                0x080065fc                DMA1_Channel4_IRQHandler
                0x080065fc                ADC1_IRQHandler
                0x080065fc                DMA1_Channel7_IRQHandler
                0x080065fc                CAN1_RX1_IRQHandler
                0x080065fc                DMA2_Channel1_IRQHandler
                0x080065fc                QUADSPI_IRQHandler
                0x080065fc                I2C1_EV_IRQHandler
                0x080065fc                DMA1_Channel6_IRQHandler
                0x080065fc                DMA2_Channel4_IRQHandler
                0x080065fc                RCC_IRQHandler
                0x080065fc                TIM1_TRG_COM_IRQHandler
                0x080065fc                DMA1_Channel1_IRQHandler
                0x080065fc                Default_Handler
                0x080065fc                DMA2_Channel7_IRQHandler
                0x080065fc                EXTI15_10_IRQHandler
                0x080065fc                TIM7_IRQHandler
                0x080065fc                SDMMC1_IRQHandler
                0x080065fc                I2C3_EV_IRQHandler
                0x080065fc                EXTI9_5_IRQHandler
                0x080065fc                RTC_WKUP_IRQHandler
                0x080065fc                PVD_PVM_IRQHandler
                0x080065fc                CAN1_TX_IRQHandler
                0x080065fc                DMA2_Channel5_IRQHandler
                0x080065fc                CRS_IRQHandler
                0x080065fc                DMA1_Channel5_IRQHandler
                0x080065fc                EXTI4_IRQHandler
                0x080065fc                RNG_IRQHandler
                0x080065fc                DMA1_Channel3_IRQHandler
                0x080065fc                COMP_IRQHandler
                0x080065fc                WWDG_IRQHandler
                0x080065fc                LPUART1_IRQHandler
                0x080065fc                DMA2_Channel6_IRQHandler
                0x080065fc                TIM2_IRQHandler
                0x080065fc                EXTI1_IRQHandler
                0x080065fc                I2C2_ER_IRQHandler
                0x080065fc                DMA1_Channel2_IRQHandler
                0x080065fc                CAN1_SCE_IRQHandler
                0x080065fc                FLASH_IRQHandler
                0x080065fc                I2C1_ER_IRQHandler
                0x080065fc                SWPMI1_IRQHandler
                0x080065fc                LPTIM1_IRQHandler
                0x080065fc                SAI1_IRQHandler
                0x080065fc                DMA2_Channel3_IRQHandler
                0x080065fc                TIM1_BRK_TIM15_IRQHandler
 *fill*         0x080065fe        0x2 
 .text.__libc_init_array
                0x08006600       0x48 e:/gcc-arm-none-eabi-10.3-2021.10-win32/gcc-arm-none-eabi-10.3-2021.10/bin/../lib/gcc/arm-none-eabi/10.3.1/../../../../arm-none-eabi/lib/thumb/v7e-m+fp/hard\libc_nano.a(lib_a-init.o)
                0x08006600                __libc_init_array
 .text.memset   0x08006648       0x10 e:/gcc-arm-none-eabi-10.3-2021.10-win32/gcc-arm-none-eabi-10.3-2021.10/bin/../lib/gcc/arm-none-eabi/10.3.1/../../../../arm-none-eabi/lib/thumb/v7e-m+fp/hard\libc_nano.a(lib_a-memset.o)
                0x08006648                memset
 .text.__cvt    0x08006658       0xc4 e:/gcc-arm-none-eabi-10.3-2021.10-win32/gcc-arm-none-eabi-10.3-2021.10/bin/../lib/gcc/arm-none-eabi/10.3.1/../../../../arm-none-eabi/lib/thumb/v7e-m+fp/hard\libc_nano.a(lib_a-nano-vfprintf_float.o)
                0x08006658                __cvt
 .text.__exponent
                0x0800671c       0x7c e:/gcc-arm-none-eabi-10.3-2021.10-win32/gcc-arm-none-eabi-10.3-2021.10/bin/../lib/gcc/arm-none-eabi/10.3.1/../../../../arm-none-eabi/lib/thumb/v7e-m+fp/hard\libc_nano.a(lib_a-nano-vfprintf_float.o)
                0x0800671c                __exponent
 .text._printf_float
                0x08006798      0x46c e:/gcc-arm-none-eabi-10.3-2021.10-win32/gcc-arm-none-eabi-10.3-2021.10/bin/../lib/gcc/arm-none-eabi/10.3.1/../../../../arm-none-eabi/lib/thumb/v7e-m+fp/hard\libc_nano.a(lib_a-nano-vfprintf_float.o)
                0x08006798                _printf_float
 .text._printf_common
                0x08006c04       0xda e:/gcc-arm-none-eabi-10.3-2021.10-win32/gcc-arm-none-eabi-10.3-2021.10/bin/../lib/gcc/arm-none-eabi/10.3.1/../../../../arm-none-eabi/lib/thumb/v7e-m+fp/hard\libc_nano.a(lib_a-nano-vfprintf_i.o)
                0x08006c04                _printf_common
 *fill*         0x08006cde        0x2 
 .text._printf_i
                0x08006ce0      0x24c e:/gcc-arm-none-eabi-10.3-2021.10-win32/gcc-arm-none-eabi-10.3-2021.10/bin/../lib/gcc/arm-none-eabi/10.3.1/../../../../arm-none-eabi/lib/thumb/v7e-m+fp/hard\libc_nano.a(lib_a-nano-vfprintf_i.o)
                0x08006ce0                _printf_i
 .text.strncmp  0x08006f2c       0x28 e:/gcc-arm-none-eabi-10.3-2021.10-win32/gcc-arm-none-eabi-10.3-2021.10/bin/../lib/gcc/arm-none-eabi/10.3.1/../../../../arm-none-eabi/lib/thumb/v7e-m+fp/hard\libc_nano.a(lib_a-strncmp.o)
                0x08006f2c                strncmp
 .text._vsnprintf_r
                0x08006f54       0x56 e:/gcc-arm-none-eabi-10.3-2021.10-win32/gcc-arm-none-eabi-10.3-2021.10/bin/../lib/gcc/arm-none-eabi/10.3.1/../../../../arm-none-eabi/lib/thumb/v7e-m+fp/hard\libc_nano.a(lib_a-vsnprintf.o)
                0x08006f54                _vsniprintf_r
                0x08006f54                _vsnprintf_r
 *fill*         0x08006faa        0x2 
 .text.vsnprintf
                0x08006fac       0x1c e:/gcc-arm-none-eabi-10.3-2021.10-win32/gcc-arm-none-eabi-10.3-2021.10/bin/../lib/gcc/arm-none-eabi/10.3.1/../../../../arm-none-eabi/lib/thumb/v7e-m+fp/hard\libc_nano.a(lib_a-vsnprintf.o)
                0x08006fac                vsniprintf
                0x08006fac                vsnprintf
 .text.quorem   0x08006fc8      0x116 e:/gcc-arm-none-eabi-10.3-2021.10-win32/gcc-arm-none-eabi-10.3-2021.10/bin/../lib/gcc/arm-none-eabi/10.3.1/../../../../arm-none-eabi/lib/thumb/v7e-m+fp/hard\libc_nano.a(lib_a-dtoa.o)
 *fill*         0x080070de        0x2 
 .text._dtoa_r  0x080070e0      0xbdc e:/gcc-arm-none-eabi-10.3-2021.10-win32/gcc-arm-none-eabi-10.3-2021.10/bin/../lib/gcc/arm-none-eabi/10.3.1/../../../../arm-none-eabi/lib/thumb/v7e-m+fp/hard\libc_nano.a(lib_a-dtoa.o)
                0x080070e0                _dtoa_r
 .text._localeconv_r
                0x08007cbc        0x8 e:/gcc-arm-none-eabi-10.3-2021.10-win32/gcc-arm-none-eabi-10.3-2021.10/bin/../lib/gcc/arm-none-eabi/10.3.1/../../../../arm-none-eabi/lib/thumb/v7e-m+fp/hard\libc_nano.a(lib_a-localeconv.o)
                0x08007cbc                _localeconv_r
 .text.malloc   0x08007cc4       0x10 e:/gcc-arm-none-eabi-10.3-2021.10-win32/gcc-arm-none-eabi-10.3-2021.10/bin/../lib/gcc/arm-none-eabi/10.3.1/../../../../arm-none-eabi/lib/thumb/v7e-m+fp/hard\libc_nano.a(lib_a-malloc.o)
                0x08007cc4                malloc
 .text.memcpy   0x08007cd4       0x1c e:/gcc-arm-none-eabi-10.3-2021.10-win32/gcc-arm-none-eabi-10.3-2021.10/bin/../lib/gcc/arm-none-eabi/10.3.1/../../../../arm-none-eabi/lib/thumb/v7e-m+fp/hard\libc_nano.a(lib_a-memcpy-stub.o)
                0x08007cd4                memcpy
 .text._Balloc  0x08007cf0       0x80 e:/gcc-arm-none-eabi-10.3-2021.10-win32/gcc-arm-none-eabi-10.3-2021.10/bin/../lib/gcc/arm-none-eabi/10.3.1/../../../../arm-none-eabi/lib/thumb/v7e-m+fp/hard\libc_nano.a(lib_a-mprec.o)
                0x08007cf0                _Balloc
 .text._Bfree   0x08007d70       0x44 e:/gcc-arm-none-eabi-10.3-2021.10-win32/gcc-arm-none-eabi-10.3-2021.10/bin/../lib/gcc/arm-none-eabi/10.3.1/../../../../arm-none-eabi/lib/thumb/v7e-m+fp/hard\libc_nano.a(lib_a-mprec.o)
                0x08007d70                _Bfree
 .text.__multadd
                0x08007db4       0x8c e:/gcc-arm-none-eabi-10.3-2021.10-win32/gcc-arm-none-eabi-10.3-2021.10/bin/../lib/gcc/arm-none-eabi/10.3.1/../../../../arm-none-eabi/lib/thumb/v7e-m+fp/hard\libc_nano.a(lib_a-mprec.o)
                0x08007db4                __multadd
 .text.__hi0bits
                0x08007e40       0x40 e:/gcc-arm-none-eabi-10.3-2021.10-win32/gcc-arm-none-eabi-10.3-2021.10/bin/../lib/gcc/arm-none-eabi/10.3.1/../../../../arm-none-eabi/lib/thumb/v7e-m+fp/hard\libc_nano.a(lib_a-mprec.o)
                0x08007e40                __hi0bits
 .text.__lo0bits
                0x08007e80       0x5e e:/gcc-arm-none-eabi-10.3-2021.10-win32/gcc-arm-none-eabi-10.3-2021.10/bin/../lib/gcc/arm-none-eabi/10.3.1/../../../../arm-none-eabi/lib/thumb/v7e-m+fp/hard\libc_nano.a(lib_a-mprec.o)
                0x08007e80                __lo0bits
 *fill*         0x08007ede        0x2 
 .text.__i2b    0x08007ee0       0x2c e:/gcc-arm-none-eabi-10.3-2021.10-win32/gcc-arm-none-eabi-10.3-2021.10/bin/../lib/gcc/arm-none-eabi/10.3.1/../../../../arm-none-eabi/lib/thumb/v7e-m+fp/hard\libc_nano.a(lib_a-mprec.o)
                0x08007ee0                __i2b
 .text.__multiply
                0x08007f0c      0x154 e:/gcc-arm-none-eabi-10.3-2021.10-win32/gcc-arm-none-eabi-10.3-2021.10/bin/../lib/gcc/arm-none-eabi/10.3.1/../../../../arm-none-eabi/lib/thumb/v7e-m+fp/hard\libc_nano.a(lib_a-mprec.o)
                0x08007f0c                __multiply
 .text.__pow5mult
                0x08008060       0xb4 e:/gcc-arm-none-eabi-10.3-2021.10-win32/gcc-arm-none-eabi-10.3-2021.10/bin/../lib/gcc/arm-none-eabi/10.3.1/../../../../arm-none-eabi/lib/thumb/v7e-m+fp/hard\libc_nano.a(lib_a-mprec.o)
                0x08008060                __pow5mult
 .text.__lshift
                0x08008114       0xe0 e:/gcc-arm-none-eabi-10.3-2021.10-win32/gcc-arm-none-eabi-10.3-2021.10/bin/../lib/gcc/arm-none-eabi/10.3.1/../../../../arm-none-eabi/lib/thumb/v7e-m+fp/hard\libc_nano.a(lib_a-mprec.o)
                0x08008114                __lshift
 .text.__mcmp   0x080081f4       0x38 e:/gcc-arm-none-eabi-10.3-2021.10-win32/gcc-arm-none-eabi-10.3-2021.10/bin/../lib/gcc/arm-none-eabi/10.3.1/../../../../arm-none-eabi/lib/thumb/v7e-m+fp/hard\libc_nano.a(lib_a-mprec.o)
                0x080081f4                __mcmp
 .text.__mdiff  0x0800822c      0x114 e:/gcc-arm-none-eabi-10.3-2021.10-win32/gcc-arm-none-eabi-10.3-2021.10/bin/../lib/gcc/arm-none-eabi/10.3.1/../../../../arm-none-eabi/lib/thumb/v7e-m+fp/hard\libc_nano.a(lib_a-mprec.o)
                0x0800822c                __mdiff
 .text.__d2b    0x08008340       0xb8 e:/gcc-arm-none-eabi-10.3-2021.10-win32/gcc-arm-none-eabi-10.3-2021.10/bin/../lib/gcc/arm-none-eabi/10.3.1/../../../../arm-none-eabi/lib/thumb/v7e-m+fp/hard\libc_nano.a(lib_a-mprec.o)
                0x08008340                __d2b
 .text._calloc_r
                0x080083f8       0x2c e:/gcc-arm-none-eabi-10.3-2021.10-win32/gcc-arm-none-eabi-10.3-2021.10/bin/../lib/gcc/arm-none-eabi/10.3.1/../../../../arm-none-eabi/lib/thumb/v7e-m+fp/hard\libc_nano.a(lib_a-nano-callocr.o)
                0x080083f8                _calloc_r
 .text._free_r  0x08008424       0x98 e:/gcc-arm-none-eabi-10.3-2021.10-win32/gcc-arm-none-eabi-10.3-2021.10/bin/../lib/gcc/arm-none-eabi/10.3.1/../../../../arm-none-eabi/lib/thumb/v7e-m+fp/hard\libc_nano.a(lib_a-nano-freer.o)
                0x08008424                _free_r
 .text.sbrk_aligned
                0x080084bc       0x40 e:/gcc-arm-none-eabi-10.3-2021.10-win32/gcc-arm-none-eabi-10.3-2021.10/bin/../lib/gcc/arm-none-eabi/10.3.1/../../../../arm-none-eabi/lib/thumb/v7e-m+fp/hard\libc_nano.a(lib_a-nano-mallocr.o)
 .text._malloc_r
                0x080084fc       0xe8 e:/gcc-arm-none-eabi-10.3-2021.10-win32/gcc-arm-none-eabi-10.3-2021.10/bin/../lib/gcc/arm-none-eabi/10.3.1/../../../../arm-none-eabi/lib/thumb/v7e-m+fp/hard\libc_nano.a(lib_a-nano-mallocr.o)
                0x080084fc                _malloc_r
 .text.__ssputs_r
                0x080085e4       0xb6 e:/gcc-arm-none-eabi-10.3-2021.10-win32/gcc-arm-none-eabi-10.3-2021.10/bin/../lib/gcc/arm-none-eabi/10.3.1/../../../../arm-none-eabi/lib/thumb/v7e-m+fp/hard\libc_nano.a(lib_a-nano-svfprintf.o)
                0x080085e4                __ssputs_r
 *fill*         0x0800869a        0x2 
 .text._svfprintf_r
                0x0800869c      0x200 e:/gcc-arm-none-eabi-10.3-2021.10-win32/gcc-arm-none-eabi-10.3-2021.10/bin/../lib/gcc/arm-none-eabi/10.3.1/../../../../arm-none-eabi/lib/thumb/v7e-m+fp/hard\libc_nano.a(lib_a-nano-svfprintf.o)
                0x0800869c                _svfiprintf_r
                0x0800869c                _svfprintf_r
 .text._sbrk_r  0x0800889c       0x20 e:/gcc-arm-none-eabi-10.3-2021.10-win32/gcc-arm-none-eabi-10.3-2021.10/bin/../lib/gcc/arm-none-eabi/10.3.1/../../../../arm-none-eabi/lib/thumb/v7e-m+fp/hard\libc_nano.a(lib_a-sbrkr.o)
                0x0800889c                _sbrk_r
 .text.__assert_func
                0x080088bc       0x3c e:/gcc-arm-none-eabi-10.3-2021.10-win32/gcc-arm-none-eabi-10.3-2021.10/bin/../lib/gcc/arm-none-eabi/10.3.1/../../../../arm-none-eabi/lib/thumb/v7e-m+fp/hard\libc_nano.a(lib_a-assert.o)
                0x080088bc                __assert_func
 .text.fprintf  0x080088f8       0x24 e:/gcc-arm-none-eabi-10.3-2021.10-win32/gcc-arm-none-eabi-10.3-2021.10/bin/../lib/gcc/arm-none-eabi/10.3.1/../../../../arm-none-eabi/lib/thumb/v7e-m+fp/hard\libc_nano.a(lib_a-fprintf.o)
                0x080088f8                fiprintf
                0x080088f8                fprintf
 .text.__ascii_mbtowc
                0x0800891c       0x24 e:/gcc-arm-none-eabi-10.3-2021.10-win32/gcc-arm-none-eabi-10.3-2021.10/bin/../lib/gcc/arm-none-eabi/10.3.1/../../../../arm-none-eabi/lib/thumb/v7e-m+fp/hard\libc_nano.a(lib_a-mbtowc_r.o)
                0x0800891c                __ascii_mbtowc
 .text.memmove  0x08008940       0x34 e:/gcc-arm-none-eabi-10.3-2021.10-win32/gcc-arm-none-eabi-10.3-2021.10/bin/../lib/gcc/arm-none-eabi/10.3.1/../../../../arm-none-eabi/lib/thumb/v7e-m+fp/hard\libc_nano.a(lib_a-memmove.o)
                0x08008940                memmove
 .text.__malloc_lock
                0x08008974        0xc e:/gcc-arm-none-eabi-10.3-2021.10-win32/gcc-arm-none-eabi-10.3-2021.10/bin/../lib/gcc/arm-none-eabi/10.3.1/../../../../arm-none-eabi/lib/thumb/v7e-m+fp/hard\libc_nano.a(lib_a-mlock.o)
                0x08008974                __malloc_lock
 .text.__malloc_unlock
                0x08008980        0xc e:/gcc-arm-none-eabi-10.3-2021.10-win32/gcc-arm-none-eabi-10.3-2021.10/bin/../lib/gcc/arm-none-eabi/10.3.1/../../../../arm-none-eabi/lib/thumb/v7e-m+fp/hard\libc_nano.a(lib_a-mlock.o)
                0x08008980                __malloc_unlock
 .text._realloc_r
                0x0800898c       0x5e e:/gcc-arm-none-eabi-10.3-2021.10-win32/gcc-arm-none-eabi-10.3-2021.10/bin/../lib/gcc/arm-none-eabi/10.3.1/../../../../arm-none-eabi/lib/thumb/v7e-m+fp/hard\libc_nano.a(lib_a-nano-reallocr.o)
                0x0800898c                _realloc_r
 .text.__sfputc_r
                0x080089ea       0x2e e:/gcc-arm-none-eabi-10.3-2021.10-win32/gcc-arm-none-eabi-10.3-2021.10/bin/../lib/gcc/arm-none-eabi/10.3.1/../../../../arm-none-eabi/lib/thumb/v7e-m+fp/hard\libc_nano.a(lib_a-nano-vfprintf.o)
 .text.__sfputs_r
                0x08008a18       0x24 e:/gcc-arm-none-eabi-10.3-2021.10-win32/gcc-arm-none-eabi-10.3-2021.10/bin/../lib/gcc/arm-none-eabi/10.3.1/../../../../arm-none-eabi/lib/thumb/v7e-m+fp/hard\libc_nano.a(lib_a-nano-vfprintf.o)
                0x08008a18                __sfputs_r
 .text._vfprintf_r
                0x08008a3c      0x260 e:/gcc-arm-none-eabi-10.3-2021.10-win32/gcc-arm-none-eabi-10.3-2021.10/bin/../lib/gcc/arm-none-eabi/10.3.1/../../../../arm-none-eabi/lib/thumb/v7e-m+fp/hard\libc_nano.a(lib_a-nano-vfprintf.o)
                0x08008a3c                _vfprintf_r
                0x08008a3c                _vfiprintf_r
 .text.__swbuf_r
                0x08008c9c       0xa4 e:/gcc-arm-none-eabi-10.3-2021.10-win32/gcc-arm-none-eabi-10.3-2021.10/bin/../lib/gcc/arm-none-eabi/10.3.1/../../../../arm-none-eabi/lib/thumb/v7e-m+fp/hard\libc_nano.a(lib_a-wbuf.o)
                0x08008c9c                __swbuf_r
 .text.__ascii_wctomb
                0x08008d40       0x1a e:/gcc-arm-none-eabi-10.3-2021.10-win32/gcc-arm-none-eabi-10.3-2021.10/bin/../lib/gcc/arm-none-eabi/10.3.1/../../../../arm-none-eabi/lib/thumb/v7e-m+fp/hard\libc_nano.a(lib_a-wctomb_r.o)
                0x08008d40                __ascii_wctomb
 *fill*         0x08008d5a        0x2 
 .text.__swsetup_r
                0x08008d5c       0xdc e:/gcc-arm-none-eabi-10.3-2021.10-win32/gcc-arm-none-eabi-10.3-2021.10/bin/../lib/gcc/arm-none-eabi/10.3.1/../../../../arm-none-eabi/lib/thumb/v7e-m+fp/hard\libc_nano.a(lib_a-wsetup.o)
                0x08008d5c                __swsetup_r
 .text.abort    0x08008e38        0xe e:/gcc-arm-none-eabi-10.3-2021.10-win32/gcc-arm-none-eabi-10.3-2021.10/bin/../lib/gcc/arm-none-eabi/10.3.1/../../../../arm-none-eabi/lib/thumb/v7e-m+fp/hard\libc_nano.a(lib_a-abort.o)
                0x08008e38                abort
 *fill*         0x08008e46        0x2 
 .text.__sflush_r
                0x08008e48      0x10c e:/gcc-arm-none-eabi-10.3-2021.10-win32/gcc-arm-none-eabi-10.3-2021.10/bin/../lib/gcc/arm-none-eabi/10.3.1/../../../../arm-none-eabi/lib/thumb/v7e-m+fp/hard\libc_nano.a(lib_a-fflush.o)
                0x08008e48                __sflush_r
 .text._fflush_r
                0x08008f54       0x78 e:/gcc-arm-none-eabi-10.3-2021.10-win32/gcc-arm-none-eabi-10.3-2021.10/bin/../lib/gcc/arm-none-eabi/10.3.1/../../../../arm-none-eabi/lib/thumb/v7e-m+fp/hard\libc_nano.a(lib_a-fflush.o)
                0x08008f54                _fflush_r
 .text.std      0x08008fcc       0x48 e:/gcc-arm-none-eabi-10.3-2021.10-win32/gcc-arm-none-eabi-10.3-2021.10/bin/../lib/gcc/arm-none-eabi/10.3.1/../../../../arm-none-eabi/lib/thumb/v7e-m+fp/hard\libc_nano.a(lib_a-findfp.o)
 .text._cleanup_r
                0x08009014        0xc e:/gcc-arm-none-eabi-10.3-2021.10-win32/gcc-arm-none-eabi-10.3-2021.10/bin/../lib/gcc/arm-none-eabi/10.3.1/../../../../arm-none-eabi/lib/thumb/v7e-m+fp/hard\libc_nano.a(lib_a-findfp.o)
                0x08009014                _cleanup_r
 .text.__sfmoreglue
                0x08009020       0x2c e:/gcc-arm-none-eabi-10.3-2021.10-win32/gcc-arm-none-eabi-10.3-2021.10/bin/../lib/gcc/arm-none-eabi/10.3.1/../../../../arm-none-eabi/lib/thumb/v7e-m+fp/hard\libc_nano.a(lib_a-findfp.o)
                0x08009020                __sfmoreglue
 .text.__sfp_lock_acquire
                0x0800904c        0xc e:/gcc-arm-none-eabi-10.3-2021.10-win32/gcc-arm-none-eabi-10.3-2021.10/bin/../lib/gcc/arm-none-eabi/10.3.1/../../../../arm-none-eabi/lib/thumb/v7e-m+fp/hard\libc_nano.a(lib_a-findfp.o)
                0x0800904c                __sfp_lock_acquire
 .text.__sfp_lock_release
                0x08009058        0xc e:/gcc-arm-none-eabi-10.3-2021.10-win32/gcc-arm-none-eabi-10.3-2021.10/bin/../lib/gcc/arm-none-eabi/10.3.1/../../../../arm-none-eabi/lib/thumb/v7e-m+fp/hard\libc_nano.a(lib_a-findfp.o)
                0x08009058                __sfp_lock_release
 .text.__sinit_lock_acquire
                0x08009064        0xc e:/gcc-arm-none-eabi-10.3-2021.10-win32/gcc-arm-none-eabi-10.3-2021.10/bin/../lib/gcc/arm-none-eabi/10.3.1/../../../../arm-none-eabi/lib/thumb/v7e-m+fp/hard\libc_nano.a(lib_a-findfp.o)
                0x08009064                __sinit_lock_acquire
 .text.__sinit_lock_release
                0x08009070        0xc e:/gcc-arm-none-eabi-10.3-2021.10-win32/gcc-arm-none-eabi-10.3-2021.10/bin/../lib/gcc/arm-none-eabi/10.3.1/../../../../arm-none-eabi/lib/thumb/v7e-m+fp/hard\libc_nano.a(lib_a-findfp.o)
                0x08009070                __sinit_lock_release
 .text.__sinit  0x0800907c       0x70 e:/gcc-arm-none-eabi-10.3-2021.10-win32/gcc-arm-none-eabi-10.3-2021.10/bin/../lib/gcc/arm-none-eabi/10.3.1/../../../../arm-none-eabi/lib/thumb/v7e-m+fp/hard\libc_nano.a(lib_a-findfp.o)
                0x0800907c                __sinit
 .text.__sfp    0x080090ec       0x8c e:/gcc-arm-none-eabi-10.3-2021.10-win32/gcc-arm-none-eabi-10.3-2021.10/bin/../lib/gcc/arm-none-eabi/10.3.1/../../../../arm-none-eabi/lib/thumb/v7e-m+fp/hard\libc_nano.a(lib_a-findfp.o)
                0x080090ec                __sfp
 .text._fwalk_reent
                0x08009178       0x3e e:/gcc-arm-none-eabi-10.3-2021.10-win32/gcc-arm-none-eabi-10.3-2021.10/bin/../lib/gcc/arm-none-eabi/10.3.1/../../../../arm-none-eabi/lib/thumb/v7e-m+fp/hard\libc_nano.a(lib_a-fwalk.o)
                0x08009178                _fwalk_reent
 .text.__retarget_lock_init_recursive
                0x080091b6        0x2 e:/gcc-arm-none-eabi-10.3-2021.10-win32/gcc-arm-none-eabi-10.3-2021.10/bin/../lib/gcc/arm-none-eabi/10.3.1/../../../../arm-none-eabi/lib/thumb/v7e-m+fp/hard\libc_nano.a(lib_a-lock.o)
                0x080091b6                __retarget_lock_init_recursive
 .text.__retarget_lock_acquire_recursive
                0x080091b8        0x2 e:/gcc-arm-none-eabi-10.3-2021.10-win32/gcc-arm-none-eabi-10.3-2021.10/bin/../lib/gcc/arm-none-eabi/10.3.1/../../../../arm-none-eabi/lib/thumb/v7e-m+fp/hard\libc_nano.a(lib_a-lock.o)
                0x080091b8                __retarget_lock_acquire_recursive
 .text.__retarget_lock_release_recursive
                0x080091ba        0x2 e:/gcc-arm-none-eabi-10.3-2021.10-win32/gcc-arm-none-eabi-10.3-2021.10/bin/../lib/gcc/arm-none-eabi/10.3.1/../../../../arm-none-eabi/lib/thumb/v7e-m+fp/hard\libc_nano.a(lib_a-lock.o)
                0x080091ba                __retarget_lock_release_recursive
 .text.__swhatbuf_r
                0x080091bc       0x4a e:/gcc-arm-none-eabi-10.3-2021.10-win32/gcc-arm-none-eabi-10.3-2021.10/bin/../lib/gcc/arm-none-eabi/10.3.1/../../../../arm-none-eabi/lib/thumb/v7e-m+fp/hard\libc_nano.a(lib_a-makebuf.o)
                0x080091bc                __swhatbuf_r
 *fill*         0x08009206        0x2 
 .text.__smakebuf_r
                0x08009208       0x80 e:/gcc-arm-none-eabi-10.3-2021.10-win32/gcc-arm-none-eabi-10.3-2021.10/bin/../lib/gcc/arm-none-eabi/10.3.1/../../../../arm-none-eabi/lib/thumb/v7e-m+fp/hard\libc_nano.a(lib_a-makebuf.o)
                0x08009208                __smakebuf_r
 .text._malloc_usable_size_r
                0x08009288       0x10 e:/gcc-arm-none-eabi-10.3-2021.10-win32/gcc-arm-none-eabi-10.3-2021.10/bin/../lib/gcc/arm-none-eabi/10.3.1/../../../../arm-none-eabi/lib/thumb/v7e-m+fp/hard\libc_nano.a(lib_a-nano-msizer.o)
                0x08009288                _malloc_usable_size_r
 .text._raise_r
                0x08009298       0x50 e:/gcc-arm-none-eabi-10.3-2021.10-win32/gcc-arm-none-eabi-10.3-2021.10/bin/../lib/gcc/arm-none-eabi/10.3.1/../../../../arm-none-eabi/lib/thumb/v7e-m+fp/hard\libc_nano.a(lib_a-signal.o)
                0x08009298                _raise_r
 .text.raise    0x080092e8       0x10 e:/gcc-arm-none-eabi-10.3-2021.10-win32/gcc-arm-none-eabi-10.3-2021.10/bin/../lib/gcc/arm-none-eabi/10.3.1/../../../../arm-none-eabi/lib/thumb/v7e-m+fp/hard\libc_nano.a(lib_a-signal.o)
                0x080092e8                raise
 .text._kill_r  0x080092f8       0x24 e:/gcc-arm-none-eabi-10.3-2021.10-win32/gcc-arm-none-eabi-10.3-2021.10/bin/../lib/gcc/arm-none-eabi/10.3.1/../../../../arm-none-eabi/lib/thumb/v7e-m+fp/hard\libc_nano.a(lib_a-signalr.o)
                0x080092f8                _kill_r
 .text._getpid_r
                0x0800931c        0x4 e:/gcc-arm-none-eabi-10.3-2021.10-win32/gcc-arm-none-eabi-10.3-2021.10/bin/../lib/gcc/arm-none-eabi/10.3.1/../../../../arm-none-eabi/lib/thumb/v7e-m+fp/hard\libc_nano.a(lib_a-signalr.o)
                0x0800931c                _getpid_r
 .text.__sread  0x08009320       0x22 e:/gcc-arm-none-eabi-10.3-2021.10-win32/gcc-arm-none-eabi-10.3-2021.10/bin/../lib/gcc/arm-none-eabi/10.3.1/../../../../arm-none-eabi/lib/thumb/v7e-m+fp/hard\libc_nano.a(lib_a-stdio.o)
                0x08009320                __sread
 .text.__swrite
                0x08009342       0x38 e:/gcc-arm-none-eabi-10.3-2021.10-win32/gcc-arm-none-eabi-10.3-2021.10/bin/../lib/gcc/arm-none-eabi/10.3.1/../../../../arm-none-eabi/lib/thumb/v7e-m+fp/hard\libc_nano.a(lib_a-stdio.o)
                0x08009342                __swrite
 .text.__sseek  0x0800937a       0x24 e:/gcc-arm-none-eabi-10.3-2021.10-win32/gcc-arm-none-eabi-10.3-2021.10/bin/../lib/gcc/arm-none-eabi/10.3.1/../../../../arm-none-eabi/lib/thumb/v7e-m+fp/hard\libc_nano.a(lib_a-stdio.o)
                0x0800937a                __sseek
 .text.__sclose
                0x0800939e        0x8 e:/gcc-arm-none-eabi-10.3-2021.10-win32/gcc-arm-none-eabi-10.3-2021.10/bin/../lib/gcc/arm-none-eabi/10.3.1/../../../../arm-none-eabi/lib/thumb/v7e-m+fp/hard\libc_nano.a(lib_a-stdio.o)
                0x0800939e                __sclose
 *fill*         0x080093a6        0x2 
 .text._write_r
                0x080093a8       0x24 e:/gcc-arm-none-eabi-10.3-2021.10-win32/gcc-arm-none-eabi-10.3-2021.10/bin/../lib/gcc/arm-none-eabi/10.3.1/../../../../arm-none-eabi/lib/thumb/v7e-m+fp/hard\libc_nano.a(lib_a-writer.o)
                0x080093a8                _write_r
 .text._close_r
                0x080093cc       0x20 e:/gcc-arm-none-eabi-10.3-2021.10-win32/gcc-arm-none-eabi-10.3-2021.10/bin/../lib/gcc/arm-none-eabi/10.3.1/../../../../arm-none-eabi/lib/thumb/v7e-m+fp/hard\libc_nano.a(lib_a-closer.o)
                0x080093cc                _close_r
 .text._fstat_r
                0x080093ec       0x24 e:/gcc-arm-none-eabi-10.3-2021.10-win32/gcc-arm-none-eabi-10.3-2021.10/bin/../lib/gcc/arm-none-eabi/10.3.1/../../../../arm-none-eabi/lib/thumb/v7e-m+fp/hard\libc_nano.a(lib_a-fstatr.o)
                0x080093ec                _fstat_r
 .text._isatty_r
                0x08009410       0x20 e:/gcc-arm-none-eabi-10.3-2021.10-win32/gcc-arm-none-eabi-10.3-2021.10/bin/../lib/gcc/arm-none-eabi/10.3.1/../../../../arm-none-eabi/lib/thumb/v7e-m+fp/hard\libc_nano.a(lib_a-isattyr.o)
                0x08009410                _isatty_r
 .text._lseek_r
                0x08009430       0x24 e:/gcc-arm-none-eabi-10.3-2021.10-win32/gcc-arm-none-eabi-10.3-2021.10/bin/../lib/gcc/arm-none-eabi/10.3.1/../../../../arm-none-eabi/lib/thumb/v7e-m+fp/hard\libc_nano.a(lib_a-lseekr.o)
                0x08009430                _lseek_r
 .text._read_r  0x08009454       0x24 e:/gcc-arm-none-eabi-10.3-2021.10-win32/gcc-arm-none-eabi-10.3-2021.10/bin/../lib/gcc/arm-none-eabi/10.3.1/../../../../arm-none-eabi/lib/thumb/v7e-m+fp/hard\libc_nano.a(lib_a-readr.o)
                0x08009454                _read_r
 .text.pow      0x08009478       0xf0 e:/gcc-arm-none-eabi-10.3-2021.10-win32/gcc-arm-none-eabi-10.3-2021.10/bin/../lib/gcc/arm-none-eabi/10.3.1/../../../../arm-none-eabi/lib/thumb/v7e-m+fp/hard\libm.a(lib_a-w_pow.o)
                0x08009478                pow
 .text.__ieee754_pow
                0x08009568      0xb74 e:/gcc-arm-none-eabi-10.3-2021.10-win32/gcc-arm-none-eabi-10.3-2021.10/bin/../lib/gcc/arm-none-eabi/10.3.1/../../../../arm-none-eabi/lib/thumb/v7e-m+fp/hard\libm.a(lib_a-e_pow.o)
                0x08009568                __ieee754_pow
 .text.__ieee754_sqrt
                0x0800a0dc      0x198 e:/gcc-arm-none-eabi-10.3-2021.10-win32/gcc-arm-none-eabi-10.3-2021.10/bin/../lib/gcc/arm-none-eabi/10.3.1/../../../../arm-none-eabi/lib/thumb/v7e-m+fp/hard\libm.a(lib_a-e_sqrt.o)
                0x0800a0dc                __ieee754_sqrt
 .text.with_errno
                0x0800a274       0x18 e:/gcc-arm-none-eabi-10.3-2021.10-win32/gcc-arm-none-eabi-10.3-2021.10/bin/../lib/gcc/arm-none-eabi/10.3.1/../../../../arm-none-eabi/lib/thumb/v7e-m+fp/hard\libm.a(lib_a-math_err.o)
 .text.xflow    0x0800a28c       0x2c e:/gcc-arm-none-eabi-10.3-2021.10-win32/gcc-arm-none-eabi-10.3-2021.10/bin/../lib/gcc/arm-none-eabi/10.3.1/../../../../arm-none-eabi/lib/thumb/v7e-m+fp/hard\libm.a(lib_a-math_err.o)
 .text.__math_uflow
                0x0800a2b8       0x14 e:/gcc-arm-none-eabi-10.3-2021.10-win32/gcc-arm-none-eabi-10.3-2021.10/bin/../lib/gcc/arm-none-eabi/10.3.1/../../../../arm-none-eabi/lib/thumb/v7e-m+fp/hard\libm.a(lib_a-math_err.o)
                0x0800a2b8                __math_uflow
 .text.__math_oflow
                0x0800a2cc       0x14 e:/gcc-arm-none-eabi-10.3-2021.10-win32/gcc-arm-none-eabi-10.3-2021.10/bin/../lib/gcc/arm-none-eabi/10.3.1/../../../../arm-none-eabi/lib/thumb/v7e-m+fp/hard\libm.a(lib_a-math_err.o)
                0x0800a2cc                __math_oflow
 .text.fabs     0x0800a2e0       0x14 e:/gcc-arm-none-eabi-10.3-2021.10-win32/gcc-arm-none-eabi-10.3-2021.10/bin/../lib/gcc/arm-none-eabi/10.3.1/../../../../arm-none-eabi/lib/thumb/v7e-m+fp/hard\libm.a(lib_a-s_fabs.o)
                0x0800a2e0                fabs
 .text.finite   0x0800a2f4       0x18 e:/gcc-arm-none-eabi-10.3-2021.10-win32/gcc-arm-none-eabi-10.3-2021.10/bin/../lib/gcc/arm-none-eabi/10.3.1/../../../../arm-none-eabi/lib/thumb/v7e-m+fp/hard\libm.a(lib_a-s_finite.o)
                0x0800a2f4                finite
 *fill*         0x0800a30c        0x4 
 .text.scalbn   0x0800a310      0x124 e:/gcc-arm-none-eabi-10.3-2021.10-win32/gcc-arm-none-eabi-10.3-2021.10/bin/../lib/gcc/arm-none-eabi/10.3.1/../../../../arm-none-eabi/lib/thumb/v7e-m+fp/hard\libm.a(lib_a-s_scalbn.o)
                0x0800a310                scalbn
 .text._close   0x0800a434       0x10 e:/gcc-arm-none-eabi-10.3-2021.10-win32/gcc-arm-none-eabi-10.3-2021.10/bin/../lib/gcc/arm-none-eabi/10.3.1/../../../../arm-none-eabi/lib/thumb/v7e-m+fp/hard\libnosys.a(close.o)
                0x0800a434                _close
 .text._fstat   0x0800a444       0x10 e:/gcc-arm-none-eabi-10.3-2021.10-win32/gcc-arm-none-eabi-10.3-2021.10/bin/../lib/gcc/arm-none-eabi/10.3.1/../../../../arm-none-eabi/lib/thumb/v7e-m+fp/hard\libnosys.a(fstat.o)
                0x0800a444                _fstat
 .text._getpid  0x0800a454       0x10 e:/gcc-arm-none-eabi-10.3-2021.10-win32/gcc-arm-none-eabi-10.3-2021.10/bin/../lib/gcc/arm-none-eabi/10.3.1/../../../../arm-none-eabi/lib/thumb/v7e-m+fp/hard\libnosys.a(getpid.o)
                0x0800a454                _getpid
 .text._isatty  0x0800a464       0x10 e:/gcc-arm-none-eabi-10.3-2021.10-win32/gcc-arm-none-eabi-10.3-2021.10/bin/../lib/gcc/arm-none-eabi/10.3.1/../../../../arm-none-eabi/lib/thumb/v7e-m+fp/hard\libnosys.a(isatty.o)
                0x0800a464                _isatty
 .text._kill    0x0800a474       0x10 e:/gcc-arm-none-eabi-10.3-2021.10-win32/gcc-arm-none-eabi-10.3-2021.10/bin/../lib/gcc/arm-none-eabi/10.3.1/../../../../arm-none-eabi/lib/thumb/v7e-m+fp/hard\libnosys.a(kill.o)
                0x0800a474                _kill
 .text._lseek   0x0800a484       0x10 e:/gcc-arm-none-eabi-10.3-2021.10-win32/gcc-arm-none-eabi-10.3-2021.10/bin/../lib/gcc/arm-none-eabi/10.3.1/../../../../arm-none-eabi/lib/thumb/v7e-m+fp/hard\libnosys.a(lseek.o)
                0x0800a484                _lseek
 .text._read    0x0800a494       0x10 e:/gcc-arm-none-eabi-10.3-2021.10-win32/gcc-arm-none-eabi-10.3-2021.10/bin/../lib/gcc/arm-none-eabi/10.3.1/../../../../arm-none-eabi/lib/thumb/v7e-m+fp/hard\libnosys.a(read.o)
                0x0800a494                _read
 .text._sbrk    0x0800a4a4       0x1c e:/gcc-arm-none-eabi-10.3-2021.10-win32/gcc-arm-none-eabi-10.3-2021.10/bin/../lib/gcc/arm-none-eabi/10.3.1/../../../../arm-none-eabi/lib/thumb/v7e-m+fp/hard\libnosys.a(sbrk.o)
                0x0800a4a4                _sbrk
 .text._write   0x0800a4c0       0x10 e:/gcc-arm-none-eabi-10.3-2021.10-win32/gcc-arm-none-eabi-10.3-2021.10/bin/../lib/gcc/arm-none-eabi/10.3.1/../../../../arm-none-eabi/lib/thumb/v7e-m+fp/hard\libnosys.a(write.o)
                0x0800a4c0                _write
 .text._exit    0x0800a4d0        0x4 e:/gcc-arm-none-eabi-10.3-2021.10-win32/gcc-arm-none-eabi-10.3-2021.10/bin/../lib/gcc/arm-none-eabi/10.3.1/../../../../arm-none-eabi/lib/thumb/v7e-m+fp/hard\libnosys.a(_exit.o)
                0x0800a4d0                _exit
 .text.__errno  0x0800a4d4        0xc e:/gcc-arm-none-eabi-10.3-2021.10-win32/gcc-arm-none-eabi-10.3-2021.10/bin/../lib/gcc/arm-none-eabi/10.3.1/../../../../arm-none-eabi/lib/thumb/v7e-m+fp/hard\libc_nano.a(lib_a-errno.o)
                0x0800a4d4                __errno
 *(.glue_7)
 .glue_7        0x0800a4e0        0x0 linker stubs
 *(.glue_7t)
 .glue_7t       0x0800a4e0        0x0 linker stubs
 *(.eh_frame)
 .eh_frame      0x0800a4e0        0x0 e:/gcc-arm-none-eabi-10.3-2021.10-win32/gcc-arm-none-eabi-10.3-2021.10/bin/../lib/gcc/arm-none-eabi/10.3.1/thumb/v7e-m+fp/hard/crtbegin.o
 *(.init)
 .init          0x0800a4e0        0x4 e:/gcc-arm-none-eabi-10.3-2021.10-win32/gcc-arm-none-eabi-10.3-2021.10/bin/../lib/gcc/arm-none-eabi/10.3.1/thumb/v7e-m+fp/hard/crti.o
                0x0800a4e0                _init
 .init          0x0800a4e4        0x8 e:/gcc-arm-none-eabi-10.3-2021.10-win32/gcc-arm-none-eabi-10.3-2021.10/bin/../lib/gcc/arm-none-eabi/10.3.1/thumb/v7e-m+fp/hard/crtn.o
 *(.fini)
 .fini          0x0800a4ec        0x4 e:/gcc-arm-none-eabi-10.3-2021.10-win32/gcc-arm-none-eabi-10.3-2021.10/bin/../lib/gcc/arm-none-eabi/10.3.1/thumb/v7e-m+fp/hard/crti.o
                0x0800a4ec                _fini
 .fini          0x0800a4f0        0x8 e:/gcc-arm-none-eabi-10.3-2021.10-win32/gcc-arm-none-eabi-10.3-2021.10/bin/../lib/gcc/arm-none-eabi/10.3.1/thumb/v7e-m+fp/hard/crtn.o
                0x0800a4f8                . = ALIGN (0x8)
                0x0800a4f8                _etext = .

.vfp11_veneer   0x0800a4f8        0x0
 .vfp11_veneer  0x0800a4f8        0x0 linker stubs

.v4_bx          0x0800a4f8        0x0
 .v4_bx         0x0800a4f8        0x0 linker stubs

.iplt           0x0800a4f8        0x0
 .iplt          0x0800a4f8        0x0 e:/gcc-arm-none-eabi-10.3-2021.10-win32/gcc-arm-none-eabi-10.3-2021.10/bin/../lib/gcc/arm-none-eabi/10.3.1/thumb/v7e-m+fp/hard/crtbegin.o

.rodata         0x0800a4f8      0xb78
                0x0800a4f8                . = ALIGN (0x8)
 *(.rodata)
 .rodata        0x0800a4f8        0x3 build/main.o
 *(.rodata*)
 *fill*         0x0800a4fb        0x1 
 .rodata.LED_Test.str1.4
                0x0800a4fc       0x45 build/main.o
 *fill*         0x0800a541        0x3 
 .rodata.Flash_Test.str1.4
                0x0800a544       0x70 build/main.o
 .rodata.LDR_Value_Get.str1.4
                0x0800a5b4       0x47 build/main.o
 *fill*         0x0800a5fb        0x1 
 .rodata.Battery_Test.str1.4
                0x0800a5fc       0x10 build/main.o
 .rodata.shellCmdLDR_Get
                0x0800a60c        0x8 build/main.o
                0x0800a60c                shellCmdLDR_Get
 .rodata.shellCmdbattery
                0x0800a614        0x8 build/main.o
                0x0800a614                shellCmdbattery
 .rodata.shellCmdflash_test
                0x0800a61c        0xb build/main.o
                0x0800a61c                shellCmdflash_test
 *fill*         0x0800a627        0x1 
 .rodata.shellCmdled
                0x0800a628        0x4 build/main.o
                0x0800a628                shellCmdled
 .rodata.shellCmdrs485_send
                0x0800a62c        0xb build/main.o
                0x0800a62c                shellCmdrs485_send
 *fill*         0x0800a637        0x1 
 .rodata.shellDescLDR_Get
                0x0800a638        0xe build/main.o
                0x0800a638                shellDescLDR_Get
 *fill*         0x0800a646        0x2 
 .rodata.shellDescbattery
                0x0800a648       0x1a build/main.o
                0x0800a648                shellDescbattery
 *fill*         0x0800a662        0x2 
 .rodata.shellDescflash_test
                0x0800a664       0x10 build/main.o
                0x0800a664                shellDescflash_test
 .rodata.shellDescled
                0x0800a674        0xe build/main.o
                0x0800a674                shellDescled
 *fill*         0x0800a682        0x2 
 .rodata.shellDescrs485_send
                0x0800a684       0x10 build/main.o
                0x0800a684                shellDescrs485_send
 .rodata.AHBPrescTable
                0x0800a694       0x10 build/system_stm32l4xx.o
                0x0800a694                AHBPrescTable
 .rodata.APBPrescTable
                0x0800a6a4        0x8 build/system_stm32l4xx.o
                0x0800a6a4                APBPrescTable
 .rodata.MSIRangeTable
                0x0800a6ac       0x30 build/system_stm32l4xx.o
                0x0800a6ac                MSIRangeTable
 .rodata.shellWriteCommandDesc.str1.4
                0x0800a6dc        0x4 build/shell.o
 .rodata.shellWritePrompt.str1.4
                0x0800a6e0       0x23 build/shell.o
                                 0x27 (size before relaxing)
 *fill*         0x0800a703        0x1 
 .rodata.shellCheckPassword.str1.4
                0x0800a704      0x16f build/shell.o
 *fill*         0x0800a873        0x1 
 .rodata.shellClear.str1.4
                0x0800a874        0x9 build/shell.o
 *fill*         0x0800a87d        0x3 
 .rodata.shellWriteReturnValue.str1.4
                0x0800a880       0x20 build/shell.o
 .rodata.shellListItem.str1.4
                0x0800a8a0       0x2b build/shell.o
 *fill*         0x0800a8cb        0x1 
 .rodata.shellListCommand.str1.4
                0x0800a8cc       0x12 build/shell.o
 *fill*         0x0800a8de        0x2 
 .rodata.shellListVar.str1.4
                0x0800a8e0        0xe build/shell.o
 *fill*         0x0800a8ee        0x2 
 .rodata.shellListUser.str1.4
                0x0800a8f0        0xf build/shell.o
 *fill*         0x0800a8ff        0x1 
 .rodata.shellListKey.str1.4
                0x0800a900        0xe build/shell.o
 *fill*         0x0800a90e        0x2 
 .rodata.shellDeleteCommandLine.str1.4
                0x0800a910        0x4 build/shell.o
 .rodata.shellInsertByte.str1.4
                0x0800a914       0x21 build/shell.o
 *fill*         0x0800a935        0x3 
 .rodata.shellWriteCommandHelp.str1.4
                0x0800a938       0x28 build/shell.o
 .rodata.shellShowVar.str1.4
                0x0800a960        0x6 build/shell.o
 *fill*         0x0800a966        0x2 
 .rodata.shellSetVarValue.str1.4
                0x0800a968       0x30 build/shell.o
 .rodata.shellSetVar.str1.4
                0x0800a998       0x20 build/shell.o
 .rodata.shellInit.str1.4
                0x0800a9b8        0x7 build/shell.o
 *fill*         0x0800a9bf        0x1 
 .rodata.shellCmdDefaultUser
                0x0800a9c0        0x7 build/shell.o
                0x0800a9c0                shellCmdDefaultUser
 *fill*         0x0800a9c7        0x1 
 .rodata.shellCmdclear
                0x0800a9c8        0x6 build/shell.o
                0x0800a9c8                shellCmdclear
 *fill*         0x0800a9ce        0x2 
 .rodata.shellCmdcmds
                0x0800a9d0        0x5 build/shell.o
                0x0800a9d0                shellCmdcmds
 *fill*         0x0800a9d5        0x3 
 .rodata.shellCmdhelp
                0x0800a9d8        0x5 build/shell.o
                0x0800a9d8                shellCmdhelp
 *fill*         0x0800a9dd        0x3 
 .rodata.shellCmdkeys
                0x0800a9e0        0x5 build/shell.o
                0x0800a9e0                shellCmdkeys
 *fill*         0x0800a9e5        0x3 
 .rodata.shellCmdsetVar
                0x0800a9e8        0x7 build/shell.o
                0x0800a9e8                shellCmdsetVar
 *fill*         0x0800a9ef        0x1 
 .rodata.shellCmdusers
                0x0800a9f0        0x6 build/shell.o
                0x0800a9f0                shellCmdusers
 *fill*         0x0800a9f6        0x2 
 .rodata.shellCmdvars
                0x0800a9f8        0x5 build/shell.o
                0x0800a9f8                shellCmdvars
 *fill*         0x0800a9fd        0x3 
 .rodata.shellDesDefaultUser
                0x0800aa00        0xd build/shell.o
                0x0800aa00                shellDesDefaultUser
 *fill*         0x0800aa0d        0x3 
 .rodata.shellDesc0x08000000
                0x0800aa10        0xa build/shell.o
                0x0800aa10                shellDesc0x08000000
 *fill*         0x0800aa1a        0x2 
 .rodata.shellDesc0x09000000
                0x0800aa1c        0x4 build/shell.o
                0x0800aa1c                shellDesc0x09000000
 .rodata.shellDesc0x0A000000
                0x0800aa20        0x6 build/shell.o
                0x0800aa20                shellDesc0x0A000000
 *fill*         0x0800aa26        0x2 
 .rodata.shellDesc0x0D000000
                0x0800aa28        0x6 build/shell.o
                0x0800aa28                shellDesc0x0D000000
 *fill*         0x0800aa2e        0x2 
 .rodata.shellDesc0x1B5B337E
                0x0800aa30        0x7 build/shell.o
                0x0800aa30                shellDesc0x1B5B337E
 *fill*         0x0800aa37        0x1 
 .rodata.shellDesc0x1B5B4100
                0x0800aa38        0x3 build/shell.o
                0x0800aa38                shellDesc0x1B5B4100
 *fill*         0x0800aa3b        0x1 
 .rodata.shellDesc0x1B5B4200
                0x0800aa3c        0x5 build/shell.o
                0x0800aa3c                shellDesc0x1B5B4200
 *fill*         0x0800aa41        0x3 
 .rodata.shellDesc0x1B5B4300
                0x0800aa44        0x6 build/shell.o
                0x0800aa44                shellDesc0x1B5B4300
 *fill*         0x0800aa4a        0x2 
 .rodata.shellDesc0x1B5B4400
                0x0800aa4c        0x5 build/shell.o
                0x0800aa4c                shellDesc0x1B5B4400
 *fill*         0x0800aa51        0x3 
 .rodata.shellDesc0x7F000000
                0x0800aa54        0xa build/shell.o
                0x0800aa54                shellDesc0x7F000000
 *fill*         0x0800aa5e        0x2 
 .rodata.shellDescclear
                0x0800aa60        0xe build/shell.o
                0x0800aa60                shellDescclear
 *fill*         0x0800aa6e        0x2 
 .rodata.shellDesccmds
                0x0800aa70        0xd build/shell.o
                0x0800aa70                shellDesccmds
 *fill*         0x0800aa7d        0x3 
 .rodata.shellDeschelp
                0x0800aa80       0x1e build/shell.o
                0x0800aa80                shellDeschelp
 *fill*         0x0800aa9e        0x2 
 .rodata.shellDesckeys
                0x0800aaa0        0xd build/shell.o
                0x0800aaa0                shellDesckeys
 *fill*         0x0800aaad        0x3 
 .rodata.shellDescsetVar
                0x0800aab0        0x8 build/shell.o
                0x0800aab0                shellDescsetVar
 .rodata.shellDescusers
                0x0800aab8        0xe build/shell.o
                0x0800aab8                shellDescusers
 *fill*         0x0800aac6        0x2 
 .rodata.shellDescvars
                0x0800aac8        0xd build/shell.o
                0x0800aac8                shellDescvars
 *fill*         0x0800aad5        0x3 
 .rodata.shellPasswordDefaultUser
                0x0800aad8        0x1 build/shell.o
                0x0800aad8                shellPasswordDefaultUser
 *fill*         0x0800aad9        0x3 
 .rodata._global_impure_ptr
                0x0800aadc        0x4 e:/gcc-arm-none-eabi-10.3-2021.10-win32/gcc-arm-none-eabi-10.3-2021.10/bin/../lib/gcc/arm-none-eabi/10.3.1/../../../../arm-none-eabi/lib/thumb/v7e-m+fp/hard\libc_nano.a(lib_a-impure.o)
                0x0800aadc                _global_impure_ptr
 .rodata._printf_float.str1.1
                0x0800aae0       0x12 e:/gcc-arm-none-eabi-10.3-2021.10-win32/gcc-arm-none-eabi-10.3-2021.10/bin/../lib/gcc/arm-none-eabi/10.3.1/../../../../arm-none-eabi/lib/thumb/v7e-m+fp/hard\libc_nano.a(lib_a-nano-vfprintf_float.o)
 .rodata._printf_i.str1.1
                0x0800aaf2       0x22 e:/gcc-arm-none-eabi-10.3-2021.10-win32/gcc-arm-none-eabi-10.3-2021.10/bin/../lib/gcc/arm-none-eabi/10.3.1/../../../../arm-none-eabi/lib/thumb/v7e-m+fp/hard\libc_nano.a(lib_a-nano-vfprintf_i.o)
 .rodata._dtoa_r.str1.1
                0x0800ab14       0xb3 e:/gcc-arm-none-eabi-10.3-2021.10-win32/gcc-arm-none-eabi-10.3-2021.10/bin/../lib/gcc/arm-none-eabi/10.3.1/../../../../arm-none-eabi/lib/thumb/v7e-m+fp/hard\libc_nano.a(lib_a-dtoa.o)
                                 0xb5 (size before relaxing)
 .rodata._Balloc.str1.1
                0x0800abc7       0x7f e:/gcc-arm-none-eabi-10.3-2021.10-win32/gcc-arm-none-eabi-10.3-2021.10/bin/../lib/gcc/arm-none-eabi/10.3.1/../../../../arm-none-eabi/lib/thumb/v7e-m+fp/hard\libc_nano.a(lib_a-mprec.o)
                                 0x96 (size before relaxing)
 .rodata.__multadd.str1.1
                0x0800ac46       0x11 e:/gcc-arm-none-eabi-10.3-2021.10-win32/gcc-arm-none-eabi-10.3-2021.10/bin/../lib/gcc/arm-none-eabi/10.3.1/../../../../arm-none-eabi/lib/thumb/v7e-m+fp/hard\libc_nano.a(lib_a-mprec.o)
 *fill*         0x0800ac46        0x2 
 .rodata.__mprec_bigtens
                0x0800ac48       0x28 e:/gcc-arm-none-eabi-10.3-2021.10-win32/gcc-arm-none-eabi-10.3-2021.10/bin/../lib/gcc/arm-none-eabi/10.3.1/../../../../arm-none-eabi/lib/thumb/v7e-m+fp/hard\libc_nano.a(lib_a-mprec.o)
                0x0800ac48                __mprec_bigtens
 .rodata.__mprec_tens
                0x0800ac70       0xc8 e:/gcc-arm-none-eabi-10.3-2021.10-win32/gcc-arm-none-eabi-10.3-2021.10/bin/../lib/gcc/arm-none-eabi/10.3.1/../../../../arm-none-eabi/lib/thumb/v7e-m+fp/hard\libc_nano.a(lib_a-mprec.o)
                0x0800ac70                __mprec_tens
 .rodata.p05.0  0x0800ad38        0xc e:/gcc-arm-none-eabi-10.3-2021.10-win32/gcc-arm-none-eabi-10.3-2021.10/bin/../lib/gcc/arm-none-eabi/10.3.1/../../../../arm-none-eabi/lib/thumb/v7e-m+fp/hard\libc_nano.a(lib_a-mprec.o)
 .rodata._svfprintf_r.str1.1
                0x0800ad44       0x11 e:/gcc-arm-none-eabi-10.3-2021.10-win32/gcc-arm-none-eabi-10.3-2021.10/bin/../lib/gcc/arm-none-eabi/10.3.1/../../../../arm-none-eabi/lib/thumb/v7e-m+fp/hard\libc_nano.a(lib_a-nano-svfprintf.o)
 .rodata.__assert_func.str1.1
                0x0800ad55       0x3c e:/gcc-arm-none-eabi-10.3-2021.10-win32/gcc-arm-none-eabi-10.3-2021.10/bin/../lib/gcc/arm-none-eabi/10.3.1/../../../../arm-none-eabi/lib/thumb/v7e-m+fp/hard\libc_nano.a(lib_a-assert.o)
                                 0x3d (size before relaxing)
 .rodata._setlocale_r.str1.1
                0x0800ad91        0x8 e:/gcc-arm-none-eabi-10.3-2021.10-win32/gcc-arm-none-eabi-10.3-2021.10/bin/../lib/gcc/arm-none-eabi/10.3.1/../../../../arm-none-eabi/lib/thumb/v7e-m+fp/hard\libc_nano.a(lib_a-locale.o)
                                  0x9 (size before relaxing)
 .rodata.str1.1
                0x0800ad99        0x2 e:/gcc-arm-none-eabi-10.3-2021.10-win32/gcc-arm-none-eabi-10.3-2021.10/bin/../lib/gcc/arm-none-eabi/10.3.1/../../../../arm-none-eabi/lib/thumb/v7e-m+fp/hard\libc_nano.a(lib_a-locale.o)
 .rodata._vfprintf_r.str1.1
                0x0800ad9b       0x11 e:/gcc-arm-none-eabi-10.3-2021.10-win32/gcc-arm-none-eabi-10.3-2021.10/bin/../lib/gcc/arm-none-eabi/10.3.1/../../../../arm-none-eabi/lib/thumb/v7e-m+fp/hard\libc_nano.a(lib_a-nano-vfprintf.o)
 .rodata._ctype_
                0x0800ad9b      0x101 e:/gcc-arm-none-eabi-10.3-2021.10-win32/gcc-arm-none-eabi-10.3-2021.10/bin/../lib/gcc/arm-none-eabi/10.3.1/../../../../arm-none-eabi/lib/thumb/v7e-m+fp/hard\libc_nano.a(lib_a-ctype_.o)
                0x0800ad9b                _ctype_
 .rodata.__sf_fake_stderr
                0x0800ae9c       0x20 e:/gcc-arm-none-eabi-10.3-2021.10-win32/gcc-arm-none-eabi-10.3-2021.10/bin/../lib/gcc/arm-none-eabi/10.3.1/../../../../arm-none-eabi/lib/thumb/v7e-m+fp/hard\libc_nano.a(lib_a-findfp.o)
                0x0800ae9c                __sf_fake_stderr
 .rodata.__sf_fake_stdin
                0x0800aebc       0x20 e:/gcc-arm-none-eabi-10.3-2021.10-win32/gcc-arm-none-eabi-10.3-2021.10/bin/../lib/gcc/arm-none-eabi/10.3.1/../../../../arm-none-eabi/lib/thumb/v7e-m+fp/hard\libc_nano.a(lib_a-findfp.o)
                0x0800aebc                __sf_fake_stdin
 .rodata.__sf_fake_stdout
                0x0800aedc       0x20 e:/gcc-arm-none-eabi-10.3-2021.10-win32/gcc-arm-none-eabi-10.3-2021.10/bin/../lib/gcc/arm-none-eabi/10.3.1/../../../../arm-none-eabi/lib/thumb/v7e-m+fp/hard\libc_nano.a(lib_a-findfp.o)
                0x0800aedc                __sf_fake_stdout
                0x0800af00                . = ALIGN (0x8)
 *fill*         0x0800aefc        0x4 
                0x0800af00                _shell_command_start = .
 *(shellCommand)
 shellCommand   0x0800af00       0x50 build/main.o
                0x0800af00                shellCommandflash_test
                0x0800af10                shellCommandrs485_send
                0x0800af20                shellCommandbattery
                0x0800af30                shellCommandled
                0x0800af40                shellCommandLDR_Get
 shellCommand   0x0800af50      0x120 build/shell.o
                0x0800af50                shellCommandclear
                0x0800af60                shellCommandkeys
                0x0800af70                shellCommandvars
                0x0800af80                shellCommandcmds
                0x0800af90                shellCommandusers
                0x0800afa0                shellCommandhelp
                0x0800afb0                shellKey0x0D000000
                0x0800afc0                shellKey0x0A000000
                0x0800afd0                shellKey0x1B5B337E
                0x0800afe0                shellKey0x7F000000
                0x0800aff0                shellKey0x08000000
                0x0800b000                shellKey0x09000000
                0x0800b010                shellKey0x1B5B4400
                0x0800b020                shellKey0x1B5B4300
                0x0800b030                shellKey0x1B5B4200
                0x0800b040                shellKey0x1B5B4100
                0x0800b050                shellCommandsetVar
                0x0800b060                shellUserDefault
                0x0800b070                _shell_command_end = .

.ARM.extab      0x0800b070        0x0
                0x0800b070                . = ALIGN (0x8)
 *(.ARM.extab* .gnu.linkonce.armextab.*)
                0x0800b070                . = ALIGN (0x8)

.ARM            0x0800b070        0x8
                0x0800b070                . = ALIGN (0x8)
                0x0800b070                __exidx_start = .
 *(.ARM.exidx*)
 .ARM.exidx     0x0800b070        0x8 e:/gcc-arm-none-eabi-10.3-2021.10-win32/gcc-arm-none-eabi-10.3-2021.10/bin/../lib/gcc/arm-none-eabi/10.3.1/thumb/v7e-m+fp/hard\libgcc.a(_udivmoddi4.o)
                0x0800b078                __exidx_end = .
                0x0800b078                . = ALIGN (0x8)

.rel.dyn        0x0800b078        0x0
 .rel.iplt      0x0800b078        0x0 e:/gcc-arm-none-eabi-10.3-2021.10-win32/gcc-arm-none-eabi-10.3-2021.10/bin/../lib/gcc/arm-none-eabi/10.3.1/thumb/v7e-m+fp/hard/crtbegin.o

.preinit_array  0x0800b078        0x0
                0x0800b078                . = ALIGN (0x8)
                0x0800b078                PROVIDE (__preinit_array_start = .)
 *(.preinit_array*)
                0x0800b078                PROVIDE (__preinit_array_end = .)
                0x0800b078                . = ALIGN (0x8)

.init_array     0x0800b078        0x8
                0x0800b078                . = ALIGN (0x8)
                0x0800b078                PROVIDE (__init_array_start = .)
 *(SORT_BY_NAME(.init_array.*))
 *(.init_array*)
 .init_array    0x0800b078        0x4 e:/gcc-arm-none-eabi-10.3-2021.10-win32/gcc-arm-none-eabi-10.3-2021.10/bin/../lib/gcc/arm-none-eabi/10.3.1/thumb/v7e-m+fp/hard/crtbegin.o
                0x0800b07c                PROVIDE (__init_array_end = .)
                0x0800b080                . = ALIGN (0x8)
 *fill*         0x0800b07c        0x4 

.fini_array     0x0800b080        0x8
                0x0800b080                . = ALIGN (0x8)
                [!provide]                PROVIDE (__fini_array_start = .)
 *(SORT_BY_NAME(.fini_array.*))
 *(.fini_array*)
 .fini_array    0x0800b080        0x4 e:/gcc-arm-none-eabi-10.3-2021.10-win32/gcc-arm-none-eabi-10.3-2021.10/bin/../lib/gcc/arm-none-eabi/10.3.1/thumb/v7e-m+fp/hard/crtbegin.o
                [!provide]                PROVIDE (__fini_array_end = .)
                0x0800b088                . = ALIGN (0x8)
 *fill*         0x0800b084        0x4 
                0x0800b088                _sidata = LOADADDR (.data)

.data           0x20000000      0x1f8 load address 0x0800b088
                0x20000000                . = ALIGN (0x8)
                0x20000000                _sdata = .
 *(.data)
 *(.data*)
 .data.uwTickFreq
                0x20000000        0x1 build/stm32l4xx_hal.o
                0x20000000                uwTickFreq
 *fill*         0x20000001        0x3 
 .data.uwTickPrio
                0x20000004        0x4 build/stm32l4xx_hal.o
                0x20000004                uwTickPrio
 .data.SystemCoreClock
                0x20000008        0x4 build/system_stm32l4xx.o
                0x20000008                SystemCoreClock
 .data.dev_led  0x2000000c       0x10 build/led.o
                0x2000000c                dev_led
 .data.dev_rs485
                0x2000001c        0xc build/rs485.o
                0x2000001c                dev_rs485
 .data._impure_ptr
                0x20000028        0x4 e:/gcc-arm-none-eabi-10.3-2021.10-win32/gcc-arm-none-eabi-10.3-2021.10/bin/../lib/gcc/arm-none-eabi/10.3.1/../../../../arm-none-eabi/lib/thumb/v7e-m+fp/hard\libc_nano.a(lib_a-impure.o)
                0x20000028                _impure_ptr
 .data.impure_data
                0x2000002c       0x60 e:/gcc-arm-none-eabi-10.3-2021.10-win32/gcc-arm-none-eabi-10.3-2021.10/bin/../lib/gcc/arm-none-eabi/10.3.1/../../../../arm-none-eabi/lib/thumb/v7e-m+fp/hard\libc_nano.a(lib_a-impure.o)
 .data.__global_locale
                0x2000008c      0x16c e:/gcc-arm-none-eabi-10.3-2021.10-win32/gcc-arm-none-eabi-10.3-2021.10/bin/../lib/gcc/arm-none-eabi/10.3.1/../../../../arm-none-eabi/lib/thumb/v7e-m+fp/hard\libc_nano.a(lib_a-locale.o)
                0x2000008c                __global_locale
                0x200001f8                . = ALIGN (0x8)
                0x200001f8                _edata = .

.igot.plt       0x200001f8        0x0 load address 0x0800b280
 .igot.plt      0x200001f8        0x0 e:/gcc-arm-none-eabi-10.3-2021.10-win32/gcc-arm-none-eabi-10.3-2021.10/bin/../lib/gcc/arm-none-eabi/10.3.1/thumb/v7e-m+fp/hard/crtbegin.o
                0x200001f8                . = ALIGN (0x4)

.bss            0x200001f8      0x57c load address 0x0800b280
                0x200001f8                _sbss = .
                0x200001f8                __bss_start__ = _sbss
 *(.bss)
 .bss           0x200001f8       0x1c e:/gcc-arm-none-eabi-10.3-2021.10-win32/gcc-arm-none-eabi-10.3-2021.10/bin/../lib/gcc/arm-none-eabi/10.3.1/thumb/v7e-m+fp/hard/crtbegin.o
 *(.bss*)
 .bss.uwTick    0x20000214        0x4 build/stm32l4xx_hal.o
                0x20000214                uwTick
 .bss.shell     0x20000218       0x6c build/shell_port.o
                0x20000218                shell
 .bss.shell_buffer
                0x20000284      0x200 build/shell_port.o
                0x20000284                shell_buffer
 .bss.buffer.0  0x20000484        0x9 build/shell.o
 *fill*         0x2000048d        0x3 
 .bss.shellList
                0x20000490       0x14 build/shell.o
 .bss.hadc1     0x200004a4       0x64 build/adc.o
                0x200004a4                hadc1
 .bss.hspi2     0x20000508       0x64 build/spi.o
                0x20000508                hspi2
 .bss.hspi3     0x2000056c       0x64 build/spi.o
                0x2000056c                hspi3
 .bss.huart1    0x200005d0       0x84 build/usart.o
                0x200005d0                huart1
 .bss.huart2    0x20000654       0x84 build/usart.o
                0x20000654                huart2
 .bss.huart3    0x200006d8       0x84 build/usart.o
                0x200006d8                huart3
 .bss.u1_cache  0x2000075c        0x1 build/usart.o
                0x2000075c                u1_cache
 *fill*         0x2000075d        0x3 
 .bss.__malloc_free_list
                0x20000760        0x4 e:/gcc-arm-none-eabi-10.3-2021.10-win32/gcc-arm-none-eabi-10.3-2021.10/bin/../lib/gcc/arm-none-eabi/10.3.1/../../../../arm-none-eabi/lib/thumb/v7e-m+fp/hard\libc_nano.a(lib_a-nano-mallocr.o)
                0x20000760                __malloc_free_list
 .bss.__malloc_sbrk_start
                0x20000764        0x4 e:/gcc-arm-none-eabi-10.3-2021.10-win32/gcc-arm-none-eabi-10.3-2021.10/bin/../lib/gcc/arm-none-eabi/10.3.1/../../../../arm-none-eabi/lib/thumb/v7e-m+fp/hard\libc_nano.a(lib_a-nano-mallocr.o)
                0x20000764                __malloc_sbrk_start
 .bss.errno     0x20000768        0x4 e:/gcc-arm-none-eabi-10.3-2021.10-win32/gcc-arm-none-eabi-10.3-2021.10/bin/../lib/gcc/arm-none-eabi/10.3.1/../../../../arm-none-eabi/lib/thumb/v7e-m+fp/hard\libc_nano.a(lib_a-reent.o)
                0x20000768                errno
 .bss.__lock___malloc_recursive_mutex
                0x2000076c        0x1 e:/gcc-arm-none-eabi-10.3-2021.10-win32/gcc-arm-none-eabi-10.3-2021.10/bin/../lib/gcc/arm-none-eabi/10.3.1/../../../../arm-none-eabi/lib/thumb/v7e-m+fp/hard\libc_nano.a(lib_a-lock.o)
                0x2000076c                __lock___malloc_recursive_mutex
 .bss.__lock___sfp_recursive_mutex
                0x2000076d        0x1 e:/gcc-arm-none-eabi-10.3-2021.10-win32/gcc-arm-none-eabi-10.3-2021.10/bin/../lib/gcc/arm-none-eabi/10.3.1/../../../../arm-none-eabi/lib/thumb/v7e-m+fp/hard\libc_nano.a(lib_a-lock.o)
                0x2000076d                __lock___sfp_recursive_mutex
 .bss.__lock___sinit_recursive_mutex
                0x2000076e        0x1 e:/gcc-arm-none-eabi-10.3-2021.10-win32/gcc-arm-none-eabi-10.3-2021.10/bin/../lib/gcc/arm-none-eabi/10.3.1/../../../../arm-none-eabi/lib/thumb/v7e-m+fp/hard\libc_nano.a(lib_a-lock.o)
                0x2000076e                __lock___sinit_recursive_mutex
 *fill*         0x2000076f        0x1 
 .bss.heap_end.0
                0x20000770        0x4 e:/gcc-arm-none-eabi-10.3-2021.10-win32/gcc-arm-none-eabi-10.3-2021.10/bin/../lib/gcc/arm-none-eabi/10.3.1/../../../../arm-none-eabi/lib/thumb/v7e-m+fp/hard\libnosys.a(sbrk.o)
 *(COMMON)
                0x20000774                . = ALIGN (0x4)
                0x20000774                _ebss = .
                0x20000774                __bss_end__ = _ebss

._user_heap_stack
                0x20000774      0x804 load address 0x0800b280
                0x20000778                . = ALIGN (0x8)
 *fill*         0x20000774        0x4 
                0x20000778                PROVIDE (end = .)
                [!provide]                PROVIDE (_end = .)
                0x20000b78                . = (. + _Min_Heap_Size)
 *fill*         0x20000778      0x400 
                0x20000f78                . = (. + _Min_Stack_Size)
 *fill*         0x20000b78      0x400 
                0x20000f78                . = ALIGN (0x8)

/DISCARD/
 libc.a(*)
 libm.a(*)
 libgcc.a(*)

.ARM.attributes
                0x00000000       0x30
 *(.ARM.attributes)
 .ARM.attributes
                0x00000000       0x1e e:/gcc-arm-none-eabi-10.3-2021.10-win32/gcc-arm-none-eabi-10.3-2021.10/bin/../lib/gcc/arm-none-eabi/10.3.1/thumb/v7e-m+fp/hard/crti.o
 .ARM.attributes
                0x0000001e       0x34 e:/gcc-arm-none-eabi-10.3-2021.10-win32/gcc-arm-none-eabi-10.3-2021.10/bin/../lib/gcc/arm-none-eabi/10.3.1/thumb/v7e-m+fp/hard/crtbegin.o
 .ARM.attributes
                0x00000052       0x34 build/main.o
 .ARM.attributes
                0x00000086       0x34 build/stm32l4xx_it.o
 .ARM.attributes
                0x000000ba       0x34 build/stm32l4xx_hal_msp.o
 .ARM.attributes
                0x000000ee       0x34 build/stm32l4xx_hal_adc.o
 .ARM.attributes
                0x00000122       0x34 build/stm32l4xx_hal_adc_ex.o
 .ARM.attributes
                0x00000156       0x34 build/stm32l4xx_hal.o
 .ARM.attributes
                0x0000018a       0x34 build/stm32l4xx_hal_rcc.o
 .ARM.attributes
                0x000001be       0x34 build/stm32l4xx_hal_rcc_ex.o
 .ARM.attributes
                0x000001f2       0x34 build/stm32l4xx_hal_gpio.o
 .ARM.attributes
                0x00000226       0x34 build/stm32l4xx_hal_dma.o
 .ARM.attributes
                0x0000025a       0x34 build/stm32l4xx_hal_pwr_ex.o
 .ARM.attributes
                0x0000028e       0x34 build/stm32l4xx_hal_cortex.o
 .ARM.attributes
                0x000002c2       0x34 build/stm32l4xx_hal_spi.o
 .ARM.attributes