Archive member included to satisfy reference by file (symbol)

e:/gcc-arm-none-eabi-10.3-2021.10-win32/gcc-arm-none-eabi-10.3-2021.10/bin/../lib/gcc/arm-none-eabi/10.3.1/../../../../arm-none-eabi/lib/thumb/v7e-m+fp/hard\libc_nano.a(lib_a-exit.o)
                              e:/gcc-arm-none-eabi-10.3-2021.10-win32/gcc-arm-none-eabi-10.3-2021.10/bin/../lib/gcc/arm-none-eabi/10.3.1/../../../../arm-none-eabi/lib/thumb/v7e-m+fp/hard/crt0.o (exit)
e:/gcc-arm-none-eabi-10.3-2021.10-win32/gcc-arm-none-eabi-10.3-2021.10/bin/../lib/gcc/arm-none-eabi/10.3.1/../../../../arm-none-eabi/lib/thumb/v7e-m+fp/hard\libc_nano.a(lib_a-impure.o)
                              e:/gcc-arm-none-eabi-10.3-2021.10-win32/gcc-arm-none-eabi-10.3-2021.10/bin/../lib/gcc/arm-none-eabi/10.3.1/../../../../arm-none-eabi/lib/thumb/v7e-m+fp/hard\libc_nano.a(lib_a-exit.o) (_global_impure_ptr)
e:/gcc-arm-none-eabi-10.3-2021.10-win32/gcc-arm-none-eabi-10.3-2021.10/bin/../lib/gcc/arm-none-eabi/10.3.1/../../../../arm-none-eabi/lib/thumb/v7e-m+fp/hard\libc_nano.a(lib_a-init.o)
                              e:/gcc-arm-none-eabi-10.3-2021.10-win32/gcc-arm-none-eabi-10.3-2021.10/bin/../lib/gcc/arm-none-eabi/10.3.1/../../../../arm-none-eabi/lib/thumb/v7e-m+fp/hard/crt0.o (__libc_init_array)
e:/gcc-arm-none-eabi-10.3-2021.10-win32/gcc-arm-none-eabi-10.3-2021.10/bin/../lib/gcc/arm-none-eabi/10.3.1/../../../../arm-none-eabi/lib/thumb/v7e-m+fp/hard\libc_nano.a(lib_a-malloc.o)
                              build/timer.o (malloc)
e:/gcc-arm-none-eabi-10.3-2021.10-win32/gcc-arm-none-eabi-10.3-2021.10/bin/../lib/gcc/arm-none-eabi/10.3.1/../../../../arm-none-eabi/lib/thumb/v7e-m+fp/hard\libc_nano.a(lib_a-memcpy-stub.o)
                              build/ATGM332D.o (memcpy)
e:/gcc-arm-none-eabi-10.3-2021.10-win32/gcc-arm-none-eabi-10.3-2021.10/bin/../lib/gcc/arm-none-eabi/10.3.1/../../../../arm-none-eabi/lib/thumb/v7e-m+fp/hard\libc_nano.a(lib_a-memset.o)
                              e:/gcc-arm-none-eabi-10.3-2021.10-win32/gcc-arm-none-eabi-10.3-2021.10/bin/../lib/gcc/arm-none-eabi/10.3.1/../../../../arm-none-eabi/lib/thumb/v7e-m+fp/hard/crt0.o (memset)
e:/gcc-arm-none-eabi-10.3-2021.10-win32/gcc-arm-none-eabi-10.3-2021.10/bin/../lib/gcc/arm-none-eabi/10.3.1/../../../../arm-none-eabi/lib/thumb/v7e-m+fp/hard\libc_nano.a(lib_a-nano-freer.o)
                              e:/gcc-arm-none-eabi-10.3-2021.10-win32/gcc-arm-none-eabi-10.3-2021.10/bin/../lib/gcc/arm-none-eabi/10.3.1/../../../../arm-none-eabi/lib/thumb/v7e-m+fp/hard\libc_nano.a(lib_a-malloc.o) (_free_r)
e:/gcc-arm-none-eabi-10.3-2021.10-win32/gcc-arm-none-eabi-10.3-2021.10/bin/../lib/gcc/arm-none-eabi/10.3.1/../../../../arm-none-eabi/lib/thumb/v7e-m+fp/hard\libc_nano.a(lib_a-nano-mallocr.o)
                              e:/gcc-arm-none-eabi-10.3-2021.10-win32/gcc-arm-none-eabi-10.3-2021.10/bin/../lib/gcc/arm-none-eabi/10.3.1/../../../../arm-none-eabi/lib/thumb/v7e-m+fp/hard\libc_nano.a(lib_a-malloc.o) (_malloc_r)
e:/gcc-arm-none-eabi-10.3-2021.10-win32/gcc-arm-none-eabi-10.3-2021.10/bin/../lib/gcc/arm-none-eabi/10.3.1/../../../../arm-none-eabi/lib/thumb/v7e-m+fp/hard\libc_nano.a(lib_a-sbrkr.o)
                              e:/gcc-arm-none-eabi-10.3-2021.10-win32/gcc-arm-none-eabi-10.3-2021.10/bin/../lib/gcc/arm-none-eabi/10.3.1/../../../../arm-none-eabi/lib/thumb/v7e-m+fp/hard\libc_nano.a(lib_a-nano-mallocr.o) (_sbrk_r)
e:/gcc-arm-none-eabi-10.3-2021.10-win32/gcc-arm-none-eabi-10.3-2021.10/bin/../lib/gcc/arm-none-eabi/10.3.1/../../../../arm-none-eabi/lib/thumb/v7e-m+fp/hard\libc_nano.a(lib_a-strcmp.o)
                              build/shell.o (strcmp)
e:/gcc-arm-none-eabi-10.3-2021.10-win32/gcc-arm-none-eabi-10.3-2021.10/bin/../lib/gcc/arm-none-eabi/10.3.1/../../../../arm-none-eabi/lib/thumb/v7e-m+fp/hard\libc_nano.a(lib_a-strlen.o)
                              build/shell.o (strlen)
e:/gcc-arm-none-eabi-10.3-2021.10-win32/gcc-arm-none-eabi-10.3-2021.10/bin/../lib/gcc/arm-none-eabi/10.3.1/../../../../arm-none-eabi/lib/thumb/v7e-m+fp/hard\libc_nano.a(lib_a-strncmp.o)
                              build/shell.o (strncmp)
e:/gcc-arm-none-eabi-10.3-2021.10-win32/gcc-arm-none-eabi-10.3-2021.10/bin/../lib/gcc/arm-none-eabi/10.3.1/../../../../arm-none-eabi/lib/thumb/v7e-m+fp/hard\libc_nano.a(lib_a-strstr.o)
                              build/EC2x.o (strstr)
e:/gcc-arm-none-eabi-10.3-2021.10-win32/gcc-arm-none-eabi-10.3-2021.10/bin/../lib/gcc/arm-none-eabi/10.3.1/../../../../arm-none-eabi/lib/thumb/v7e-m+fp/hard\libc_nano.a(lib_a-vsnprintf.o)
                              build/shell.o (vsnprintf)
e:/gcc-arm-none-eabi-10.3-2021.10-win32/gcc-arm-none-eabi-10.3-2021.10/bin/../lib/gcc/arm-none-eabi/10.3.1/../../../../arm-none-eabi/lib/thumb/v7e-m+fp/hard\libc_nano.a(lib_a-mlock.o)
                              e:/gcc-arm-none-eabi-10.3-2021.10-win32/gcc-arm-none-eabi-10.3-2021.10/bin/../lib/gcc/arm-none-eabi/10.3.1/../../../../arm-none-eabi/lib/thumb/v7e-m+fp/hard\libc_nano.a(lib_a-nano-freer.o) (__malloc_lock)
[...]
Memory Configuration

Name             Origin             Length             Attributes
RAM              0x20000000         0x00010000         xrw
RAM2             0x10000000         0x00004000         xrw
FLASH            0x08000000         0x00020000         xr
*default*        0x00000000         0xffffffff

Linker script and memory map

LOAD e:/gcc-arm-none-eabi-10.3-2021.10-win32/gcc-arm-none-eabi-10.3-2021.10/bin/../lib/gcc/arm-none-eabi/10.3.1/thumb/v7e-m+fp/hard/crti.o
LOAD e:/gcc-arm-none-eabi-10.3-2021.10-win32/gcc-arm-none-eabi-10.3-2021.10/bin/../lib/gcc/arm-none-eabi/10.3.1/thumb/v7e-m+fp/hard/crtbegin.o
LOAD e:/gcc-arm-none-eabi-10.3-2021.10-win32/gcc-arm-none-eabi-10.3-2021.10/bin/../lib/gcc/arm-none-eabi/10.3.1/../../../../arm-none-eabi/lib/thumb/v7e-m+fp/hard/crt0.o
LOAD build/main.o
LOAD build/stm32l4xx_it.o
LOAD build/stm32l4xx_hal_msp.o
LOAD build/stm32l4xx_hal_adc.o
LOAD build/stm32l4xx_hal_adc_ex.o
LOAD build/stm32l4xx_hal.o
LOAD build/stm32l4xx_hal_i2c.o
LOAD build/stm32l4xx_hal_i2c_ex.o
LOAD build/stm32l4xx_hal_rcc.o
LOAD build/stm32l4xx_hal_rcc_ex.o
LOAD build/stm32l4xx_hal_flash.o
LOAD build/stm32l4xx_hal_flash_ex.o
LOAD build/stm32l4xx_hal_flash_ramfunc.o
LOAD build/stm32l4xx_hal_gpio.o
LOAD build/stm32l4xx_hal_dma.o
LOAD build/stm32l4xx_hal_dma_ex.o
LOAD build/stm32l4xx_hal_pwr.o
LOAD build/stm32l4xx_hal_pwr_ex.o
LOAD build/stm32l4xx_hal_cortex.o
LOAD build/stm32l4xx_hal_exti.o
LOAD build/stm32l4xx_hal_spi.o
LOAD build/stm32l4xx_hal_spi_ex.o
LOAD build/stm32l4xx_hal_tim.o
LOAD build/stm32l4xx_hal_tim_ex.o
LOAD build/stm32l4xx_hal_uart.o
LOAD build/stm32l4xx_hal_uart_ex.o
LOAD build/system_stm32l4xx.o
LOAD build/shell_cmd_list.o
LOAD build/shell_companion.o
LOAD build/shell_ext.o
LOAD build/shell_port.o
LOAD build/shell.o
LOAD build/fsm.o
LOAD build/gpio.o
LOAD build/adc.o
LOAD build/spi.o
LOAD build/usart.o
LOAD build/timer.o
LOAD build/queue.o
LOAD build/SX1278_hw.o
LOAD build/W25QXX.o
LOAD build/led.o
LOAD build/rs485.o
LOAD build/ATGM332D.o
LOAD build/EC2x.o
LOAD build/SX1278.o
LOAD build/startup_stm32l431xx.o
LOAD e:/gcc-arm-none-eabi-10.3-2021.10-win32/gcc-arm-none-eabi-10.3-2021.10/bin/../lib/gcc/arm-none-eabi/10.3.1/../../../../arm-none-eabi/lib/thumb/v7e-m+fp/hard\libc_nano.a
LOAD e:/gcc-arm-none-eabi-10.3-2021.10-win32/gcc-arm-none-eabi-10.3-2021.10/bin/../lib/gcc/arm-none-eabi/10.3.1/../../../../arm-none-eabi/lib/thumb/v7e-m+fp/hard\libm.a
LOAD e:/gcc-arm-none-eabi-10.3-2021.10-win32/gcc-arm-none-eabi-10.3-2021.10/bin/../lib/gcc/arm-none-eabi/10.3.1/../../../../arm-none-eabi/lib/thumb/v7e-m+fp/hard\libnosys.a
START GROUP
LOAD e:/gcc-arm-none-eabi-10.3-2021.10-win32/gcc-arm-none-eabi-10.3-2021.10/bin/../lib/gcc/arm-none-eabi/10.3.1/thumb/v7e-m+fp/hard\libgcc.a
LOAD e:/gcc-arm-none-eabi-10.3-2021.10-win32/gcc-arm-none-eabi-10.3-2021.10/bin/../lib/gcc/arm-none-eabi/10.3.1/../../../../arm-none-eabi/lib/thumb/v7e-m+fp/hard\libc_nano.a
END GROUP
START GROUP
LOAD e:/gcc-arm-none-eabi-10.3-2021.10-win32/gcc-arm-none-eabi-10.3-2021.10/bin/../lib/gcc/arm-none-eabi/10.3.1/thumb/v7e-m+fp/hard\libgcc.a
LOAD e:/gcc-arm-none-eabi-10.3-2021.10-win32/gcc-arm-none-eabi-10.3-2021.10/bin/../lib/gcc/arm-none-eabi/10.3.1/../../../../arm-none-eabi/lib/thumb/v7e-m+fp/hard\libc_nano.a
END GROUP
LOAD e:/gcc-arm-none-eabi-10.3-2021.10-win32/gcc-arm-none-eabi-10.3-2021.10/bin/../lib/gcc/arm-none-eabi/10.3.1/thumb/v7e-m+fp/hard/crtend.o
LOAD e:/gcc-arm-none-eabi-10.3-2021.10-win32/gcc-arm-none-eabi-10.3-2021.10/bin/../lib/gcc/arm-none-eabi/10.3.1/thumb/v7e-m+fp/hard/crtn.o
                0x20010000                _estack = 0x20010000
                0x00000600                _Min_Heap_Size = 0x600
                0x00000400                _Min_Stack_Size = 0x400

.isr_vector     0x08000000      0x190
                0x08000000                . = ALIGN (0x8)
 *(.isr_vector)
 .isr_vector    0x08000000      0x18c build/startup_stm32l431xx.o
                0x08000000                g_pfnVectors
                0x08000190                . = ALIGN (0x8)
 *fill*         0x0800018c        0x4 

.text           0x08000190     0x85e0
                0x08000190                . = ALIGN (0x8)
 *(.text)
 .text          0x08000190       0x40 e:/gcc-arm-none-eabi-10.3-2021.10-win32/gcc-arm-none-eabi-10.3-2021.10/bin/../lib/gcc/arm-none-eabi/10.3.1/thumb/v7e-m+fp/hard/crtbegin.o
 .text          0x080001d0       0x14 e:/gcc-arm-none-eabi-10.3-2021.10-win32/gcc-arm-none-eabi-10.3-2021.10/bin/../lib/gcc/arm-none-eabi/10.3.1/../../../../arm-none-eabi/lib/thumb/v7e-m+fp/hard\libc_nano.a(lib_a-strcmp.o)
                0x080001d0                strcmp
 .text          0x080001e4       0x10 e:/gcc-arm-none-eabi-10.3-2021.10-win32/gcc-arm-none-eabi-10.3-2021.10/bin/../lib/gcc/arm-none-eabi/10.3.1/../../../../arm-none-eabi/lib/thumb/v7e-m+fp/hard\libc_nano.a(lib_a-strlen.o)
                0x080001e4                strlen
 *fill*         0x080001f4        0xc 
 .text          0x08000200       0xa0 e:/gcc-arm-none-eabi-10.3-2021.10-win32/gcc-arm-none-eabi-10.3-2021.10/bin/../lib/gcc/arm-none-eabi/10.3.1/../../../../arm-none-eabi/lib/thumb/v7e-m+fp/hard\libc_nano.a(lib_a-memchr.o)
                0x08000200                memchr
 .text          0x080002a0      0x378 e:/gcc-arm-none-eabi-10.3-2021.10-win32/gcc-arm-none-eabi-10.3-2021.10/bin/../lib/gcc/arm-none-eabi/10.3.1/thumb/v7e-m+fp/hard\libgcc.a(_arm_addsubdf3.o)
                0x080002a0                __aeabi_drsub
                0x080002a8                __aeabi_dsub
                0x080002a8                __subdf3
                0x080002ac                __aeabi_dadd
                0x080002ac                __adddf3
                0x08000524                __floatunsidf
                0x08000524                __aeabi_ui2d
                0x08000544                __floatsidf
                0x08000544                __aeabi_i2d
                0x08000568                __aeabi_f2d
                0x08000568                __extendsfdf2
                0x080005ac                __floatundidf
                0x080005ac                __aeabi_ul2d
                0x080005bc                __floatdidf
                0x080005bc                __aeabi_l2d
 .text          0x08000618      0x424 e:/gcc-arm-none-eabi-10.3-2021.10-win32/gcc-arm-none-eabi-10.3-2021.10/bin/../lib/gcc/arm-none-eabi/10.3.1/thumb/v7e-m+fp/hard\libgcc.a(_arm_muldivdf3.o)
                0x08000618                __aeabi_dmul
                0x08000618                __muldf3
                0x0800086c                __divdf3
                0x0800086c                __aeabi_ddiv
 .text          0x08000a3c      0x110 e:/gcc-arm-none-eabi-10.3-2021.10-win32/gcc-arm-none-eabi-10.3-2021.10/bin/../lib/gcc/arm-none-eabi/10.3.1/thumb/v7e-m+fp/hard\libgcc.a(_arm_cmpdf2.o)
                0x08000a3c                __gtdf2
                0x08000a3c                __gedf2
                0x08000a44                __ltdf2
                0x08000a44                __ledf2
                0x08000a4c                __nedf2
                0x08000a4c                __eqdf2
                0x08000a4c                __cmpdf2
                0x08000ac8                __aeabi_cdrcmple
                0x08000ad8                __aeabi_cdcmpeq
                0x08000ad8                __aeabi_cdcmple
                0x08000ae8                __aeabi_dcmpeq
                0x08000afc                __aeabi_dcmplt
                0x08000b10                __aeabi_dcmple
                0x08000b24                __aeabi_dcmpge
                0x08000b38                __aeabi_dcmpgt
 .text          0x08000b4c       0x2c e:/gcc-arm-none-eabi-10.3-2021.10-win32/gcc-arm-none-eabi-10.3-2021.10/bin/../lib/gcc/arm-none-eabi/10.3.1/thumb/v7e-m+fp/hard\libgcc.a(_arm_unorddf2.o)
                0x08000b4c                __unorddf2
                0x08000b4c                __aeabi_dcmpun
 .text          0x08000b78       0x40 e:/gcc-arm-none-eabi-10.3-2021.10-win32/gcc-arm-none-eabi-10.3-2021.10/bin/../lib/gcc/arm-none-eabi/10.3.1/thumb/v7e-m+fp/hard\libgcc.a(_arm_fixunsdfsi.o)
                0x08000b78                __aeabi_d2uiz
                0x08000b78                __fixunsdfsi
 .text          0x08000bb8       0xa0 e:/gcc-arm-none-eabi-10.3-2021.10-win32/gcc-arm-none-eabi-10.3-2021.10/bin/../lib/gcc/arm-none-eabi/10.3.1/thumb/v7e-m+fp/hard\libgcc.a(_arm_truncdfsf2.o)
                0x08000bb8                __truncdfsf2
                0x08000bb8                __aeabi_d2f
 .text          0x08000c58       0x30 e:/gcc-arm-none-eabi-10.3-2021.10-win32/gcc-arm-none-eabi-10.3-2021.10/bin/../lib/gcc/arm-none-eabi/10.3.1/thumb/v7e-m+fp/hard\libgcc.a(_aeabi_uldivmod.o)
                0x08000c58                __aeabi_uldivmod
 .text          0x08000c88      0x2d0 e:/gcc-arm-none-eabi-10.3-2021.10-win32/gcc-arm-none-eabi-10.3-2021.10/bin/../lib/gcc/arm-none-eabi/10.3.1/thumb/v7e-m+fp/hard\libgcc.a(_udivmoddi4.o)
                0x08000c88                __udivmoddi4
 .text          0x08000f58        0x4 e:/gcc-arm-none-eabi-10.3-2021.10-win32/gcc-arm-none-eabi-10.3-2021.10/bin/../lib/gcc/arm-none-eabi/10.3.1/thumb/v7e-m+fp/hard\libgcc.a(_dvmd_tls.o)
                0x08000f58                __aeabi_idiv0
                0x08000f58                __aeabi_ldiv0
 *(.text*)
 .text.Test_All
                0x08000f5c       0x74 build/main.o
                0x08000f5c                Test_All
 .text.SystemClock_Config
                0x08000fd0       0x70 build/main.o
                0x08000fd0                SystemClock_Config
 .text.startup.main
                0x08001040      0x148 build/main.o
                0x08001040                main
 .text.Error_Handler
                0x08001188        0x4 build/main.o
                0x08001188                Error_Handler
 .text.NMI_Handler
                0x0800118c        0x2 build/stm32l4xx_it.o
                0x0800118c                NMI_Handler
 .text.HardFault_Handler
                0x0800118e        0x2 build/stm32l4xx_it.o
                0x0800118e                HardFault_Handler
 .text.MemManage_Handler
                0x08001190        0x2 build/stm32l4xx_it.o
                0x08001190                MemManage_Handler
 .text.BusFault_Handler
                0x08001192        0x2 build/stm32l4xx_it.o
                0x08001192                BusFault_Handler
 .text.UsageFault_Handler
                0x08001194        0x2 build/stm32l4xx_it.o
                0x08001194                UsageFault_Handler
 .text.SVC_Handler
                0x08001196        0x2 build/stm32l4xx_it.o
                0x08001196                SVC_Handler
 .text.DebugMon_Handler
                0x08001198        0x2 build/stm32l4xx_it.o
                0x08001198                DebugMon_Handler
 .text.PendSV_Handler
                0x0800119a        0x2 build/stm32l4xx_it.o
                0x0800119a                PendSV_Handler
 .text.SysTick_Handler
                0x0800119c        0xe build/stm32l4xx_it.o
                0x0800119c                SysTick_Handler
 *fill*         0x080011aa        0x2 
 .text.SPI2_IRQHandler
                0x080011ac        0xc build/stm32l4xx_it.o
                0x080011ac                SPI2_IRQHandler
 .text.USART1_IRQHandler
                0x080011b8        0xc build/stm32l4xx_it.o
                0x080011b8                USART1_IRQHandler
 .text.USART2_IRQHandler
                0x080011c4        0xc build/stm32l4xx_it.o
                0x080011c4                USART2_IRQHandler
 .text.USART3_IRQHandler
                0x080011d0        0xc build/stm32l4xx_it.o
                0x080011d0                USART3_IRQHandler
 .text.SPI3_IRQHandler
                0x080011dc        0xc build/stm32l4xx_it.o
                0x080011dc                SPI3_IRQHandler
 .text.EXTI9_5_IRQHandler
                0x080011e8       0x54 build/stm32l4xx_it.o
                0x080011e8                EXTI9_5_IRQHandler
 .text.HAL_MspInit
                0x0800123c       0x34 build/stm32l4xx_hal_msp.o
                0x0800123c                HAL_MspInit
 .text.LL_ADC_SetChannelSamplingTime
                0x08001270       0x22 build/stm32l4xx_hal_adc.o
 .text.LL_ADC_REG_IsConversionOngoing
                0x08001292        0x8 build/stm32l4xx_hal_adc.o
 *fill*         0x0800129a        0x2 
 .text.HAL_ADC_Init
                0x0800129c      0x1a4 build/stm32l4xx_hal_adc.o
                0x0800129c                HAL_ADC_Init
 .text.HAL_ADC_PollForConversion
                0x08001440       0xa2 build/stm32l4xx_hal_adc.o
                0x08001440                HAL_ADC_PollForConversion
 .text.HAL_ADC_GetValue
                0x080014e2        0x6 build/stm32l4xx_hal_adc.o
                0x080014e2                HAL_ADC_GetValue
 .text.HAL_ADC_ConfigChannel
                0x080014e8      0x370 build/stm32l4xx_hal_adc.o
                0x080014e8                HAL_ADC_ConfigChannel
 .text.HAL_ADC_GetState
                0x08001858        0x4 build/stm32l4xx_hal_adc.o
                0x08001858                HAL_ADC_GetState
 .text.ADC_ConversionStop
                0x0800185c       0xd0 build/stm32l4xx_hal_adc.o
                0x0800185c                ADC_ConversionStop
 .text.ADC_Enable
                0x0800192c       0xb0 build/stm32l4xx_hal_adc.o
                0x0800192c                ADC_Enable
 .text.HAL_ADC_Start
                0x080019dc       0x82 build/stm32l4xx_hal_adc.o
                0x080019dc                HAL_ADC_Start
 .text.ADC_Disable
                0x08001a5e       0x68 build/stm32l4xx_hal_adc.o
                0x08001a5e                ADC_Disable
 .text.HAL_ADC_Stop
                0x08001ac6       0x3e build/stm32l4xx_hal_adc.o
                0x08001ac6                HAL_ADC_Stop
 .text.HAL_ADCEx_Calibration_Start
                0x08001b04       0x94 build/stm32l4xx_hal_adc_ex.o
                0x08001b04                HAL_ADCEx_Calibration_Start
 .text.HAL_InitTick
                0x08001b98       0x4c build/stm32l4xx_hal.o
                0x08001b98                HAL_InitTick
 .text.HAL_Init
                0x08001be4       0x1e build/stm32l4xx_hal.o
                0x08001be4                HAL_Init
 *fill*         0x08001c02        0x2 
 .text.HAL_IncTick
                0x08001c04       0x18 build/stm32l4xx_hal.o
                0x08001c04                HAL_IncTick
 .text.HAL_GetTick
                0x08001c1c        0xc build/stm32l4xx_hal.o
                0x08001c1c                HAL_GetTick
 .text.Delay_us
                0x08001c28       0x24 build/stm32l4xx_hal.o
                0x08001c28                Delay_us
 .text.Delay_ms
                0x08001c4c       0x18 build/stm32l4xx_hal.o
                0x08001c4c                Delay_ms
 .text.RCC_SetFlashLatencyFromMSIRange
                0x08001c64       0x84 build/stm32l4xx_hal_rcc.o
 .text.HAL_RCC_GetSysClockFreq
                0x08001ce8       0x9c build/stm32l4xx_hal_rcc.o
                0x08001ce8                HAL_RCC_GetSysClockFreq
 .text.HAL_RCC_OscConfig
                0x08001d84      0x548 build/stm32l4xx_hal_rcc.o
                0x08001d84                HAL_RCC_OscConfig
 .text.HAL_RCC_ClockConfig
                0x080022cc      0x14c build/stm32l4xx_hal_rcc.o
                0x080022cc                HAL_RCC_ClockConfig
 .text.HAL_RCC_GetPCLK1Freq
                0x08002418       0x24 build/stm32l4xx_hal_rcc.o
                0x08002418                HAL_RCC_GetPCLK1Freq
 .text.HAL_RCC_GetPCLK2Freq
                0x0800243c       0x24 build/stm32l4xx_hal_rcc.o
                0x0800243c                HAL_RCC_GetPCLK2Freq
 .text.RCCEx_PLLSAI1_Config
                0x08002460      0x114 build/stm32l4xx_hal_rcc_ex.o
 .text.HAL_RCCEx_PeriphCLKConfig
                0x08002574      0x2b4 build/stm32l4xx_hal_rcc_ex.o
                0x08002574                HAL_RCCEx_PeriphCLKConfig
 .text.HAL_GPIO_Init
                0x08002828      0x188 build/stm32l4xx_hal_gpio.o
                0x08002828                HAL_GPIO_Init
 .text.HAL_GPIO_ReadPin
                0x080029b0        0xc build/stm32l4xx_hal_gpio.o
                0x080029b0                HAL_GPIO_ReadPin
 .text.HAL_GPIO_WritePin
                0x080029bc        0xa build/stm32l4xx_hal_gpio.o
                0x080029bc                HAL_GPIO_WritePin
 .text.HAL_GPIO_TogglePin
                0x080029c6       0x12 build/stm32l4xx_hal_gpio.o
                0x080029c6                HAL_GPIO_TogglePin
 .text.HAL_DMA_Abort
                0x080029d8       0x46 build/stm32l4xx_hal_dma.o
                0x080029d8                HAL_DMA_Abort
 .text.HAL_DMA_Abort_IT
                0x08002a1e       0x4c build/stm32l4xx_hal_dma.o
                0x08002a1e                HAL_DMA_Abort_IT
 *fill*         0x08002a6a        0x2 
 .text.HAL_PWREx_GetVoltageRange
                0x08002a6c       0x10 build/stm32l4xx_hal_pwr_ex.o
                0x08002a6c                HAL_PWREx_GetVoltageRange
 .text.HAL_PWREx_ControlVoltageScaling
                0x08002a7c       0x6c build/stm32l4xx_hal_pwr_ex.o
                0x08002a7c                HAL_PWREx_ControlVoltageScaling
 .text.HAL_NVIC_SetPriorityGrouping
                0x08002ae8       0x24 build/stm32l4xx_hal_cortex.o
                0x08002ae8                HAL_NVIC_SetPriorityGrouping
 .text.HAL_NVIC_SetPriority
                0x08002b0c       0x64 build/stm32l4xx_hal_cortex.o
                0x08002b0c                HAL_NVIC_SetPriority
 .text.HAL_NVIC_EnableIRQ
                0x08002b70       0x1c build/stm32l4xx_hal_cortex.o
                0x08002b70                HAL_NVIC_EnableIRQ
 .text.HAL_SYSTICK_Config
                0x08002b8c       0x28 build/stm32l4xx_hal_cortex.o
                0x08002b8c                HAL_SYSTICK_Config
 .text.SPI_WaitFifoStateUntilTimeout.constprop.0
                0x08002bb4       0xcc build/stm32l4xx_hal_spi.o
 .text.SPI_WaitFlagStateUntilTimeout.constprop.0
                0x08002c80       0xa4 build/stm32l4xx_hal_spi.o
 .text.SPI_EndRxTransaction
                0x08002d24       0x72 build/stm32l4xx_hal_spi.o
 .text.SPI_EndRxTxTransaction
                0x08002d96       0x4a build/stm32l4xx_hal_spi.o
 .text.HAL_SPI_Init
                0x08002de0       0xd4 build/stm32l4xx_hal_spi.o
                0x08002de0                HAL_SPI_Init
 .text.HAL_SPI_Transmit
                0x08002eb4      0x192 build/stm32l4xx_hal_spi.o
                0x08002eb4                HAL_SPI_Transmit
 .text.HAL_SPI_TransmitReceive
                0x08003046      0x258 build/stm32l4xx_hal_spi.o
                0x08003046                HAL_SPI_TransmitReceive
 .text.HAL_SPI_Receive
                0x0800329e      0x170 build/stm32l4xx_hal_spi.o
                0x0800329e                HAL_SPI_Receive
 .text.HAL_SPI_ErrorCallback
                0x0800340e        0x2 build/stm32l4xx_hal_spi.o
                0x0800340e                HAL_SPI_ErrorCallback
 .text.HAL_SPI_IRQHandler
                0x08003410      0x10c build/stm32l4xx_hal_spi.o
                0x08003410                HAL_SPI_IRQHandler
 .text.SPI_DMAAbortOnError
                0x0800351c       0x12 build/stm32l4xx_hal_spi.o
 .text.HAL_SPI_GetState
                0x0800352e        0x6 build/stm32l4xx_hal_spi.o
                0x0800352e                HAL_SPI_GetState
 .text.UART_EndRxTransfer
                0x08003534       0x4e build/stm32l4xx_hal_uart.o
 .text.UART_TxISR_8BIT.part.0
                0x08003582       0x26 build/stm32l4xx_hal_uart.o
 .text.UART_TxISR_8BIT
                0x080035a8       0x2e build/stm32l4xx_hal_uart.o
 .text.UART_TxISR_16BIT
                0x080035d6       0x32 build/stm32l4xx_hal_uart.o
 .text.HAL_UART_Transmit_IT
                0x08003608       0x6c build/stm32l4xx_hal_uart.o
                0x08003608                HAL_UART_Transmit_IT
 .text.UART_DMAAbortOnError
                0x08003674       0x14 build/stm32l4xx_hal_uart.o
 .text.HAL_UART_IRQHandler
                0x08003688      0x28c build/stm32l4xx_hal_uart.o
                0x08003688                HAL_UART_IRQHandler
 .text.UART_RxISR_8BIT
                0x08003914       0xa0 build/stm32l4xx_hal_uart.o
 .text.UART_RxISR_16BIT
                0x080039b4       0x9a build/stm32l4xx_hal_uart.o
 *fill*         0x08003a4e        0x2 
 .text.UART_SetConfig
                0x08003a50      0x224 build/stm32l4xx_hal_uart.o
                0x08003a50                UART_SetConfig
 .text.UART_AdvFeatureConfig
                0x08003c74       0xa8 build/stm32l4xx_hal_uart.o
                0x08003c74                UART_AdvFeatureConfig
 .text.UART_WaitOnFlagUntilTimeout
                0x08003d1c       0xbc build/stm32l4xx_hal_uart.o
                0x08003d1c                UART_WaitOnFlagUntilTimeout
 .text.HAL_UART_Transmit
                0x08003dd8       0xb4 build/stm32l4xx_hal_uart.o
                0x08003dd8                HAL_UART_Transmit
 .text.UART_CheckIdleState
                0x08003e8c       0x66 build/stm32l4xx_hal_uart.o
                0x08003e8c                UART_CheckIdleState
 .text.HAL_UART_Init
                0x08003ef2       0x5c build/stm32l4xx_hal_uart.o
                0x08003ef2                HAL_UART_Init
 *fill*         0x08003f4e        0x2 
 .text.UART_Start_Receive_IT
                0x08003f50       0xc0 build/stm32l4xx_hal_uart.o
                0x08003f50                UART_Start_Receive_IT
 .text.HAL_UART_Receive_IT
                0x08004010       0x50 build/stm32l4xx_hal_uart.o
                0x08004010                HAL_UART_Receive_IT
 .text.HAL_UARTEx_WakeupCallback
                0x08004060        0x2 build/stm32l4xx_hal_uart_ex.o
                0x08004060                HAL_UARTEx_WakeupCallback
 .text.HAL_UARTEx_ReceiveToIdle_IT
                0x08004062       0x50 build/stm32l4xx_hal_uart_ex.o
                0x08004062                HAL_UARTEx_ReceiveToIdle_IT
 *fill*         0x080040b2        0x2 
 .text.SystemInit
                0x080040b4       0x14 build/system_stm32l4xx.o
                0x080040b4                SystemInit
 .text.shellExtParseChar
                0x080040c8       0x3c build/shell_ext.o
 .text.shellExtParsePara
                0x08004104      0x198 build/shell_ext.o
                0x08004104                shellExtParsePara
 .text.shellExtRun
                0x0800429c       0xd6 build/shell_ext.o
                0x0800429c                shellExtRun
 *fill*         0x08004372        0x2 
 .text.User_Shell_Write
                0x08004374       0x2c build/shell_port.o
                0x08004374                User_Shell_Write
 .text.User_Shell_Init
                0x080043a0       0x1c build/shell_port.o
                0x080043a0                User_Shell_Init
 .text.shellStringCopy
                0x080043bc       0x1a build/shell.o
 .text.shellWriteByte.isra.0
                0x080043d6       0x16 build/shell.o
 .text.shellLeft
                0x080043ec       0x18 build/shell.o
                0x080043ec                shellLeft
 .text.shellRight
                0x08004404       0x18 build/shell.o
                0x08004404                shellRight
 .text.shellGetCurrent
                0x0800441c       0x24 build/shell.o
                0x0800441c                shellGetCurrent
 .text.shellWriteString
                0x08004440       0x22 build/shell.o
                0x08004440                shellWriteString
 *fill*         0x08004462        0x2 
 .text.shellClear
                0x08004464       0x18 build/shell.o
                0x08004464                shellClear
 .text.shellWritePrompt.constprop.0
                0x0800447c       0x58 build/shell.o
 .text.shellPrint
                0x080044d4       0x36 build/shell.o
                0x080044d4                shellPrint
 .text.shellCheckPermission
                0x0800450a       0x36 build/shell.o
                0x0800450a                shellCheckPermission
 .text.shellToHex
                0x08004540       0x26 build/shell.o
                0x08004540                shellToHex
 *fill*         0x08004566        0x2 
 .text.shellGetCommandName
                0x08004568       0x30 build/shell.o
 .text.shellToDec
                0x08004598       0x46 build/shell.o
                0x08004598                shellToDec
 *fill*         0x080045de        0x2 
 .text.shellWriteReturnValue
                0x080045e0       0x70 build/shell.o
 .text.shellListItem
                0x08004650       0xe8 build/shell.o
                0x08004650                shellListItem
 .text.shellListCommand
                0x08004738       0x40 build/shell.o
                0x08004738                shellListCommand
 .text.shellCmds
                0x08004778       0x12 build/shell.o
                0x08004778                shellCmds
 *fill*         0x0800478a        0x2 
 .text.shellListVar
                0x0800478c       0x40 build/shell.o
                0x0800478c                shellListVar
 .text.shellVars
                0x080047cc       0x12 build/shell.o
                0x080047cc                shellVars
 *fill*         0x080047de        0x2 
 .text.shellListUser
                0x080047e0       0x40 build/shell.o
                0x080047e0                shellListUser
 .text.shellUsers
                0x08004820       0x12 build/shell.o
                0x08004820                shellUsers
 *fill*         0x08004832        0x2 
 .text.shellListKey
                0x08004834       0x40 build/shell.o
                0x08004834                shellListKey
 .text.shellKeys
                0x08004874       0x12 build/shell.o
                0x08004874                shellKeys
 *fill*         0x08004886        0x2 
 .text.shellDeleteCommandLine
                0x08004888       0x20 build/shell.o
                0x08004888                shellDeleteCommandLine
 .text.shellClearCommandLine
                0x080048a8       0x28 build/shell.o
                0x080048a8                shellClearCommandLine
 .text.shellUp  0x080048d0       0x66 build/shell.o
                0x080048d0                shellUp
 *fill*         0x08004936        0x2 
 .text.shellTab
                0x08004938      0x130 build/shell.o
                0x08004938                shellTab
 .text.shellDown
                0x08004a68       0x5e build/shell.o
                0x08004a68                shellDown
 *fill*         0x08004ac6        0x2 
 .text.shellInsertByte
                0x08004ac8       0xc0 build/shell.o
                0x08004ac8                shellInsertByte
 .text.shellDeleteByte
                0x08004b88       0xaa build/shell.o
                0x08004b88                shellDeleteByte
 .text.shellBackspace
                0x08004c32        0x6 build/shell.o
                0x08004c32                shellBackspace
 .text.shellDelete
                0x08004c38        0x8 build/shell.o
                0x08004c38                shellDelete
 .text.shellSeekCommand
                0x08004c40       0x6c build/shell.o
                0x08004c40                shellSeekCommand
 .text.shellHelp
                0x08004cac       0x70 build/shell.o
                0x08004cac                shellHelp
 .text.shellGetVarValue
                0x08004d1c       0x3c build/shell.o
                0x08004d1c                shellGetVarValue
 .text.shellShowVar
                0x08004d58       0xa4 build/shell.o
 .text.shellSetVarValue
                0x08004dfc       0x70 build/shell.o
                0x08004dfc                shellSetVarValue
 .text.shellSetVar
                0x08004e6c       0x54 build/shell.o
                0x08004e6c                shellSetVar
 .text.shellSetUser
                0x08004ec0       0x5c build/shell.o
                0x08004ec0                shellSetUser
 .text.shellInit
                0x08004f1c       0x90 build/shell.o
                0x08004f1c                shellInit
 .text.shellRunCommand
                0x08004fac       0xae build/shell.o
                0x08004fac                shellRunCommand
 .text.shellNormalInput
                0x0800505a       0x10 build/shell.o
                0x0800505a                shellNormalInput
 *fill*         0x0800506a        0x2 
 .text.shellExec
                0x0800506c      0x158 build/shell.o
                0x0800506c                shellExec
 .text.shellEnter
                0x080051c4       0x12 build/shell.o
                0x080051c4                shellEnter
 *fill*         0x080051d6        0x2 
 .text.shellHandler
                0x080051d8       0xdc build/shell.o
                0x080051d8                shellHandler
 .text.MX_GPIO_Init
                0x080052b4      0x124 build/gpio.o
                0x080052b4                MX_GPIO_Init
 .text.MX_ADC1_Init
                0x080053d8       0x80 build/adc.o
                0x080053d8                MX_ADC1_Init
 .text.HAL_ADC_MspInit
                0x08005458       0xa0 build/adc.o
                0x08005458                HAL_ADC_MspInit
 .text.ADC_Average_Get
                0x080054f8       0x80 build/adc.o
                0x080054f8                ADC_Average_Get
 .text.LDR_Value_Get
                0x08005578       0x44 build/adc.o
                0x08005578                LDR_Value_Get
 *fill*         0x080055bc        0x4 
 .text.Battery_Test
                0x080055c0       0xbc build/adc.o
                0x080055c0                Battery_Test
 .text.MX_SPI2_Init
                0x0800567c       0x50 build/spi.o
                0x0800567c                MX_SPI2_Init
 .text.MX_SPI3_Init
                0x080056cc       0x4c build/spi.o
                0x080056cc                MX_SPI3_Init
 .text.HAL_SPI_MspInit
                0x08005718       0xac build/spi.o
                0x08005718                HAL_SPI_MspInit
 .text.MX_USART1_UART_Init
                0x080057c4       0x48 build/usart.o
                0x080057c4                MX_USART1_UART_Init
 .text.MX_USART2_UART_Init
                0x0800580c       0x48 build/usart.o
                0x0800580c                MX_USART2_UART_Init
 .text.MX_USART3_UART_Init
                0x08005854       0x48 build/usart.o
                0x08005854                MX_USART3_UART_Init
 .text.HAL_UART_MspInit
                0x0800589c      0x170 build/usart.o
                0x0800589c                HAL_UART_MspInit
 .text.HAL_UART_RxCpltCallback
                0x08005a0c       0x34 build/usart.o
                0x08005a0c                HAL_UART_RxCpltCallback
 .text.HAL_UART_TxCpltCallback
                0x08005a40        0x2 build/usart.o
                0x08005a40                HAL_UART_TxCpltCallback
 *fill*         0x08005a42        0x2 
 .text.HAL_UARTEx_RxEventCallback
                0x08005a44       0x6c build/usart.o
                0x08005a44                HAL_UARTEx_RxEventCallback
 .text.HAL_UART_ErrorCallback
                0x08005ab0       0x3c build/usart.o
                0x08005ab0                HAL_UART_ErrorCallback
 .text.timer_init
                0x08005aec       0x18 build/timer.o
                0x08005aec                timer_init
 .text.timer_update
                0x08005b04       0x64 build/timer.o
                0x08005b04                timer_update
 .text.SX1278_hw_SetNSS
                0x08005b68        0xe build/SX1278_hw.o
                0x08005b68                SX1278_hw_SetNSS
 .text.SX1278_hw_SPICommand
                0x08005b76       0x2c build/SX1278_hw.o
                0x08005b76                SX1278_hw_SPICommand
 .text.SX1278_hw_SPIReadByte
                0x08005ba2       0x3a build/SX1278_hw.o
                0x08005ba2                SX1278_hw_SPIReadByte
 .text.SX1278_hw_DelayMs
                0x08005bdc        0x4 build/SX1278_hw.o
                0x08005bdc                SX1278_hw_DelayMs
 .text.SX1278_hw_Reset
                0x08005be0       0x2c build/SX1278_hw.o
                0x08005be0                SX1278_hw_Reset
 .text.SX1278_hw_init
                0x08005c0c       0x12 build/SX1278_hw.o
                0x08005c0c                SX1278_hw_init
 .text.SX1278_hw_GetDIO0
                0x08005c1e       0x12 build/SX1278_hw.o
                0x08005c1e                SX1278_hw_GetDIO0
 .text.BSP_W25Qx_GetStatus
                0x08005c30       0x54 build/W25QXX.o
 .text.BSP_W25Qx_Init
                0x08005c84       0x40 build/W25QXX.o
                0x08005c84                BSP_W25Qx_Init
 .text.BSP_W25Qx_WriteEnable
                0x08005cc4       0x54 build/W25QXX.o
                0x08005cc4                BSP_W25Qx_WriteEnable
 .text.BSP_W25Qx_Read_ID
                0x08005d18       0x48 build/W25QXX.o
                0x08005d18                BSP_W25Qx_Read_ID
 .text.BSP_W25Qx_Read_JEDEC_ID
                0x08005d60       0x48 build/W25QXX.o
                0x08005d60                BSP_W25Qx_Read_JEDEC_ID
 .text.BSP_W25Qx_Read
                0x08005da8       0x64 build/W25QXX.o
                0x08005da8                BSP_W25Qx_Read
 .text.BSP_W25Qx_Write
                0x08005e0c       0xc0 build/W25QXX.o
                0x08005e0c                BSP_W25Qx_Write
 *fill*         0x08005ecc        0x4 
 .text.Flash_Test
                0x08005ed0      0x138 build/W25QXX.o
                0x08005ed0                Flash_Test
 .text.LED_Init
                0x08006008       0x58 build/led.o
                0x08006008                LED_Init
 .text.LED_On   0x08006060        0xa build/led.o
                0x08006060                LED_On
 .text.LED_Off  0x0800606a        0xa build/led.o
                0x0800606a                LED_Off
 .text.LED_Toggle
                0x08006074        0x8 build/led.o
                0x08006074                LED_Toggle
 .text.LED_Blink
                0x0800607c       0x26 build/led.o
                0x0800607c                LED_Blink
 *fill*         0x080060a2        0x2 
 .text.LED_Test
                0x080060a4       0xb4 build/led.o
                0x080060a4                LED_Test
 .text.RS485_SendData
                0x08006158       0x2e build/rs485.o
                0x08006158                RS485_SendData
 *fill*         0x08006186        0x2 
 .text.RS485_Test
                0x08006188       0x28 build/rs485.o
                0x08006188                RS485_Test
 .text.atgm_io_init
                0x080061b0       0x44 build/ATGM332D.o
                0x080061b0                atgm_io_init
 .text.atgm_open
                0x080061f4       0x20 build/ATGM332D.o
                0x080061f4                atgm_open
 .text.atgm_read
                0x08006214       0x2c build/ATGM332D.o
                0x08006214                atgm_read
 .text.BDS_Test
                0x08006240       0x7c build/ATGM332D.o
                0x08006240                BDS_Test
 .text.atgm_handler
                0x080062bc       0x20 build/ATGM332D.o
                0x080062bc                atgm_handler
 .text.ec2x_io_init
                0x080062dc       0x90 build/EC2x.o
                0x080062dc                ec2x_io_init
 .text.ec2x_write
                0x0800636c       0x28 build/EC2x.o
                0x0800636c                ec2x_write
 .text.ec2x_read
                0x08006394       0x6c build/EC2x.o
                0x08006394                ec2x_read
 .text.ec2x_handler
                0x08006400       0x80 build/EC2x.o
                0x08006400                ec2x_handler
 .text.ec2x_replymatch
                0x08006480       0x38 build/EC2x.o
                0x08006480                ec2x_replymatch
 .text.ec2x_cmd_send
                0x080064b8       0x70 build/EC2x.o
 .text.ec2x_reset.constprop.0
                0x08006528       0x4c build/EC2x.o
 .text.ec2x_tcp_connect
                0x08006574      0x16c build/EC2x.o
                0x08006574                ec2x_tcp_connect
 .text.EC2x_Test
                0x080066e0       0xbc build/EC2x.o
                0x080066e0                EC2x_Test
 .text.ec2x_open
                0x0800679c       0x48 build/EC2x.o
                0x0800679c                ec2x_open
 .text.SX1278_SPIBurstWrite.part.0
                0x080067e4       0x38 build/SX1278.o
 .text.SX1278_SPIRead
                0x0800681c       0x1e build/SX1278.o
                0x0800681c                SX1278_SPIRead
 .text.SX1278_SPIWrite
                0x0800683a       0x2e build/SX1278.o
                0x0800683a                SX1278_SPIWrite
 .text.SX1278_SPIBurstRead
                0x08006868       0x42 build/SX1278.o
                0x08006868                SX1278_SPIBurstRead
 .text.SX1278_SPIBurstWrite
                0x080068aa        0xa build/SX1278.o
                0x080068aa                SX1278_SPIBurstWrite
 .text.SX1278_standby
                0x080068b4       0x12 build/SX1278.o
                0x080068b4                SX1278_standby
 .text.SX1278_sleep
                0x080068c6       0x12 build/SX1278.o
                0x080068c6                SX1278_sleep
 .text.SX1278_entryLoRa
                0x080068d8        0x8 build/SX1278.o
                0x080068d8                SX1278_entryLoRa
 .text.SX1278_config
                0x080068e0      0x154 build/SX1278.o
                0x080068e0                SX1278_config
 .text.SX1278_clearLoRaIrq
                0x08006a34        0x8 build/SX1278.o
                0x08006a34                SX1278_clearLoRaIrq
 .text.SX1278_LoRaEntryRx
                0x08006a3c       0x98 build/SX1278.o
                0x08006a3c                SX1278_LoRaEntryRx
 .text.SX1278_LoRaRxPacket
                0x08006ad4       0x94 build/SX1278.o
                0x08006ad4                SX1278_LoRaRxPacket
 .text.SX1278_DIO0IRQ_Handler
                0x08006b68        0xc build/SX1278.o
                0x08006b68                SX1278_DIO0IRQ_Handler
 .text.SX1278_LoRaEntryTx
                0x08006b74       0x80 build/SX1278.o
                0x08006b74                SX1278_LoRaEntryTx
 .text.SX1278_LoRaTxPacket
                0x08006bf4       0x5c build/SX1278.o
                0x08006bf4                SX1278_LoRaTxPacket
 .text.SX1278_init
                0x08006c50       0x50 build/SX1278.o
                0x08006c50                SX1278_init
 .text.SX1278_transmit
                0x08006ca0       0x2a build/SX1278.o
                0x08006ca0                SX1278_transmit
 .text.SX1278_receive
                0x08006cca        0x4 build/SX1278.o
                0x08006cca                SX1278_receive
 *fill*         0x08006cce        0x2 
 .text.LORA_Send
                0x08006cd0       0x70 build/SX1278.o
                0x08006cd0                LORA_Send
 .text.Reset_Handler
                0x08006d40       0x50 build/startup_stm32l431xx.o
                0x08006d40                Reset_Handler
 .text.Default_Handler
                0x08006d90        0x2 build/startup_stm32l431xx.o
                0x08006d90                RTC_Alarm_IRQHandler
                0x08006d90                EXTI2_IRQHandler
                0x08006d90                TIM1_CC_IRQHandler
                0x08006d90                TSC_IRQHandler
                0x08006d90                TAMP_STAMP_IRQHandler
                0x08006d90                EXTI3_IRQHandler
                0x08006d90                LPTIM2_IRQHandler
                0x08006d90                I2C3_ER_IRQHandler
                0x08006d90                EXTI0_IRQHandler
                0x08006d90                I2C2_EV_IRQHandler
                0x08006d90                CAN1_RX0_IRQHandler
                0x08006d90                FPU_IRQHandler
                0x08006d90                TIM1_UP_TIM16_IRQHandler
                0x08006d90                SPI1_IRQHandler
                0x08006d90                TIM6_DAC_IRQHandler
                0x08006d90                DMA2_Channel2_IRQHandler
                0x08006d90                DMA1_Channel4_IRQHandler
                0x08006d90                ADC1_IRQHandler
                0x08006d90                DMA1_Channel7_IRQHandler
                0x08006d90                CAN1_RX1_IRQHandler
                0x08006d90                DMA2_Channel1_IRQHandler
                0x08006d90                QUADSPI_IRQHandler
                0x08006d90                I2C1_EV_IRQHandler
                0x08006d90                DMA1_Channel6_IRQHandler
                0x08006d90                DMA2_Channel4_IRQHandler
                0x08006d90                RCC_IRQHandler
                0x08006d90                TIM1_TRG_COM_IRQHandler
                0x08006d90                DMA1_Channel1_IRQHandler
                0x08006d90                Default_Handler
                0x08006d90                DMA2_Channel7_IRQHandler
                0x08006d90                EXTI15_10_IRQHandler
                0x08006d90                TIM7_IRQHandler
                0x08006d90                SDMMC1_IRQHandler
                0x08006d90                I2C3_EV_IRQHandler
                0x08006d90                RTC_WKUP_IRQHandler
                0x08006d90                PVD_PVM_IRQHandler
                0x08006d90                CAN1_TX_IRQHandler
                0x08006d90                DMA2_Channel5_IRQHandler
                0x08006d90                CRS_IRQHandler
                0x08006d90                DMA1_Channel5_IRQHandler
                0x08006d90                EXTI4_IRQHandler
                0x08006d90                RNG_IRQHandler
                0x08006d90                DMA1_Channel3_IRQHandler
                0x08006d90                COMP_IRQHandler
                0x08006d90                WWDG_IRQHandler
                0x08006d90                LPUART1_IRQHandler
                0x08006d90                DMA2_Channel6_IRQHandler
                0x08006d90                TIM2_IRQHandler
                0x08006d90                EXTI1_IRQHandler
                0x08006d90                I2C2_ER_IRQHandler
                0x08006d90                DMA1_Channel2_IRQHandler
                0x08006d90                CAN1_SCE_IRQHandler
                0x08006d90                FLASH_IRQHandler
                0x08006d90                I2C1_ER_IRQHandler
                0x08006d90                SWPMI1_IRQHandler
                0x08006d90                LPTIM1_IRQHandler
                0x08006d90                SAI1_IRQHandler
                0x08006d90                DMA2_Channel3_IRQHandler
                0x08006d90                TIM1_BRK_TIM15_IRQHandler
 *fill*         0x08006d92        0x2 
 .text.__libc_init_array
                0x08006d94       0x48 e:/gcc-arm-none-eabi-10.3-2021.10-win32/gcc-arm-none-eabi-10.3-2021.10/bin/../lib/gcc/arm-none-eabi/10.3.1/../../../../arm-none-eabi/lib/thumb/v7e-m+fp/hard\libc_nano.a(lib_a-init.o)
                0x08006d94                __libc_init_array
 .text.malloc   0x08006ddc       0x10 e:/gcc-arm-none-eabi-10.3-2021.10-win32/gcc-arm-none-eabi-10.3-2021.10/bin/../lib/gcc/arm-none-eabi/10.3.1/../../../../arm-none-eabi/lib/thumb/v7e-m+fp/hard\libc_nano.a(lib_a-malloc.o)
                0x08006ddc                malloc
 .text.free     0x08006dec       0x10 e:/gcc-arm-none-eabi-10.3-2021.10-win32/gcc-arm-none-eabi-10.3-2021.10/bin/../lib/gcc/arm-none-eabi/10.3.1/../../../../arm-none-eabi/lib/thumb/v7e-m+fp/hard\libc_nano.a(lib_a-malloc.o)
                0x08006dec                free
 .text.memcpy   0x08006dfc       0x1c e:/gcc-arm-none-eabi-10.3-2021.10-win32/gcc-arm-none-eabi-10.3-2021.10/bin/../lib/gcc/arm-none-eabi/10.3.1/../../../../arm-none-eabi/lib/thumb/v7e-m+fp/hard\libc_nano.a(lib_a-memcpy-stub.o)
                0x08006dfc                memcpy
 .text.memset   0x08006e18       0x10 e:/gcc-arm-none-eabi-10.3-2021.10-win32/gcc-arm-none-eabi-10.3-2021.10/bin/../lib/gcc/arm-none-eabi/10.3.1/../../../../arm-none-eabi/lib/thumb/v7e-m+fp/hard\libc_nano.a(lib_a-memset.o)
                0x08006e18                memset
 .text._free_r  0x08006e28       0x98 e:/gcc-arm-none-eabi-10.3-2021.10-win32/gcc-arm-none-eabi-10.3-2021.10/bin/../lib/gcc/arm-none-eabi/10.3.1/../../../../arm-none-eabi/lib/thumb/v7e-m+fp/hard\libc_nano.a(lib_a-nano-freer.o)
                0x08006e28                _free_r
 .text.sbrk_aligned
                0x08006ec0       0x40 e:/gcc-arm-none-eabi-10.3-2021.10-win32/gcc-arm-none-eabi-10.3-2021.10/bin/../lib/gcc/arm-none-eabi/10.3.1/../../../../arm-none-eabi/lib/thumb/v7e-m+fp/hard\libc_nano.a(lib_a-nano-mallocr.o)
 .text._malloc_r
                0x08006f00       0xe8 e:/gcc-arm-none-eabi-10.3-2021.10-win32/gcc-arm-none-eabi-10.3-2021.10/bin/../lib/gcc/arm-none-eabi/10.3.1/../../../../arm-none-eabi/lib/thumb/v7e-m+fp/hard\libc_nano.a(lib_a-nano-mallocr.o)
                0x08006f00                _malloc_r
 .text._sbrk_r  0x08006fe8       0x20 e:/gcc-arm-none-eabi-10.3-2021.10-win32/gcc-arm-none-eabi-10.3-2021.10/bin/../lib/gcc/arm-none-eabi/10.3.1/../../../../arm-none-eabi/lib/thumb/v7e-m+fp/hard\libc_nano.a(lib_a-sbrkr.o)
                0x08006fe8                _sbrk_r
 .text.strncmp  0x08007008       0x28 e:/gcc-arm-none-eabi-10.3-2021.10-win32/gcc-arm-none-eabi-10.3-2021.10/bin/../lib/gcc/arm-none-eabi/10.3.1/../../../../arm-none-eabi/lib/thumb/v7e-m+fp/hard\libc_nano.a(lib_a-strncmp.o)
                0x08007008                strncmp
 .text.strstr   0x08007030       0x2c e:/gcc-arm-none-eabi-10.3-2021.10-win32/gcc-arm-none-eabi-10.3-2021.10/bin/../lib/gcc/arm-none-eabi/10.3.1/../../../../arm-none-eabi/lib/thumb/v7e-m+fp/hard\libc_nano.a(lib_a-strstr.o)
                0x08007030                strstr
 .text._vsnprintf_r
                0x0800705c       0x56 e:/gcc-arm-none-eabi-10.3-2021.10-win32/gcc-arm-none-eabi-10.3-2021.10/bin/../lib/gcc/arm-none-eabi/10.3.1/../../../../arm-none-eabi/lib/thumb/v7e-m+fp/hard\libc_nano.a(lib_a-vsnprintf.o)
                0x0800705c                _vsniprintf_r
                0x0800705c                _vsnprintf_r
 *fill*         0x080070b2        0x2 
 .text.vsnprintf
                0x080070b4       0x1c e:/gcc-arm-none-eabi-10.3-2021.10-win32/gcc-arm-none-eabi-10.3-2021.10/bin/../lib/gcc/arm-none-eabi/10.3.1/../../../../arm-none-eabi/lib/thumb/v7e-m+fp/hard\libc_nano.a(lib_a-vsnprintf.o)
                0x080070b4                vsniprintf
                0x080070b4                vsnprintf
 .text.__malloc_lock
                0x080070d0        0xc e:/gcc-arm-none-eabi-10.3-2021.10-win32/gcc-arm-none-eabi-10.3-2021.10/bin/../lib/gcc/arm-none-eabi/10.3.1/../../../../arm-none-eabi/lib/thumb/v7e-m+fp/hard\libc_nano.a(lib_a-mlock.o)
                0x080070d0                __malloc_lock
 .text.__malloc_unlock
                0x080070dc        0xc e:/gcc-arm-none-eabi-10.3-2021.10-win32/gcc-arm-none-eabi-10.3-2021.10/bin/../lib/gcc/arm-none-eabi/10.3.1/../../../../arm-none-eabi/lib/thumb/v7e-m+fp/hard\libc_nano.a(lib_a-mlock.o)
                0x080070dc                __malloc_unlock
 .text.__ssputs_r
                0x080070e8       0xb6 e:/gcc-arm-none-eabi-10.3-2021.10-win32/gcc-arm-none-eabi-10.3-2021.10/bin/../lib/gcc/arm-none-eabi/10.3.1/../../../../arm-none-eabi/lib/thumb/v7e-m+fp/hard\libc_nano.a(lib_a-nano-svfprintf.o)
                0x080070e8                __ssputs_r
 *fill*         0x0800719e        0x2 
 .text._svfprintf_r
                0x080071a0      0x200 e:/gcc-arm-none-eabi-10.3-2021.10-win32/gcc-arm-none-eabi-10.3-2021.10/bin/../lib/gcc/arm-none-eabi/10.3.1/../../../../arm-none-eabi/lib/thumb/v7e-m+fp/hard\libc_nano.a(lib_a-nano-svfprintf.o)
                0x080071a0                _svfiprintf_r
                0x080071a0                _svfprintf_r
 .text._printf_common
                0x080073a0       0xda e:/gcc-arm-none-eabi-10.3-2021.10-win32/gcc-arm-none-eabi-10.3-2021.10/bin/../lib/gcc/arm-none-eabi/10.3.1/../../../../arm-none-eabi/lib/thumb/v7e-m+fp/hard\libc_nano.a(lib_a-nano-vfprintf_i.o)
                0x080073a0                _printf_common
 *fill*         0x0800747a        0x2 
 .text._printf_i
                0x0800747c      0x24c e:/gcc-arm-none-eabi-10.3-2021.10-win32/gcc-arm-none-eabi-10.3-2021.10/bin/../lib/gcc/arm-none-eabi/10.3.1/../../../../arm-none-eabi/lib/thumb/v7e-m+fp/hard\libc_nano.a(lib_a-nano-vfprintf_i.o)
                0x0800747c                _printf_i
 .text.__retarget_lock_acquire_recursive
                0x080076c8        0x2 e:/gcc-arm-none-eabi-10.3-2021.10-win32/gcc-arm-none-eabi-10.3-2021.10/bin/../lib/gcc/arm-none-eabi/10.3.1/../../../../arm-none-eabi/lib/thumb/v7e-m+fp/hard\libc_nano.a(lib_a-lock.o)
                0x080076c8                __retarget_lock_acquire_recursive
 .text.__retarget_lock_release_recursive
                0x080076ca        0x2 e:/gcc-arm-none-eabi-10.3-2021.10-win32/gcc-arm-none-eabi-10.3-2021.10/bin/../lib/gcc/arm-none-eabi/10.3.1/../../../../arm-none-eabi/lib/thumb/v7e-m+fp/hard\libc_nano.a(lib_a-lock.o)
                0x080076ca                __retarget_lock_release_recursive
 .text.memmove  0x080076cc       0x34 e:/gcc-arm-none-eabi-10.3-2021.10-win32/gcc-arm-none-eabi-10.3-2021.10/bin/../lib/gcc/arm-none-eabi/10.3.1/../../../../arm-none-eabi/lib/thumb/v7e-m+fp/hard\libc_nano.a(lib_a-memmove.o)
                0x080076cc                memmove
 .text._realloc_r
                0x08007700       0x5e e:/gcc-arm-none-eabi-10.3-2021.10-win32/gcc-arm-none-eabi-10.3-2021.10/bin/../lib/gcc/arm-none-eabi/10.3.1/../../../../arm-none-eabi/lib/thumb/v7e-m+fp/hard\libc_nano.a(lib_a-nano-reallocr.o)
                0x08007700                _realloc_r
 .text._malloc_usable_size_r
                0x0800775e       0x10 e:/gcc-arm-none-eabi-10.3-2021.10-win32/gcc-arm-none-eabi-10.3-2021.10/bin/../lib/gcc/arm-none-eabi/10.3.1/../../../../arm-none-eabi/lib/thumb/v7e-m+fp/hard\libc_nano.a(lib_a-nano-msizer.o)
                0x0800775e                _malloc_usable_size_r
 *fill*         0x0800776e        0x2 
 .text.pow      0x08007770       0xf0 e:/gcc-arm-none-eabi-10.3-2021.10-win32/gcc-arm-none-eabi-10.3-2021.10/bin/../lib/gcc/arm-none-eabi/10.3.1/../../../../arm-none-eabi/lib/thumb/v7e-m+fp/hard\libm.a(lib_a-w_pow.o)
                0x08007770                pow
 .text.__ieee754_pow
                0x08007860      0xb74 e:/gcc-arm-none-eabi-10.3-2021.10-win32/gcc-arm-none-eabi-10.3-2021.10/bin/../lib/gcc/arm-none-eabi/10.3.1/../../../../arm-none-eabi/lib/thumb/v7e-m+fp/hard\libm.a(lib_a-e_pow.o)
                0x08007860                __ieee754_pow
 .text.__ieee754_sqrt
                0x080083d4      0x198 e:/gcc-arm-none-eabi-10.3-2021.10-win32/gcc-arm-none-eabi-10.3-2021.10/bin/../lib/gcc/arm-none-eabi/10.3.1/../../../../arm-none-eabi/lib/thumb/v7e-m+fp/hard\libm.a(lib_a-e_sqrt.o)
                0x080083d4                __ieee754_sqrt
 .text.with_errno
                0x0800856c       0x18 e:/gcc-arm-none-eabi-10.3-2021.10-win32/gcc-arm-none-eabi-10.3-2021.10/bin/../lib/gcc/arm-none-eabi/10.3.1/../../../../arm-none-eabi/lib/thumb/v7e-m+fp/hard\libm.a(lib_a-math_err.o)
 .text.xflow    0x08008584       0x2c e:/gcc-arm-none-eabi-10.3-2021.10-win32/gcc-arm-none-eabi-10.3-2021.10/bin/../lib/gcc/arm-none-eabi/10.3.1/../../../../arm-none-eabi/lib/thumb/v7e-m+fp/hard\libm.a(lib_a-math_err.o)
 .text.__math_uflow
                0x080085b0       0x14 e:/gcc-arm-none-eabi-10.3-2021.10-win32/gcc-arm-none-eabi-10.3-2021.10/bin/../lib/gcc/arm-none-eabi/10.3.1/../../../../arm-none-eabi/lib/thumb/v7e-m+fp/hard\libm.a(lib_a-math_err.o)
                0x080085b0                __math_uflow
 .text.__math_oflow
                0x080085c4       0x14 e:/gcc-arm-none-eabi-10.3-2021.10-win32/gcc-arm-none-eabi-10.3-2021.10/bin/../lib/gcc/arm-none-eabi/10.3.1/../../../../arm-none-eabi/lib/thumb/v7e-m+fp/hard\libm.a(lib_a-math_err.o)
                0x080085c4                __math_oflow
 .text.fabs     0x080085d8       0x14 e:/gcc-arm-none-eabi-10.3-2021.10-win32/gcc-arm-none-eabi-10.3-2021.10/bin/../lib/gcc/arm-none-eabi/10.3.1/../../../../arm-none-eabi/lib/thumb/v7e-m+fp/hard\libm.a(lib_a-s_fabs.o)
                0x080085d8                fabs
 .text.finite   0x080085ec       0x18 e:/gcc-arm-none-eabi-10.3-2021.10-win32/gcc-arm-none-eabi-10.3-2021.10/bin/../lib/gcc/arm-none-eabi/10.3.1/../../../../arm-none-eabi/lib/thumb/v7e-m+fp/hard\libm.a(lib_a-s_finite.o)
                0x080085ec                finite
 *fill*         0x08008604        0x4 
 .text.scalbn   0x08008608      0x124 e:/gcc-arm-none-eabi-10.3-2021.10-win32/gcc-arm-none-eabi-10.3-2021.10/bin/../lib/gcc/arm-none-eabi/10.3.1/../../../../arm-none-eabi/lib/thumb/v7e-m+fp/hard\libm.a(lib_a-s_scalbn.o)
                0x08008608                scalbn
 .text._sbrk    0x0800872c       0x1c e:/gcc-arm-none-eabi-10.3-2021.10-win32/gcc-arm-none-eabi-10.3-2021.10/bin/../lib/gcc/arm-none-eabi/10.3.1/../../../../arm-none-eabi/lib/thumb/v7e-m+fp/hard\libnosys.a(sbrk.o)
                0x0800872c                _sbrk
 .text.__errno  0x08008748        0xc e:/gcc-arm-none-eabi-10.3-2021.10-win32/gcc-arm-none-eabi-10.3-2021.10/bin/../lib/gcc/arm-none-eabi/10.3.1/../../../../arm-none-eabi/lib/thumb/v7e-m+fp/hard\libc_nano.a(lib_a-errno.o)
                0x08008748                __errno
 *(.glue_7)
 .glue_7        0x08008754        0x0 linker stubs
 *(.glue_7t)
 .glue_7t       0x08008754        0x0 linker stubs
 *(.eh_frame)
 .eh_frame      0x08008754        0x0 e:/gcc-arm-none-eabi-10.3-2021.10-win32/gcc-arm-none-eabi-10.3-2021.10/bin/../lib/gcc/arm-none-eabi/10.3.1/thumb/v7e-m+fp/hard/crtbegin.o
 *(.init)
 .init          0x08008754        0x4 e:/gcc-arm-none-eabi-10.3-2021.10-win32/gcc-arm-none-eabi-10.3-2021.10/bin/../lib/gcc/arm-none-eabi/10.3.1/thumb/v7e-m+fp/hard/crti.o
                0x08008754                _init
 .init          0x08008758        0x8 e:/gcc-arm-none-eabi-10.3-2021.10-win32/gcc-arm-none-eabi-10.3-2021.10/bin/../lib/gcc/arm-none-eabi/10.3.1/thumb/v7e-m+fp/hard/crtn.o
 *(.fini)
 .fini          0x08008760        0x4 e:/gcc-arm-none-eabi-10.3-2021.10-win32/gcc-arm-none-eabi-10.3-2021.10/bin/../lib/gcc/arm-none-eabi/10.3.1/thumb/v7e-m+fp/hard/crti.o
                0x08008760                _fini
 .fini          0x08008764        0x8 e:/gcc-arm-none-eabi-10.3-2021.10-win32/gcc-arm-none-eabi-10.3-2021.10/bin/../lib/gcc/arm-none-eabi/10.3.1/thumb/v7e-m+fp/hard/crtn.o
                0x08008770                . = ALIGN (0x8)
 *fill*         0x0800876c        0x4 
                0x08008770                _etext = .

.vfp11_veneer   0x08008770        0x0
 .vfp11_veneer  0x08008770        0x0 linker stubs

.v4_bx          0x08008770        0x0
 .v4_bx         0x08008770        0x0 linker stubs

.iplt           0x08008770        0x0
 .iplt          0x08008770        0x0 e:/gcc-arm-none-eabi-10.3-2021.10-win32/gcc-arm-none-eabi-10.3-2021.10/bin/../lib/gcc/arm-none-eabi/10.3.1/thumb/v7e-m+fp/hard/crtbegin.o

.rodata         0x08008770      0xaf0
                0x08008770                . = ALIGN (0x8)
 *(.rodata)
 .rodata        0x08008770        0x3 build/W25QXX.o
 *(.rodata*)
 .rodata.Test_All.str1.1
                0x08008773       0x54 build/main.o
 .rodata.main.str1.1
                0x080087c7       0x44 build/main.o
 .rodata.shellCmdtest_all
                0x0800880b        0x9 build/main.o
                0x0800880b                shellCmdtest_all
 .rodata.shellDesctest_all
                0x08008814       0x10 build/main.o
                0x08008814                shellDesctest_all
 .rodata.CSWTCH.53
                0x08008824        0x3 build/stm32l4xx_hal_uart.o
 .rodata.CSWTCH.54
                0x08008827        0xd build/stm32l4xx_hal_uart.o
 .rodata.AHBPrescTable
                0x08008834       0x10 build/system_stm32l4xx.o
                0x08008834                AHBPrescTable
 .rodata.APBPrescTable
                0x08008844        0x8 build/system_stm32l4xx.o
                0x08008844                APBPrescTable
 .rodata.MSIRangeTable
                0x0800884c       0x30 build/system_stm32l4xx.o
                0x0800884c                MSIRangeTable
 .rodata.CSWTCH.13
                0x0800887c        0x3 build/shell_ext.o
 .rodata.CSWTCH.14
                0x0800887f        0x3 build/shell_ext.o
 .rodata.shellClear.str1.1
                0x08008882        0x9 build/shell.o
 .rodata.shellWritePrompt.constprop.0.str1.1
                0x0800888b       0x1c build/shell.o
                                 0x21 (size before relaxing)
 .rodata.shellWriteReturnValue.str1.1
                0x080088a7       0x1a build/shell.o
 .rodata.shellListItem.str1.1
                0x080088c1       0x20 build/shell.o
 .rodata.shellListCommand.str1.1
                0x080088e1       0x12 build/shell.o
 .rodata.shellListVar.str1.1
                0x080088f3        0xe build/shell.o
 .rodata.shellListUser.str1.1
                0x08008901        0xf build/shell.o
 .rodata.shellListKey.str1.1
                0x08008910        0xe build/shell.o
 .rodata.shellDeleteCommandLine.str1.1
                0x0800891e        0x4 build/shell.o
 .rodata.shellInsertByte.str1.1
                0x08008922       0x21 build/shell.o
 .rodata.shellHelp.str1.1
                0x08008943       0x25 build/shell.o
 .rodata.shellShowVar.str1.1
                0x08008968        0x6 build/shell.o
 .rodata.shellSetVarValue.str1.1
                0x0800896e       0x2e build/shell.o
 .rodata.shellSetVar.str1.1
                0x0800899c       0x20 build/shell.o
 .rodata.shellSetUser.str1.1
                0x080089bc      0x158 build/shell.o
 .rodata.shellInit.str1.1
                0x08008b14        0x7 build/shell.o
 .rodata.shellExec.str1.1
                0x08008b1b       0x13 build/shell.o
 .rodata.shellCmdDefaultUser
                0x08008b2e        0x7 build/shell.o
                0x08008b2e                shellCmdDefaultUser
 .rodata.shellCmdclear
                0x08008b35        0x6 build/shell.o
                0x08008b35                shellCmdclear
 .rodata.shellCmdcmds
                0x08008b3b        0x5 build/shell.o
                0x08008b3b                shellCmdcmds
 .rodata.shellCmdhelp
                0x08008b40        0x5 build/shell.o
                0x08008b40                shellCmdhelp
 .rodata.shellCmdkeys
                0x08008b45        0x5 build/shell.o
                0x08008b45                shellCmdkeys
 .rodata.shellCmdsetVar
                0x08008b4a        0x7 build/shell.o
                0x08008b4a                shellCmdsetVar
 .rodata.shellCmdusers
                0x08008b51        0x6 build/shell.o
                0x08008b51                shellCmdusers
 .rodata.shellCmdvars
                0x08008b57        0x5 build/shell.o
                0x08008b57                shellCmdvars
 .rodata.shellDesDefaultUser
                0x08008b5c        0xd build/shell.o
                0x08008b5c                shellDesDefaultUser
 .rodata.shellDesc0x08000000
                0x08008b69        0xa build/shell.o
                0x08008b69                shellDesc0x08000000
 .rodata.shellDesc0x09000000
                0x08008b73        0x4 build/shell.o
                0x08008b73                shellDesc0x09000000
 .rodata.shellDesc0x0A000000
                0x08008b77        0x6 build/shell.o
                0x08008b77                shellDesc0x0A000000
 .rodata.shellDesc0x0D000000
                0x08008b7d        0x6 build/shell.o
                0x08008b7d                shellDesc0x0D000000
 .rodata.shellDesc0x1B5B337E
                0x08008b83        0x7 build/shell.o
                0x08008b83                shellDesc0x1B5B337E
 .rodata.shellDesc0x1B5B4100
                0x08008b8a        0x3 build/shell.o
                0x08008b8a                shellDesc0x1B5B4100
 .rodata.shellDesc0x1B5B4200
                0x08008b8d        0x5 build/shell.o
                0x08008b8d                shellDesc0x1B5B4200
 .rodata.shellDesc0x1B5B4300
                0x08008b92        0x6 build/shell.o
                0x08008b92                shellDesc0x1B5B4300
 .rodata.shellDesc0x1B5B4400
                0x08008b98        0x5 build/shell.o
                0x08008b98                shellDesc0x1B5B4400
 .rodata.shellDesc0x7F000000
                0x08008b9d        0xa build/shell.o
                0x08008b9d                shellDesc0x7F000000
 .rodata.shellDescclear
                0x08008ba7        0xe build/shell.o
                0x08008ba7                shellDescclear
 .rodata.shellDesccmds
                0x08008bb5        0xd build/shell.o
                0x08008bb5                shellDesccmds
 .rodata.shellDeschelp
                0x08008bc2       0x1e build/shell.o
                0x08008bc2                shellDeschelp
 .rodata.shellDesckeys
                0x08008be0        0xd build/shell.o
                0x08008be0                shellDesckeys
 .rodata.shellDescsetVar
                0x08008bed        0x8 build/shell.o
                0x08008bed                shellDescsetVar
 .rodata.shellDescusers
                0x08008bf5        0xe build/shell.o
                0x08008bf5                shellDescusers
 .rodata.shellDescvars
                0x08008c03        0xd build/shell.o
                0x08008c03                shellDescvars
 .rodata.shellPasswordDefaultUser
                0x08008c10        0x1 build/shell.o
                0x08008c10                shellPasswordDefaultUser
 .rodata.LDR_Value_Get.str1.1
                0x08008c11       0x31 build/adc.o
 .rodata.Battery_Test.str1.1
                0x08008c42       0x4c build/adc.o
 .rodata.shellCmdbattery_test
                0x08008c8e        0xd build/adc.o
                0x08008c8e                shellCmdbattery_test
 .rodata.shellCmdldr_test
                0x08008c9b        0x9 build/adc.o
                0x08008c9b                shellCmdldr_test
 .rodata.shellDescbattery_test
                0x08008ca4       0x1a build/adc.o
                0x08008ca4                shellDescbattery_test
 .rodata.shellDescldr_test
                0x08008cbe        0xe build/adc.o
                0x08008cbe                shellDescldr_test
 .rodata.Flash_Test.str1.1
                0x08008ccc       0x9f build/W25QXX.o
 .rodata.shellCmdflash_test
                0x08008d6b        0xb build/W25QXX.o
                0x08008d6b                shellCmdflash_test
 .rodata.shellDescflash_test
                0x08008d76       0x1d build/W25QXX.o
                0x08008d76                shellDescflash_test
 .rodata.LED_Test.str1.1
                0x08008d93       0x3c build/led.o
 .rodata.shellCmdled_test
                0x08008dcf        0x9 build/led.o
                0x08008dcf                shellCmdled_test
 .rodata.shellDescled_test
                0x08008dd8        0xe build/led.o
                0x08008dd8                shellDescled_test
 .rodata.shellCmdrs485_test
                0x08008de6        0xb build/rs485.o
                0x08008de6                shellCmdrs485_test
 .rodata.shellDescrs485_test
                0x08008df1       0x10 build/rs485.o
                0x08008df1                shellDescrs485_test
 .rodata.BDS_Test.str1.1
                0x08008e01       0x2a build/ATGM332D.o
                                 0x2f (size before relaxing)
 .rodata.shellCmdbds_test
                0x08008e2b        0x9 build/ATGM332D.o
                0x08008e2b                shellCmdbds_test
 .rodata.shellDescbds_test
                0x08008e34        0xd build/ATGM332D.o
                0x08008e34                shellDescbds_test
 .rodata.ec2x_handler.str1.1
                0x08008e41        0x3 build/EC2x.o
 .rodata.ec2x_reset.constprop.0.str1.1
                0x08008e44        0x6 build/EC2x.o
 .rodata.ec2x_tcp_connect.str1.1
                0x08008e4a       0x4d build/EC2x.o
 .rodata.EC2x_Test.str1.1
                0x08008e97       0x36 build/EC2x.o
 .rodata.ec2x_open.str1.1
                0x08008ecd       0x28 build/EC2x.o
 .rodata.str1.1
                0x08008ef5       0x88 build/EC2x.o
                                 0x8b (size before relaxing)
 .rodata.shellCmdec2x_connect
                0x08008f7d        0xd build/EC2x.o
                0x08008f7d                shellCmdec2x_connect
 .rodata.shellCmdec2x_test
                0x08008f8a        0xa build/EC2x.o
                0x08008f8a                shellCmdec2x_test
 .rodata.shellDescec2x_connect
                0x08008f94       0x11 build/EC2x.o
                0x08008f94                shellDescec2x_connect
 .rodata.shellDescec2x_test
                0x08008fa5       0x20 build/EC2x.o
                0x08008fa5                shellDescec2x_test
 .rodata.SX1278_LoRaRxPacket.str1.1
                0x08008fc5       0x3d build/SX1278.o
 .rodata.LORA_Send.str1.1
                0x08009002       0x2e build/SX1278.o
 .rodata.SX1278_CRC_Sum
                0x08009030        0x2 build/SX1278.o
 .rodata.SX1278_CodingRate
                0x08009032        0x4 build/SX1278.o
 .rodata.SX1278_LoRaBandwidth
                0x08009036        0xa build/SX1278.o
 .rodata.SX1278_Power
                0x08009040        0x4 build/SX1278.o
 .rodata.SX1278_SpreadFactor
                0x08009044        0x7 build/SX1278.o
 .rodata.shellCmdlora_test
                0x0800904b        0xa build/SX1278.o
                0x0800904b                shellCmdlora_test
 .rodata.shellDesclora_test
                0x08009055       0x16 build/SX1278.o
                0x08009055                shellDesclora_test
 .rodata._svfprintf_r.str1.1
                0x0800906b       0x11 e:/gcc-arm-none-eabi-10.3-2021.10-win32/gcc-arm-none-eabi-10.3-2021.10/bin/../lib/gcc/arm-none-eabi/10.3.1/../../../../arm-none-eabi/lib/thumb/v7e-m+fp/hard\libc_nano.a(lib_a-nano-svfprintf.o)
 .rodata._printf_i.str1.1
                0x0800907c       0x22 e:/gcc-arm-none-eabi-10.3-2021.10-win32/gcc-arm-none-eabi-10.3-2021.10/bin/../lib/gcc/arm-none-eabi/10.3.1/../../../../arm-none-eabi/lib/thumb/v7e-m+fp/hard\libc_nano.a(lib_a-nano-vfprintf_i.o)
                0x080090a0                . = ALIGN (0x8)
 *fill*         0x0800909e        0x2 
                0x080090a0                _shell_command_start = .
 *(shellCommand)
 shellCommand   0x080090a0       0x10 build/main.o
                0x080090a0                shellCommandtest_all
 shellCommand   0x080090b0      0x120 build/shell.o
                0x080090b0                shellCommandclear
                0x080090c0                shellCommandkeys
                0x080090d0                shellCommandvars
                0x080090e0                shellCommandcmds
                0x080090f0                shellCommandusers
                0x08009100                shellCommandhelp
                0x08009110                shellKey0x0D000000
                0x08009120                shellKey0x0A000000
                0x08009130                shellKey0x1B5B337E
                0x08009140                shellKey0x7F000000
                0x08009150                shellKey0x08000000
                0x08009160                shellKey0x09000000
                0x08009170                shellKey0x1B5B4400
                0x08009180                shellKey0x1B5B4300
                0x08009190                shellKey0x1B5B4200
                0x080091a0                shellKey0x1B5B4100
                0x080091b0                shellCommandsetVar
                0x080091c0                shellUserDefault
 shellCommand   0x080091d0       0x20 build/adc.o
                0x080091d0                shellCommandbattery_test
                0x080091e0                shellCommandldr_test
 shellCommand   0x080091f0       0x10 build/W25QXX.o
                0x080091f0                shellCommandflash_test
 shellCommand   0x08009200       0x10 build/led.o
                0x08009200                shellCommandled_test
 shellCommand   0x08009210       0x10 build/rs485.o
                0x08009210                shellCommandrs485_test
 shellCommand   0x08009220       0x10 build/ATGM332D.o
                0x08009220                shellCommandbds_test
 shellCommand   0x08009230       0x20 build/EC2x.o
                0x08009230                shellCommandec2x_connect
                0x08009240                shellCommandec2x_test
 shellCommand   0x08009250       0x10 build/SX1278.o
                0x08009250                shellCommandlora_test
                0x08009260                _shell_command_end = .

.ARM.extab      0x08009260        0x0
                0x08009260                . = ALIGN (0x8)
 *(.ARM.extab* .gnu.linkonce.armextab.*)
                0x08009260                . = ALIGN (0x8)

.ARM            0x08009260        0x8
                0x08009260                . = ALIGN (0x8)
                0x08009260                __exidx_start = .
 *(.ARM.exidx*)
 .ARM.exidx     0x08009260        0x8 e:/gcc-arm-none-eabi-10.3-2021.10-win32/gcc-arm-none-eabi-10.3-2021.10/bin/../lib/gcc/arm-none-eabi/10.3.1/thumb/v7e-m+fp/hard\libgcc.a(_udivmoddi4.o)
                0x08009268                __exidx_end = .
                0x08009268                . = ALIGN (0x8)

.rel.dyn        0x08009268        0x0
 .rel.iplt      0x08009268        0x0 e:/gcc-arm-none-eabi-10.3-2021.10-win32/gcc-arm-none-eabi-10.3-2021.10/bin/../lib/gcc/arm-none-eabi/10.3.1/thumb/v7e-m+fp/hard/crtbegin.o

.preinit_array  0x08009268        0x0
                0x08009268                . = ALIGN (0x8)
                0x08009268                PROVIDE (__preinit_array_start = .)
 *(.preinit_array*)
                0x08009268                PROVIDE (__preinit_array_end = .)
                0x08009268                . = ALIGN (0x8)

.init_array     0x08009268        0x8
                0x08009268                . = ALIGN (0x8)
                0x08009268                PROVIDE (__init_array_start = .)
 *(SORT_BY_NAME(.init_array.*))
 *(.init_array*)
 .init_array    0x08009268        0x4 e:/gcc-arm-none-eabi-10.3-2021.10-win32/gcc-arm-none-eabi-10.3-2021.10/bin/../lib/gcc/arm-none-eabi/10.3.1/thumb/v7e-m+fp/hard/crtbegin.o
                0x0800926c                PROVIDE (__init_array_end = .)
                0x08009270                . = ALIGN (0x8)
 *fill*         0x0800926c        0x4 

.fini_array     0x08009270        0x8
                0x08009270                . = ALIGN (0x8)
                [!provide]                PROVIDE (__fini_array_start = .)
 *(SORT_BY_NAME(.fini_array.*))
 *(.fini_array*)
 .fini_array    0x08009270        0x4 e:/gcc-arm-none-eabi-10.3-2021.10-win32/gcc-arm-none-eabi-10.3-2021.10/bin/../lib/gcc/arm-none-eabi/10.3.1/thumb/v7e-m+fp/hard/crtbegin.o
                [!provide]                PROVIDE (__fini_array_end = .)
                0x08009278                . = ALIGN (0x8)
 *fill*         0x08009274        0x4 
                0x08009278                _sidata = LOADADDR (.data)

.data           0x20000000      0x590 load address 0x08009278
                0x20000000                . = ALIGN (0x8)
                0x20000000                _sdata = .
 *(.data)
 *(.data*)
 .data.uwTickFreq
                0x20000000        0x1 build/stm32l4xx_hal.o
                0x20000000                uwTickFreq
 *fill*         0x20000001        0x3 
 .data.uwTickPrio
                0x20000004        0x4 build/stm32l4xx_hal.o
                0x20000004                uwTickPrio
 .data.SystemCoreClock
                0x20000008        0x4 build/system_stm32l4xx.o
                0x20000008                SystemCoreClock
 .data.lora_dev_hw
                0x2000000c       0x48 build/SX1278_hw.o
                0x2000000c                lora_dev_hw
 .data.dev_led  0x20000054       0x10 build/led.o
                0x20000054                dev_led
 .data.dev_rs485
                0x20000064        0xc build/rs485.o
                0x20000064                dev_rs485
 .data.atgm_dev
                0x20000070       0x24 build/ATGM332D.o
                0x20000070                atgm_dev
 .data.bds_dev  0x20000094        0x4 build/ATGM332D.o
                0x20000094                bds_dev
 .data.dev0_buff
                0x20000098       0xc8 build/ATGM332D.o
                0x20000098                dev0_buff
 .data.connectmsg_queue
                0x20000160       0x60 build/EC2x.o
                0x20000160                connectmsg_queue
 .data.ec2x_buff
                0x200001c0       0xc8 build/EC2x.o
                0x200001c0                ec2x_buff
 .data.ec2x_dev
                0x20000288       0x3c build/EC2x.o
                0x20000288                ec2x_dev
 .data.tcp_connect
                0x200002c4       0x32 build/EC2x.o
                0x200002c4                tcp_connect
 *fill*         0x200002f6        0x2 
 .data.Lora_dev
                0x200002f8      0x230 build/SX1278.o
                0x200002f8                Lora_dev
 .data._impure_ptr
                0x20000528        0x4 e:/gcc-arm-none-eabi-10.3-2021.10-win32/gcc-arm-none-eabi-10.3-2021.10/bin/../lib/gcc/arm-none-eabi/10.3.1/../../../../arm-none-eabi/lib/thumb/v7e-m+fp/hard\libc_nano.a(lib_a-impure.o)
                0x20000528                _impure_ptr
 .data.impure_data
                0x2000052c       0x60 e:/gcc-arm-none-eabi-10.3-2021.10-win32/gcc-arm-none-eabi-10.3-2021.10/bin/../lib/gcc/arm-none-eabi/10.3.1/../../../../arm-none-eabi/lib/thumb/v7e-m+fp/hard\libc_nano.a(lib_a-impure.o)
                0x20000590                . = ALIGN (0x8)
 *fill*         0x2000058c        0x4 
                0x20000590                _edata = .

.igot.plt       0x20000590        0x0 load address 0x08009808
 .igot.plt      0x20000590        0x0 e:/gcc-arm-none-eabi-10.3-2021.10-win32/gcc-arm-none-eabi-10.3-2021.10/bin/../lib/gcc/arm-none-eabi/10.3.1/thumb/v7e-m+fp/hard/crtbegin.o
                0x20000590                . = ALIGN (0x4)

.bss            0x20000590      0x5e4 load address 0x08009808
                0x20000590                _sbss = .
                0x20000590                __bss_start__ = _sbss
 *(.bss)
 .bss           0x20000590       0x1c e:/gcc-arm-none-eabi-10.3-2021.10-win32/gcc-arm-none-eabi-10.3-2021.10/bin/../lib/gcc/arm-none-eabi/10.3.1/thumb/v7e-m+fp/hard/crtbegin.o
 *(.bss*)
 .bss.uwTick    0x200005ac        0x4 build/stm32l4xx_hal.o
                0x200005ac                uwTick
 .bss.shell     0x200005b0       0x6c build/shell_port.o
                0x200005b0                shell
 .bss.shell_buffer
                0x2000061c       0xc8 build/shell_port.o
                0x2000061c                shell_buffer
 .bss.test_error_cnt
                0x200006e4        0x1 build/shell_port.o
                0x200006e4                test_error_cnt
 .bss.test_ok_cnt
                0x200006e5        0x1 build/shell_port.o
                0x200006e5                test_ok_cnt
 .bss.buffer.0  0x200006e6        0x9 build/shell.o
 *fill*         0x200006ef        0x1 
 .bss.shellList
                0x200006f0       0x14 build/shell.o
 .bss.shellidle_cnt
                0x20000704        0x2 build/shell.o
                0x20000704                shellidle_cnt
 *fill*         0x20000706        0x2 
 .bss.hadc1     0x20000708       0x64 build/adc.o
                0x20000708                hadc1
 .bss.hspi2     0x2000076c       0x64 build/spi.o
                0x2000076c                hspi2
 .bss.hspi3     0x200007d0       0x64 build/spi.o
                0x200007d0                hspi3
 .bss.huart1    0x20000834       0x84 build/usart.o
                0x20000834                huart1
 .bss.huart2    0x200008b8       0x84 build/usart.o
                0x200008b8                huart2
 .bss.huart3    0x2000093c       0x84 build/usart.o
                0x2000093c                huart3
 .bss.u1_cache  0x200009c0       0xc8 build/usart.o
                0x200009c0                u1_cache
 .bss.u2_cache  0x20000a88       0xc8 build/usart.o
                0x20000a88                u2_cache
 .bss.u3_cache  0x20000b50        0x1 build/usart.o
                0x20000b50                u3_cache
 *fill*         0x20000b51        0x3 
 .bss.base_tick
                0x20000b54        0x4 build/timer.o
                0x20000b54                base_tick
 .bss.timer_list
                0x20000b58        0x4 build/timer.o
                0x20000b58                timer_list
 .bss.reset_times
                0x20000b5c        0x1 build/EC2x.o
 .bss.retry.0   0x20000b5d        0x1 build/EC2x.o
 .bss.step.1    0x20000b5e        0x1 build/EC2x.o
 *fill*         0x20000b5f        0x1 
 .bss.__malloc_free_list
                0x20000b60        0x4 e:/gcc-arm-none-eabi-10.3-2021.10-win32/gcc-arm-none-eabi-10.3-2021.10/bin/../lib/gcc/arm-none-eabi/10.3.1/../../../../arm-none-eabi/lib/thumb/v7e-m+fp/hard\libc_nano.a(lib_a-nano-mallocr.o)
                0x20000b60                __malloc_free_list
 .bss.__malloc_sbrk_start
                0x20000b64        0x4 e:/gcc-arm-none-eabi-10.3-2021.10-win32/gcc-arm-none-eabi-10.3-2021.10/bin/../lib/gcc/arm-none-eabi/10.3.1/../../../../arm-none-eabi/lib/thumb/v7e-m+fp/hard\libc_nano.a(lib_a-nano-mallocr.o)
                0x20000b64                __malloc_sbrk_start
 .bss.errno     0x20000b68        0x4 e:/gcc-arm-none-eabi-10.3-2021.10-win32/gcc-arm-none-eabi-10.3-2021.10/bin/../lib/gcc/arm-none-eabi/10.3.1/../../../../arm-none-eabi/lib/thumb/v7e-m+fp/hard\libc_nano.a(lib_a-reent.o)
                0x20000b68                errno
 .bss.__lock___malloc_recursive_mutex
                0x20000b6c        0x1 e:/gcc-arm-none-eabi-10.3-2021.10-win32/gcc-arm-none-eabi-10.3-2021.10/bin/../lib/gcc/arm-none-eabi/10.3.1/../../../../arm-none-eabi/lib/thumb/v7e-m+fp/hard\libc_nano.a(lib_a-lock.o)
                0x20000b6c                __lock___malloc_recursive_mutex
 *fill*         0x20000b6d        0x3 
 .bss.heap_end.0
                0x20000b70        0x4 e:/gcc-arm-none-eabi-10.3-2021.10-win32/gcc-arm-none-eabi-10.3-2021.10/bin/../lib/gcc/arm-none-eabi/10.3.1/../../../../arm-none-eabi/lib/thumb/v7e-m+fp/hard\libnosys.a(sbrk.o)
 *(COMMON)
                0x20000b74                . = ALIGN (0x4)
                0x20000b74                _ebss = .
                0x20000b74                __bss_end__ = _ebss

._user_heap_stack
                0x20000b74      0xa04 load address 0x08009808
                0x20000b78                . = ALIGN (0x8)
 *fill*         0x20000b74        0x4 
                0x20000b78                PROVIDE (end = .)
                [!provide]                PROVIDE (_end = .)
                0x20001178                . = (. + _Min_Heap_Size)
 *fill*         0x20000b78      0x600 
                0x20001578                . = (. + _Min_Stack_Size)
 *fill*         0x20001178      0x400 
                0x20001578                . = ALIGN (0x8)

/DISCARD/
 libc.a(*)
 libm.a(*)
 libgcc.a(*)

.ARM.attributes
                0x00000000       0x30
 *(.ARM.attributes)
 .ARM.attributes
                0x00000000       0x1e e:/gcc-arm-none-eabi-10.3-2021.10-win32/gcc-arm-none-eabi-10.3-2021.10/bin/../lib/gcc/arm-none-eabi/10.3.1/thumb/v7e-m+fp/hard/crti.o
 .ARM.attributes
                0x0000001e       0x34 e:/gcc-arm-none-eabi-10.3-2021.10-win32/gcc-arm-none-eabi-10.3-2021.10/bin/../lib/gcc/arm-none-eabi/10.3.1/thumb/v7e-m+fp/hard/crtbegin.o
 .ARM.attributes
                0x00000052       0x34 build/main.o
 .ARM.attributes
                0x00000086       0x34 build/stm32l4xx_it.o
 .ARM.attributes
                0x000000ba       0x34 build/stm32l4xx_hal_msp.o
 .ARM.attributes
                0x000000ee       0x34 build/stm32l4xx_hal_adc.o
 .ARM.attributes
                0x00000122       0x34 build/stm32l4xx_hal_adc_ex.o
 .ARM.attributes
                0x00000156       0x34 build/stm32l4xx_hal.o
 .ARM.attributes
                0x0000018a       0x34 build/stm32l4xx_hal_rcc.o
 .ARM.attributes
                0x000001be       0x34 build/stm32l4xx_hal_rcc_ex.o
 .ARM.attributes
                0x000001f2       0x34 build/stm32l4xx_hal_gpio.o
 .ARM.attributes
                0x00000226       0x34 build/stm32l4xx_hal_dma.o
 .ARM.attributes
                0x0000025a       0x34 build/stm32l4xx_hal_pwr_ex.o
 .ARM.attributes
                0x0000028e       0x34 build/stm32l4xx_hal_cortex.o
 .ARM.attributes
                0x000002c2       0x34 build/stm32l4xx_hal_spi.o
 .ARM.attributes
                0x000002f6       0x34 build/stm32l4xx_hal_uart.o
 .ARM.attributes
                0x0000032a       0x34 build/stm32l4xx_hal_uart_ex.o
 .ARM.attributes
                0x0000035e       0x34 build/system_stm32l4xx.o
 .ARM.attributes
                0x00000392       0x34 build/shell_ext.o
 .ARM.attributes
                0x000003c6       0x34 build/shell_port.o
 .ARM.attributes
                0x000003fa       0x34 build/shell.o
 .ARM.attributes
                0x0000042e       0x34 build/gpio.o
 .ARM.attributes
                0x00000462       0x34 build/adc.o
 .ARM.attributes
                0x00000496       0x34 build/spi.o
 .ARM.attributes
                0x000004ca       0x34 build/usart.o
 .ARM.attributes
                0x000004fe       0x34 build/timer.o
 .ARM.attributes
                0x00000532       0x34 build/SX1278_hw.o
 .ARM.attributes
                0x00000566       0x34 build/W25QXX.o
 .ARM.attributes
                0x0000059a       0x34 build/led.o
 .ARM.attributes
                0x000005ce       0x34 build/rs485.o
 .ARM.attributes
                0x00000602       0x34 build/ATGM332D.o
 .ARM.attributes
                0x00000636       0x34 build/EC2x.o
 .ARM.attributes
                0x0000066a       0x34 build/SX1278.o
 .ARM.attributes
                0x0000069e       0x21 build/startup_stm32l431xx.o
 .ARM.attributes
                0x000006bf       0x34 e:/gcc-arm-none-eabi-10.3-2021.10-win32/gcc-arm-none-eabi-10.3-2021.10/bin/../lib/gcc/arm-none-eabi/10.3.1/../../../../arm-none-eabi/lib/thumb/v7e-m+fp/hard\libc_nano.a(lib_a-impure.o)
 .ARM.attributes
                0x000006f3       0x34 e:/gcc-arm-none-eabi-10.3-2021.10-win32/gcc-arm-none-eabi-10.3-2021.10/bin/../lib/gcc/arm-none-eabi/10.3.1/../../../../arm-none-eabi/lib/thumb/v7e-m+fp/hard\libc_nano.a(lib_a-init.o)
 .ARM.attributes
                0x00000727       0x34 e:/gcc-arm-none-eabi-10.3-2021.10-win32/gcc-arm-none-eabi-10.3-2021.10/bin/../lib/gcc/arm-none-eabi/10.3.1/../../../../arm-none-eabi/lib/thumb/v7e-m+fp/hard\libc_nano.a(lib_a-malloc.o)
 .ARM.attributes
                0x0000075b       0x34 e:/gcc-arm-none-eabi-10.3-2021.10-win32/gcc-arm-none-eabi-10.3-2021.10/bin/../lib/gcc/arm-none-eabi/10.3.1/../../../../arm-none-eabi/lib/thumb/v7e-m+fp/hard\libc_nano.a(lib_a-memcpy-stub.o)
 .ARM.attributes
                0x0000078f       0x34 e:/gcc-arm-none-eabi-10.3-2021.10-win32/gcc-arm-none-eabi-10.3-2021.10/bin/../lib/gcc/arm-none-eabi/10.3.1/../../../../arm-none-eabi/lib/thumb/v7e-m+fp/hard\libc_nano.a(lib_a-memset.o)
 .ARM.attributes
                0x000007c3       0x34 e:/gcc-arm-none-eabi-10.3-2021.10-win32/gcc-arm-none-eabi-10.3-2021.10/bin/../lib/gcc/arm-none-eabi/10.3.1/../../../../arm-none-eabi/lib/thumb/v7e-m+fp/hard\libc_nano.a(lib_a-nano-freer.o)
 .ARM.attributes
                0x000007f7       0x34 e:/gcc-arm-none-eabi-10.3-2021.10-win32/gcc-arm-none-eabi-10.3-2021.10/bin/../lib/gcc/arm-none-eabi/10.3.1/../../../../arm-none-eabi/lib/thumb/v7e-m+fp/hard\libc_nano.a(lib_a-nano-mallocr.o)
 .ARM.attributes
                0x0000082b       0x34 e:/gcc-arm-none-eabi-10.3-2021.10-win32/gcc-arm-none-eabi-10.3-2021.10/bin/../lib/gcc/arm-none-eabi/10.3.1/../../../../arm-none-eabi/lib/thumb/v7e-m+fp/hard\libc_nano.a(lib_a-sbrkr.o)
 .ARM.attributes
                0x0000085f       0x1c e:/gcc-arm-none-eabi-10.3-2021.10-win32/gcc-arm-none-eabi-10.3-2021.10/bin/../lib/gcc/arm-none-eabi/10.3.1/../../../../arm-none-eabi/lib/thumb/v7e-m+fp/hard\libc_nano.a(lib_a-strcmp.o)
 .ARM.attributes
                0x0000087b       0x17 e:/gcc-arm-none-eabi-10.3-2021.10-win32/gcc-arm-none-eabi-10.3-2021.10/bin/../lib/gcc/arm-none-eabi/10.3.1/../../../../arm-none-eabi/lib/thumb/v7e-m+fp/hard\libc_nano.a(lib_a-strlen.o)
 .ARM.attributes
                0x00000892       0x34 e:/gcc-arm-none-eabi-10.3-2021.10-win32/gcc-arm-none-eabi-10.3-2021.10/bin/../lib/gcc/arm-none-eabi/10.3.1/../../../../arm-none-eabi/lib/thumb/v7e-m+fp/hard\libc_nano.a(lib_a-strncmp.o)
 .ARM.attributes
                0x000008c6       0x34 e:/gcc-arm-none-eabi-10.3-2021.10-win32/gcc-arm-none-eabi-10.3-2021.10/bin/../lib/gcc/arm-none-eabi/10.3.1/../../../../arm-none-eabi/lib/thumb/v7e-m+fp/hard\libc_nano.a(lib_a-strstr.o)
 .ARM.attributes
                0x000008fa       0x34 e:/gcc-arm-none-eabi-10.3-2021.10-win32/gcc-arm-none-eabi-10.3-2021.10/bin/../lib/gcc/arm-none-eabi/10.3.1/../../../../arm-none-eabi/lib/thumb/v7e-m+fp/hard\libc_nano.a(lib_a-vsnprintf.o)
 .ARM.attributes
                0x0000092e       0x34 e:/gcc-arm-none-eabi-10.3-2021.10-win32/gcc-arm-none-eabi-10.3-2021.10/bin/../lib/gcc/arm-none-eabi/10.3.1/../../../../arm-none-eabi/lib/thumb/v7e-m+fp/hard\libc_nano.a(lib_a-mlock.o)
 .ARM.attributes
                0x00000962       0x34 e:/gcc-arm-none-eabi-10.3-2021.10-win32/gcc-arm-none-eabi-10.3-2021.10/bin/../lib/gcc/arm-none-eabi/10.3.1/../../../../arm-none-eabi/lib/thumb/v7e-m+fp/hard\libc_nano.a(lib_a-nano-svfprintf.o)
 .ARM.attributes
                0x00000996       0x34 e:/gcc-arm-none-eabi-10.3-2021.10-win32/gcc-arm-none-eabi-10.3-2021.10/bin/../lib/gcc/arm-none-eabi/10.3.1/../../../../arm-none-eabi/lib/thumb/v7e-m+fp/hard\libc_nano.a(lib_a-nano-vfprintf_i.o)
 .ARM.attributes
                0x000009ca       0x34 e:/gcc-arm-none-eabi-10.3-2021.10-win32/gcc-arm-none-eabi-10.3-2021.10/bin/../lib/gcc/arm-none-eabi/10.3.1/../../../../arm-none-eabi/lib/thumb/v7e-m+fp/hard\libc_nano.a(lib_a-reent.o)
 .ARM.attributes
                0x000009fe       0x34 e:/gcc-arm-none-eabi-10.3-2021.10-win32/gcc-arm-none-eabi-10.3-2021.10/bin/../lib/gcc/arm-none-eabi/10.3.1/../../../../arm-none-eabi/lib/thumb/v7e-m+fp/hard\libc_nano.a(lib_a-lock.o)
 .ARM.attributes
                0x00000a32       0x1c e:/gcc-arm-none-eabi-10.3-2021.10-win32/gcc-arm-none-eabi-10.3-2021.10/bin/../lib/gcc/arm-none-eabi/10.3.1/../../../../arm-none-eabi/lib/thumb/v7e-m+fp/hard\libc_nano.a(lib_a-memchr.o)
 .ARM.attributes
                0x00000a4e       0x34 e:/gcc-arm-none-eabi-10.3-2021.10-win32/gcc-arm-none-eabi-10.3-2021.10/bin/../lib/gcc/arm-none-eabi/10.3.1/../../../../arm-none-eabi/lib/thumb/v7e-m+fp/hard\libc_nano.a(lib_a-memmove.o)
 .ARM.attributes
                0x00000a82       0x34 e:/gcc-arm-none-eabi-10.3-2021.10-win32/gcc-arm-none-eabi-10.3-2021.10/bin/../lib/gcc/arm-none-eabi/10.3.1/../../../../arm-none-eabi/lib/thumb/v7e-m+fp/hard\libc_nano.a(lib_a-nano-reallocr.o)
 .ARM.attributes
                0x00000ab6       0x34 e:/gcc-arm-none-eabi-10.3-2021.10-win32/gcc-arm-none-eabi-10.3-2021.10/bin/../lib/gcc/arm-none-eabi/10.3.1/../../../../arm-none-eabi/lib/thumb/v7e-m+fp/hard\libc_nano.a(lib_a-nano-msizer.o)
 .ARM.attributes
                0x00000aea       0x34 e:/gcc-arm-none-eabi-10.3-2021.10-win32/gcc-arm-none-eabi-10.3-2021.10/bin/../lib/gcc/arm-none-eabi/10.3.1/../../../../arm-none-eabi/lib/thumb/v7e-m+fp/hard\libm.a(lib_a-w_pow.o)
 .ARM.attributes
                0x00000b1e       0x34 e:/gcc-arm-none-eabi-10.3-2021.10-win32/gcc-arm-none-eabi-10.3-2021.10/bin/../lib/gcc/arm-none-eabi/10.3.1/../../../../arm-none-eabi/lib/thumb/v7e-m+fp/hard\libm.a(lib_a-e_pow.o)
 .ARM.attributes
                0x00000b52       0x34 e:/gcc-arm-none-eabi-10.3-2021.10-win32/gcc-arm-none-eabi-10.3-2021.10/bin/../lib/gcc/arm-none-eabi/10.3.1/../../../../arm-none-eabi/lib/thumb/v7e-m+fp/hard\libm.a(lib_a-e_sqrt.o)
 .ARM.attributes
                0x00000b86       0x34 e:/gcc-arm-none-eabi-10.3-2021.10-win32/gcc-arm-none-eabi-10.3-2021.10/bin/../lib/gcc/arm-none-eabi/10.3.1/../../../../arm-none-eabi/lib/thumb/v7e-m+fp/hard\libm.a(lib_a-math_err.o)
 .ARM.attributes
                0x00000bba       0x34 e:/gcc-arm-none-eabi-10.3-2021.10-win32/gcc-arm-none-eabi-10.3-2021.10/bin/../lib/gcc/arm-none-eabi/10.3.1/../../../../arm-none-eabi/lib/thumb/v7e-m+fp/hard\libm.a(lib_a-s_fabs.o)
 .ARM.attributes
                0x00000bee       0x34 e:/gcc-arm-none-eabi-10.3-2021.10-win32/gcc-arm-none-eabi-10.3-2021.10/bin/../lib/gcc/arm-none-eabi/10.3.1/../../../../arm-none-eabi/lib/thumb/v7e-m+fp/hard\libm.a(lib_a-s_finite.o)
 .ARM.attributes
                0x00000c22       0x34 e:/gcc-arm-none-eabi-10.3-2021.10-win32/gcc-arm-none-eabi-10.3-2021.10/bin/../lib/gcc/arm-none-eabi/10.3.1/../../../../arm-none-eabi/lib/thumb/v7e-m+fp/hard\libm.a(lib_a-s_scalbn.o)
 .ARM.attributes
                0x00000c56       0x34 e:/gcc-arm-none-eabi-10.3-2021.10-win32/gcc-arm-none-eabi-10.3-2021.10/bin/../lib/gcc/arm-none-eabi/10.3.1/../../../../arm-none-eabi/lib/thumb/v7e-m+fp/hard\libnosys.a(sbrk.o)
 .ARM.attributes
                0x00000c8a       0x1e e:/gcc-arm-none-eabi-10.3-2021.10-win32/gcc-arm-none-eabi-10.3-2021.10/bin/../lib/gcc/arm-none-eabi/10.3.1/thumb/v7e-m+fp/hard\libgcc.a(_arm_addsubdf3.o)
 .ARM.attributes
                0x00000ca8       0x1e e:/gcc-arm-none-eabi-10.3-2021.10-win32/gcc-arm-none-eabi-10.3-2021.10/bin/../lib/gcc/arm-none-eabi/10.3.1/thumb/v7e-m+fp/hard\libgcc.a(_arm_muldivdf3.o)
 .ARM.attributes
                0x00000cc6       0x1e e:/gcc-arm-none-eabi-10.3-2021.10-win32/gcc-arm-none-eabi-10.3-2021.10/bin/../lib/gcc/arm-none-eabi/10.3.1/thumb/v7e-m+fp/hard\libgcc.a(_arm_cmpdf2.o)
 .ARM.attributes
                0x00000ce4       0x1e e:/gcc-arm-none-eabi-10.3-2021.10-win32/gcc-arm-none-eabi-10.3-2021.10/bin/../lib/gcc/arm-none-eabi/10.3.1/thumb/v7e-m+fp/hard\libgcc.a(_arm_unorddf2.o)
 .ARM.attributes
                0x00000d02       0x1e e:/gcc-arm-none-eabi-10.3-2021.10-win32/gcc-arm-none-eabi-10.3-2021.10/bin/../lib/gcc/arm-none-eabi/10.3.1/thumb/v7e-m+fp/hard\libgcc.a(_arm_fixunsdfsi.o)
 .ARM.attributes
                0x00000d20       0x1e e:/gcc-arm-none-eabi-10.3-2021.10-win32/gcc-arm-none-eabi-10.3-2021.10/bin/../lib/gcc/arm-none-eabi/10.3.1/thumb/v7e-m+fp/hard\libgcc.a(_arm_truncdfsf2.o)
 .ARM.attributes
                0x00000d3e       0x1e e:/gcc-arm-none-eabi-10.3-2021.10-win32/gcc-arm-none-eabi-10.3-2021.10/bin/../lib/gcc/arm-none-eabi/10.3.1/thumb/v7e-m+fp/hard\libgcc.a(_aeabi_uldivmod.o)
 .ARM.attributes
                0x00000d5c       0x34 e:/gcc-arm-none-eabi-10.3-2021.10-win32/gcc-arm-none-eabi-10.3-2021.10/bin/../lib/gcc/arm-none-eabi/10.3.1/thumb/v7e-m+fp/hard\libgcc.a(_udivmoddi4.o)
 .ARM.attributes
                0x00000d90       0x1e e:/gcc-arm-none-eabi-10.3-2021.10-win32/gcc-arm-none-eabi-10.3-2021.10/bin/../lib/gcc/arm-none-eabi/10.3.1/thumb/v7e-m+fp/hard\libgcc.a(_dvmd_tls.o)
 .ARM.attributes
                0x00000dae       0x34 e:/gcc-arm-none-eabi-10.3-2021.10-win32/gcc-arm-none-eabi-10.3-2021.10/bin/../lib/gcc/arm-none-eabi/10.3.1/../../../../arm-none-eabi/lib/thumb/v7e-m+fp/hard\libc_nano.a(lib_a-errno.o)
 .ARM.attributes
                0x00000de2       0x1e e:/gcc-arm-none-eabi-10.3-2021.10-win32/gcc-arm-none-eabi-10.3-2021.10/bin/../lib/gcc/arm-none-eabi/10.3.1/thumb/v7e-m+fp/hard/crtn.o
OUTPUT(build/DD_Gateway_FactoryTest.elf elf32-littlearm)
LOAD linker stubs
LOAD e:/gcc-arm-none-eabi-10.3-2021.10-win32/gcc-arm-none-eabi-10.3-2021.10/bin/../lib/gcc/arm-none-eabi/10.3.1/../../../../arm-none-eabi/lib/thumb/v7e-m+fp/hard\libc.a
LOAD e:/gcc-arm-none-eabi-10.3-2021.10-win32/gcc-arm-none-eabi-10.3-2021.10/bin/../lib/gcc/arm-none-eabi/10.3.1/../../../../arm-none-eabi/lib/thumb/v7e-m+fp/hard\libm.a
LOAD e:/gcc-arm-none-eabi-10.3-2021.10-win32/gcc-arm-none-eabi-10.3-2021.10/bin/../lib/gcc/arm-none-eabi/10.3.1/thumb/v7e-m+fp/hard\libgcc.a

.comment        0x00000000       0x49
 .comment       0x00000000       0x49 build/main.o
                                 0x4a (size before relaxing)
 .comment       0x00000049       0x4a build/stm32l4xx_it.o
 .comment       0x00000049       0x4a build/stm32l4xx_hal_msp.o
 .comment       0x00000049       0x4a build/stm32l4xx_hal_adc.o
 .comment       0x00000049       0x4a build/stm32l4xx_hal_adc_ex.o
 .comment       0x00000049       0x4a build/stm32l4xx_hal.o
 .comment       0x00000049       0x4a build/stm32l4xx_hal_rcc.o
 .comment       0x00000049       0x4a build/stm32l4xx_hal_rcc_ex.o
 .comment       0x00000049       0x4a build/stm32l4xx_hal_gpio.o
 .comment       0x00000049       0x4a build/stm32l4xx_hal_dma.o
 .comment       0x00000049       0x4a build/stm32l4xx_hal_pwr_ex.o
 .comment       0x00000049       0x4a build/stm32l4xx_hal_cortex.o
 .comment       0x00000049       0x4a build/stm32l4xx_hal_spi.o
 .comment       0x00000049       0x4a build/stm32l4xx_hal_uart.o
 .comment       0x00000049       0x4a build/stm32l4xx_hal_uart_ex.o
 .comment       0x00000049       0x4a build/system_stm32l4xx.o
 .comment       0x00000049       0x4a build/shell_ext.o
 .comment       0x00000049       0x4a build/shell_port.o
 .comment       0x00000049       0x4a build/shell.o
 .comment       0x00000049       0x4a build/gpio.o
 .comment       0x00000049       0x4a build/adc.o
 .comment       0x00000049       0x4a build/spi.o
 .comment       0x00000049       0x4a build/usart.o
 .comment       0x00000049       0x4a build/timer.o
 .comment       0x00000049       0x4a build/SX1278_hw.o
 .comment       0x00000049       0x4a build/W25QXX.o
 .comment       0x00000049       0x4a build/led.o
 .comment       0x00000049       0x4a build/rs485.o
 .comment       0x00000049       0x4a build/ATGM332D.o
 .comment       0x00000049       0x4a build/EC2x.o
 .comment       0x00000049       0x4a build/SX1278.o

.debug_frame    0x00000000      0xac4
 .debug_frame   0x00000000       0x2c e:/gcc-arm-none-eabi-10.3-2021.10-win32/gcc-arm-none-eabi-10.3-2021.10/bin/../lib/gcc/arm-none-eabi/10.3.1/../../../../arm-none-eabi/lib/thumb/v7e-m+fp/hard\libc_nano.a(lib_a-init.o)
 .debug_frame   0x0000002c       0x30 e:/gcc-arm-none-eabi-10.3-2021.10-win32/gcc-arm-none-eabi-10.3-2021.10/bin/../lib/gcc/arm-none-eabi/10.3.1/../../../../arm-none-eabi/lib/thumb/v7e-m+fp/hard\libc_nano.a(lib_a-malloc.o)
 .debug_frame   0x0000005c       0x28 e:/gcc-arm-none-eabi-10.3-2021.10-win32/gcc-arm-none-eabi-10.3-2021.10/bin/../lib/gcc/arm-none-eabi/10.3.1/../../../../arm-none-eabi/lib/thumb/v7e-m+fp/hard\libc_nano.a(lib_a-memcpy-stub.o)
 .debug_frame   0x00000084       0x20 e:/gcc-arm-none-eabi-10.3-2021.10-win32/gcc-arm-none-eabi-10.3-2021.10/bin/../lib/gcc/arm-none-eabi/10.3.1/../../../../arm-none-eabi/lib/thumb/v7e-m+fp/hard\libc_nano.a(lib_a-memset.o)
 .debug_frame   0x000000a4       0x38 e:/gcc-arm-none-eabi-10.3-2021.10-win32/gcc-arm-none-eabi-10.3-2021.10/bin/../lib/gcc/arm-none-eabi/10.3.1/../../../../arm-none-eabi/lib/thumb/v7e-m+fp/hard\libc_nano.a(lib_a-nano-freer.o)