Archive member included to satisfy reference by file (symbol)

e:/gcc-arm-none-eabi-10.3-2021.10-win32/gcc-arm-none-eabi-10.3-2021.10/bin/../lib/gcc/arm-none-eabi/10.3.1/../../../../arm-none-eabi/lib/thumb/v7e-m+fp/hard\libc_nano.a(lib_a-exit.o)
                              e:/gcc-arm-none-eabi-10.3-2021.10-win32/gcc-arm-none-eabi-10.3-2021.10/bin/../lib/gcc/arm-none-eabi/10.3.1/../../../../arm-none-eabi/lib/thumb/v7e-m+fp/hard/crt0.o (exit)
e:/gcc-arm-none-eabi-10.3-2021.10-win32/gcc-arm-none-eabi-10.3-2021.10/bin/../lib/gcc/arm-none-eabi/10.3.1/../../../../arm-none-eabi/lib/thumb/v7e-m+fp/hard\libc_nano.a(lib_a-impure.o)
                              e:/gcc-arm-none-eabi-10.3-2021.10-win32/gcc-arm-none-eabi-10.3-2021.10/bin/../lib/gcc/arm-none-eabi/10.3.1/../../../../arm-none-eabi/lib/thumb/v7e-m+fp/hard\libc_nano.a(lib_a-exit.o) (_global_impure_ptr)
e:/gcc-arm-none-eabi-10.3-2021.10-win32/gcc-arm-none-eabi-10.3-2021.10/bin/../lib/gcc/arm-none-eabi/10.3.1/../../../../arm-none-eabi/lib/thumb/v7e-m+fp/hard\libc_nano.a(lib_a-init.o)
                              e:/gcc-arm-none-eabi-10.3-2021.10-win32/gcc-arm-none-eabi-10.3-2021.10/bin/../lib/gcc/arm-none-eabi/10.3.1/../../../../arm-none-eabi/lib/thumb/v7e-m+fp/hard/crt0.o (__libc_init_array)
e:/gcc-arm-none-eabi-10.3-2021.10-win32/gcc-arm-none-eabi-10.3-2021.10/bin/../lib/gcc/arm-none-eabi/10.3.1/../../../../arm-none-eabi/lib/thumb/v7e-m+fp/hard\libc_nano.a(lib_a-malloc.o)
                              build/timer.o (malloc)
e:/gcc-arm-none-eabi-10.3-2021.10-win32/gcc-arm-none-eabi-10.3-2021.10/bin/../lib/gcc/arm-none-eabi/10.3.1/../../../../arm-none-eabi/lib/thumb/v7e-m+fp/hard\libc_nano.a(lib_a-memcpy-stub.o)
                              build/ATGM332D.o (memcpy)
e:/gcc-arm-none-eabi-10.3-2021.10-win32/gcc-arm-none-eabi-10.3-2021.10/bin/../lib/gcc/arm-none-eabi/10.3.1/../../../../arm-none-eabi/lib/thumb/v7e-m+fp/hard\libc_nano.a(lib_a-memset.o)
                              e:/gcc-arm-none-eabi-10.3-2021.10-win32/gcc-arm-none-eabi-10.3-2021.10/bin/../lib/gcc/arm-none-eabi/10.3.1/../../../../arm-none-eabi/lib/thumb/v7e-m+fp/hard/crt0.o (memset)
e:/gcc-arm-none-eabi-10.3-2021.10-win32/gcc-arm-none-eabi-10.3-2021.10/bin/../lib/gcc/arm-none-eabi/10.3.1/../../../../arm-none-eabi/lib/thumb/v7e-m+fp/hard\libc_nano.a(lib_a-nano-freer.o)
                              e:/gcc-arm-none-eabi-10.3-2021.10-win32/gcc-arm-none-eabi-10.3-2021.10/bin/../lib/gcc/arm-none-eabi/10.3.1/../../../../arm-none-eabi/lib/thumb/v7e-m+fp/hard\libc_nano.a(lib_a-malloc.o) (_free_r)
e:/gcc-arm-none-eabi-10.3-2021.10-win32/gcc-arm-none-eabi-10.3-2021.10/bin/../lib/gcc/arm-none-eabi/10.3.1/../../../../arm-none-eabi/lib/thumb/v7e-m+fp/hard\libc_nano.a(lib_a-nano-mallocr.o)
                              e:/gcc-arm-none-eabi-10.3-2021.10-win32/gcc-arm-none-eabi-10.3-2021.10/bin/../lib/gcc/arm-none-eabi/10.3.1/../../../../arm-none-eabi/lib/thumb/v7e-m+fp/hard\libc_nano.a(lib_a-malloc.o) (_malloc_r)
e:/gcc-arm-none-eabi-10.3-2021.10-win32/gcc-arm-none-eabi-10.3-2021.10/bin/../lib/gcc/arm-none-eabi/10.3.1/../../../../arm-none-eabi/lib/thumb/v7e-m+fp/hard\libc_nano.a(lib_a-sbrkr.o)
                              e:/gcc-arm-none-eabi-10.3-2021.10-win32/gcc-arm-none-eabi-10.3-2021.10/bin/../lib/gcc/arm-none-eabi/10.3.1/../../../../arm-none-eabi/lib/thumb/v7e-m+fp/hard\libc_nano.a(lib_a-nano-mallocr.o) (_sbrk_r)
e:/gcc-arm-none-eabi-10.3-2021.10-win32/gcc-arm-none-eabi-10.3-2021.10/bin/../lib/gcc/arm-none-eabi/10.3.1/../../../../arm-none-eabi/lib/thumb/v7e-m+fp/hard\libc_nano.a(lib_a-strcmp.o)
                              build/shell.o (strcmp)
e:/gcc-arm-none-eabi-10.3-2021.10-win32/gcc-arm-none-eabi-10.3-2021.10/bin/../lib/gcc/arm-none-eabi/10.3.1/../../../../arm-none-eabi/lib/thumb/v7e-m+fp/hard\libc_nano.a(lib_a-strlen.o)
                              build/shell.o (strlen)
e:/gcc-arm-none-eabi-10.3-2021.10-win32/gcc-arm-none-eabi-10.3-2021.10/bin/../lib/gcc/arm-none-eabi/10.3.1/../../../../arm-none-eabi/lib/thumb/v7e-m+fp/hard\libc_nano.a(lib_a-strncmp.o)
                              build/shell.o (strncmp)
e:/gcc-arm-none-eabi-10.3-2021.10-win32/gcc-arm-none-eabi-10.3-2021.10/bin/../lib/gcc/arm-none-eabi/10.3.1/../../../../arm-none-eabi/lib/thumb/v7e-m+fp/hard\libc_nano.a(lib_a-strstr.o)
                              build/main.o (strstr)
e:/gcc-arm-none-eabi-10.3-2021.10-win32/gcc-arm-none-eabi-10.3-2021.10/bin/../lib/gcc/arm-none-eabi/10.3.1/../../../../arm-none-eabi/lib/thumb/v7e-m+fp/hard\libc_nano.a(lib_a-vsnprintf.o)
                              build/shell.o (vsnprintf)
e:/gcc-arm-none-eabi-10.3-2021.10-win32/gcc-arm-none-eabi-10.3-2021.10/bin/../lib/gcc/arm-none-eabi/10.3.1/../../../../arm-none-eabi/lib/thumb/v7e-m+fp/hard\libc_nano.a(lib_a-mlock.o)
                              e:/gcc-arm-none-eabi-10.3-2021.10-win32/gcc-arm-none-eabi-10.3-2021.10/bin/../lib/gcc/arm-none-eabi/10.3.1/../../../../arm-none-eabi/lib/thumb/v7e-m+fp/hard\libc_nano.a(lib_a-nano-freer.o) (__malloc_lock)
[...]
Memory Configuration

Name             Origin             Length             Attributes
RAM              0x20000000         0x00010000         xrw
RAM2             0x10000000         0x00004000         xrw
FLASH            0x08000000         0x00020000         xr
*default*        0x00000000         0xffffffff

Linker script and memory map

LOAD e:/gcc-arm-none-eabi-10.3-2021.10-win32/gcc-arm-none-eabi-10.3-2021.10/bin/../lib/gcc/arm-none-eabi/10.3.1/thumb/v7e-m+fp/hard/crti.o
LOAD e:/gcc-arm-none-eabi-10.3-2021.10-win32/gcc-arm-none-eabi-10.3-2021.10/bin/../lib/gcc/arm-none-eabi/10.3.1/thumb/v7e-m+fp/hard/crtbegin.o
LOAD e:/gcc-arm-none-eabi-10.3-2021.10-win32/gcc-arm-none-eabi-10.3-2021.10/bin/../lib/gcc/arm-none-eabi/10.3.1/../../../../arm-none-eabi/lib/thumb/v7e-m+fp/hard/crt0.o
LOAD build/main.o
LOAD build/stm32l4xx_it.o
LOAD build/stm32l4xx_hal_msp.o
LOAD build/stm32l4xx_hal_adc.o
LOAD build/stm32l4xx_hal_adc_ex.o
LOAD build/stm32l4xx_hal.o
LOAD build/stm32l4xx_hal_i2c.o
LOAD build/stm32l4xx_hal_i2c_ex.o
LOAD build/stm32l4xx_hal_rcc.o
LOAD build/stm32l4xx_hal_rcc_ex.o
LOAD build/stm32l4xx_hal_flash.o
LOAD build/stm32l4xx_hal_flash_ex.o
LOAD build/stm32l4xx_hal_flash_ramfunc.o
LOAD build/stm32l4xx_hal_gpio.o
LOAD build/stm32l4xx_hal_dma.o
LOAD build/stm32l4xx_hal_dma_ex.o
LOAD build/stm32l4xx_hal_pwr.o
LOAD build/stm32l4xx_hal_pwr_ex.o
LOAD build/stm32l4xx_hal_cortex.o
LOAD build/stm32l4xx_hal_exti.o
LOAD build/stm32l4xx_hal_spi.o
LOAD build/stm32l4xx_hal_spi_ex.o
LOAD build/stm32l4xx_hal_tim.o
LOAD build/stm32l4xx_hal_tim_ex.o
LOAD build/stm32l4xx_hal_uart.o
LOAD build/stm32l4xx_hal_uart_ex.o
LOAD build/system_stm32l4xx.o
LOAD build/shell_cmd_list.o
LOAD build/shell_companion.o
LOAD build/shell_ext.o
LOAD build/shell_port.o
LOAD build/shell.o
LOAD build/fsm.o
LOAD build/gpio.o
LOAD build/adc.o
LOAD build/spi.o
LOAD build/usart.o
LOAD build/timer.o
LOAD build/queue.o
LOAD build/SX1278_hw.o
LOAD build/W25QXX.o
LOAD build/led.o
LOAD build/rs485.o
LOAD build/ATGM332D.o
LOAD build/EC2x.o
LOAD build/SX1278.o
LOAD build/startup_stm32l431xx.o
LOAD e:/gcc-arm-none-eabi-10.3-2021.10-win32/gcc-arm-none-eabi-10.3-2021.10/bin/../lib/gcc/arm-none-eabi/10.3.1/../../../../arm-none-eabi/lib/thumb/v7e-m+fp/hard\libc_nano.a
LOAD e:/gcc-arm-none-eabi-10.3-2021.10-win32/gcc-arm-none-eabi-10.3-2021.10/bin/../lib/gcc/arm-none-eabi/10.3.1/../../../../arm-none-eabi/lib/thumb/v7e-m+fp/hard\libm.a
LOAD e:/gcc-arm-none-eabi-10.3-2021.10-win32/gcc-arm-none-eabi-10.3-2021.10/bin/../lib/gcc/arm-none-eabi/10.3.1/../../../../arm-none-eabi/lib/thumb/v7e-m+fp/hard\libnosys.a
START GROUP
LOAD e:/gcc-arm-none-eabi-10.3-2021.10-win32/gcc-arm-none-eabi-10.3-2021.10/bin/../lib/gcc/arm-none-eabi/10.3.1/thumb/v7e-m+fp/hard\libgcc.a
LOAD e:/gcc-arm-none-eabi-10.3-2021.10-win32/gcc-arm-none-eabi-10.3-2021.10/bin/../lib/gcc/arm-none-eabi/10.3.1/../../../../arm-none-eabi/lib/thumb/v7e-m+fp/hard\libc_nano.a
END GROUP
START GROUP
LOAD e:/gcc-arm-none-eabi-10.3-2021.10-win32/gcc-arm-none-eabi-10.3-2021.10/bin/../lib/gcc/arm-none-eabi/10.3.1/thumb/v7e-m+fp/hard\libgcc.a
LOAD e:/gcc-arm-none-eabi-10.3-2021.10-win32/gcc-arm-none-eabi-10.3-2021.10/bin/../lib/gcc/arm-none-eabi/10.3.1/../../../../arm-none-eabi/lib/thumb/v7e-m+fp/hard\libc_nano.a
END GROUP
LOAD e:/gcc-arm-none-eabi-10.3-2021.10-win32/gcc-arm-none-eabi-10.3-2021.10/bin/../lib/gcc/arm-none-eabi/10.3.1/thumb/v7e-m+fp/hard/crtend.o
LOAD e:/gcc-arm-none-eabi-10.3-2021.10-win32/gcc-arm-none-eabi-10.3-2021.10/bin/../lib/gcc/arm-none-eabi/10.3.1/thumb/v7e-m+fp/hard/crtn.o
                0x20010000                _estack = 0x20010000
                0x00000600                _Min_Heap_Size = 0x600
                0x00000400                _Min_Stack_Size = 0x400

.isr_vector     0x08000000      0x190
                0x08000000                . = ALIGN (0x8)
 *(.isr_vector)
 .isr_vector    0x08000000      0x18c build/startup_stm32l431xx.o
                0x08000000                g_pfnVectors
                0x08000190                . = ALIGN (0x8)
 *fill*         0x0800018c        0x4 

.text           0x08000190     0x86a8
                0x08000190                . = ALIGN (0x8)
 *(.text)
 .text          0x08000190       0x40 e:/gcc-arm-none-eabi-10.3-2021.10-win32/gcc-arm-none-eabi-10.3-2021.10/bin/../lib/gcc/arm-none-eabi/10.3.1/thumb/v7e-m+fp/hard/crtbegin.o
 .text          0x080001d0       0x14 e:/gcc-arm-none-eabi-10.3-2021.10-win32/gcc-arm-none-eabi-10.3-2021.10/bin/../lib/gcc/arm-none-eabi/10.3.1/../../../../arm-none-eabi/lib/thumb/v7e-m+fp/hard\libc_nano.a(lib_a-strcmp.o)
                0x080001d0                strcmp
 .text          0x080001e4       0x10 e:/gcc-arm-none-eabi-10.3-2021.10-win32/gcc-arm-none-eabi-10.3-2021.10/bin/../lib/gcc/arm-none-eabi/10.3.1/../../../../arm-none-eabi/lib/thumb/v7e-m+fp/hard\libc_nano.a(lib_a-strlen.o)
                0x080001e4                strlen
 *fill*         0x080001f4        0xc 
 .text          0x08000200       0xa0 e:/gcc-arm-none-eabi-10.3-2021.10-win32/gcc-arm-none-eabi-10.3-2021.10/bin/../lib/gcc/arm-none-eabi/10.3.1/../../../../arm-none-eabi/lib/thumb/v7e-m+fp/hard\libc_nano.a(lib_a-memchr.o)
                0x08000200                memchr
 .text          0x080002a0      0x378 e:/gcc-arm-none-eabi-10.3-2021.10-win32/gcc-arm-none-eabi-10.3-2021.10/bin/../lib/gcc/arm-none-eabi/10.3.1/thumb/v7e-m+fp/hard\libgcc.a(_arm_addsubdf3.o)
                0x080002a0                __aeabi_drsub
                0x080002a8                __aeabi_dsub
                0x080002a8                __subdf3
                0x080002ac                __aeabi_dadd
                0x080002ac                __adddf3
                0x08000524                __floatunsidf
                0x08000524                __aeabi_ui2d
                0x08000544                __floatsidf
                0x08000544                __aeabi_i2d
                0x08000568                __aeabi_f2d
                0x08000568                __extendsfdf2
                0x080005ac                __floatundidf
                0x080005ac                __aeabi_ul2d
                0x080005bc                __floatdidf
                0x080005bc                __aeabi_l2d
 .text          0x08000618      0x424 e:/gcc-arm-none-eabi-10.3-2021.10-win32/gcc-arm-none-eabi-10.3-2021.10/bin/../lib/gcc/arm-none-eabi/10.3.1/thumb/v7e-m+fp/hard\libgcc.a(_arm_muldivdf3.o)
                0x08000618                __aeabi_dmul
                0x08000618                __muldf3
                0x0800086c                __divdf3
                0x0800086c                __aeabi_ddiv
 .text          0x08000a3c      0x110 e:/gcc-arm-none-eabi-10.3-2021.10-win32/gcc-arm-none-eabi-10.3-2021.10/bin/../lib/gcc/arm-none-eabi/10.3.1/thumb/v7e-m+fp/hard\libgcc.a(_arm_cmpdf2.o)
                0x08000a3c                __gtdf2
                0x08000a3c                __gedf2
                0x08000a44                __ltdf2
                0x08000a44                __ledf2
                0x08000a4c                __nedf2
                0x08000a4c                __eqdf2
                0x08000a4c                __cmpdf2
                0x08000ac8                __aeabi_cdrcmple
                0x08000ad8                __aeabi_cdcmpeq
                0x08000ad8                __aeabi_cdcmple
                0x08000ae8                __aeabi_dcmpeq
                0x08000afc                __aeabi_dcmplt
                0x08000b10                __aeabi_dcmple
                0x08000b24                __aeabi_dcmpge
                0x08000b38                __aeabi_dcmpgt
 .text          0x08000b4c       0x2c e:/gcc-arm-none-eabi-10.3-2021.10-win32/gcc-arm-none-eabi-10.3-2021.10/bin/../lib/gcc/arm-none-eabi/10.3.1/thumb/v7e-m+fp/hard\libgcc.a(_arm_unorddf2.o)
                0x08000b4c                __unorddf2
                0x08000b4c                __aeabi_dcmpun
 .text          0x08000b78       0x40 e:/gcc-arm-none-eabi-10.3-2021.10-win32/gcc-arm-none-eabi-10.3-2021.10/bin/../lib/gcc/arm-none-eabi/10.3.1/thumb/v7e-m+fp/hard\libgcc.a(_arm_fixunsdfsi.o)
                0x08000b78                __aeabi_d2uiz
                0x08000b78                __fixunsdfsi
 .text          0x08000bb8       0xa0 e:/gcc-arm-none-eabi-10.3-2021.10-win32/gcc-arm-none-eabi-10.3-2021.10/bin/../lib/gcc/arm-none-eabi/10.3.1/thumb/v7e-m+fp/hard\libgcc.a(_arm_truncdfsf2.o)
                0x08000bb8                __truncdfsf2
                0x08000bb8                __aeabi_d2f
 .text          0x08000c58       0x30 e:/gcc-arm-none-eabi-10.3-2021.10-win32/gcc-arm-none-eabi-10.3-2021.10/bin/../lib/gcc/arm-none-eabi/10.3.1/thumb/v7e-m+fp/hard\libgcc.a(_aeabi_uldivmod.o)
                0x08000c58                __aeabi_uldivmod
 .text          0x08000c88      0x2d0 e:/gcc-arm-none-eabi-10.3-2021.10-win32/gcc-arm-none-eabi-10.3-2021.10/bin/../lib/gcc/arm-none-eabi/10.3.1/thumb/v7e-m+fp/hard\libgcc.a(_udivmoddi4.o)
                0x08000c88                __udivmoddi4
 .text          0x08000f58        0x4 e:/gcc-arm-none-eabi-10.3-2021.10-win32/gcc-arm-none-eabi-10.3-2021.10/bin/../lib/gcc/arm-none-eabi/10.3.1/thumb/v7e-m+fp/hard\libgcc.a(_dvmd_tls.o)
                0x08000f58                __aeabi_idiv0
                0x08000f58                __aeabi_ldiv0
 *(.text*)
 .text.DeviceID_Print
                0x08000f5c       0x68 build/main.o
                0x08000f5c                DeviceID_Print
 .text.Test_All
                0x08000fc4       0xe8 build/main.o
                0x08000fc4                Test_All
 .text.SystemClock_Config
                0x080010ac       0x70 build/main.o
                0x080010ac                SystemClock_Config
 .text.startup.main
                0x0800111c      0x1d4 build/main.o
                0x0800111c                main
 .text.Error_Handler
                0x080012f0        0x4 build/main.o
                0x080012f0                Error_Handler
 .text.NMI_Handler
                0x080012f4        0x2 build/stm32l4xx_it.o
                0x080012f4                NMI_Handler
 .text.HardFault_Handler
                0x080012f6        0x2 build/stm32l4xx_it.o
                0x080012f6                HardFault_Handler
 .text.MemManage_Handler
                0x080012f8        0x2 build/stm32l4xx_it.o
                0x080012f8                MemManage_Handler
 .text.BusFault_Handler
                0x080012fa        0x2 build/stm32l4xx_it.o
                0x080012fa                BusFault_Handler
 .text.UsageFault_Handler
                0x080012fc        0x2 build/stm32l4xx_it.o
                0x080012fc                UsageFault_Handler
 .text.SVC_Handler
                0x080012fe        0x2 build/stm32l4xx_it.o
                0x080012fe                SVC_Handler
 .text.DebugMon_Handler
                0x08001300        0x2 build/stm32l4xx_it.o
                0x08001300                DebugMon_Handler
 .text.PendSV_Handler
                0x08001302        0x2 build/stm32l4xx_it.o
                0x08001302                PendSV_Handler
 .text.SysTick_Handler
                0x08001304        0xe build/stm32l4xx_it.o
                0x08001304                SysTick_Handler
 *fill*         0x08001312        0x2 
 .text.SPI2_IRQHandler
                0x08001314        0xc build/stm32l4xx_it.o
                0x08001314                SPI2_IRQHandler
 .text.USART1_IRQHandler
                0x08001320        0xc build/stm32l4xx_it.o
                0x08001320                USART1_IRQHandler
 .text.USART2_IRQHandler
                0x0800132c        0xc build/stm32l4xx_it.o
                0x0800132c                USART2_IRQHandler
 .text.USART3_IRQHandler
                0x08001338        0xc build/stm32l4xx_it.o
                0x08001338                USART3_IRQHandler
 .text.SPI3_IRQHandler
                0x08001344        0xc build/stm32l4xx_it.o
                0x08001344                SPI3_IRQHandler
 .text.EXTI9_5_IRQHandler
                0x08001350       0x54 build/stm32l4xx_it.o
                0x08001350                EXTI9_5_IRQHandler
 .text.HAL_MspInit
                0x080013a4       0x34 build/stm32l4xx_hal_msp.o
                0x080013a4                HAL_MspInit
 .text.LL_ADC_SetChannelSamplingTime
                0x080013d8       0x22 build/stm32l4xx_hal_adc.o
 .text.LL_ADC_REG_IsConversionOngoing
                0x080013fa        0x8 build/stm32l4xx_hal_adc.o
 *fill*         0x08001402        0x2 
 .text.HAL_ADC_Init
                0x08001404      0x1a4 build/stm32l4xx_hal_adc.o
                0x08001404                HAL_ADC_Init
 .text.HAL_ADC_PollForConversion
                0x080015a8       0xa2 build/stm32l4xx_hal_adc.o
                0x080015a8                HAL_ADC_PollForConversion
 .text.HAL_ADC_GetValue
                0x0800164a        0x6 build/stm32l4xx_hal_adc.o
                0x0800164a                HAL_ADC_GetValue
 .text.HAL_ADC_ConfigChannel
                0x08001650      0x370 build/stm32l4xx_hal_adc.o
                0x08001650                HAL_ADC_ConfigChannel
 .text.HAL_ADC_GetState
                0x080019c0        0x4 build/stm32l4xx_hal_adc.o
                0x080019c0                HAL_ADC_GetState
 .text.ADC_ConversionStop
                0x080019c4       0xd0 build/stm32l4xx_hal_adc.o
                0x080019c4                ADC_ConversionStop
 .text.ADC_Enable
                0x08001a94       0xb0 build/stm32l4xx_hal_adc.o
                0x08001a94                ADC_Enable
 .text.HAL_ADC_Start
                0x08001b44       0x82 build/stm32l4xx_hal_adc.o
                0x08001b44                HAL_ADC_Start
 .text.ADC_Disable
                0x08001bc6       0x68 build/stm32l4xx_hal_adc.o
                0x08001bc6                ADC_Disable
 .text.HAL_ADC_Stop
                0x08001c2e       0x3e build/stm32l4xx_hal_adc.o
                0x08001c2e                HAL_ADC_Stop
 .text.HAL_ADCEx_Calibration_Start
                0x08001c6c       0x94 build/stm32l4xx_hal_adc_ex.o
                0x08001c6c                HAL_ADCEx_Calibration_Start
 .text.HAL_InitTick
                0x08001d00       0x4c build/stm32l4xx_hal.o
                0x08001d00                HAL_InitTick
 .text.HAL_Init
                0x08001d4c       0x1e build/stm32l4xx_hal.o
                0x08001d4c                HAL_Init
 *fill*         0x08001d6a        0x2 
 .text.HAL_IncTick
                0x08001d6c       0x18 build/stm32l4xx_hal.o
                0x08001d6c                HAL_IncTick
 .text.HAL_GetTick
                0x08001d84        0xc build/stm32l4xx_hal.o
                0x08001d84                HAL_GetTick
 .text.Delay_us
                0x08001d90       0x24 build/stm32l4xx_hal.o
                0x08001d90                Delay_us
 .text.Delay_ms
                0x08001db4       0x18 build/stm32l4xx_hal.o
                0x08001db4                Delay_ms
 .text.RCC_SetFlashLatencyFromMSIRange
                0x08001dcc       0x84 build/stm32l4xx_hal_rcc.o
 .text.HAL_RCC_GetSysClockFreq
                0x08001e50       0x9c build/stm32l4xx_hal_rcc.o
                0x08001e50                HAL_RCC_GetSysClockFreq
 .text.HAL_RCC_OscConfig
                0x08001eec      0x548 build/stm32l4xx_hal_rcc.o
                0x08001eec                HAL_RCC_OscConfig
 .text.HAL_RCC_ClockConfig
                0x08002434      0x14c build/stm32l4xx_hal_rcc.o
                0x08002434                HAL_RCC_ClockConfig
 .text.HAL_RCC_GetPCLK1Freq
                0x08002580       0x24 build/stm32l4xx_hal_rcc.o
                0x08002580                HAL_RCC_GetPCLK1Freq
 .text.HAL_RCC_GetPCLK2Freq
                0x080025a4       0x24 build/stm32l4xx_hal_rcc.o
                0x080025a4                HAL_RCC_GetPCLK2Freq
 .text.RCCEx_PLLSAI1_Config
                0x080025c8      0x114 build/stm32l4xx_hal_rcc_ex.o
 .text.HAL_RCCEx_PeriphCLKConfig
                0x080026dc      0x2b4 build/stm32l4xx_hal_rcc_ex.o
                0x080026dc                HAL_RCCEx_PeriphCLKConfig
 .text.HAL_GPIO_Init
                0x08002990      0x188 build/stm32l4xx_hal_gpio.o
                0x08002990                HAL_GPIO_Init
 .text.HAL_GPIO_ReadPin
                0x08002b18        0xc build/stm32l4xx_hal_gpio.o
                0x08002b18                HAL_GPIO_ReadPin
 .text.HAL_GPIO_WritePin
                0x08002b24        0xa build/stm32l4xx_hal_gpio.o
                0x08002b24                HAL_GPIO_WritePin
 .text.HAL_GPIO_TogglePin
                0x08002b2e       0x12 build/stm32l4xx_hal_gpio.o
                0x08002b2e                HAL_GPIO_TogglePin
 .text.HAL_DMA_Abort
                0x08002b40       0x46 build/stm32l4xx_hal_dma.o
                0x08002b40                HAL_DMA_Abort
 .text.HAL_DMA_Abort_IT
                0x08002b86       0x4c build/stm32l4xx_hal_dma.o
                0x08002b86                HAL_DMA_Abort_IT
 *fill*         0x08002bd2        0x2 
 .text.HAL_PWREx_GetVoltageRange
                0x08002bd4       0x10 build/stm32l4xx_hal_pwr_ex.o
                0x08002bd4                HAL_PWREx_GetVoltageRange
 .text.HAL_PWREx_ControlVoltageScaling
                0x08002be4       0x6c build/stm32l4xx_hal_pwr_ex.o
                0x08002be4                HAL_PWREx_ControlVoltageScaling
 .text.HAL_NVIC_SetPriorityGrouping
                0x08002c50       0x24 build/stm32l4xx_hal_cortex.o
                0x08002c50                HAL_NVIC_SetPriorityGrouping
 .text.HAL_NVIC_SetPriority
                0x08002c74       0x64 build/stm32l4xx_hal_cortex.o
                0x08002c74                HAL_NVIC_SetPriority
 .text.HAL_NVIC_EnableIRQ
                0x08002cd8       0x1c build/stm32l4xx_hal_cortex.o
                0x08002cd8                HAL_NVIC_EnableIRQ
 .text.HAL_SYSTICK_Config
                0x08002cf4       0x28 build/stm32l4xx_hal_cortex.o
                0x08002cf4                HAL_SYSTICK_Config
 .text.SPI_WaitFifoStateUntilTimeout.constprop.0
                0x08002d1c       0xcc build/stm32l4xx_hal_spi.o
 .text.SPI_WaitFlagStateUntilTimeout.constprop.0
                0x08002de8       0xa4 build/stm32l4xx_hal_spi.o
 .text.SPI_EndRxTransaction
                0x08002e8c       0x72 build/stm32l4xx_hal_spi.o
 .text.SPI_EndRxTxTransaction
                0x08002efe       0x4a build/stm32l4xx_hal_spi.o
 .text.HAL_SPI_Init
                0x08002f48       0xd4 build/stm32l4xx_hal_spi.o
                0x08002f48                HAL_SPI_Init
 .text.HAL_SPI_Transmit
                0x0800301c      0x192 build/stm32l4xx_hal_spi.o
                0x0800301c                HAL_SPI_Transmit
 .text.HAL_SPI_TransmitReceive
                0x080031ae      0x258 build/stm32l4xx_hal_spi.o
                0x080031ae                HAL_SPI_TransmitReceive
 .text.HAL_SPI_Receive
                0x08003406      0x170 build/stm32l4xx_hal_spi.o
                0x08003406                HAL_SPI_Receive
 .text.HAL_SPI_ErrorCallback
                0x08003576        0x2 build/stm32l4xx_hal_spi.o
                0x08003576                HAL_SPI_ErrorCallback
 .text.HAL_SPI_IRQHandler
                0x08003578      0x10c build/stm32l4xx_hal_spi.o
                0x08003578                HAL_SPI_IRQHandler
 .text.SPI_DMAAbortOnError
                0x08003684       0x12 build/stm32l4xx_hal_spi.o
 .text.HAL_SPI_GetState
                0x08003696        0x6 build/stm32l4xx_hal_spi.o
                0x08003696                HAL_SPI_GetState
 .text.UART_EndRxTransfer
                0x0800369c       0x4e build/stm32l4xx_hal_uart.o
 .text.UART_TxISR_8BIT.part.0
                0x080036ea       0x26 build/stm32l4xx_hal_uart.o
 .text.UART_TxISR_8BIT
                0x08003710       0x2e build/stm32l4xx_hal_uart.o
 .text.UART_TxISR_16BIT
                0x0800373e       0x32 build/stm32l4xx_hal_uart.o
 .text.HAL_UART_Transmit_IT
                0x08003770       0x6c build/stm32l4xx_hal_uart.o
                0x08003770                HAL_UART_Transmit_IT
 .text.UART_DMAAbortOnError
                0x080037dc       0x14 build/stm32l4xx_hal_uart.o
 .text.HAL_UART_IRQHandler
                0x080037f0      0x28c build/stm32l4xx_hal_uart.o
                0x080037f0                HAL_UART_IRQHandler
 .text.UART_RxISR_8BIT
                0x08003a7c       0xa0 build/stm32l4xx_hal_uart.o
 .text.UART_RxISR_16BIT
                0x08003b1c       0x9a build/stm32l4xx_hal_uart.o
 *fill*         0x08003bb6        0x2 
 .text.UART_SetConfig
                0x08003bb8      0x224 build/stm32l4xx_hal_uart.o
                0x08003bb8                UART_SetConfig
 .text.UART_AdvFeatureConfig
                0x08003ddc       0xa8 build/stm32l4xx_hal_uart.o
                0x08003ddc                UART_AdvFeatureConfig
 .text.UART_WaitOnFlagUntilTimeout
                0x08003e84       0xbc build/stm32l4xx_hal_uart.o
                0x08003e84                UART_WaitOnFlagUntilTimeout
 .text.HAL_UART_Transmit
                0x08003f40       0xb4 build/stm32l4xx_hal_uart.o
                0x08003f40                HAL_UART_Transmit
 .text.UART_CheckIdleState
                0x08003ff4       0x66 build/stm32l4xx_hal_uart.o
                0x08003ff4                UART_CheckIdleState
 .text.HAL_UART_Init
                0x0800405a       0x5c build/stm32l4xx_hal_uart.o
                0x0800405a                HAL_UART_Init
 *fill*         0x080040b6        0x2 
 .text.UART_Start_Receive_IT
                0x080040b8       0xc0 build/stm32l4xx_hal_uart.o
                0x080040b8                UART_Start_Receive_IT
 .text.HAL_UART_Receive_IT
                0x08004178       0x50 build/stm32l4xx_hal_uart.o
                0x08004178                HAL_UART_Receive_IT
 .text.HAL_UARTEx_WakeupCallback
                0x080041c8        0x2 build/stm32l4xx_hal_uart_ex.o
                0x080041c8                HAL_UARTEx_WakeupCallback
 .text.HAL_UARTEx_ReceiveToIdle_IT
                0x080041ca       0x50 build/stm32l4xx_hal_uart_ex.o
                0x080041ca                HAL_UARTEx_ReceiveToIdle_IT
 *fill*         0x0800421a        0x2 
 .text.SystemInit
                0x0800421c       0x14 build/system_stm32l4xx.o
                0x0800421c                SystemInit
 .text.shellExtParseChar
                0x08004230       0x3c build/shell_ext.o
 .text.shellExtParsePara
                0x0800426c      0x198 build/shell_ext.o
                0x0800426c                shellExtParsePara
 .text.shellExtRun
                0x08004404       0xd6 build/shell_ext.o
                0x08004404                shellExtRun
 *fill*         0x080044da        0x2 
 .text.User_Shell_Write
                0x080044dc       0x14 build/shell_port.o
                0x080044dc                User_Shell_Write
 .text.User_Shell_Init
                0x080044f0       0x1c build/shell_port.o
                0x080044f0                User_Shell_Init
 .text.shellStringCopy
                0x0800450c       0x1a build/shell.o
 .text.shellWriteByte.isra.0
                0x08004526       0x16 build/shell.o
 .text.shellLeft
                0x0800453c       0x18 build/shell.o
                0x0800453c                shellLeft
 .text.shellRight
                0x08004554       0x18 build/shell.o
                0x08004554                shellRight
 .text.shellGetCurrent
                0x0800456c       0x24 build/shell.o
                0x0800456c                shellGetCurrent
 .text.shellWriteString
                0x08004590       0x22 build/shell.o
                0x08004590                shellWriteString
 *fill*         0x080045b2        0x2 
 .text.shellClear
                0x080045b4       0x18 build/shell.o
                0x080045b4                shellClear
 .text.shellWritePrompt.constprop.0
                0x080045cc       0x58 build/shell.o
 .text.shellPrint
                0x08004624       0x36 build/shell.o
                0x08004624                shellPrint
 .text.shellCheckPermission
                0x0800465a       0x36 build/shell.o
                0x0800465a                shellCheckPermission
 .text.shellToHex
                0x08004690       0x26 build/shell.o
                0x08004690                shellToHex
 *fill*         0x080046b6        0x2 
 .text.shellGetCommandName
                0x080046b8       0x30 build/shell.o
 .text.shellToDec
                0x080046e8       0x46 build/shell.o
                0x080046e8                shellToDec
 *fill*         0x0800472e        0x2 
 .text.shellWriteReturnValue
                0x08004730       0x70 build/shell.o
 .text.shellListItem
                0x080047a0       0xe8 build/shell.o
                0x080047a0                shellListItem
 .text.shellListCommand
                0x08004888       0x40 build/shell.o
                0x08004888                shellListCommand
 .text.shellCmds
                0x080048c8       0x12 build/shell.o
                0x080048c8                shellCmds
 *fill*         0x080048da        0x2 
 .text.shellListVar
                0x080048dc       0x40 build/shell.o
                0x080048dc                shellListVar
 .text.shellVars
                0x0800491c       0x12 build/shell.o
                0x0800491c                shellVars
 *fill*         0x0800492e        0x2 
 .text.shellListUser
                0x08004930       0x40 build/shell.o
                0x08004930                shellListUser
 .text.shellUsers
                0x08004970       0x12 build/shell.o
                0x08004970                shellUsers
 *fill*         0x08004982        0x2 
 .text.shellListKey
                0x08004984       0x40 build/shell.o
                0x08004984                shellListKey
 .text.shellKeys
                0x080049c4       0x12 build/shell.o
                0x080049c4                shellKeys
 *fill*         0x080049d6        0x2 
 .text.shellDeleteCommandLine
                0x080049d8       0x20 build/shell.o
                0x080049d8                shellDeleteCommandLine
 .text.shellClearCommandLine
                0x080049f8       0x28 build/shell.o
                0x080049f8                shellClearCommandLine
 .text.shellUp  0x08004a20       0x66 build/shell.o
                0x08004a20                shellUp
 *fill*         0x08004a86        0x2 
 .text.shellTab
                0x08004a88      0x130 build/shell.o
                0x08004a88                shellTab
 .text.shellDown
                0x08004bb8       0x5e build/shell.o
                0x08004bb8                shellDown
 *fill*         0x08004c16        0x2 
 .text.shellInsertByte
                0x08004c18       0xc0 build/shell.o
                0x08004c18                shellInsertByte
 .text.shellDeleteByte
                0x08004cd8       0xaa build/shell.o
                0x08004cd8                shellDeleteByte
 .text.shellBackspace
                0x08004d82        0x6 build/shell.o
                0x08004d82                shellBackspace
 .text.shellDelete
                0x08004d88        0x8 build/shell.o
                0x08004d88                shellDelete
 .text.shellSeekCommand
                0x08004d90       0x6c build/shell.o
                0x08004d90                shellSeekCommand
 .text.shellHelp
                0x08004dfc       0x70 build/shell.o
                0x08004dfc                shellHelp
 .text.shellGetVarValue
                0x08004e6c       0x3c build/shell.o
                0x08004e6c                shellGetVarValue
 .text.shellShowVar
                0x08004ea8       0xa4 build/shell.o
 .text.shellSetVarValue
                0x08004f4c       0x70 build/shell.o
                0x08004f4c                shellSetVarValue
 .text.shellSetVar
                0x08004fbc       0x54 build/shell.o
                0x08004fbc                shellSetVar
 .text.shellSetUser
                0x08005010       0x5c build/shell.o
                0x08005010                shellSetUser
 .text.shellInit
                0x0800506c       0x90 build/shell.o
                0x0800506c                shellInit
 .text.shellRunCommand
                0x080050fc       0xae build/shell.o
                0x080050fc                shellRunCommand
 .text.shellNormalInput
                0x080051aa       0x10 build/shell.o
                0x080051aa                shellNormalInput
 *fill*         0x080051ba        0x2 
 .text.shellExec
                0x080051bc      0x158 build/shell.o
                0x080051bc                shellExec
 .text.shellEnter
                0x08005314       0x12 build/shell.o
                0x08005314                shellEnter
 *fill*         0x08005326        0x2 
 .text.shellHandler
                0x08005328       0xdc build/shell.o
                0x08005328                shellHandler
 .text.MX_GPIO_Init
                0x08005404      0x124 build/gpio.o
                0x08005404                MX_GPIO_Init
 .text.MX_ADC1_Init
                0x08005528       0x80 build/adc.o
                0x08005528                MX_ADC1_Init
 .text.HAL_ADC_MspInit
                0x080055a8       0xa0 build/adc.o
                0x080055a8                HAL_ADC_MspInit
 .text.ADC_Average_Get
                0x08005648       0x80 build/adc.o
                0x08005648                ADC_Average_Get
 .text.LDR_Value_Get
                0x080056c8       0x44 build/adc.o
                0x080056c8                LDR_Value_Get
 *fill*         0x0800570c        0x4 
 .text.Battery_Test
                0x08005710       0xbc build/adc.o
                0x08005710                Battery_Test
 .text.MX_SPI2_Init
                0x080057cc       0x50 build/spi.o
                0x080057cc                MX_SPI2_Init
 .text.MX_SPI3_Init
                0x0800581c       0x4c build/spi.o
                0x0800581c                MX_SPI3_Init
 .text.HAL_SPI_MspInit
                0x08005868       0xac build/spi.o
                0x08005868                HAL_SPI_MspInit
 .text.MX_USART1_UART_Init
                0x08005914       0x48 build/usart.o
                0x08005914                MX_USART1_UART_Init
 .text.MX_USART2_UART_Init
                0x0800595c       0x48 build/usart.o
                0x0800595c                MX_USART2_UART_Init
 .text.MX_USART3_UART_Init
                0x080059a4       0x48 build/usart.o
                0x080059a4                MX_USART3_UART_Init
 .text.HAL_UART_MspInit
                0x080059ec      0x170 build/usart.o
                0x080059ec                HAL_UART_MspInit
 .text.HAL_UART_RxCpltCallback
                0x08005b5c       0x34 build/usart.o
                0x08005b5c                HAL_UART_RxCpltCallback
 .text.HAL_UART_TxCpltCallback
                0x08005b90        0x2 build/usart.o
                0x08005b90                HAL_UART_TxCpltCallback
 *fill*         0x08005b92        0x2 
 .text.HAL_UARTEx_RxEventCallback
                0x08005b94       0x6c build/usart.o
                0x08005b94                HAL_UARTEx_RxEventCallback
 .text.HAL_UART_ErrorCallback
                0x08005c00       0x3c build/usart.o
                0x08005c00                HAL_UART_ErrorCallback
 .text.timer_init
                0x08005c3c       0x18 build/timer.o
                0x08005c3c                timer_init
 .text.timer_update
                0x08005c54       0x64 build/timer.o
                0x08005c54                timer_update
 .text.SX1278_hw_SetNSS
                0x08005cb8        0xe build/SX1278_hw.o
                0x08005cb8                SX1278_hw_SetNSS
 .text.SX1278_hw_SPICommand
                0x08005cc6       0x2c build/SX1278_hw.o
                0x08005cc6                SX1278_hw_SPICommand
 .text.SX1278_hw_SPIReadByte
                0x08005cf2       0x3a build/SX1278_hw.o
                0x08005cf2                SX1278_hw_SPIReadByte
 .text.SX1278_hw_DelayMs
                0x08005d2c        0x4 build/SX1278_hw.o
                0x08005d2c                SX1278_hw_DelayMs
 .text.SX1278_hw_Reset
                0x08005d30       0x2c build/SX1278_hw.o
                0x08005d30                SX1278_hw_Reset
 .text.SX1278_hw_init
                0x08005d5c       0x12 build/SX1278_hw.o
                0x08005d5c                SX1278_hw_init
 .text.SX1278_hw_GetDIO0
                0x08005d6e       0x12 build/SX1278_hw.o
                0x08005d6e                SX1278_hw_GetDIO0
 .text.BSP_W25Qx_GetStatus
                0x08005d80       0x54 build/W25QXX.o
 .text.BSP_W25Qx_Init
                0x08005dd4       0x40 build/W25QXX.o
                0x08005dd4                BSP_W25Qx_Init
 .text.BSP_W25Qx_WriteEnable
                0x08005e14       0x54 build/W25QXX.o
                0x08005e14                BSP_W25Qx_WriteEnable
 .text.BSP_W25Qx_Read_ID
                0x08005e68       0x48 build/W25QXX.o
                0x08005e68                BSP_W25Qx_Read_ID
 .text.BSP_W25Qx_Read_JEDEC_ID
                0x08005eb0       0x48 build/W25QXX.o
                0x08005eb0                BSP_W25Qx_Read_JEDEC_ID
 .text.BSP_W25Qx_Read
                0x08005ef8       0x64 build/W25QXX.o
                0x08005ef8                BSP_W25Qx_Read
 .text.BSP_W25Qx_Write
                0x08005f5c       0xc0 build/W25QXX.o
                0x08005f5c                BSP_W25Qx_Write
 *fill*         0x0800601c        0x4 
 .text.Flash_Test
                0x08006020      0x130 build/W25QXX.o
                0x08006020                Flash_Test
 .text.LED_Init
                0x08006150       0x58 build/led.o
                0x08006150                LED_Init
 .text.LED_On   0x080061a8        0xa build/led.o
                0x080061a8                LED_On
 .text.LED_Off  0x080061b2        0xa build/led.o
                0x080061b2                LED_Off
 .text.LED_Toggle
                0x080061bc        0x8 build/led.o
                0x080061bc                LED_Toggle
 .text.LED_Blink
                0x080061c4       0x26 build/led.o
                0x080061c4                LED_Blink
 *fill*         0x080061ea        0x2 
 .text.LED_Test
                0x080061ec       0xb4 build/led.o
                0x080061ec                LED_Test
 .text.RS485_SendData
                0x080062a0       0x2e build/rs485.o
                0x080062a0                RS485_SendData
 *fill*         0x080062ce        0x2 
 .text.RS485_Test
                0x080062d0       0x28 build/rs485.o
                0x080062d0                RS485_Test
 .text.atgm_io_init
                0x080062f8       0x44 build/ATGM332D.o
                0x080062f8                atgm_io_init
 .text.atgm_open
                0x0800633c       0x20 build/ATGM332D.o
                0x0800633c                atgm_open
 .text.atgm_read
                0x0800635c       0x2c build/ATGM332D.o
                0x0800635c                atgm_read
 .text.BDS_Test
                0x08006388       0x7c build/ATGM332D.o
                0x08006388                BDS_Test
 .text.atgm_handler
                0x08006404       0x20 build/ATGM332D.o
                0x08006404                atgm_handler
 .text.ec2x_io_init
                0x08006424       0x90 build/EC2x.o
                0x08006424                ec2x_io_init
 .text.ec2x_write
                0x080064b4       0x28 build/EC2x.o
                0x080064b4                ec2x_write
 .text.ec2x_read
                0x080064dc       0x6c build/EC2x.o
                0x080064dc                ec2x_read
 .text.ec2x_handler
                0x08006548       0x80 build/EC2x.o
                0x08006548                ec2x_handler
 .text.ec2x_replymatch
                0x080065c8       0x38 build/EC2x.o
                0x080065c8                ec2x_replymatch
 .text.ec2x_cmd_send
                0x08006600       0x70 build/EC2x.o
 .text.ec2x_reset.constprop.0
                0x08006670       0x4c build/EC2x.o
 .text.ec2x_tcp_connect
                0x080066bc       0xd4 build/EC2x.o
                0x080066bc                ec2x_tcp_connect
 .text.EC2x_Test
                0x08006790       0xbc build/EC2x.o
                0x08006790                EC2x_Test
 .text.ec2x_open
                0x0800684c       0x48 build/EC2x.o
                0x0800684c                ec2x_open
 .text.SX1278_SPIBurstWrite.part.0
                0x08006894       0x38 build/SX1278.o
 .text.SX1278_SPIRead
                0x080068cc       0x1e build/SX1278.o
                0x080068cc                SX1278_SPIRead
 .text.SX1278_SPIWrite
                0x080068ea       0x2e build/SX1278.o
                0x080068ea                SX1278_SPIWrite
 .text.SX1278_SPIBurstRead
                0x08006918       0x42 build/SX1278.o
                0x08006918                SX1278_SPIBurstRead
 .text.SX1278_SPIBurstWrite
                0x0800695a        0xa build/SX1278.o
                0x0800695a                SX1278_SPIBurstWrite
 .text.SX1278_standby
                0x08006964       0x12 build/SX1278.o
                0x08006964                SX1278_standby
 .text.SX1278_sleep
                0x08006976       0x12 build/SX1278.o
                0x08006976                SX1278_sleep
 .text.SX1278_entryLoRa
                0x08006988        0x8 build/SX1278.o
                0x08006988                SX1278_entryLoRa
 .text.SX1278_config
                0x08006990      0x154 build/SX1278.o
                0x08006990                SX1278_config
 .text.SX1278_clearLoRaIrq
                0x08006ae4        0x8 build/SX1278.o
                0x08006ae4                SX1278_clearLoRaIrq
 .text.SX1278_LoRaEntryRx
                0x08006aec       0x98 build/SX1278.o
                0x08006aec                SX1278_LoRaEntryRx
 .text.SX1278_LoRaRxPacket
                0x08006b84       0x94 build/SX1278.o
                0x08006b84                SX1278_LoRaRxPacket
 .text.SX1278_DIO0IRQ_Handler
                0x08006c18        0xc build/SX1278.o
                0x08006c18                SX1278_DIO0IRQ_Handler
 .text.SX1278_LoRaEntryTx
                0x08006c24       0x80 build/SX1278.o
                0x08006c24                SX1278_LoRaEntryTx
 .text.SX1278_LoRaTxPacket
                0x08006ca4       0x5c build/SX1278.o
                0x08006ca4                SX1278_LoRaTxPacket
 .text.SX1278_init
                0x08006d00       0x50 build/SX1278.o
                0x08006d00                SX1278_init
 .text.SX1278_transmit
                0x08006d50       0x2a build/SX1278.o
                0x08006d50                SX1278_transmit
 .text.SX1278_receive
                0x08006d7a        0x4 build/SX1278.o
                0x08006d7a                SX1278_receive
 *fill*         0x08006d7e        0x2 
 .text.LORA_Send
                0x08006d80       0x88 build/SX1278.o
                0x08006d80                LORA_Send
 .text.Reset_Handler
                0x08006e08       0x50 build/startup_stm32l431xx.o
                0x08006e08                Reset_Handler
 .text.Default_Handler
                0x08006e58        0x2 build/startup_stm32l431xx.o
                0x08006e58                RTC_Alarm_IRQHandler
                0x08006e58                EXTI2_IRQHandler
                0x08006e58                TIM1_CC_IRQHandler
                0x08006e58                TSC_IRQHandler
                0x08006e58                TAMP_STAMP_IRQHandler
                0x08006e58                EXTI3_IRQHandler
                0x08006e58                LPTIM2_IRQHandler
                0x08006e58                I2C3_ER_IRQHandler
                0x08006e58                EXTI0_IRQHandler
                0x08006e58                I2C2_EV_IRQHandler
                0x08006e58                CAN1_RX0_IRQHandler
                0x08006e58                FPU_IRQHandler
                0x08006e58                TIM1_UP_TIM16_IRQHandler
                0x08006e58                SPI1_IRQHandler
                0x08006e58                TIM6_DAC_IRQHandler
                0x08006e58                DMA2_Channel2_IRQHandler
                0x08006e58                DMA1_Channel4_IRQHandler
                0x08006e58                ADC1_IRQHandler
                0x08006e58                DMA1_Channel7_IRQHandler
                0x08006e58                CAN1_RX1_IRQHandler
                0x08006e58                DMA2_Channel1_IRQHandler
                0x08006e58                QUADSPI_IRQHandler
                0x08006e58                I2C1_EV_IRQHandler
                0x08006e58                DMA1_Channel6_IRQHandler
                0x08006e58                DMA2_Channel4_IRQHandler
                0x08006e58                RCC_IRQHandler
                0x08006e58                TIM1_TRG_COM_IRQHandler
                0x08006e58                DMA1_Channel1_IRQHandler
                0x08006e58                Default_Handler
                0x08006e58                DMA2_Channel7_IRQHandler
                0x08006e58                EXTI15_10_IRQHandler
                0x08006e58                TIM7_IRQHandler
                0x08006e58                SDMMC1_IRQHandler
                0x08006e58                I2C3_EV_IRQHandler
                0x08006e58                RTC_WKUP_IRQHandler
                0x08006e58                PVD_PVM_IRQHandler
                0x08006e58                CAN1_TX_IRQHandler
                0x08006e58                DMA2_Channel5_IRQHandler
                0x08006e58                CRS_IRQHandler
                0x08006e58                DMA1_Channel5_IRQHandler
                0x08006e58                EXTI4_IRQHandler
                0x08006e58                RNG_IRQHandler
                0x08006e58                DMA1_Channel3_IRQHandler
                0x08006e58                COMP_IRQHandler
                0x08006e58                WWDG_IRQHandler
                0x08006e58                LPUART1_IRQHandler
                0x08006e58                DMA2_Channel6_IRQHandler
                0x08006e58                TIM2_IRQHandler
                0x08006e58                EXTI1_IRQHandler
                0x08006e58                I2C2_ER_IRQHandler
                0x08006e58                DMA1_Channel2_IRQHandler
                0x08006e58                CAN1_SCE_IRQHandler
                0x08006e58                FLASH_IRQHandler
                0x08006e58                I2C1_ER_IRQHandler
                0x08006e58                SWPMI1_IRQHandler
                0x08006e58                LPTIM1_IRQHandler
                0x08006e58                SAI1_IRQHandler
                0x08006e58                DMA2_Channel3_IRQHandler
                0x08006e58                TIM1_BRK_TIM15_IRQHandler
 *fill*         0x08006e5a        0x2 
 .text.__libc_init_array
                0x08006e5c       0x48 e:/gcc-arm-none-eabi-10.3-2021.10-win32/gcc-arm-none-eabi-10.3-2021.10/bin/../lib/gcc/arm-none-eabi/10.3.1/../../../../arm-none-eabi/lib/thumb/v7e-m+fp/hard\libc_nano.a(lib_a-init.o)
                0x08006e5c                __libc_init_array
 .text.malloc   0x08006ea4       0x10 e:/gcc-arm-none-eabi-10.3-2021.10-win32/gcc-arm-none-eabi-10.3-2021.10/bin/../lib/gcc/arm-none-eabi/10.3.1/../../../../arm-none-eabi/lib/thumb/v7e-m+fp/hard\libc_nano.a(lib_a-malloc.o)
                0x08006ea4                malloc
 .text.free     0x08006eb4       0x10 e:/gcc-arm-none-eabi-10.3-2021.10-win32/gcc-arm-none-eabi-10.3-2021.10/bin/../lib/gcc/arm-none-eabi/10.3.1/../../../../arm-none-eabi/lib/thumb/v7e-m+fp/hard\libc_nano.a(lib_a-malloc.o)
                0x08006eb4                free
 .text.memcpy   0x08006ec4       0x1c e:/gcc-arm-none-eabi-10.3-2021.10-win32/gcc-arm-none-eabi-10.3-2021.10/bin/../lib/gcc/arm-none-eabi/10.3.1/../../../../arm-none-eabi/lib/thumb/v7e-m+fp/hard\libc_nano.a(lib_a-memcpy-stub.o)
                0x08006ec4                memcpy
 .text.memset   0x08006ee0       0x10 e:/gcc-arm-none-eabi-10.3-2021.10-win32/gcc-arm-none-eabi-10.3-2021.10/bin/../lib/gcc/arm-none-eabi/10.3.1/../../../../arm-none-eabi/lib/thumb/v7e-m+fp/hard\libc_nano.a(lib_a-memset.o)
                0x08006ee0                memset
 .text._free_r  0x08006ef0       0x98 e:/gcc-arm-none-eabi-10.3-2021.10-win32/gcc-arm-none-eabi-10.3-2021.10/bin/../lib/gcc/arm-none-eabi/10.3.1/../../../../arm-none-eabi/lib/thumb/v7e-m+fp/hard\libc_nano.a(lib_a-nano-freer.o)
                0x08006ef0                _free_r
 .text.sbrk_aligned
                0x08006f88       0x40 e:/gcc-arm-none-eabi-10.3-2021.10-win32/gcc-arm-none-eabi-10.3-2021.10/bin/../lib/gcc/arm-none-eabi/10.3.1/../../../../arm-none-eabi/lib/thumb/v7e-m+fp/hard\libc_nano.a(lib_a-nano-mallocr.o)
 .text._malloc_r
                0x08006fc8       0xe8 e:/gcc-arm-none-eabi-10.3-2021.10-win32/gcc-arm-none-eabi-10.3-2021.10/bin/../lib/gcc/arm-none-eabi/10.3.1/../../../../arm-none-eabi/lib/thumb/v7e-m+fp/hard\libc_nano.a(lib_a-nano-mallocr.o)
                0x08006fc8                _malloc_r
 .text._sbrk_r  0x080070b0       0x20 e:/gcc-arm-none-eabi-10.3-2021.10-win32/gcc-arm-none-eabi-10.3-2021.10/bin/../lib/gcc/arm-none-eabi/10.3.1/../../../../arm-none-eabi/lib/thumb/v7e-m+fp/hard\libc_nano.a(lib_a-sbrkr.o)
                0x080070b0                _sbrk_r
 .text.strncmp  0x080070d0       0x28 e:/gcc-arm-none-eabi-10.3-2021.10-win32/gcc-arm-none-eabi-10.3-2021.10/bin/../lib/gcc/arm-none-eabi/10.3.1/../../../../arm-none-eabi/lib/thumb/v7e-m+fp/hard\libc_nano.a(lib_a-strncmp.o)
                0x080070d0                strncmp
 .text.strstr   0x080070f8       0x2c e:/gcc-arm-none-eabi-10.3-2021.10-win32/gcc-arm-none-eabi-10.3-2021.10/bin/../lib/gcc/arm-none-eabi/10.3.1/../../../../arm-none-eabi/lib/thumb/v7e-m+fp/hard\libc_nano.a(lib_a-strstr.o)
                0x080070f8                strstr
 .text._vsnprintf_r
                0x08007124       0x56 e:/gcc-arm-none-eabi-10.3-2021.10-win32/gcc-arm-none-eabi-10.3-2021.10/bin/../lib/gcc/arm-none-eabi/10.3.1/../../../../arm-none-eabi/lib/thumb/v7e-m+fp/hard\libc_nano.a(lib_a-vsnprintf.o)
                0x08007124                _vsniprintf_r
                0x08007124                _vsnprintf_r
 *fill*         0x0800717a        0x2 
 .text.vsnprintf
                0x0800717c       0x1c e:/gcc-arm-none-eabi-10.3-2021.10-win32/gcc-arm-none-eabi-10.3-2021.10/bin/../lib/gcc/arm-none-eabi/10.3.1/../../../../arm-none-eabi/lib/thumb/v7e-m+fp/hard\libc_nano.a(lib_a-vsnprintf.o)
                0x0800717c                vsniprintf
                0x0800717c                vsnprintf
 .text.__malloc_lock
                0x08007198        0xc e:/gcc-arm-none-eabi-10.3-2021.10-win32/gcc-arm-none-eabi-10.3-2021.10/bin/../lib/gcc/arm-none-eabi/10.3.1/../../../../arm-none-eabi/lib/thumb/v7e-m+fp/hard\libc_nano.a(lib_a-mlock.o)
                0x08007198                __malloc_lock
 .text.__malloc_unlock
                0x080071a4        0xc e:/gcc-arm-none-eabi-10.3-2021.10-win32/gcc-arm-none-eabi-10.3-2021.10/bin/../lib/gcc/arm-none-eabi/10.3.1/../../../../arm-none-eabi/lib/thumb/v7e-m+fp/hard\libc_nano.a(lib_a-mlock.o)
                0x080071a4                __malloc_unlock
 .text.__ssputs_r
                0x080071b0       0xb6 e:/gcc-arm-none-eabi-10.3-2021.10-win32/gcc-arm-none-eabi-10.3-2021.10/bin/../lib/gcc/arm-none-eabi/10.3.1/../../../../arm-none-eabi/lib/thumb/v7e-m+fp/hard\libc_nano.a(lib_a-nano-svfprintf.o)
                0x080071b0                __ssputs_r
 *fill*         0x08007266        0x2 
 .text._svfprintf_r
                0x08007268      0x200 e:/gcc-arm-none-eabi-10.3-2021.10-win32/gcc-arm-none-eabi-10.3-2021.10/bin/../lib/gcc/arm-none-eabi/10.3.1/../../../../arm-none-eabi/lib/thumb/v7e-m+fp/hard\libc_nano.a(lib_a-nano-svfprintf.o)
                0x08007268                _svfiprintf_r
                0x08007268                _svfprintf_r
 .text._printf_common
                0x08007468       0xda e:/gcc-arm-none-eabi-10.3-2021.10-win32/gcc-arm-none-eabi-10.3-2021.10/bin/../lib/gcc/arm-none-eabi/10.3.1/../../../../arm-none-eabi/lib/thumb/v7e-m+fp/hard\libc_nano.a(lib_a-nano-vfprintf_i.o)
                0x08007468                _printf_common
 *fill*         0x08007542        0x2 
 .text._printf_i
                0x08007544      0x24c e:/gcc-arm-none-eabi-10.3-2021.10-win32/gcc-arm-none-eabi-10.3-2021.10/bin/../lib/gcc/arm-none-eabi/10.3.1/../../../../arm-none-eabi/lib/thumb/v7e-m+fp/hard\libc_nano.a(lib_a-nano-vfprintf_i.o)
                0x08007544                _printf_i
 .text.__retarget_lock_acquire_recursive
                0x08007790        0x2 e:/gcc-arm-none-eabi-10.3-2021.10-win32/gcc-arm-none-eabi-10.3-2021.10/bin/../lib/gcc/arm-none-eabi/10.3.1/../../../../arm-none-eabi/lib/thumb/v7e-m+fp/hard\libc_nano.a(lib_a-lock.o)
                0x08007790                __retarget_lock_acquire_recursive
 .text.__retarget_lock_release_recursive
                0x08007792        0x2 e:/gcc-arm-none-eabi-10.3-2021.10-win32/gcc-arm-none-eabi-10.3-2021.10/bin/../lib/gcc/arm-none-eabi/10.3.1/../../../../arm-none-eabi/lib/thumb/v7e-m+fp/hard\libc_nano.a(lib_a-lock.o)
                0x08007792                __retarget_lock_release_recursive
 .text.memmove  0x08007794       0x34 e:/gcc-arm-none-eabi-10.3-2021.10-win32/gcc-arm-none-eabi-10.3-2021.10/bin/../lib/gcc/arm-none-eabi/10.3.1/../../../../arm-none-eabi/lib/thumb/v7e-m+fp/hard\libc_nano.a(lib_a-memmove.o)
                0x08007794                memmove
 .text._realloc_r
                0x080077c8       0x5e e:/gcc-arm-none-eabi-10.3-2021.10-win32/gcc-arm-none-eabi-10.3-2021.10/bin/../lib/gcc/arm-none-eabi/10.3.1/../../../../arm-none-eabi/lib/thumb/v7e-m+fp/hard\libc_nano.a(lib_a-nano-reallocr.o)
                0x080077c8                _realloc_r
 .text._malloc_usable_size_r
                0x08007826       0x10 e:/gcc-arm-none-eabi-10.3-2021.10-win32/gcc-arm-none-eabi-10.3-2021.10/bin/../lib/gcc/arm-none-eabi/10.3.1/../../../../arm-none-eabi/lib/thumb/v7e-m+fp/hard\libc_nano.a(lib_a-nano-msizer.o)
                0x08007826                _malloc_usable_size_r
 *fill*         0x08007836        0x2 
 .text.pow      0x08007838       0xf0 e:/gcc-arm-none-eabi-10.3-2021.10-win32/gcc-arm-none-eabi-10.3-2021.10/bin/../lib/gcc/arm-none-eabi/10.3.1/../../../../arm-none-eabi/lib/thumb/v7e-m+fp/hard\libm.a(lib_a-w_pow.o)
                0x08007838                pow
 .text.__ieee754_pow
                0x08007928      0xb74 e:/gcc-arm-none-eabi-10.3-2021.10-win32/gcc-arm-none-eabi-10.3-2021.10/bin/../lib/gcc/arm-none-eabi/10.3.1/../../../../arm-none-eabi/lib/thumb/v7e-m+fp/hard\libm.a(lib_a-e_pow.o)
                0x08007928                __ieee754_pow
 .text.__ieee754_sqrt
                0x0800849c      0x198 e:/gcc-arm-none-eabi-10.3-2021.10-win32/gcc-arm-none-eabi-10.3-2021.10/bin/../lib/gcc/arm-none-eabi/10.3.1/../../../../arm-none-eabi/lib/thumb/v7e-m+fp/hard\libm.a(lib_a-e_sqrt.o)
                0x0800849c                __ieee754_sqrt
 .text.with_errno
                0x08008634       0x18 e:/gcc-arm-none-eabi-10.3-2021.10-win32/gcc-arm-none-eabi-10.3-2021.10/bin/../lib/gcc/arm-none-eabi/10.3.1/../../../../arm-none-eabi/lib/thumb/v7e-m+fp/hard\libm.a(lib_a-math_err.o)
 .text.xflow    0x0800864c       0x2c e:/gcc-arm-none-eabi-10.3-2021.10-win32/gcc-arm-none-eabi-10.3-2021.10/bin/../lib/gcc/arm-none-eabi/10.3.1/../../../../arm-none-eabi/lib/thumb/v7e-m+fp/hard\libm.a(lib_a-math_err.o)
 .text.__math_uflow
                0x08008678       0x14 e:/gcc-arm-none-eabi-10.3-2021.10-win32/gcc-arm-none-eabi-10.3-2021.10/bin/../lib/gcc/arm-none-eabi/10.3.1/../../../../arm-none-eabi/lib/thumb/v7e-m+fp/hard\libm.a(lib_a-math_err.o)
                0x08008678                __math_uflow
 .text.__math_oflow
                0x0800868c       0x14 e:/gcc-arm-none-eabi-10.3-2021.10-win32/gcc-arm-none-eabi-10.3-2021.10/bin/../lib/gcc/arm-none-eabi/10.3.1/../../../../arm-none-eabi/lib/thumb/v7e-m+fp/hard\libm.a(lib_a-math_err.o)
                0x0800868c                __math_oflow
 .text.fabs     0x080086a0       0x14 e:/gcc-arm-none-eabi-10.3-2021.10-win32/gcc-arm-none-eabi-10.3-2021.10/bin/../lib/gcc/arm-none-eabi/10.3.1/../../../../arm-none-eabi/lib/thumb/v7e-m+fp/hard\libm.a(lib_a-s_fabs.o)
                0x080086a0                fabs
 .text.finite   0x080086b4       0x18 e:/gcc-arm-none-eabi-10.3-2021.10-win32/gcc-arm-none-eabi-10.3-2021.10/bin/../lib/gcc/arm-none-eabi/10.3.1/../../../../arm-none-eabi/lib/thumb/v7e-m+fp/hard\libm.a(lib_a-s_finite.o)
                0x080086b4                finite
 *fill*         0x080086cc        0x4 
 .text.scalbn   0x080086d0      0x124 e:/gcc-arm-none-eabi-10.3-2021.10-win32/gcc-arm-none-eabi-10.3-2021.10/bin/../lib/gcc/arm-none-eabi/10.3.1/../../../../arm-none-eabi/lib/thumb/v7e-m+fp/hard\libm.a(lib_a-s_scalbn.o)
                0x080086d0                scalbn
 .text._sbrk    0x080087f4       0x1c e:/gcc-arm-none-eabi-10.3-2021.10-win32/gcc-arm-none-eabi-10.3-2021.10/bin/../lib/gcc/arm-none-eabi/10.3.1/../../../../arm-none-eabi/lib/thumb/v7e-m+fp/hard\libnosys.a(sbrk.o)
                0x080087f4                _sbrk
 .text.__errno  0x08008810        0xc e:/gcc-arm-none-eabi-10.3-2021.10-win32/gcc-arm-none-eabi-10.3-2021.10/bin/../lib/gcc/arm-none-eabi/10.3.1/../../../../arm-none-eabi/lib/thumb/v7e-m+fp/hard\libc_nano.a(lib_a-errno.o)
                0x08008810                __errno
 *(.glue_7)
 .glue_7        0x0800881c        0x0 linker stubs
 *(.glue_7t)
 .glue_7t       0x0800881c        0x0 linker stubs
 *(.eh_frame)
 .eh_frame      0x0800881c        0x0 e:/gcc-arm-none-eabi-10.3-2021.10-win32/gcc-arm-none-eabi-10.3-2021.10/bin/../lib/gcc/arm-none-eabi/10.3.1/thumb/v7e-m+fp/hard/crtbegin.o
 *(.init)
 .init          0x0800881c        0x4 e:/gcc-arm-none-eabi-10.3-2021.10-win32/gcc-arm-none-eabi-10.3-2021.10/bin/../lib/gcc/arm-none-eabi/10.3.1/thumb/v7e-m+fp/hard/crti.o
                0x0800881c                _init
 .init          0x08008820        0x8 e:/gcc-arm-none-eabi-10.3-2021.10-win32/gcc-arm-none-eabi-10.3-2021.10/bin/../lib/gcc/arm-none-eabi/10.3.1/thumb/v7e-m+fp/hard/crtn.o
 *(.fini)
 .fini          0x08008828        0x4 e:/gcc-arm-none-eabi-10.3-2021.10-win32/gcc-arm-none-eabi-10.3-2021.10/bin/../lib/gcc/arm-none-eabi/10.3.1/thumb/v7e-m+fp/hard/crti.o
                0x08008828                _fini
 .fini          0x0800882c        0x8 e:/gcc-arm-none-eabi-10.3-2021.10-win32/gcc-arm-none-eabi-10.3-2021.10/bin/../lib/gcc/arm-none-eabi/10.3.1/thumb/v7e-m+fp/hard/crtn.o
                0x08008838                . = ALIGN (0x8)
 *fill*         0x08008834        0x4 
                0x08008838                _etext = .

.vfp11_veneer   0x08008838        0x0
 .vfp11_veneer  0x08008838        0x0 linker stubs

.v4_bx          0x08008838        0x0
 .v4_bx         0x08008838        0x0 linker stubs

.iplt           0x08008838        0x0
 .iplt          0x08008838        0x0 e:/gcc-arm-none-eabi-10.3-2021.10-win32/gcc-arm-none-eabi-10.3-2021.10/bin/../lib/gcc/arm-none-eabi/10.3.1/thumb/v7e-m+fp/hard/crtbegin.o

.rodata         0x08008838      0xb40
                0x08008838                . = ALIGN (0x8)
 *(.rodata)
 .rodata        0x08008838        0x3 build/W25QXX.o
 *(.rodata*)
 .rodata.DeviceID_Print.str1.1
                0x0800883b        0xa build/main.o
                                  0xd (size before relaxing)
 .rodata.Test_All.str1.1
                0x08008845       0xa8 build/main.o
 .rodata.main.str1.1
                0x080088ed       0x44 build/main.o
 .rodata.shellCmdmac_print
                0x08008931        0xa build/main.o
                0x08008931                shellCmdmac_print
 .rodata.shellCmdtest_all
                0x0800893b        0x9 build/main.o
                0x0800893b                shellCmdtest_all
 .rodata.shellDescmac_print
                0x08008944        0xe build/main.o
                0x08008944                shellDescmac_print
 .rodata.shellDesctest_all
                0x08008952       0x10 build/main.o
                0x08008952                shellDesctest_all
 .rodata.CSWTCH.53
                0x08008962        0x3 build/stm32l4xx_hal_uart.o
 .rodata.CSWTCH.54
                0x08008965        0xd build/stm32l4xx_hal_uart.o
 .rodata.AHBPrescTable
                0x08008972       0x10 build/system_stm32l4xx.o
                0x08008972                AHBPrescTable
 .rodata.APBPrescTable
                0x08008982        0x8 build/system_stm32l4xx.o
                0x08008982                APBPrescTable
 *fill*         0x0800898a        0x2 
 .rodata.MSIRangeTable
                0x0800898c       0x30 build/system_stm32l4xx.o
                0x0800898c                MSIRangeTable
 .rodata.CSWTCH.13
                0x080089bc        0x3 build/shell_ext.o
 .rodata.CSWTCH.14
                0x080089bf        0x3 build/shell_ext.o
 .rodata.shellClear.str1.1
                0x080089c2        0x9 build/shell.o
 .rodata.shellWritePrompt.constprop.0.str1.1
                0x080089cb       0x1c build/shell.o
                                 0x21 (size before relaxing)
 .rodata.shellWriteReturnValue.str1.1
                0x080089e7       0x1a build/shell.o
 .rodata.shellListItem.str1.1
                0x08008a01       0x20 build/shell.o
 .rodata.shellListCommand.str1.1
                0x08008a21       0x12 build/shell.o
 .rodata.shellListVar.str1.1
                0x08008a33        0xe build/shell.o
 .rodata.shellListUser.str1.1
                0x08008a41        0xf build/shell.o
 .rodata.shellListKey.str1.1
                0x08008a50        0xe build/shell.o
 .rodata.shellDeleteCommandLine.str1.1
                0x08008a5e        0x4 build/shell.o
 .rodata.shellInsertByte.str1.1
                0x08008a62       0x21 build/shell.o
 .rodata.shellHelp.str1.1
                0x08008a83       0x25 build/shell.o
 .rodata.shellShowVar.str1.1
                0x08008aa8        0x6 build/shell.o
 .rodata.shellSetVarValue.str1.1
                0x08008aae       0x2e build/shell.o
 .rodata.shellSetVar.str1.1
                0x08008adc       0x20 build/shell.o
 .rodata.shellSetUser.str1.1
                0x08008afc      0x158 build/shell.o
 .rodata.shellInit.str1.1
                0x08008c54        0x7 build/shell.o
 .rodata.shellExec.str1.1
                0x08008c5b       0x13 build/shell.o
 .rodata.shellCmdDefaultUser
                0x08008c6e        0x7 build/shell.o
                0x08008c6e                shellCmdDefaultUser
 .rodata.shellCmdclear
                0x08008c75        0x6 build/shell.o
                0x08008c75                shellCmdclear
 .rodata.shellCmdcmds
                0x08008c7b        0x5 build/shell.o
                0x08008c7b                shellCmdcmds
 .rodata.shellCmdhelp
                0x08008c80        0x5 build/shell.o
                0x08008c80                shellCmdhelp
 .rodata.shellCmdkeys
                0x08008c85        0x5 build/shell.o
                0x08008c85                shellCmdkeys
 .rodata.shellCmdsetVar
                0x08008c8a        0x7 build/shell.o
                0x08008c8a                shellCmdsetVar
 .rodata.shellCmdusers
                0x08008c91        0x6 build/shell.o
                0x08008c91                shellCmdusers
 .rodata.shellCmdvars
                0x08008c97        0x5 build/shell.o
                0x08008c97                shellCmdvars
 .rodata.shellDesDefaultUser
                0x08008c9c        0xd build/shell.o
                0x08008c9c                shellDesDefaultUser
 .rodata.shellDesc0x08000000
                0x08008ca9        0xa build/shell.o
                0x08008ca9                shellDesc0x08000000
 .rodata.shellDesc0x09000000
                0x08008cb3        0x4 build/shell.o
                0x08008cb3                shellDesc0x09000000
 .rodata.shellDesc0x0A000000
                0x08008cb7        0x6 build/shell.o
                0x08008cb7                shellDesc0x0A000000
 .rodata.shellDesc0x0D000000
                0x08008cbd        0x6 build/shell.o
                0x08008cbd                shellDesc0x0D000000
 .rodata.shellDesc0x1B5B337E
                0x08008cc3        0x7 build/shell.o
                0x08008cc3                shellDesc0x1B5B337E
 .rodata.shellDesc0x1B5B4100
                0x08008cca        0x3 build/shell.o
                0x08008cca                shellDesc0x1B5B4100
 .rodata.shellDesc0x1B5B4200
                0x08008ccd        0x5 build/shell.o
                0x08008ccd                shellDesc0x1B5B4200
 .rodata.shellDesc0x1B5B4300
                0x08008cd2        0x6 build/shell.o
                0x08008cd2                shellDesc0x1B5B4300
 .rodata.shellDesc0x1B5B4400
                0x08008cd8        0x5 build/shell.o
                0x08008cd8                shellDesc0x1B5B4400
 .rodata.shellDesc0x7F000000
                0x08008cdd        0xa build/shell.o
                0x08008cdd                shellDesc0x7F000000
 .rodata.shellDescclear
                0x08008ce7        0xe build/shell.o
                0x08008ce7                shellDescclear
 .rodata.shellDesccmds
                0x08008cf5        0xd build/shell.o
                0x08008cf5                shellDesccmds
 .rodata.shellDeschelp
                0x08008d02       0x1e build/shell.o
                0x08008d02                shellDeschelp
 .rodata.shellDesckeys
                0x08008d20        0xd build/shell.o
                0x08008d20                shellDesckeys
 .rodata.shellDescsetVar
                0x08008d2d        0x8 build/shell.o
                0x08008d2d                shellDescsetVar
 .rodata.shellDescusers
                0x08008d35        0xe build/shell.o
                0x08008d35                shellDescusers
 .rodata.shellDescvars
                0x08008d43        0xd build/shell.o
                0x08008d43                shellDescvars
 .rodata.shellPasswordDefaultUser
                0x08008d50        0x1 build/shell.o
                0x08008d50                shellPasswordDefaultUser
 .rodata.LDR_Value_Get.str1.1
                0x08008d51       0x2e build/adc.o
 .rodata.Battery_Test.str1.1
                0x08008d7f       0x49 build/adc.o
 .rodata.shellCmdbattery_test
                0x08008dc8        0xd build/adc.o
                0x08008dc8                shellCmdbattery_test
 .rodata.shellCmdldr_test
                0x08008dd5        0x9 build/adc.o
                0x08008dd5                shellCmdldr_test
 .rodata.shellDescbattery_test
                0x08008dde       0x1a build/adc.o
                0x08008dde                shellDescbattery_test
 .rodata.shellDescldr_test
                0x08008df8        0xe build/adc.o
                0x08008df8                shellDescldr_test
 .rodata.Flash_Test.str1.1
                0x08008e06       0x9f build/W25QXX.o
 .rodata.shellCmdflash_test
                0x08008ea5        0xb build/W25QXX.o
                0x08008ea5                shellCmdflash_test
 .rodata.shellDescflash_test
                0x08008eb0       0x1d build/W25QXX.o
                0x08008eb0                shellDescflash_test
 .rodata.LED_Test.str1.1
                0x08008ecd       0x3c build/led.o
 .rodata.shellCmdled_test
                0x08008f09        0x9 build/led.o
                0x08008f09                shellCmdled_test
 .rodata.shellDescled_test
                0x08008f12        0xe build/led.o
                0x08008f12                shellDescled_test
 .rodata.shellCmdrs485_test
                0x08008f20        0xb build/rs485.o
                0x08008f20                shellCmdrs485_test
 .rodata.shellDescrs485_test
                0x08008f2b       0x10 build/rs485.o
                0x08008f2b                shellDescrs485_test
 .rodata.BDS_Test.str1.1
                0x08008f3b       0x2a build/ATGM332D.o
                                 0x2f (size before relaxing)
 .rodata.shellCmdbds_test
                0x08008f65        0x9 build/ATGM332D.o
                0x08008f65                shellCmdbds_test
 .rodata.shellDescbds_test
                0x08008f6e        0xd build/ATGM332D.o
                0x08008f6e                shellDescbds_test
 .rodata.ec2x_handler.str1.1
                0x08008f7b        0x3 build/EC2x.o
 .rodata.ec2x_reset.constprop.0.str1.1
                0x08008f7e        0x6 build/EC2x.o
 .rodata.ec2x_tcp_connect.str1.1
                0x08008f84       0x50 build/EC2x.o
 .rodata.EC2x_Test.str1.1
                0x08008fd4       0x36 build/EC2x.o
 .rodata.ec2x_open.str1.1
                0x0800900a       0x2c build/EC2x.o
 .rodata.str1.1
                0x08009036       0x87 build/EC2x.o
                                 0x8a (size before relaxing)
 .rodata.shellCmdec2x_connect
                0x080090bd        0xd build/EC2x.o
                0x080090bd                shellCmdec2x_connect
 .rodata.shellCmdec2x_test
                0x080090ca        0xa build/EC2x.o
                0x080090ca                shellCmdec2x_test
 .rodata.shellDescec2x_connect
                0x080090d4       0x11 build/EC2x.o
                0x080090d4                shellDescec2x_connect
 .rodata.shellDescec2x_test
                0x080090e5       0x20 build/EC2x.o
                0x080090e5                shellDescec2x_test
 .rodata.LORA_Send.str1.1
                0x08009105       0x2e build/SX1278.o
 .rodata.SX1278_CRC_Sum
                0x08009133        0x2 build/SX1278.o
 .rodata.SX1278_CodingRate
                0x08009135        0x4 build/SX1278.o
 .rodata.SX1278_LoRaBandwidth
                0x08009139        0xa build/SX1278.o
 .rodata.SX1278_Power
                0x08009143        0x4 build/SX1278.o
 .rodata.SX1278_SpreadFactor
                0x08009147        0x7 build/SX1278.o
 .rodata.shellCmdlora_test
                0x0800914e        0xa build/SX1278.o
                0x0800914e                shellCmdlora_test
 .rodata.shellDesclora_test
                0x08009158       0x16 build/SX1278.o
                0x08009158                shellDesclora_test
 .rodata._svfprintf_r.str1.1
                0x0800916e       0x11 e:/gcc-arm-none-eabi-10.3-2021.10-win32/gcc-arm-none-eabi-10.3-2021.10/bin/../lib/gcc/arm-none-eabi/10.3.1/../../../../arm-none-eabi/lib/thumb/v7e-m+fp/hard\libc_nano.a(lib_a-nano-svfprintf.o)
 .rodata._printf_i.str1.1
                0x0800917f       0x22 e:/gcc-arm-none-eabi-10.3-2021.10-win32/gcc-arm-none-eabi-10.3-2021.10/bin/../lib/gcc/arm-none-eabi/10.3.1/../../../../arm-none-eabi/lib/thumb/v7e-m+fp/hard\libc_nano.a(lib_a-nano-vfprintf_i.o)
                0x080091a8                . = ALIGN (0x8)
 *fill*         0x080091a1        0x7 
                0x080091a8                _shell_command_start = .
 *(shellCommand)
 shellCommand   0x080091a8       0x20 build/main.o
                0x080091a8                shellCommandmac_print
                0x080091b8                shellCommandtest_all
 shellCommand   0x080091c8      0x120 build/shell.o
                0x080091c8                shellCommandclear
                0x080091d8                shellCommandkeys
                0x080091e8                shellCommandvars
                0x080091f8                shellCommandcmds
                0x08009208                shellCommandusers
                0x08009218                shellCommandhelp
                0x08009228                shellKey0x0D000000
                0x08009238                shellKey0x0A000000
                0x08009248                shellKey0x1B5B337E
                0x08009258                shellKey0x7F000000
                0x08009268                shellKey0x08000000
                0x08009278                shellKey0x09000000
                0x08009288                shellKey0x1B5B4400
                0x08009298                shellKey0x1B5B4300
                0x080092a8                shellKey0x1B5B4200
                0x080092b8                shellKey0x1B5B4100
                0x080092c8                shellCommandsetVar
                0x080092d8                shellUserDefault
 shellCommand   0x080092e8       0x20 build/adc.o
                0x080092e8                shellCommandbattery_test
                0x080092f8                shellCommandldr_test
 shellCommand   0x08009308       0x10 build/W25QXX.o
                0x08009308                shellCommandflash_test
 shellCommand   0x08009318       0x10 build/led.o
                0x08009318                shellCommandled_test
 shellCommand   0x08009328       0x10 build/rs485.o
                0x08009328                shellCommandrs485_test
 shellCommand   0x08009338       0x10 build/ATGM332D.o
                0x08009338                shellCommandbds_test
 shellCommand   0x08009348       0x20 build/EC2x.o
                0x08009348                shellCommandec2x_connect
                0x08009358                shellCommandec2x_test
 shellCommand   0x08009368       0x10 build/SX1278.o
                0x08009368                shellCommandlora_test
                0x08009378                _shell_command_end = .

.ARM.extab      0x08009378        0x0
                0x08009378                . = ALIGN (0x8)
 *(.ARM.extab* .gnu.linkonce.armextab.*)
                0x08009378                . = ALIGN (0x8)

.ARM            0x08009378        0x8
                0x08009378                . = ALIGN (0x8)
                0x08009378                __exidx_start = .
 *(.ARM.exidx*)
 .ARM.exidx     0x08009378        0x8 e:/gcc-arm-none-eabi-10.3-2021.10-win32/gcc-arm-none-eabi-10.3-2021.10/bin/../lib/gcc/arm-none-eabi/10.3.1/thumb/v7e-m+fp/hard\libgcc.a(_udivmoddi4.o)
                0x08009380                __exidx_end = .
                0x08009380                . = ALIGN (0x8)

.rel.dyn        0x08009380        0x0
 .rel.iplt      0x08009380        0x0 e:/gcc-arm-none-eabi-10.3-2021.10-win32/gcc-arm-none-eabi-10.3-2021.10/bin/../lib/gcc/arm-none-eabi/10.3.1/thumb/v7e-m+fp/hard/crtbegin.o

.preinit_array  0x08009380        0x0
                0x08009380                . = ALIGN (0x8)
                0x08009380                PROVIDE (__preinit_array_start = .)
 *(.preinit_array*)
                0x08009380                PROVIDE (__preinit_array_end = .)
                0x08009380                . = ALIGN (0x8)

.init_array     0x08009380        0x8
                0x08009380                . = ALIGN (0x8)
                0x08009380                PROVIDE (__init_array_start = .)
 *(SORT_BY_NAME(.init_array.*))
 *(.init_array*)
 .init_array    0x08009380        0x4 e:/gcc-arm-none-eabi-10.3-2021.10-win32/gcc-arm-none-eabi-10.3-2021.10/bin/../lib/gcc/arm-none-eabi/10.3.1/thumb/v7e-m+fp/hard/crtbegin.o
                0x08009384                PROVIDE (__init_array_end = .)
                0x08009388                . = ALIGN (0x8)
 *fill*         0x08009384        0x4 

.fini_array     0x08009388        0x8
                0x08009388                . = ALIGN (0x8)
                [!provide]                PROVIDE (__fini_array_start = .)
 *(SORT_BY_NAME(.fini_array.*))
 *(.fini_array*)
 .fini_array    0x08009388        0x4 e:/gcc-arm-none-eabi-10.3-2021.10-win32/gcc-arm-none-eabi-10.3-2021.10/bin/../lib/gcc/arm-none-eabi/10.3.1/thumb/v7e-m+fp/hard/crtbegin.o
                [!provide]                PROVIDE (__fini_array_end = .)
                0x08009390                . = ALIGN (0x8)
 *fill*         0x0800938c        0x4 
                0x08009390                _sidata = LOADADDR (.data)

.data           0x20000000      0x5d0 load address 0x08009390
                0x20000000                . = ALIGN (0x8)
                0x20000000                _sdata = .
 *(.data)
 *(.data*)
 .data.uwTickFreq
                0x20000000        0x1 build/stm32l4xx_hal.o
                0x20000000                uwTickFreq
 *fill*         0x20000001        0x3 
 .data.uwTickPrio
                0x20000004        0x4 build/stm32l4xx_hal.o
                0x20000004                uwTickPrio
 .data.SystemCoreClock
                0x20000008        0x4 build/system_stm32l4xx.o
                0x20000008                SystemCoreClock
 .data.lora_dev_hw
                0x2000000c       0x48 build/SX1278_hw.o
                0x2000000c                lora_dev_hw
 .data.dev_led  0x20000054       0x10 build/led.o
                0x20000054                dev_led
 .data.dev_rs485
                0x20000064        0xc build/rs485.o
                0x20000064                dev_rs485
 .data.atgm_dev
                0x20000070       0x24 build/ATGM332D.o
                0x20000070                atgm_dev
 .data.bds_dev  0x20000094        0x4 build/ATGM332D.o
                0x20000094                bds_dev
 .data.dev0_buff
                0x20000098       0xc8 build/ATGM332D.o
                0x20000098                dev0_buff
 .data.connectmsg_queue
                0x20000160       0x6c build/EC2x.o
                0x20000160                connectmsg_queue
 .data.ec2x_buff
                0x200001cc       0xc8 build/EC2x.o
                0x200001cc                ec2x_buff
 .data.ec2x_dev
                0x20000294       0x3c build/EC2x.o
                0x20000294                ec2x_dev
 .data.tcp_connect
                0x200002d0       0x30 build/EC2x.o
                0x200002d0                tcp_connect
 .data.Lora_dev
                0x20000300      0x230 build/SX1278.o
                0x20000300                Lora_dev
 .data.lora_cache
                0x20000530       0x3c build/SX1278.o
                0x20000530                lora_cache
 .data._impure_ptr
                0x2000056c        0x4 e:/gcc-arm-none-eabi-10.3-2021.10-win32/gcc-arm-none-eabi-10.3-2021.10/bin/../lib/gcc/arm-none-eabi/10.3.1/../../../../arm-none-eabi/lib/thumb/v7e-m+fp/hard\libc_nano.a(lib_a-impure.o)
                0x2000056c                _impure_ptr
 .data.impure_data
                0x20000570       0x60 e:/gcc-arm-none-eabi-10.3-2021.10-win32/gcc-arm-none-eabi-10.3-2021.10/bin/../lib/gcc/arm-none-eabi/10.3.1/../../../../arm-none-eabi/lib/thumb/v7e-m+fp/hard\libc_nano.a(lib_a-impure.o)
                0x200005d0                . = ALIGN (0x8)
                0x200005d0                _edata = .

.igot.plt       0x200005d0        0x0 load address 0x08009960
 .igot.plt      0x200005d0        0x0 e:/gcc-arm-none-eabi-10.3-2021.10-win32/gcc-arm-none-eabi-10.3-2021.10/bin/../lib/gcc/arm-none-eabi/10.3.1/thumb/v7e-m+fp/hard/crtbegin.o
                0x200005d0                . = ALIGN (0x4)

.bss            0x200005d0      0x5e4 load address 0x08009960
                0x200005d0                _sbss = .
                0x200005d0                __bss_start__ = _sbss
 *(.bss)
 .bss           0x200005d0       0x1c e:/gcc-arm-none-eabi-10.3-2021.10-win32/gcc-arm-none-eabi-10.3-2021.10/bin/../lib/gcc/arm-none-eabi/10.3.1/thumb/v7e-m+fp/hard/crtbegin.o
 *(.bss*)
 .bss.uwTick    0x200005ec        0x4 build/stm32l4xx_hal.o
                0x200005ec                uwTick
 .bss.shell     0x200005f0       0x6c build/shell_port.o
                0x200005f0                shell
 .bss.shell_buffer
                0x2000065c       0xc8 build/shell_port.o
                0x2000065c                shell_buffer
 .bss.test_error_cnt
                0x20000724        0x1 build/shell_port.o
                0x20000724                test_error_cnt
 .bss.test_ok_cnt
                0x20000725        0x1 build/shell_port.o
                0x20000725                test_ok_cnt
 .bss.buffer.0  0x20000726        0x9 build/shell.o
 *fill*         0x2000072f        0x1 
 .bss.shellList
                0x20000730       0x14 build/shell.o
 .bss.shellidle_cnt
                0x20000744        0x2 build/shell.o
                0x20000744                shellidle_cnt
 *fill*         0x20000746        0x2 
 .bss.hadc1     0x20000748       0x64 build/adc.o
                0x20000748                hadc1
 .bss.hspi2     0x200007ac       0x64 build/spi.o
                0x200007ac                hspi2
 .bss.hspi3     0x20000810       0x64 build/spi.o
                0x20000810                hspi3
 .bss.huart1    0x20000874       0x84 build/usart.o
                0x20000874                huart1
 .bss.huart2    0x200008f8       0x84 build/usart.o
                0x200008f8                huart2
 .bss.huart3    0x2000097c       0x84 build/usart.o
                0x2000097c                huart3
 .bss.u1_cache  0x20000a00       0xc8 build/usart.o
                0x20000a00                u1_cache
 .bss.u2_cache  0x20000ac8       0xc8 build/usart.o
                0x20000ac8                u2_cache
 .bss.u3_cache  0x20000b90        0x1 build/usart.o
                0x20000b90                u3_cache
 *fill*         0x20000b91        0x3 
 .bss.base_tick
                0x20000b94        0x4 build/timer.o
                0x20000b94                base_tick
 .bss.timer_list
                0x20000b98        0x4 build/timer.o
                0x20000b98                timer_list
 .bss.reset_times
                0x20000b9c        0x1 build/EC2x.o
 .bss.retry.0   0x20000b9d        0x1 build/EC2x.o
 .bss.step.1    0x20000b9e        0x1 build/EC2x.o
 *fill*         0x20000b9f        0x1 
 .bss.__malloc_free_list
                0x20000ba0        0x4 e:/gcc-arm-none-eabi-10.3-2021.10-win32/gcc-arm-none-eabi-10.3-2021.10/bin/../lib/gcc/arm-none-eabi/10.3.1/../../../../arm-none-eabi/lib/thumb/v7e-m+fp/hard\libc_nano.a(lib_a-nano-mallocr.o)
                0x20000ba0                __malloc_free_list
 .bss.__malloc_sbrk_start
                0x20000ba4        0x4 e:/gcc-arm-none-eabi-10.3-2021.10-win32/gcc-arm-none-eabi-10.3-2021.10/bin/../lib/gcc/arm-none-eabi/10.3.1/../../../../arm-none-eabi/lib/thumb/v7e-m+fp/hard\libc_nano.a(lib_a-nano-mallocr.o)
                0x20000ba4                __malloc_sbrk_start
 .bss.errno     0x20000ba8        0x4 e:/gcc-arm-none-eabi-10.3-2021.10-win32/gcc-arm-none-eabi-10.3-2021.10/bin/../lib/gcc/arm-none-eabi/10.3.1/../../../../arm-none-eabi/lib/thumb/v7e-m+fp/hard\libc_nano.a(lib_a-reent.o)
                0x20000ba8                errno
 .bss.__lock___malloc_recursive_mutex
                0x20000bac        0x1 e:/gcc-arm-none-eabi-10.3-2021.10-win32/gcc-arm-none-eabi-10.3-2021.10/bin/../lib/gcc/arm-none-eabi/10.3.1/../../../../arm-none-eabi/lib/thumb/v7e-m+fp/hard\libc_nano.a(lib_a-lock.o)
                0x20000bac                __lock___malloc_recursive_mutex
 *fill*         0x20000bad        0x3 
 .bss.heap_end.0
                0x20000bb0        0x4 e:/gcc-arm-none-eabi-10.3-2021.10-win32/gcc-arm-none-eabi-10.3-2021.10/bin/../lib/gcc/arm-none-eabi/10.3.1/../../../../arm-none-eabi/lib/thumb/v7e-m+fp/hard\libnosys.a(sbrk.o)
 *(COMMON)
                0x20000bb4                . = ALIGN (0x4)
                0x20000bb4                _ebss = .
                0x20000bb4                __bss_end__ = _ebss

._user_heap_stack
                0x20000bb4      0xa04 load address 0x08009960
                0x20000bb8                . = ALIGN (0x8)
 *fill*         0x20000bb4        0x4 
                0x20000bb8                PROVIDE (end = .)
                [!provide]                PROVIDE (_end = .)
                0x200011b8                . = (. + _Min_Heap_Size)
 *fill*         0x20000bb8      0x600 
                0x200015b8                . = (. + _Min_Stack_Size)
 *fill*         0x200011b8      0x400 
                0x200015b8                . = ALIGN (0x8)

/DISCARD/
 libc.a(*)
 libm.a(*)
 libgcc.a(*)

.ARM.attributes
                0x00000000       0x30
 *(.ARM.attributes)
 .ARM.attributes
                0x00000000       0x1e e:/gcc-arm-none-eabi-10.3-2021.10-win32/gcc-arm-none-eabi-10.3-2021.10/bin/../lib/gcc/arm-none-eabi/10.3.1/thumb/v7e-m+fp/hard/crti.o
 .ARM.attributes
                0x0000001e       0x34 e:/gcc-arm-none-eabi-10.3-2021.10-win32/gcc-arm-none-eabi-10.3-2021.10/bin/../lib/gcc/arm-none-eabi/10.3.1/thumb/v7e-m+fp/hard/crtbegin.o
 .ARM.attributes
                0x00000052       0x34 build/main.o
 .ARM.attributes
                0x00000086       0x34 build/stm32l4xx_it.o
 .ARM.attributes
                0x000000ba       0x34 build/stm32l4xx_hal_msp.o
 .ARM.attributes
                0x000000ee       0x34 build/stm32l4xx_hal_adc.o
 .ARM.attributes
                0x00000122       0x34 build/stm32l4xx_hal_adc_ex.o
 .ARM.attributes
                0x00000156       0x34 build/stm32l4xx_hal.o
 .ARM.attributes
                0x0000018a       0x34 build/stm32l4xx_hal_rcc.o
 .ARM.attributes
                0x000001be       0x34 build/stm32l4xx_hal_rcc_ex.o
 .ARM.attributes
                0x000001f2       0x34 build/stm32l4xx_hal_gpio.o
 .ARM.attributes
                0x00000226       0x34 build/stm32l4xx_hal_dma.o
 .ARM.attributes
                0x0000025a       0x34 build/stm32l4xx_hal_pwr_ex.o
 .ARM.attributes
                0x0000028e       0x34 build/stm32l4xx_hal_cortex.o
 .ARM.attributes
                0x000002c2       0x34 build/stm32l4xx_hal_spi.o
 .ARM.attributes
                0x000002f6       0x34 build/stm32l4xx_hal_uart.o
 .ARM.attributes
                0x0000032a       0x34 build/stm32l4xx_hal_uart_ex.o
 .ARM.attributes
                0x0000035e       0x34 build/system_stm32l4xx.o
 .ARM.attributes
                0x00000392       0x34 build/shell_ext.o
 .ARM.attributes
                0x000003c6       0x34 build/shell_port.o
 .ARM.attributes
                0x000003fa       0x34 build/shell.o
 .ARM.attributes
                0x0000042e       0x34 build/gpio.o
 .ARM.attributes
                0x00000462       0x34 build/adc.o
 .ARM.attributes
                0x00000496       0x34 build/spi.o
 .ARM.attributes
                0x000004ca       0x34 build/usart.o
 .ARM.attributes
                0x000004fe       0x34 build/timer.o
 .ARM.attributes
                0x00000532       0x34 build/SX1278_hw.o
 .ARM.attributes
                0x00000566       0x34 build/W25QXX.o
 .ARM.attributes
                0x0000059a       0x34 build/led.o
 .ARM.attributes
                0x000005ce       0x34 build/rs485.o
 .ARM.attributes
                0x00000602       0x34 build/ATGM332D.o
 .ARM.attributes
                0x00000636       0x34 build/EC2x.o
 .ARM.attributes
                0x0000066a       0x34 build/SX1278.o
 .ARM.attributes
                0x0000069e       0x21 build/startup_stm32l431xx.o
 .ARM.attributes
                0x000006bf       0x34 e:/gcc-arm-none-eabi-10.3-2021.10-win32/gcc-arm-none-eabi-10.3-2021.10/bin/../lib/gcc/arm-none-eabi/10.3.1/../../../../arm-none-eabi/lib/thumb/v7e-m+fp/hard\libc_nano.a(lib_a-impure.o)
 .ARM.attributes
                0x000006f3       0x34 e:/gcc-arm-none-eabi-10.3-2021.10-win32/gcc-arm-none-eabi-10.3-2021.10/bin/../lib/gcc/arm-none-eabi/10.3.1/../../../../arm-none-eabi/lib/thumb/v7e-m+fp/hard\libc_nano.a(lib_a-init.o)
 .ARM.attributes
                0x00000727       0x34 e:/gcc-arm-none-eabi-10.3-2021.10-win32/gcc-arm-none-eabi-10.3-2021.10/bin/../lib/gcc/arm-none-eabi/10.3.1/../../../../arm-none-eabi/lib/thumb/v7e-m+fp/hard\libc_nano.a(lib_a-malloc.o)
 .ARM.attributes
                0x0000075b       0x34 e:/gcc-arm-none-eabi-10.3-2021.10-win32/gcc-arm-none-eabi-10.3-2021.10/bin/../lib/gcc/arm-none-eabi/10.3.1/../../../../arm-none-eabi/lib/thumb/v7e-m+fp/hard\libc_nano.a(lib_a-memcpy-stub.o)
 .ARM.attributes
                0x0000078f       0x34 e:/gcc-arm-none-eabi-10.3-2021.10-win32/gcc-arm-none-eabi-10.3-2021.10/bin/../lib/gcc/arm-none-eabi/10.3.1/../../../../arm-none-eabi/lib/thumb/v7e-m+fp/hard\libc_nano.a(lib_a-memset.o)
 .ARM.attributes
                0x000007c3       0x34 e:/gcc-arm-none-eabi-10.3-2021.10-win32/gcc-arm-none-eabi-10.3-2021.10/bin/../lib/gcc/arm-none-eabi/10.3.1/../../../../arm-none-eabi/lib/thumb/v7e-m+fp/hard\libc_nano.a(lib_a-nano-freer.o)
 .ARM.attributes
                0x000007f7       0x34 e:/gcc-arm-none-eabi-10.3-2021.10-win32/gcc-arm-none-eabi-10.3-2021.10/bin/../lib/gcc/arm-none-eabi/10.3.1/../../../../arm-none-eabi/lib/thumb/v7e-m+fp/hard\libc_nano.a(lib_a-nano-mallocr.o)
 .ARM.attributes
                0x0000082b       0x34 e:/gcc-arm-none-eabi-10.3-2021.10-win32/gcc-arm-none-eabi-10.3-2021.10/bin/../lib/gcc/arm-none-eabi/10.3.1/../../../../arm-none-eabi/lib/thumb/v7e-m+fp/hard\libc_nano.a(lib_a-sbrkr.o)
 .ARM.attributes
                0x0000085f       0x1c e:/gcc-arm-none-eabi-10.3-2021.10-win32/gcc-arm-none-eabi-10.3-2021.10/bin/../lib/gcc/arm-none-eabi/10.3.1/../../../../arm-none-eabi/lib/thumb/v7e-m+fp/hard\libc_nano.a(lib_a-strcmp.o)
 .ARM.attributes
                0x0000087b       0x17 e:/gcc-arm-none-eabi-10.3-2021.10-win32/gcc-arm-none-eabi-10.3-2021.10/bin/../lib/gcc/arm-none-eabi/10.3.1/../../../../arm-none-eabi/lib/thumb/v7e-m+fp/hard\libc_nano.a(lib_a-strlen.o)
 .ARM.attributes
                0x00000892       0x34 e:/gcc-arm-none-eabi-10.3-2021.10-win32/gcc-arm-none-eabi-10.3-2021.10/bin/../lib/gcc/arm-none-eabi/10.3.1/../../../../arm-none-eabi/lib/thumb/v7e-m+fp/hard\libc_nano.a(lib_a-strncmp.o)
 .ARM.attributes
                0x000008c6       0x34 e:/gcc-arm-none-eabi-10.3-2021.10-win32/gcc-arm-none-eabi-10.3-2021.10/bin/../lib/gcc/arm-none-eabi/10.3.1/../../../../arm-none-eabi/lib/thumb/v7e-m+fp/hard\libc_nano.a(lib_a-strstr.o)
 .ARM.attributes
                0x000008fa       0x34 e:/gcc-arm-none-eabi-10.3-2021.10-win32/gcc-arm-none-eabi-10.3-2021.10/bin/../lib/gcc/arm-none-eabi/10.3.1/../../../../arm-none-eabi/lib/thumb/v7e-m+fp/hard\libc_nano.a(lib_a-vsnprintf.o)
 .ARM.attributes
                0x0000092e       0x34 e:/gcc-arm-none-eabi-10.3-2021.10-win32/gcc-arm-none-eabi-10.3-2021.10/bin/../lib/gcc/arm-none-eabi/10.3.1/../../../../arm-none-eabi/lib/thumb/v7e-m+fp/hard\libc_nano.a(lib_a-mlock.o)
 .ARM.attributes
                0x00000962       0x34 e:/gcc-arm-none-eabi-10.3-2021.10-win32/gcc-arm-none-eabi-10.3-2021.10/bin/../lib/gcc/arm-none-eabi/10.3.1/../../../../arm-none-eabi/lib/thumb/v7e-m+fp/hard\libc_nano.a(lib_a-nano-svfprintf.o)
 .ARM.attributes
                0x00000996       0x34 e:/gcc-arm-none-eabi-10.3-2021.10-win32/gcc-arm-none-eabi-10.3-2021.10/bin/../lib/gcc/arm-none-eabi/10.3.1/../../../../arm-none-eabi/lib/thumb/v7e-m+fp/hard\libc_nano.a(lib_a-nano-vfprintf_i.o)
 .ARM.attributes
                0x000009ca       0x34 e:/gcc-arm-none-eabi-10.3-2021.10-win32/gcc-arm-none-eabi-10.3-2021.10/bin/../lib/gcc/arm-none-eabi/10.3.1/../../../../arm-none-eabi/lib/thumb/v7e-m+fp/hard\libc_nano.a(lib_a-reent.o)
 .ARM.attributes
                0x000009fe       0x34 e:/gcc-arm-none-eabi-10.3-2021.10-win32/gcc-arm-none-eabi-10.3-2021.10/bin/../lib/gcc/arm-none-eabi/10.3.1/../../../../arm-none-eabi/lib/thumb/v7e-m+fp/hard\libc_nano.a(lib_a-lock.o)
 .ARM.attributes
                0x00000a32       0x1c e:/gcc-arm-none-eabi-10.3-2021.10-win32/gcc-arm-none-eabi-10.3-2021.10/bin/../lib/gcc/arm-none-eabi/10.3.1/../../../../arm-none-eabi/lib/thumb/v7e-m+fp/hard\libc_nano.a(lib_a-memchr.o)
 .ARM.attributes
                0x00000a4e       0x34 e:/gcc-arm-none-eabi-10.3-2021.10-win32/gcc-arm-none-eabi-10.3-2021.10/bin/../lib/gcc/arm-none-eabi/10.3.1/../../../../arm-none-eabi/lib/thumb/v7e-m+fp/hard\libc_nano.a(lib_a-memmove.o)
 .ARM.attributes
                0x00000a82       0x34 e:/gcc-arm-none-eabi-10.3-2021.10-win32/gcc-arm-none-eabi-10.3-2021.10/bin/../lib/gcc/arm-none-eabi/10.3.1/../../../../arm-none-eabi/lib/thumb/v7e-m+fp/hard\libc_nano.a(lib_a-nano-reallocr.o)
 .ARM.attributes
                0x00000ab6       0x34 e:/gcc-arm-none-eabi-10.3-2021.10-win32/gcc-arm-none-eabi-10.3-2021.10/bin/../lib/gcc/arm-none-eabi/10.3.1/../../../../arm-none-eabi/lib/thumb/v7e-m+fp/hard\libc_nano.a(lib_a-nano-msizer.o)
 .ARM.attributes
                0x00000aea       0x34 e:/gcc-arm-none-eabi-10.3-2021.10-win32/gcc-arm-none-eabi-10.3-2021.10/bin/../lib/gcc/arm-none-eabi/10.3.1/../../../../arm-none-eabi/lib/thumb/v7e-m+fp/hard\libm.a(lib_a-w_pow.o)
 .ARM.attributes
                0x00000b1e       0x34 e:/gcc-arm-none-eabi-10.3-2021.10-win32/gcc-arm-none-eabi-10.3-2021.10/bin/../lib/gcc/arm-none-eabi/10.3.1/../../../../arm-none-eabi/lib/thumb/v7e-m+fp/hard\libm.a(lib_a-e_pow.o)
 .ARM.attributes
                0x00000b52       0x34 e:/gcc-arm-none-eabi-10.3-2021.10-win32/gcc-arm-none-eabi-10.3-2021.10/bin/../lib/gcc/arm-none-eabi/10.3.1/../../../../arm-none-eabi/lib/thumb/v7e-m+fp/hard\libm.a(lib_a-e_sqrt.o)
 .ARM.attributes
                0x00000b86       0x34 e:/gcc-arm-none-eabi-10.3-2021.10-win32/gcc-arm-none-eabi-10.3-2021.10/bin/../lib/gcc/arm-none-eabi/10.3.1/../../../../arm-none-eabi/lib/thumb/v7e-m+fp/hard\libm.a(lib_a-math_err.o)
 .ARM.attributes
                0x00000bba       0x34 e:/gcc-arm-none-eabi-10.3-2021.10-win32/gcc-arm-none-eabi-10.3-2021.10/bin/../lib/gcc/arm-none-eabi/10.3.1/../../../../arm-none-eabi/lib/thumb/v7e-m+fp/hard\libm.a(lib_a-s_fabs.o)
 .ARM.attributes
                0x00000bee       0x34 e:/gcc-arm-none-eabi-10.3-2021.10-win32/gcc-arm-none-eabi-10.3-2021.10/bin/../lib/gcc/arm-none-eabi/10.3.1/../../../../arm-none-eabi/lib/thumb/v7e-m+fp/hard\libm.a(lib_a-s_finite.o)
 .ARM.attributes
                0x00000c22       0x34 e:/gcc-arm-none-eabi-10.3-2021.10-win32/gcc-arm-none-eabi-10.3-2021.10/bin/../lib/gcc/arm-none-eabi/10.3.1/../../../../arm-none-eabi/lib/thumb/v7e-m+fp/hard\libm.a(lib_a-s_scalbn.o)
 .ARM.attributes
                0x00000c56       0x34 e:/gcc-arm-none-eabi-10.3-2021.10-win32/gcc-arm-none-eabi-10.3-2021.10/bin/../lib/gcc/arm-none-eabi/10.3.1/../../../../arm-none-eabi/lib/thumb/v7e-m+fp/hard\libnosys.a(sbrk.o)
 .ARM.attributes
                0x00000c8a       0x1e e:/gcc-arm-none-eabi-10.3-2021.10-win32/gcc-arm-none-eabi-10.3-2021.10/bin/../lib/gcc/arm-none-eabi/10.3.1/thumb/v7e-m+fp/hard\libgcc.a(_arm_addsubdf3.o)
 .ARM.attributes
                0x00000ca8       0x1e e:/gcc-arm-none-eabi-10.3-2021.10-win32/gcc-arm-none-eabi-10.3-2021.10/bin/../lib/gcc/arm-none-eabi/10.3.1/thumb/v7e-m+fp/hard\libgcc.a(_arm_muldivdf3.o)
 .ARM.attributes
                0x00000cc6       0x1e e:/gcc-arm-none-eabi-10.3-2021.10-win32/gcc-arm-none-eabi-10.3-2021.10/bin/../lib/gcc/arm-none-eabi/10.3.1/thumb/v7e-m+fp/hard\libgcc.a(_arm_cmpdf2.o)
 .ARM.attributes
                0x00000ce4       0x1e e:/gcc-arm-none-eabi-10.3-2021.10-win32/gcc-arm-none-eabi-10.3-2021.10/bin/../lib/gcc/arm-none-eabi/10.3.1/thumb/v7e-m+fp/hard\libgcc.a(_arm_unorddf2.o)
 .ARM.attributes
                0x00000d02       0x1e e:/gcc-arm-none-eabi-10.3-2021.10-win32/gcc-arm-none-eabi-10.3-2021.10/bin/../lib/gcc/arm-none-eabi/10.3.1/thumb/v7e-m+fp/hard\libgcc.a(_arm_fixunsdfsi.o)
 .ARM.attributes
                0x00000d20       0x1e e:/gcc-arm-none-eabi-10.3-2021.10-win32/gcc-arm-none-eabi-10.3-2021.10/bin/../lib/gcc/arm-none-eabi/10.3.1/thumb/v7e-m+fp/hard\libgcc.a(_arm_truncdfsf2.o)
 .ARM.attributes
                0x00000d3e       0x1e e:/gcc-arm-none-eabi-10.3-2021.10-win32/gcc-arm-none-eabi-10.3-2021.10/bin/../lib/gcc/arm-none-eabi/10.3.1/thumb/v7e-m+fp/hard\libgcc.a(_aeabi_uldivmod.o)
 .ARM.attributes
                0x00000d5c       0x34 e:/gcc-arm-none-eabi-10.3-2021.10-win32/gcc-arm-none-eabi-10.3-2021.10/bin/../lib/gcc/arm-none-eabi/10.3.1/thumb/v7e-m+fp/hard\libgcc.a(_udivmoddi4.o)
 .ARM.attributes
                0x00000d90       0x1e e:/gcc-arm-none-eabi-10.3-2021.10-win32/gcc-arm-none-eabi-10.3-2021.10/bin/../lib/gcc/arm-none-eabi/10.3.1/thumb/v7e-m+fp/hard\libgcc.a(_dvmd_tls.o)
 .ARM.attributes
                0x00000dae       0x34 e:/gcc-arm-none-eabi-10.3-2021.10-win32/gcc-arm-none-eabi-10.3-2021.10/bin/../lib/gcc/arm-none-eabi/10.3.1/../../../../arm-none-eabi/lib/thumb/v7e-m+fp/hard\libc_nano.a(lib_a-errno.o)
 .ARM.attributes
                0x00000de2       0x1e e:/gcc-arm-none-eabi-10.3-2021.10-win32/gcc-arm-none-eabi-10.3-2021.10/bin/../lib/gcc/arm-none-eabi/10.3.1/thumb/v7e-m+fp/hard/crtn.o
OUTPUT(build/DD_Gateway_FactoryTest.elf elf32-littlearm)
LOAD linker stubs
LOAD e:/gcc-arm-none-eabi-10.3-2021.10-win32/gcc-arm-none-eabi-10.3-2021.10/bin/../lib/gcc/arm-none-eabi/10.3.1/../../../../arm-none-eabi/lib/thumb/v7e-m+fp/hard\libc.a
LOAD e:/gcc-arm-none-eabi-10.3-2021.10-win32/gcc-arm-none-eabi-10.3-2021.10/bin/../lib/gcc/arm-none-eabi/10.3.1/../../../../arm-none-eabi/lib/thumb/v7e-m+fp/hard\libm.a
LOAD e:/gcc-arm-none-eabi-10.3-2021.10-win32/gcc-arm-none-eabi-10.3-2021.10/bin/../lib/gcc/arm-none-eabi/10.3.1/thumb/v7e-m+fp/hard\libgcc.a

.debug_info     0x00000000    0x29934
 .debug_info    0x00000000     0x15a6 build/main.o
 .debug_info    0x000015a6     0x10e3 build/stm32l4xx_it.o
 .debug_info    0x00002689      0x393 build/stm32l4xx_hal_msp.o
 .debug_info    0x00002a1c     0x2e89 build/stm32l4xx_hal_adc.o
 .debug_info    0x000058a5     0x23c8 build/stm32l4xx_hal_adc_ex.o
 .debug_info    0x00007c6d      0xd53 build/stm32l4xx_hal.o
 .debug_info    0x000089c0     0x1076 build/stm32l4xx_hal_rcc.o
 .debug_info    0x00009a36     0x1358 build/stm32l4xx_hal_rcc_ex.o
 .debug_info    0x0000ad8e      0x918 build/stm32l4xx_hal_gpio.o
 .debug_info    0x0000b6a6      0x8fc build/stm32l4xx_hal_dma.o
 .debug_info    0x0000bfa2      0xb0c build/stm32l4xx_hal_pwr_ex.o
 .debug_info    0x0000caae     0x1105 build/stm32l4xx_hal_cortex.o
 .debug_info    0x0000dbb3     0x2389 build/stm32l4xx_hal_spi.o
 .debug_info    0x0000ff3c     0x5334 build/stm32l4xx_hal_uart.o
 .debug_info    0x00015270     0x112d build/stm32l4xx_hal_uart_ex.o
 .debug_info    0x0001639d      0x683 build/system_stm32l4xx.o
 .debug_info    0x00016a20      0xce6 build/shell_ext.o
 .debug_info    0x00017706      0xe65 build/shell_port.o
 .debug_info    0x0001856b     0x3111 build/shell.o
 .debug_info    0x0001b67c      0x885 build/gpio.o
 .debug_info    0x0001bf01     0x18fa build/adc.o
 .debug_info    0x0001d7fb      0xe67 build/spi.o
 .debug_info    0x0001e662     0x1ada build/usart.o
 .debug_info    0x0002013c      0x328 build/timer.o
 .debug_info    0x00020464      0xb33 build/SX1278_hw.o
 .debug_info    0x00020f97     0x1824 build/W25QXX.o
 .debug_info    0x000227bb      0xed9 build/led.o
 .debug_info    0x00023694     0x134c build/rs485.o
 .debug_info    0x000249e0     0x1504 build/ATGM332D.o
 .debug_info    0x00025ee4     0x1d47 build/EC2x.o
 .debug_info    0x00027c2b     0x1ce7 build/SX1278.o
 .debug_info    0x00029912       0x22 build/startup_stm32l431xx.o

.debug_abbrev   0x00000000     0x5e8f
 .debug_abbrev  0x00000000      0x3e3 build/main.o
 .debug_abbrev  0x000003e3      0x2b2 build/stm32l4xx_it.o
 .debug_abbrev  0x00000695       0xf1 build/stm32l4xx_hal_msp.o
 .debug_abbrev  0x00000786      0x34b build/stm32l4xx_hal_adc.o
 .debug_abbrev  0x00000ad1      0x3d7 build/stm32l4xx_hal_adc_ex.o
 .debug_abbrev  0x00000ea8      0x2ff build/stm32l4xx_hal.o
 .debug_abbrev  0x000011a7      0x2bd build/stm32l4xx_hal_rcc.o
 .debug_abbrev  0x00001464      0x36d build/stm32l4xx_hal_rcc_ex.o