Archive member included to satisfy reference by file (symbol)

e:/gcc-arm-none-eabi-10.3-2021.10-win32/gcc-arm-none-eabi-10.3-2021.10/bin/../lib/gcc/arm-none-eabi/10.3.1/../../../../arm-none-eabi/lib/thumb/v7e-m+fp/hard\libc_nano.a(lib_a-exit.o)
                              e:/gcc-arm-none-eabi-10.3-2021.10-win32/gcc-arm-none-eabi-10.3-2021.10/bin/../lib/gcc/arm-none-eabi/10.3.1/../../../../arm-none-eabi/lib/thumb/v7e-m+fp/hard/crt0.o (exit)
e:/gcc-arm-none-eabi-10.3-2021.10-win32/gcc-arm-none-eabi-10.3-2021.10/bin/../lib/gcc/arm-none-eabi/10.3.1/../../../../arm-none-eabi/lib/thumb/v7e-m+fp/hard\libc_nano.a(lib_a-impure.o)
                              e:/gcc-arm-none-eabi-10.3-2021.10-win32/gcc-arm-none-eabi-10.3-2021.10/bin/../lib/gcc/arm-none-eabi/10.3.1/../../../../arm-none-eabi/lib/thumb/v7e-m+fp/hard\libc_nano.a(lib_a-exit.o) (_global_impure_ptr)
e:/gcc-arm-none-eabi-10.3-2021.10-win32/gcc-arm-none-eabi-10.3-2021.10/bin/../lib/gcc/arm-none-eabi/10.3.1/../../../../arm-none-eabi/lib/thumb/v7e-m+fp/hard\libc_nano.a(lib_a-init.o)
                              e:/gcc-arm-none-eabi-10.3-2021.10-win32/gcc-arm-none-eabi-10.3-2021.10/bin/../lib/gcc/arm-none-eabi/10.3.1/../../../../arm-none-eabi/lib/thumb/v7e-m+fp/hard/crt0.o (__libc_init_array)
e:/gcc-arm-none-eabi-10.3-2021.10-win32/gcc-arm-none-eabi-10.3-2021.10/bin/../lib/gcc/arm-none-eabi/10.3.1/../../../../arm-none-eabi/lib/thumb/v7e-m+fp/hard\libc_nano.a(lib_a-malloc.o)
                              build/timer.o (malloc)
e:/gcc-arm-none-eabi-10.3-2021.10-win32/gcc-arm-none-eabi-10.3-2021.10/bin/../lib/gcc/arm-none-eabi/10.3.1/../../../../arm-none-eabi/lib/thumb/v7e-m+fp/hard\libc_nano.a(lib_a-memcpy-stub.o)
                              build/ATGM332D.o (memcpy)
e:/gcc-arm-none-eabi-10.3-2021.10-win32/gcc-arm-none-eabi-10.3-2021.10/bin/../lib/gcc/arm-none-eabi/10.3.1/../../../../arm-none-eabi/lib/thumb/v7e-m+fp/hard\libc_nano.a(lib_a-memset.o)
                              e:/gcc-arm-none-eabi-10.3-2021.10-win32/gcc-arm-none-eabi-10.3-2021.10/bin/../lib/gcc/arm-none-eabi/10.3.1/../../../../arm-none-eabi/lib/thumb/v7e-m+fp/hard/crt0.o (memset)
e:/gcc-arm-none-eabi-10.3-2021.10-win32/gcc-arm-none-eabi-10.3-2021.10/bin/../lib/gcc/arm-none-eabi/10.3.1/../../../../arm-none-eabi/lib/thumb/v7e-m+fp/hard\libc_nano.a(lib_a-nano-freer.o)
                              e:/gcc-arm-none-eabi-10.3-2021.10-win32/gcc-arm-none-eabi-10.3-2021.10/bin/../lib/gcc/arm-none-eabi/10.3.1/../../../../arm-none-eabi/lib/thumb/v7e-m+fp/hard\libc_nano.a(lib_a-malloc.o) (_free_r)
e:/gcc-arm-none-eabi-10.3-2021.10-win32/gcc-arm-none-eabi-10.3-2021.10/bin/../lib/gcc/arm-none-eabi/10.3.1/../../../../arm-none-eabi/lib/thumb/v7e-m+fp/hard\libc_nano.a(lib_a-nano-mallocr.o)
                              e:/gcc-arm-none-eabi-10.3-2021.10-win32/gcc-arm-none-eabi-10.3-2021.10/bin/../lib/gcc/arm-none-eabi/10.3.1/../../../../arm-none-eabi/lib/thumb/v7e-m+fp/hard\libc_nano.a(lib_a-malloc.o) (_malloc_r)
e:/gcc-arm-none-eabi-10.3-2021.10-win32/gcc-arm-none-eabi-10.3-2021.10/bin/../lib/gcc/arm-none-eabi/10.3.1/../../../../arm-none-eabi/lib/thumb/v7e-m+fp/hard\libc_nano.a(lib_a-nano-vfprintf_float.o)
                              (_printf_float)
e:/gcc-arm-none-eabi-10.3-2021.10-win32/gcc-arm-none-eabi-10.3-2021.10/bin/../lib/gcc/arm-none-eabi/10.3.1/../../../../arm-none-eabi/lib/thumb/v7e-m+fp/hard\libc_nano.a(lib_a-nano-vfprintf_i.o)
                              e:/gcc-arm-none-eabi-10.3-2021.10-win32/gcc-arm-none-eabi-10.3-2021.10/bin/../lib/gcc/arm-none-eabi/10.3.1/../../../../arm-none-eabi/lib/thumb/v7e-m+fp/hard\libc_nano.a(lib_a-nano-vfprintf_float.o) (_printf_common)
e:/gcc-arm-none-eabi-10.3-2021.10-win32/gcc-arm-none-eabi-10.3-2021.10/bin/../lib/gcc/arm-none-eabi/10.3.1/../../../../arm-none-eabi/lib/thumb/v7e-m+fp/hard\libc_nano.a(lib_a-sbrkr.o)
                              e:/gcc-arm-none-eabi-10.3-2021.10-win32/gcc-arm-none-eabi-10.3-2021.10/bin/../lib/gcc/arm-none-eabi/10.3.1/../../../../arm-none-eabi/lib/thumb/v7e-m+fp/hard\libc_nano.a(lib_a-nano-mallocr.o) (_sbrk_r)
e:/gcc-arm-none-eabi-10.3-2021.10-win32/gcc-arm-none-eabi-10.3-2021.10/bin/../lib/gcc/arm-none-eabi/10.3.1/../../../../arm-none-eabi/lib/thumb/v7e-m+fp/hard\libc_nano.a(lib_a-strcmp.o)
                              build/shell.o (strcmp)
e:/gcc-arm-none-eabi-10.3-2021.10-win32/gcc-arm-none-eabi-10.3-2021.10/bin/../lib/gcc/arm-none-eabi/10.3.1/../../../../arm-none-eabi/lib/thumb/v7e-m+fp/hard\libc_nano.a(lib_a-strlen.o)
                              build/shell.o (strlen)
e:/gcc-arm-none-eabi-10.3-2021.10-win32/gcc-arm-none-eabi-10.3-2021.10/bin/../lib/gcc/arm-none-eabi/10.3.1/../../../../arm-none-eabi/lib/thumb/v7e-m+fp/hard\libc_nano.a(lib_a-strncmp.o)
                              build/shell.o (strncmp)
e:/gcc-arm-none-eabi-10.3-2021.10-win32/gcc-arm-none-eabi-10.3-2021.10/bin/../lib/gcc/arm-none-eabi/10.3.1/../../../../arm-none-eabi/lib/thumb/v7e-m+fp/hard\libc_nano.a(lib_a-strstr.o)
[...]
Memory Configuration

Name             Origin             Length             Attributes
RAM              0x20000000         0x00010000         xrw
RAM2             0x10000000         0x00004000         xrw
FLASH            0x08000000         0x00020000         xr
*default*        0x00000000         0xffffffff

Linker script and memory map

LOAD e:/gcc-arm-none-eabi-10.3-2021.10-win32/gcc-arm-none-eabi-10.3-2021.10/bin/../lib/gcc/arm-none-eabi/10.3.1/thumb/v7e-m+fp/hard/crti.o
LOAD e:/gcc-arm-none-eabi-10.3-2021.10-win32/gcc-arm-none-eabi-10.3-2021.10/bin/../lib/gcc/arm-none-eabi/10.3.1/thumb/v7e-m+fp/hard/crtbegin.o
LOAD e:/gcc-arm-none-eabi-10.3-2021.10-win32/gcc-arm-none-eabi-10.3-2021.10/bin/../lib/gcc/arm-none-eabi/10.3.1/../../../../arm-none-eabi/lib/thumb/v7e-m+fp/hard/crt0.o
LOAD build/main.o
LOAD build/stm32l4xx_it.o
LOAD build/stm32l4xx_hal_msp.o
LOAD build/stm32l4xx_hal_adc.o
LOAD build/stm32l4xx_hal_adc_ex.o
LOAD build/stm32l4xx_hal.o
LOAD build/stm32l4xx_hal_i2c.o
LOAD build/stm32l4xx_hal_i2c_ex.o
LOAD build/stm32l4xx_hal_rcc.o
LOAD build/stm32l4xx_hal_rcc_ex.o
LOAD build/stm32l4xx_hal_flash.o
LOAD build/stm32l4xx_hal_flash_ex.o
LOAD build/stm32l4xx_hal_flash_ramfunc.o
LOAD build/stm32l4xx_hal_gpio.o
LOAD build/stm32l4xx_hal_dma.o
LOAD build/stm32l4xx_hal_dma_ex.o
LOAD build/stm32l4xx_hal_pwr.o
LOAD build/stm32l4xx_hal_pwr_ex.o
LOAD build/stm32l4xx_hal_cortex.o
LOAD build/stm32l4xx_hal_exti.o
LOAD build/stm32l4xx_hal_spi.o
LOAD build/stm32l4xx_hal_spi_ex.o
LOAD build/stm32l4xx_hal_tim.o
LOAD build/stm32l4xx_hal_tim_ex.o
LOAD build/stm32l4xx_hal_uart.o
LOAD build/stm32l4xx_hal_uart_ex.o
LOAD build/system_stm32l4xx.o
LOAD build/shell_cmd_list.o
LOAD build/shell_companion.o
LOAD build/shell_ext.o
LOAD build/shell_port.o
LOAD build/shell.o
LOAD build/fsm.o
LOAD build/gpio.o
LOAD build/adc.o
LOAD build/spi.o
LOAD build/usart.o
LOAD build/timer.o
LOAD build/queue.o
LOAD build/SX1278_hw.o
LOAD build/W25QXX.o
LOAD build/led.o
LOAD build/rs485.o
LOAD build/ATGM332D.o
LOAD build/EC2x.o
LOAD build/SX1278.o
LOAD build/startup_stm32l431xx.o
LOAD e:/gcc-arm-none-eabi-10.3-2021.10-win32/gcc-arm-none-eabi-10.3-2021.10/bin/../lib/gcc/arm-none-eabi/10.3.1/../../../../arm-none-eabi/lib/thumb/v7e-m+fp/hard\libc_nano.a
LOAD e:/gcc-arm-none-eabi-10.3-2021.10-win32/gcc-arm-none-eabi-10.3-2021.10/bin/../lib/gcc/arm-none-eabi/10.3.1/../../../../arm-none-eabi/lib/thumb/v7e-m+fp/hard\libm.a
LOAD e:/gcc-arm-none-eabi-10.3-2021.10-win32/gcc-arm-none-eabi-10.3-2021.10/bin/../lib/gcc/arm-none-eabi/10.3.1/../../../../arm-none-eabi/lib/thumb/v7e-m+fp/hard\libnosys.a
START GROUP
LOAD e:/gcc-arm-none-eabi-10.3-2021.10-win32/gcc-arm-none-eabi-10.3-2021.10/bin/../lib/gcc/arm-none-eabi/10.3.1/thumb/v7e-m+fp/hard\libgcc.a
LOAD e:/gcc-arm-none-eabi-10.3-2021.10-win32/gcc-arm-none-eabi-10.3-2021.10/bin/../lib/gcc/arm-none-eabi/10.3.1/../../../../arm-none-eabi/lib/thumb/v7e-m+fp/hard\libc_nano.a
END GROUP
START GROUP
LOAD e:/gcc-arm-none-eabi-10.3-2021.10-win32/gcc-arm-none-eabi-10.3-2021.10/bin/../lib/gcc/arm-none-eabi/10.3.1/thumb/v7e-m+fp/hard\libgcc.a
LOAD e:/gcc-arm-none-eabi-10.3-2021.10-win32/gcc-arm-none-eabi-10.3-2021.10/bin/../lib/gcc/arm-none-eabi/10.3.1/../../../../arm-none-eabi/lib/thumb/v7e-m+fp/hard\libc_nano.a
END GROUP
LOAD e:/gcc-arm-none-eabi-10.3-2021.10-win32/gcc-arm-none-eabi-10.3-2021.10/bin/../lib/gcc/arm-none-eabi/10.3.1/thumb/v7e-m+fp/hard/crtend.o
LOAD e:/gcc-arm-none-eabi-10.3-2021.10-win32/gcc-arm-none-eabi-10.3-2021.10/bin/../lib/gcc/arm-none-eabi/10.3.1/thumb/v7e-m+fp/hard/crtn.o
                0x20010000                _estack = 0x20010000
                0x00000600                _Min_Heap_Size = 0x600
                0x00000400                _Min_Stack_Size = 0x400

.isr_vector     0x08000000      0x190
                0x08000000                . = ALIGN (0x8)
 *(.isr_vector)
 .isr_vector    0x08000000      0x18c build/startup_stm32l431xx.o
                0x08000000                g_pfnVectors
                0x08000190                . = ALIGN (0x8)
 *fill*         0x0800018c        0x4 

.text           0x08000190     0xb918
                0x08000190                . = ALIGN (0x8)
 *(.text)
 .text          0x08000190       0x40 e:/gcc-arm-none-eabi-10.3-2021.10-win32/gcc-arm-none-eabi-10.3-2021.10/bin/../lib/gcc/arm-none-eabi/10.3.1/thumb/v7e-m+fp/hard/crtbegin.o
 .text          0x080001d0       0x14 e:/gcc-arm-none-eabi-10.3-2021.10-win32/gcc-arm-none-eabi-10.3-2021.10/bin/../lib/gcc/arm-none-eabi/10.3.1/../../../../arm-none-eabi/lib/thumb/v7e-m+fp/hard\libc_nano.a(lib_a-strcmp.o)
                0x080001d0                strcmp
 .text          0x080001e4       0x10 e:/gcc-arm-none-eabi-10.3-2021.10-win32/gcc-arm-none-eabi-10.3-2021.10/bin/../lib/gcc/arm-none-eabi/10.3.1/../../../../arm-none-eabi/lib/thumb/v7e-m+fp/hard\libc_nano.a(lib_a-strlen.o)
                0x080001e4                strlen
 *fill*         0x080001f4        0xc 
 .text          0x08000200       0xa0 e:/gcc-arm-none-eabi-10.3-2021.10-win32/gcc-arm-none-eabi-10.3-2021.10/bin/../lib/gcc/arm-none-eabi/10.3.1/../../../../arm-none-eabi/lib/thumb/v7e-m+fp/hard\libc_nano.a(lib_a-memchr.o)
                0x08000200                memchr
 .text          0x080002a0      0x378 e:/gcc-arm-none-eabi-10.3-2021.10-win32/gcc-arm-none-eabi-10.3-2021.10/bin/../lib/gcc/arm-none-eabi/10.3.1/thumb/v7e-m+fp/hard\libgcc.a(_arm_addsubdf3.o)
                0x080002a0                __aeabi_drsub
                0x080002a8                __aeabi_dsub
                0x080002a8                __subdf3
                0x080002ac                __aeabi_dadd
                0x080002ac                __adddf3
                0x08000524                __floatunsidf
                0x08000524                __aeabi_ui2d
                0x08000544                __floatsidf
                0x08000544                __aeabi_i2d
                0x08000568                __aeabi_f2d
                0x08000568                __extendsfdf2
                0x080005ac                __floatundidf
                0x080005ac                __aeabi_ul2d
                0x080005bc                __floatdidf
                0x080005bc                __aeabi_l2d
 .text          0x08000618      0x424 e:/gcc-arm-none-eabi-10.3-2021.10-win32/gcc-arm-none-eabi-10.3-2021.10/bin/../lib/gcc/arm-none-eabi/10.3.1/thumb/v7e-m+fp/hard\libgcc.a(_arm_muldivdf3.o)
                0x08000618                __aeabi_dmul
                0x08000618                __muldf3
                0x0800086c                __divdf3
                0x0800086c                __aeabi_ddiv
 .text          0x08000a3c      0x110 e:/gcc-arm-none-eabi-10.3-2021.10-win32/gcc-arm-none-eabi-10.3-2021.10/bin/../lib/gcc/arm-none-eabi/10.3.1/thumb/v7e-m+fp/hard\libgcc.a(_arm_cmpdf2.o)
                0x08000a3c                __gtdf2
                0x08000a3c                __gedf2
                0x08000a44                __ltdf2
                0x08000a44                __ledf2
                0x08000a4c                __nedf2
                0x08000a4c                __eqdf2
                0x08000a4c                __cmpdf2
                0x08000ac8                __aeabi_cdrcmple
                0x08000ad8                __aeabi_cdcmpeq
                0x08000ad8                __aeabi_cdcmple
                0x08000ae8                __aeabi_dcmpeq
                0x08000afc                __aeabi_dcmplt
                0x08000b10                __aeabi_dcmple
                0x08000b24                __aeabi_dcmpge
                0x08000b38                __aeabi_dcmpgt
 .text          0x08000b4c       0x2c e:/gcc-arm-none-eabi-10.3-2021.10-win32/gcc-arm-none-eabi-10.3-2021.10/bin/../lib/gcc/arm-none-eabi/10.3.1/thumb/v7e-m+fp/hard\libgcc.a(_arm_unorddf2.o)
                0x08000b4c                __unorddf2
                0x08000b4c                __aeabi_dcmpun
 .text          0x08000b78       0x50 e:/gcc-arm-none-eabi-10.3-2021.10-win32/gcc-arm-none-eabi-10.3-2021.10/bin/../lib/gcc/arm-none-eabi/10.3.1/thumb/v7e-m+fp/hard\libgcc.a(_arm_fixdfsi.o)
                0x08000b78                __aeabi_d2iz
                0x08000b78                __fixdfsi
 .text          0x08000bc8       0x40 e:/gcc-arm-none-eabi-10.3-2021.10-win32/gcc-arm-none-eabi-10.3-2021.10/bin/../lib/gcc/arm-none-eabi/10.3.1/thumb/v7e-m+fp/hard\libgcc.a(_arm_fixunsdfsi.o)
                0x08000bc8                __aeabi_d2uiz
                0x08000bc8                __fixunsdfsi
 .text          0x08000c08       0xa0 e:/gcc-arm-none-eabi-10.3-2021.10-win32/gcc-arm-none-eabi-10.3-2021.10/bin/../lib/gcc/arm-none-eabi/10.3.1/thumb/v7e-m+fp/hard\libgcc.a(_arm_truncdfsf2.o)
                0x08000c08                __truncdfsf2
                0x08000c08                __aeabi_d2f
 .text          0x08000ca8       0x30 e:/gcc-arm-none-eabi-10.3-2021.10-win32/gcc-arm-none-eabi-10.3-2021.10/bin/../lib/gcc/arm-none-eabi/10.3.1/thumb/v7e-m+fp/hard\libgcc.a(_aeabi_uldivmod.o)
                0x08000ca8                __aeabi_uldivmod
 .text          0x08000cd8      0x2d0 e:/gcc-arm-none-eabi-10.3-2021.10-win32/gcc-arm-none-eabi-10.3-2021.10/bin/../lib/gcc/arm-none-eabi/10.3.1/thumb/v7e-m+fp/hard\libgcc.a(_udivmoddi4.o)
                0x08000cd8                __udivmoddi4
 .text          0x08000fa8        0x4 e:/gcc-arm-none-eabi-10.3-2021.10-win32/gcc-arm-none-eabi-10.3-2021.10/bin/../lib/gcc/arm-none-eabi/10.3.1/thumb/v7e-m+fp/hard\libgcc.a(_dvmd_tls.o)
                0x08000fa8                __aeabi_idiv0
                0x08000fa8                __aeabi_ldiv0
 *(.text*)
 .text.Error_Handler
                0x08000fac        0x4 build/main.o
                0x08000fac                Error_Handler
 .text.SystemClock_Config
                0x08000fb0       0x78 build/main.o
                0x08000fb0                SystemClock_Config
 .text.main     0x08001028      0x11c build/main.o
                0x08001028                main
 .text.NMI_Handler
                0x08001144        0x2 build/stm32l4xx_it.o
                0x08001144                NMI_Handler
 .text.HardFault_Handler
                0x08001146        0x2 build/stm32l4xx_it.o
                0x08001146                HardFault_Handler
 .text.MemManage_Handler
                0x08001148        0x2 build/stm32l4xx_it.o
                0x08001148                MemManage_Handler
 .text.BusFault_Handler
                0x0800114a        0x2 build/stm32l4xx_it.o
                0x0800114a                BusFault_Handler
 .text.UsageFault_Handler
                0x0800114c        0x2 build/stm32l4xx_it.o
                0x0800114c                UsageFault_Handler
 .text.SVC_Handler
                0x0800114e        0x2 build/stm32l4xx_it.o
                0x0800114e                SVC_Handler
 .text.DebugMon_Handler
                0x08001150        0x2 build/stm32l4xx_it.o
                0x08001150                DebugMon_Handler
 .text.PendSV_Handler
                0x08001152        0x2 build/stm32l4xx_it.o
                0x08001152                PendSV_Handler
 .text.SysTick_Handler
                0x08001154        0xc build/stm32l4xx_it.o
                0x08001154                SysTick_Handler
 .text.SPI2_IRQHandler
                0x08001160       0x10 build/stm32l4xx_it.o
                0x08001160                SPI2_IRQHandler
 .text.USART1_IRQHandler
                0x08001170       0x10 build/stm32l4xx_it.o
                0x08001170                USART1_IRQHandler
 .text.USART2_IRQHandler
                0x08001180       0x10 build/stm32l4xx_it.o
                0x08001180                USART2_IRQHandler
 .text.USART3_IRQHandler
                0x08001190       0x10 build/stm32l4xx_it.o
                0x08001190                USART3_IRQHandler
 .text.SPI3_IRQHandler
                0x080011a0       0x10 build/stm32l4xx_it.o
                0x080011a0                SPI3_IRQHandler
 .text.EXTI9_5_IRQHandler
                0x080011b0       0x68 build/stm32l4xx_it.o
                0x080011b0                EXTI9_5_IRQHandler
 .text.HAL_MspInit
                0x08001218       0x3c build/stm32l4xx_hal_msp.o
                0x08001218                HAL_MspInit
 .text.HAL_ADC_Init
                0x08001254      0x1dc build/stm32l4xx_hal_adc.o
                0x08001254                HAL_ADC_Init
 .text.HAL_ADC_PollForConversion
                0x08001430       0xb4 build/stm32l4xx_hal_adc.o
                0x08001430                HAL_ADC_PollForConversion
 .text.HAL_ADC_GetValue
                0x080014e4        0x6 build/stm32l4xx_hal_adc.o
                0x080014e4                HAL_ADC_GetValue
 *fill*         0x080014ea        0x2 
 .text.HAL_ADC_ConfigChannel
                0x080014ec      0x4a0 build/stm32l4xx_hal_adc.o
                0x080014ec                HAL_ADC_ConfigChannel
 .text.HAL_ADC_GetState
                0x0800198c        0x4 build/stm32l4xx_hal_adc.o
                0x0800198c                HAL_ADC_GetState
 .text.ADC_ConversionStop
                0x08001990      0x100 build/stm32l4xx_hal_adc.o
                0x08001990                ADC_ConversionStop
 .text.ADC_Enable
                0x08001a90       0xdc build/stm32l4xx_hal_adc.o
                0x08001a90                ADC_Enable
 .text.HAL_ADC_Start
                0x08001b6c       0x8c build/stm32l4xx_hal_adc.o
                0x08001b6c                HAL_ADC_Start
 .text.ADC_Disable
                0x08001bf8       0x94 build/stm32l4xx_hal_adc.o
                0x08001bf8                ADC_Disable
 .text.HAL_ADC_Stop
                0x08001c8c       0x42 build/stm32l4xx_hal_adc.o
                0x08001c8c                HAL_ADC_Stop
 .text.HAL_ADCEx_Calibration_Start
                0x08001cce       0x98 build/stm32l4xx_hal_adc_ex.o
                0x08001cce                HAL_ADCEx_Calibration_Start
 *fill*         0x08001d66        0x2 
 .text.HAL_InitTick
                0x08001d68       0x50 build/stm32l4xx_hal.o
                0x08001d68                HAL_InitTick
 .text.HAL_Init
                0x08001db8       0x1e build/stm32l4xx_hal.o
                0x08001db8                HAL_Init
 *fill*         0x08001dd6        0x2 
 .text.HAL_IncTick
                0x08001dd8       0x18 build/stm32l4xx_hal.o
                0x08001dd8                HAL_IncTick
 .text.HAL_GetTick
                0x08001df0        0xc build/stm32l4xx_hal.o
                0x08001df0                HAL_GetTick
 .text.Delay_us
                0x08001dfc       0x2e build/stm32l4xx_hal.o
                0x08001dfc                Delay_us
 .text.Delay_ms
                0x08001e2a       0x18 build/stm32l4xx_hal.o
                0x08001e2a                Delay_ms
 *fill*         0x08001e42        0x2 
 .text.RCC_SetFlashLatencyFromMSIRange
                0x08001e44       0x90 build/stm32l4xx_hal_rcc.o
 .text.HAL_RCC_GetSysClockFreq
                0x08001ed4       0xb4 build/stm32l4xx_hal_rcc.o
                0x08001ed4                HAL_RCC_GetSysClockFreq
 .text.HAL_RCC_OscConfig
                0x08001f88      0x66c build/stm32l4xx_hal_rcc.o
                0x08001f88                HAL_RCC_OscConfig
 .text.HAL_RCC_ClockConfig
                0x080025f4      0x184 build/stm32l4xx_hal_rcc.o
                0x080025f4                HAL_RCC_ClockConfig
 .text.HAL_RCC_GetHCLKFreq
                0x08002778        0xc build/stm32l4xx_hal_rcc.o
                0x08002778                HAL_RCC_GetHCLKFreq
 .text.HAL_RCC_GetPCLK1Freq
                0x08002784       0x24 build/stm32l4xx_hal_rcc.o
                0x08002784                HAL_RCC_GetPCLK1Freq
 .text.HAL_RCC_GetPCLK2Freq
                0x080027a8       0x24 build/stm32l4xx_hal_rcc.o
                0x080027a8                HAL_RCC_GetPCLK2Freq
 .text.RCCEx_PLLSAI1_Config
                0x080027cc      0x16c build/stm32l4xx_hal_rcc_ex.o
 .text.HAL_RCCEx_PeriphCLKConfig
                0x08002938      0x31c build/stm32l4xx_hal_rcc_ex.o
                0x08002938                HAL_RCCEx_PeriphCLKConfig
 .text.HAL_GPIO_Init
                0x08002c54      0x1c8 build/stm32l4xx_hal_gpio.o
                0x08002c54                HAL_GPIO_Init
 .text.HAL_GPIO_ReadPin
                0x08002e1c        0xe build/stm32l4xx_hal_gpio.o
                0x08002e1c                HAL_GPIO_ReadPin
 .text.HAL_GPIO_WritePin
                0x08002e2a        0xa build/stm32l4xx_hal_gpio.o
                0x08002e2a                HAL_GPIO_WritePin
 .text.HAL_GPIO_TogglePin
                0x08002e34       0x12 build/stm32l4xx_hal_gpio.o
                0x08002e34                HAL_GPIO_TogglePin
 .text.HAL_DMA_Abort
                0x08002e46       0x4a build/stm32l4xx_hal_dma.o
                0x08002e46                HAL_DMA_Abort
 .text.HAL_DMA_Abort_IT
                0x08002e90       0x50 build/stm32l4xx_hal_dma.o
                0x08002e90                HAL_DMA_Abort_IT
 .text.HAL_PWREx_GetVoltageRange
                0x08002ee0       0x10 build/stm32l4xx_hal_pwr_ex.o
                0x08002ee0                HAL_PWREx_GetVoltageRange
 .text.HAL_PWREx_ControlVoltageScaling
                0x08002ef0       0x90 build/stm32l4xx_hal_pwr_ex.o
                0x08002ef0                HAL_PWREx_ControlVoltageScaling
 .text.HAL_NVIC_SetPriorityGrouping
                0x08002f80       0x24 build/stm32l4xx_hal_cortex.o
                0x08002f80                HAL_NVIC_SetPriorityGrouping
 .text.HAL_NVIC_SetPriority
                0x08002fa4       0x70 build/stm32l4xx_hal_cortex.o
                0x08002fa4                HAL_NVIC_SetPriority
 .text.HAL_NVIC_EnableIRQ
                0x08003014       0x1c build/stm32l4xx_hal_cortex.o
                0x08003014                HAL_NVIC_EnableIRQ
 .text.HAL_SYSTICK_Config
                0x08003030       0x28 build/stm32l4xx_hal_cortex.o
                0x08003030                HAL_SYSTICK_Config
 .text.SPI_WaitFlagStateUntilTimeout
                0x08003058       0xd4 build/stm32l4xx_hal_spi.o
 .text.SPI_WaitFifoStateUntilTimeout
                0x0800312c       0xf4 build/stm32l4xx_hal_spi.o
 .text.SPI_EndRxTxTransaction
                0x08003220       0x62 build/stm32l4xx_hal_spi.o
 .text.SPI_EndRxTransaction
                0x08003282       0x82 build/stm32l4xx_hal_spi.o
 .text.HAL_SPI_Init
                0x08003304       0xde build/stm32l4xx_hal_spi.o
                0x08003304                HAL_SPI_Init
 .text.HAL_SPI_Transmit
                0x080033e2      0x202 build/stm32l4xx_hal_spi.o
                0x080033e2                HAL_SPI_Transmit
 .text.HAL_SPI_TransmitReceive
                0x080035e4      0x2de build/stm32l4xx_hal_spi.o
                0x080035e4                HAL_SPI_TransmitReceive
 .text.HAL_SPI_Receive
                0x080038c2      0x1aa build/stm32l4xx_hal_spi.o
                0x080038c2                HAL_SPI_Receive
 .text.HAL_SPI_ErrorCallback
                0x08003a6c        0x2 build/stm32l4xx_hal_spi.o
                0x08003a6c                HAL_SPI_ErrorCallback
 *fill*         0x08003a6e        0x2 
 .text.HAL_SPI_IRQHandler
                0x08003a70      0x124 build/stm32l4xx_hal_spi.o
                0x08003a70                HAL_SPI_IRQHandler
 .text.SPI_DMAAbortOnError
                0x08003b94       0x12 build/stm32l4xx_hal_spi.o
 .text.HAL_SPI_GetState
                0x08003ba6        0x6 build/stm32l4xx_hal_spi.o
                0x08003ba6                HAL_SPI_GetState
 .text.UART_EndRxTransfer
                0x08003bac       0x50 build/stm32l4xx_hal_uart.o
 .text.UART_TxISR_8BIT
                0x08003bfc       0x54 build/stm32l4xx_hal_uart.o
 .text.UART_TxISR_16BIT
                0x08003c50       0x58 build/stm32l4xx_hal_uart.o
 .text.HAL_UART_Transmit_IT
                0x08003ca8       0x80 build/stm32l4xx_hal_uart.o
                0x08003ca8                HAL_UART_Transmit_IT
 .text.UART_EndTransmit_IT
                0x08003d28       0x22 build/stm32l4xx_hal_uart.o
 .text.UART_DMAAbortOnError
                0x08003d4a       0x14 build/stm32l4xx_hal_uart.o
 *fill*         0x08003d5e        0x2 
 .text.HAL_UART_IRQHandler
                0x08003d60      0x2e4 build/stm32l4xx_hal_uart.o
                0x08003d60                HAL_UART_IRQHandler
 .text.UART_RxISR_8BIT
                0x08004044       0xb0 build/stm32l4xx_hal_uart.o
 .text.UART_RxISR_16BIT
                0x080040f4       0xae build/stm32l4xx_hal_uart.o
 *fill*         0x080041a2        0x2 
 .text.UART_SetConfig
                0x080041a4      0x2a0 build/stm32l4xx_hal_uart.o
                0x080041a4                UART_SetConfig
 .text.UART_AdvFeatureConfig
                0x08004444       0xca build/stm32l4xx_hal_uart.o
                0x08004444                UART_AdvFeatureConfig
 .text.UART_WaitOnFlagUntilTimeout
                0x0800450e       0xd4 build/stm32l4xx_hal_uart.o
                0x0800450e                UART_WaitOnFlagUntilTimeout
 .text.HAL_UART_Transmit
                0x080045e2       0xd8 build/stm32l4xx_hal_uart.o
                0x080045e2                HAL_UART_Transmit
 .text.UART_CheckIdleState
                0x080046ba       0x70 build/stm32l4xx_hal_uart.o
                0x080046ba                UART_CheckIdleState
 .text.HAL_UART_Init
                0x0800472a       0x62 build/stm32l4xx_hal_uart.o
                0x0800472a                HAL_UART_Init
 .text.UART_Start_Receive_IT
                0x0800478c       0xd8 build/stm32l4xx_hal_uart.o
                0x0800478c                UART_Start_Receive_IT
 .text.HAL_UART_Receive_IT
                0x08004864       0x5c build/stm32l4xx_hal_uart.o
                0x08004864                HAL_UART_Receive_IT
 .text.HAL_UARTEx_WakeupCallback
                0x080048c0        0x2 build/stm32l4xx_hal_uart_ex.o
                0x080048c0                HAL_UARTEx_WakeupCallback
 .text.HAL_UARTEx_ReceiveToIdle_IT
                0x080048c2       0x58 build/stm32l4xx_hal_uart_ex.o
                0x080048c2                HAL_UARTEx_ReceiveToIdle_IT
 *fill*         0x0800491a        0x2 
 .text.SystemInit
                0x0800491c       0x14 build/system_stm32l4xx.o
                0x0800491c                SystemInit
 .text.shellExtNumType
                0x08004930       0x58 build/shell_ext.o
 .text.shellExtToNum
                0x08004988       0x2e build/shell_ext.o
 *fill*         0x080049b6        0x2 
 .text.shellExtParseChar
                0x080049b8       0x94 build/shell_ext.o
 .text.shellExtParseString
                0x08004a4c       0x40 build/shell_ext.o
 .text.shellExtParseNumber
                0x08004a8c       0xb0 build/shell_ext.o
 .text.shellExtParseVar
                0x08004b3c       0x1e build/shell_ext.o
 .text.shellExtParsePara
                0x08004b5a       0x78 build/shell_ext.o
                0x08004b5a                shellExtParsePara
 .text.shellExtRun
                0x08004bd2       0xf4 build/shell_ext.o
                0x08004bd2                shellExtRun
 *fill*         0x08004cc6        0x2 
 .text.User_Shell_Write
                0x08004cc8       0x30 build/shell_port.o
                0x08004cc8                User_Shell_Write
 .text.User_Shell_Init
                0x08004cf8       0x20 build/shell_port.o
                0x08004cf8                User_Shell_Init
 .text.shellAdd
                0x08004d18       0x24 build/shell.o
 .text.shellWriteByte
                0x08004d3c       0x18 build/shell.o
 .text.shellWriteCommandDesc
                0x08004d54       0x4c build/shell.o
 .text.shellStringCopy
                0x08004da0       0x16 build/shell.o
 .text.shellStringCompare
                0x08004db6       0x2e build/shell.o
 .text.shellGetCommandDesc
                0x08004de4       0x22 build/shell.o
 .text.shellParserParam
                0x08004e06       0x92 build/shell.o
 .text.shellRight
                0x08004e98       0x1a build/shell.o
                0x08004e98                shellRight
 .text.shellLeft
                0x08004eb2       0x18 build/shell.o
                0x08004eb2                shellLeft
 .text.shellHistoryAdd
                0x08004eca       0x70 build/shell.o
 .text.shellRemoveParamQuotes
                0x08004f3a       0x54 build/shell.o
 *fill*         0x08004f8e        0x2 
 .text.shellGetCurrent
                0x08004f90       0x2c build/shell.o
                0x08004f90                shellGetCurrent
 .text.shellWriteString
                0x08004fbc       0x26 build/shell.o
                0x08004fbc                shellWriteString
 *fill*         0x08004fe2        0x2 
 .text.shellWritePrompt
                0x08004fe4       0x60 build/shell.o
 .text.shellCheckPassword
                0x08005044       0x40 build/shell.o
 .text.shellClear
                0x08005084       0x14 build/shell.o
                0x08005084                shellClear
 .text.shellPrint
                0x08005098       0x38 build/shell.o
                0x08005098                shellPrint
 .text.shellCheckPermission
                0x080050d0       0x44 build/shell.o
                0x080050d0                shellCheckPermission
 .text.shellToHex
                0x08005114       0x28 build/shell.o
                0x08005114                shellToHex
 .text.shellGetCommandName
                0x0800513c       0x44 build/shell.o
 .text.shellToDec
                0x08005180       0x60 build/shell.o
                0x08005180                shellToDec
 .text.shellWriteReturnValue
                0x080051e0       0x80 build/shell.o
 .text.shellListItem
                0x08005260       0xe0 build/shell.o
                0x08005260                shellListItem
 .text.shellListCommand
                0x08005340       0x48 build/shell.o
                0x08005340                shellListCommand
 .text.shellCmds
                0x08005388        0xe build/shell.o
                0x08005388                shellCmds
 *fill*         0x08005396        0x2 
 .text.shellListVar
                0x08005398       0x4c build/shell.o
                0x08005398                shellListVar
 .text.shellVars
                0x080053e4        0xe build/shell.o
                0x080053e4                shellVars
 *fill*         0x080053f2        0x2 
 .text.shellListUser
                0x080053f4       0x48 build/shell.o
                0x080053f4                shellListUser
 .text.shellUsers
                0x0800543c        0xe build/shell.o
                0x0800543c                shellUsers
 *fill*         0x0800544a        0x2 
 .text.shellListKey
                0x0800544c       0x48 build/shell.o
                0x0800544c                shellListKey
 .text.shellKeys
                0x08005494        0xe build/shell.o
                0x08005494                shellKeys
 .text.shellListAll
                0x080054a2        0x8 build/shell.o
                0x080054a2                shellListAll
 *fill*         0x080054aa        0x2 
 .text.shellDeleteCommandLine
                0x080054ac       0x20 build/shell.o
                0x080054ac                shellDeleteCommandLine
 .text.shellClearCommandLine
                0x080054cc       0x28 build/shell.o
                0x080054cc                shellClearCommandLine
 .text.shellHistory
                0x080054f4       0x98 build/shell.o
 .text.shellUp  0x0800558c        0xa build/shell.o
                0x0800558c                shellUp
 .text.shellDown
                0x08005596        0xc build/shell.o
                0x08005596                shellDown
 *fill*         0x080055a2        0x2 
 .text.shellTab
                0x080055a4      0x114 build/shell.o
                0x080055a4                shellTab
 .text.shellInsertByte
                0x080056b8       0xbc build/shell.o
                0x080056b8                shellInsertByte
 .text.shellDeleteByte
                0x08005774       0xc4 build/shell.o
                0x08005774                shellDeleteByte
 .text.shellBackspace
                0x08005838        0xa build/shell.o
                0x08005838                shellBackspace
 .text.shellDelete
                0x08005842        0xc build/shell.o
                0x08005842                shellDelete
 .text.shellSeekCommand
                0x0800584e       0x72 build/shell.o
                0x0800584e                shellSeekCommand
 .text.shellWriteCommandHelp
                0x080058c0       0x60 build/shell.o
 .text.shellHelp
                0x08005920       0x24 build/shell.o
                0x08005920                shellHelp
 .text.shellGetVarValue
                0x08005944       0x44 build/shell.o
                0x08005944                shellGetVarValue
 .text.shellShowVar
                0x08005988       0xc0 build/shell.o
 .text.shellSetVarValue
                0x08005a48       0x78 build/shell.o
                0x08005a48                shellSetVarValue
 .text.shellSetVar
                0x08005ac0       0x64 build/shell.o
                0x08005ac0                shellSetVar
 .text.shellSetUser
                0x08005b24       0x60 build/shell.o
                0x08005b24                shellSetUser
 .text.shellInit
                0x08005b84       0x90 build/shell.o
                0x08005b84                shellInit
 .text.shellRunCommand
                0x08005c14       0x94 build/shell.o
                0x08005c14                shellRunCommand
 .text.shellNormalInput
                0x08005ca8       0x14 build/shell.o
                0x08005ca8                shellNormalInput
 .text.shellExec
                0x08005cbc       0x68 build/shell.o
                0x08005cbc                shellExec
 .text.shellEnter
                0x08005d24       0x12 build/shell.o
                0x08005d24                shellEnter
 *fill*         0x08005d36        0x2 
 .text.shellHandler
                0x08005d38       0xd8 build/shell.o
                0x08005d38                shellHandler
 .text.MX_GPIO_Init
                0x08005e10      0x124 build/gpio.o
                0x08005e10                MX_GPIO_Init
 .text.MX_ADC1_Init
                0x08005f34       0x8c build/adc.o
                0x08005f34                MX_ADC1_Init
 .text.HAL_ADC_MspInit
                0x08005fc0       0xa4 build/adc.o
                0x08005fc0                HAL_ADC_MspInit
 .text.ADC_Average_Get
                0x08006064       0x8c build/adc.o
                0x08006064                ADC_Average_Get
 .text.LDR_Value_Get
                0x080060f0       0x20 build/adc.o
                0x080060f0                LDR_Value_Get
 .text.Battery_Test
                0x08006110       0x64 build/adc.o
                0x08006110                Battery_Test
 .text.MX_SPI2_Init
                0x08006174       0x4c build/spi.o
                0x08006174                MX_SPI2_Init
 .text.MX_SPI3_Init
                0x080061c0       0x4c build/spi.o
                0x080061c0                MX_SPI3_Init
 .text.HAL_SPI_MspInit
                0x0800620c       0xb8 build/spi.o
                0x0800620c                HAL_SPI_MspInit
 .text.MX_USART1_UART_Init
                0x080062c4       0x48 build/usart.o
                0x080062c4                MX_USART1_UART_Init
 .text.MX_USART2_UART_Init
                0x0800630c       0x48 build/usart.o
                0x0800630c                MX_USART2_UART_Init
 .text.MX_USART3_UART_Init
                0x08006354       0x48 build/usart.o
                0x08006354                MX_USART3_UART_Init
 .text.HAL_UART_MspInit
                0x0800639c      0x180 build/usart.o
                0x0800639c                HAL_UART_MspInit
 .text.HAL_UART_RxCpltCallback
                0x0800651c       0x34 build/usart.o
                0x0800651c                HAL_UART_RxCpltCallback
 .text.HAL_UART_TxCpltCallback
                0x08006550       0x24 build/usart.o
                0x08006550                HAL_UART_TxCpltCallback
 .text.HAL_UARTEx_RxEventCallback
                0x08006574       0x6c build/usart.o
                0x08006574                HAL_UARTEx_RxEventCallback
 .text.HAL_UART_ErrorCallback
                0x080065e0       0x44 build/usart.o
                0x080065e0                HAL_UART_ErrorCallback
 .text.timer_init
                0x08006624       0x18 build/timer.o
                0x08006624                timer_init
 .text.timer_update
                0x0800663c       0x84 build/timer.o
                0x0800663c                timer_update
 .text.SX1278_hw_SetNSS
                0x080066c0       0x14 build/SX1278_hw.o
                0x080066c0                SX1278_hw_SetNSS
 .text.SX1278_hw_SPICommand
                0x080066d4       0x2e build/SX1278_hw.o
                0x080066d4                SX1278_hw_SPICommand
 .text.SX1278_hw_SPIReadByte
                0x08006702       0x3c build/SX1278_hw.o
                0x08006702                SX1278_hw_SPIReadByte
 .text.SX1278_hw_DelayMs
                0x0800673e        0x8 build/SX1278_hw.o
                0x0800673e                SX1278_hw_DelayMs
 .text.SX1278_hw_Reset
                0x08006746       0x2c build/SX1278_hw.o
                0x08006746                SX1278_hw_Reset
 .text.SX1278_hw_init
                0x08006772       0x12 build/SX1278_hw.o
                0x08006772                SX1278_hw_init
 .text.SX1278_hw_GetDIO0
                0x08006784       0x14 build/SX1278_hw.o
                0x08006784                SX1278_hw_GetDIO0
 .text.BSP_W25Qx_Reset
                0x08006798       0x3c build/W25QXX.o
 .text.BSP_W25Qx_GetStatus
                0x080067d4       0x58 build/W25QXX.o
 .text.BSP_W25Qx_Init
                0x0800682c        0xc build/W25QXX.o
                0x0800682c                BSP_W25Qx_Init
 .text.BSP_W25Qx_Read_ID
                0x08006838       0x4c build/W25QXX.o
                0x08006838                BSP_W25Qx_Read_ID
 .text.BSP_W25Qx_Read_JEDEC_ID
                0x08006884       0x48 build/W25QXX.o
                0x08006884                BSP_W25Qx_Read_JEDEC_ID
 *fill*         0x080068cc        0x4 
 .text.Flash_Test
                0x080068d0       0xbc build/W25QXX.o
                0x080068d0                Flash_Test
 .text.LED_Init
                0x0800698c       0x5c build/led.o
                0x0800698c                LED_Init
 .text.LED_On   0x080069e8        0xe build/led.o
                0x080069e8                LED_On
 .text.LED_Off  0x080069f6        0xe build/led.o
                0x080069f6                LED_Off
 .text.LED_Toggle
                0x08006a04        0xc build/led.o
                0x08006a04                LED_Toggle
 .text.LED_Blink
                0x08006a10       0x26 build/led.o
                0x08006a10                LED_Blink
 *fill*         0x08006a36        0x2 
 .text.LED_Test
                0x08006a38       0xc4 build/led.o
                0x08006a38                LED_Test
 .text.RS485_SendData
                0x08006afc       0x2c build/rs485.o
                0x08006afc                RS485_SendData
 .text.RS485_Test
                0x08006b28       0x18 build/rs485.o
                0x08006b28                RS485_Test
 .text.atgm_io_init
                0x08006b40       0x48 build/ATGM332D.o
                0x08006b40                atgm_io_init
 .text.atgm_open
                0x08006b88       0x40 build/ATGM332D.o
                0x08006b88                atgm_open
 .text.atgm_read
                0x08006bc8       0x4c build/ATGM332D.o
                0x08006bc8                atgm_read
 .text.BDS_Test
                0x08006c14       0x58 build/ATGM332D.o
                0x08006c14                BDS_Test
 .text.atgm_handler
                0x08006c6c       0x60 build/ATGM332D.o
                0x08006c6c                atgm_handler
 .text.ec2x_io_init
                0x08006ccc       0x94 build/EC2x.o
                0x08006ccc                ec2x_io_init
 .text.ec2x_open
                0x08006d60       0x40 build/EC2x.o
                0x08006d60                ec2x_open
 .text.ec2x_write
                0x08006da0       0x40 build/EC2x.o
                0x08006da0                ec2x_write
 .text.ec2x_read
                0x08006de0       0xac build/EC2x.o
                0x08006de0                ec2x_read
 .text.ec2x_handler
                0x08006e8c       0xec build/EC2x.o
                0x08006e8c                ec2x_handler
 .text.ec2x_replymatch
                0x08006f78       0x3a build/EC2x.o
                0x08006f78                ec2x_replymatch
 *fill*         0x08006fb2        0x2 
 .text.ec2x_cmd_send
                0x08006fb4       0x7c build/EC2x.o
 .text.ec2x_reset
                0x08007030       0x40 build/EC2x.o
 .text.ec2x_tcp_connect
                0x08007070      0x46c build/EC2x.o
                0x08007070                ec2x_tcp_connect
 .text.EC2x_Test
                0x080074dc       0xc0 build/EC2x.o
                0x080074dc                EC2x_Test
 .text.SX1278_SPIRead
                0x0800759c       0x1e build/SX1278.o
                0x0800759c                SX1278_SPIRead
 .text.SX1278_SPIWrite
                0x080075ba       0x2c build/SX1278.o
                0x080075ba                SX1278_SPIWrite
 .text.SX1278_SPIBurstRead
                0x080075e6       0x3e build/SX1278.o
                0x080075e6                SX1278_SPIBurstRead
 .text.SX1278_SPIBurstWrite
                0x08007624       0x40 build/SX1278.o
                0x08007624                SX1278_SPIBurstWrite
 .text.SX1278_standby
                0x08007664       0x12 build/SX1278.o
                0x08007664                SX1278_standby
 .text.SX1278_sleep
                0x08007676       0x12 build/SX1278.o
                0x08007676                SX1278_sleep
 .text.SX1278_entryLoRa
                0x08007688        0xc build/SX1278.o
                0x08007688                SX1278_entryLoRa
 .text.SX1278_config
                0x08007694      0x18c build/SX1278.o
                0x08007694                SX1278_config
 .text.SX1278_clearLoRaIrq
                0x08007820        0xc build/SX1278.o
                0x08007820                SX1278_clearLoRaIrq
 .text.SX1278_LoRaEntryRx
                0x0800782c       0x9a build/SX1278.o
                0x0800782c                SX1278_LoRaEntryRx
 *fill*         0x080078c6        0x2 
 .text.SX1278_LoRaRxPacket
                0x080078c8       0x94 build/SX1278.o
                0x080078c8                SX1278_LoRaRxPacket
 .text.SX1278_LoRaEntryTx
                0x0800795c       0x80 build/SX1278.o
                0x0800795c                SX1278_LoRaEntryTx
 .text.SX1278_LoRaTxPacket
                0x080079dc       0x6a build/SX1278.o
                0x080079dc                SX1278_LoRaTxPacket
 .text.SX1278_init
                0x08007a46       0x3e build/SX1278.o
                0x08007a46                SX1278_init
 .text.SX1278_transmit
                0x08007a84       0x24 build/SX1278.o
                0x08007a84                SX1278_transmit
 .text.SX1278_receive
                0x08007aa8        0x8 build/SX1278.o
                0x08007aa8                SX1278_receive
 .text.LORA_Send
                0x08007ab0       0x68 build/SX1278.o
                0x08007ab0                LORA_Send
 .text.Reset_Handler
                0x08007b18       0x50 build/startup_stm32l431xx.o
                0x08007b18                Reset_Handler
 .text.Default_Handler
                0x08007b68        0x2 build/startup_stm32l431xx.o
                0x08007b68                RTC_Alarm_IRQHandler
                0x08007b68                EXTI2_IRQHandler
                0x08007b68                TIM1_CC_IRQHandler
                0x08007b68                TSC_IRQHandler
                0x08007b68                TAMP_STAMP_IRQHandler
                0x08007b68                EXTI3_IRQHandler
                0x08007b68                LPTIM2_IRQHandler
                0x08007b68                I2C3_ER_IRQHandler
                0x08007b68                EXTI0_IRQHandler
                0x08007b68                I2C2_EV_IRQHandler
                0x08007b68                CAN1_RX0_IRQHandler
                0x08007b68                FPU_IRQHandler
                0x08007b68                TIM1_UP_TIM16_IRQHandler
                0x08007b68                SPI1_IRQHandler
                0x08007b68                TIM6_DAC_IRQHandler
                0x08007b68                DMA2_Channel2_IRQHandler
                0x08007b68                DMA1_Channel4_IRQHandler
                0x08007b68                ADC1_IRQHandler
                0x08007b68                DMA1_Channel7_IRQHandler
                0x08007b68                CAN1_RX1_IRQHandler
                0x08007b68                DMA2_Channel1_IRQHandler
                0x08007b68                QUADSPI_IRQHandler
                0x08007b68                I2C1_EV_IRQHandler
                0x08007b68                DMA1_Channel6_IRQHandler
                0x08007b68                DMA2_Channel4_IRQHandler
                0x08007b68                RCC_IRQHandler
                0x08007b68                TIM1_TRG_COM_IRQHandler
                0x08007b68                DMA1_Channel1_IRQHandler
                0x08007b68                Default_Handler
                0x08007b68                DMA2_Channel7_IRQHandler
                0x08007b68                EXTI15_10_IRQHandler
                0x08007b68                TIM7_IRQHandler
                0x08007b68                SDMMC1_IRQHandler
                0x08007b68                I2C3_EV_IRQHandler
                0x08007b68                RTC_WKUP_IRQHandler
                0x08007b68                PVD_PVM_IRQHandler
                0x08007b68                CAN1_TX_IRQHandler
                0x08007b68                DMA2_Channel5_IRQHandler
                0x08007b68                CRS_IRQHandler
                0x08007b68                DMA1_Channel5_IRQHandler
                0x08007b68                EXTI4_IRQHandler
                0x08007b68                RNG_IRQHandler
                0x08007b68                DMA1_Channel3_IRQHandler
                0x08007b68                COMP_IRQHandler
                0x08007b68                WWDG_IRQHandler
                0x08007b68                LPUART1_IRQHandler
                0x08007b68                DMA2_Channel6_IRQHandler
                0x08007b68                TIM2_IRQHandler
                0x08007b68                EXTI1_IRQHandler
                0x08007b68                I2C2_ER_IRQHandler
                0x08007b68                DMA1_Channel2_IRQHandler
                0x08007b68                CAN1_SCE_IRQHandler
                0x08007b68                FLASH_IRQHandler
                0x08007b68                I2C1_ER_IRQHandler
                0x08007b68                SWPMI1_IRQHandler
                0x08007b68                LPTIM1_IRQHandler
                0x08007b68                SAI1_IRQHandler
                0x08007b68                DMA2_Channel3_IRQHandler
                0x08007b68                TIM1_BRK_TIM15_IRQHandler
 *fill*         0x08007b6a        0x2 
 .text.__libc_init_array
                0x08007b6c       0x48 e:/gcc-arm-none-eabi-10.3-2021.10-win32/gcc-arm-none-eabi-10.3-2021.10/bin/../lib/gcc/arm-none-eabi/10.3.1/../../../../arm-none-eabi/lib/thumb/v7e-m+fp/hard\libc_nano.a(lib_a-init.o)
                0x08007b6c                __libc_init_array
 .text.malloc   0x08007bb4       0x10 e:/gcc-arm-none-eabi-10.3-2021.10-win32/gcc-arm-none-eabi-10.3-2021.10/bin/../lib/gcc/arm-none-eabi/10.3.1/../../../../arm-none-eabi/lib/thumb/v7e-m+fp/hard\libc_nano.a(lib_a-malloc.o)
                0x08007bb4                malloc
 .text.free     0x08007bc4       0x10 e:/gcc-arm-none-eabi-10.3-2021.10-win32/gcc-arm-none-eabi-10.3-2021.10/bin/../lib/gcc/arm-none-eabi/10.3.1/../../../../arm-none-eabi/lib/thumb/v7e-m+fp/hard\libc_nano.a(lib_a-malloc.o)
                0x08007bc4                free
 .text.memcpy   0x08007bd4       0x1c e:/gcc-arm-none-eabi-10.3-2021.10-win32/gcc-arm-none-eabi-10.3-2021.10/bin/../lib/gcc/arm-none-eabi/10.3.1/../../../../arm-none-eabi/lib/thumb/v7e-m+fp/hard\libc_nano.a(lib_a-memcpy-stub.o)
                0x08007bd4                memcpy
 .text.memset   0x08007bf0       0x10 e:/gcc-arm-none-eabi-10.3-2021.10-win32/gcc-arm-none-eabi-10.3-2021.10/bin/../lib/gcc/arm-none-eabi/10.3.1/../../../../arm-none-eabi/lib/thumb/v7e-m+fp/hard\libc_nano.a(lib_a-memset.o)
                0x08007bf0                memset
 .text._free_r  0x08007c00       0x98 e:/gcc-arm-none-eabi-10.3-2021.10-win32/gcc-arm-none-eabi-10.3-2021.10/bin/../lib/gcc/arm-none-eabi/10.3.1/../../../../arm-none-eabi/lib/thumb/v7e-m+fp/hard\libc_nano.a(lib_a-nano-freer.o)
                0x08007c00                _free_r
 .text.sbrk_aligned
                0x08007c98       0x40 e:/gcc-arm-none-eabi-10.3-2021.10-win32/gcc-arm-none-eabi-10.3-2021.10/bin/../lib/gcc/arm-none-eabi/10.3.1/../../../../arm-none-eabi/lib/thumb/v7e-m+fp/hard\libc_nano.a(lib_a-nano-mallocr.o)
 .text._malloc_r
                0x08007cd8       0xe8 e:/gcc-arm-none-eabi-10.3-2021.10-win32/gcc-arm-none-eabi-10.3-2021.10/bin/../lib/gcc/arm-none-eabi/10.3.1/../../../../arm-none-eabi/lib/thumb/v7e-m+fp/hard\libc_nano.a(lib_a-nano-mallocr.o)
                0x08007cd8                _malloc_r
 .text.__cvt    0x08007dc0       0xc4 e:/gcc-arm-none-eabi-10.3-2021.10-win32/gcc-arm-none-eabi-10.3-2021.10/bin/../lib/gcc/arm-none-eabi/10.3.1/../../../../arm-none-eabi/lib/thumb/v7e-m+fp/hard\libc_nano.a(lib_a-nano-vfprintf_float.o)
                0x08007dc0                __cvt
 .text.__exponent
                0x08007e84       0x7c e:/gcc-arm-none-eabi-10.3-2021.10-win32/gcc-arm-none-eabi-10.3-2021.10/bin/../lib/gcc/arm-none-eabi/10.3.1/../../../../arm-none-eabi/lib/thumb/v7e-m+fp/hard\libc_nano.a(lib_a-nano-vfprintf_float.o)
                0x08007e84                __exponent
 .text._printf_float
                0x08007f00      0x46c e:/gcc-arm-none-eabi-10.3-2021.10-win32/gcc-arm-none-eabi-10.3-2021.10/bin/../lib/gcc/arm-none-eabi/10.3.1/../../../../arm-none-eabi/lib/thumb/v7e-m+fp/hard\libc_nano.a(lib_a-nano-vfprintf_float.o)
                0x08007f00                _printf_float
 .text._printf_common
                0x0800836c       0xda e:/gcc-arm-none-eabi-10.3-2021.10-win32/gcc-arm-none-eabi-10.3-2021.10/bin/../lib/gcc/arm-none-eabi/10.3.1/../../../../arm-none-eabi/lib/thumb/v7e-m+fp/hard\libc_nano.a(lib_a-nano-vfprintf_i.o)
                0x0800836c                _printf_common
 *fill*         0x08008446        0x2 
 .text._printf_i
                0x08008448      0x24c e:/gcc-arm-none-eabi-10.3-2021.10-win32/gcc-arm-none-eabi-10.3-2021.10/bin/../lib/gcc/arm-none-eabi/10.3.1/../../../../arm-none-eabi/lib/thumb/v7e-m+fp/hard\libc_nano.a(lib_a-nano-vfprintf_i.o)
                0x08008448                _printf_i
 .text._sbrk_r  0x08008694       0x20 e:/gcc-arm-none-eabi-10.3-2021.10-win32/gcc-arm-none-eabi-10.3-2021.10/bin/../lib/gcc/arm-none-eabi/10.3.1/../../../../arm-none-eabi/lib/thumb/v7e-m+fp/hard\libc_nano.a(lib_a-sbrkr.o)
                0x08008694                _sbrk_r
 .text.strncmp  0x080086b4       0x28 e:/gcc-arm-none-eabi-10.3-2021.10-win32/gcc-arm-none-eabi-10.3-2021.10/bin/../lib/gcc/arm-none-eabi/10.3.1/../../../../arm-none-eabi/lib/thumb/v7e-m+fp/hard\libc_nano.a(lib_a-strncmp.o)
                0x080086b4                strncmp
 .text.strstr   0x080086dc       0x2c e:/gcc-arm-none-eabi-10.3-2021.10-win32/gcc-arm-none-eabi-10.3-2021.10/bin/../lib/gcc/arm-none-eabi/10.3.1/../../../../arm-none-eabi/lib/thumb/v7e-m+fp/hard\libc_nano.a(lib_a-strstr.o)
                0x080086dc                strstr
 .text._vsnprintf_r
                0x08008708       0x56 e:/gcc-arm-none-eabi-10.3-2021.10-win32/gcc-arm-none-eabi-10.3-2021.10/bin/../lib/gcc/arm-none-eabi/10.3.1/../../../../arm-none-eabi/lib/thumb/v7e-m+fp/hard\libc_nano.a(lib_a-vsnprintf.o)
                0x08008708                _vsniprintf_r
                0x08008708                _vsnprintf_r
 *fill*         0x0800875e        0x2 
 .text.vsnprintf
                0x08008760       0x1c e:/gcc-arm-none-eabi-10.3-2021.10-win32/gcc-arm-none-eabi-10.3-2021.10/bin/../lib/gcc/arm-none-eabi/10.3.1/../../../../arm-none-eabi/lib/thumb/v7e-m+fp/hard\libc_nano.a(lib_a-vsnprintf.o)
                0x08008760                vsniprintf
                0x08008760                vsnprintf
 .text.quorem   0x0800877c      0x116 e:/gcc-arm-none-eabi-10.3-2021.10-win32/gcc-arm-none-eabi-10.3-2021.10/bin/../lib/gcc/arm-none-eabi/10.3.1/../../../../arm-none-eabi/lib/thumb/v7e-m+fp/hard\libc_nano.a(lib_a-dtoa.o)
 *fill*         0x08008892        0x6 
 .text._dtoa_r  0x08008898      0xbdc e:/gcc-arm-none-eabi-10.3-2021.10-win32/gcc-arm-none-eabi-10.3-2021.10/bin/../lib/gcc/arm-none-eabi/10.3.1/../../../../arm-none-eabi/lib/thumb/v7e-m+fp/hard\libc_nano.a(lib_a-dtoa.o)
                0x08008898                _dtoa_r
 .text._localeconv_r
                0x08009474        0x8 e:/gcc-arm-none-eabi-10.3-2021.10-win32/gcc-arm-none-eabi-10.3-2021.10/bin/../lib/gcc/arm-none-eabi/10.3.1/../../../../arm-none-eabi/lib/thumb/v7e-m+fp/hard\libc_nano.a(lib_a-localeconv.o)
                0x08009474                _localeconv_r
 .text.__malloc_lock
                0x0800947c        0xc e:/gcc-arm-none-eabi-10.3-2021.10-win32/gcc-arm-none-eabi-10.3-2021.10/bin/../lib/gcc/arm-none-eabi/10.3.1/../../../../arm-none-eabi/lib/thumb/v7e-m+fp/hard\libc_nano.a(lib_a-mlock.o)
                0x0800947c                __malloc_lock
 .text.__malloc_unlock
                0x08009488        0xc e:/gcc-arm-none-eabi-10.3-2021.10-win32/gcc-arm-none-eabi-10.3-2021.10/bin/../lib/gcc/arm-none-eabi/10.3.1/../../../../arm-none-eabi/lib/thumb/v7e-m+fp/hard\libc_nano.a(lib_a-mlock.o)
                0x08009488                __malloc_unlock
 .text._Balloc  0x08009494       0x80 e:/gcc-arm-none-eabi-10.3-2021.10-win32/gcc-arm-none-eabi-10.3-2021.10/bin/../lib/gcc/arm-none-eabi/10.3.1/../../../../arm-none-eabi/lib/thumb/v7e-m+fp/hard\libc_nano.a(lib_a-mprec.o)
                0x08009494                _Balloc
 .text._Bfree   0x08009514       0x44 e:/gcc-arm-none-eabi-10.3-2021.10-win32/gcc-arm-none-eabi-10.3-2021.10/bin/../lib/gcc/arm-none-eabi/10.3.1/../../../../arm-none-eabi/lib/thumb/v7e-m+fp/hard\libc_nano.a(lib_a-mprec.o)
                0x08009514                _Bfree
 .text.__multadd
                0x08009558       0x8c e:/gcc-arm-none-eabi-10.3-2021.10-win32/gcc-arm-none-eabi-10.3-2021.10/bin/../lib/gcc/arm-none-eabi/10.3.1/../../../../arm-none-eabi/lib/thumb/v7e-m+fp/hard\libc_nano.a(lib_a-mprec.o)
                0x08009558                __multadd
 .text.__hi0bits
                0x080095e4       0x40 e:/gcc-arm-none-eabi-10.3-2021.10-win32/gcc-arm-none-eabi-10.3-2021.10/bin/../lib/gcc/arm-none-eabi/10.3.1/../../../../arm-none-eabi/lib/thumb/v7e-m+fp/hard\libc_nano.a(lib_a-mprec.o)
                0x080095e4                __hi0bits
 .text.__lo0bits
                0x08009624       0x5e e:/gcc-arm-none-eabi-10.3-2021.10-win32/gcc-arm-none-eabi-10.3-2021.10/bin/../lib/gcc/arm-none-eabi/10.3.1/../../../../arm-none-eabi/lib/thumb/v7e-m+fp/hard\libc_nano.a(lib_a-mprec.o)
                0x08009624                __lo0bits
 *fill*         0x08009682        0x2 
 .text.__i2b    0x08009684       0x2c e:/gcc-arm-none-eabi-10.3-2021.10-win32/gcc-arm-none-eabi-10.3-2021.10/bin/../lib/gcc/arm-none-eabi/10.3.1/../../../../arm-none-eabi/lib/thumb/v7e-m+fp/hard\libc_nano.a(lib_a-mprec.o)
                0x08009684                __i2b
 .text.__multiply
                0x080096b0      0x154 e:/gcc-arm-none-eabi-10.3-2021.10-win32/gcc-arm-none-eabi-10.3-2021.10/bin/../lib/gcc/arm-none-eabi/10.3.1/../../../../arm-none-eabi/lib/thumb/v7e-m+fp/hard\libc_nano.a(lib_a-mprec.o)
                0x080096b0                __multiply
 .text.__pow5mult
                0x08009804       0xb4 e:/gcc-arm-none-eabi-10.3-2021.10-win32/gcc-arm-none-eabi-10.3-2021.10/bin/../lib/gcc/arm-none-eabi/10.3.1/../../../../arm-none-eabi/lib/thumb/v7e-m+fp/hard\libc_nano.a(lib_a-mprec.o)
                0x08009804                __pow5mult
 .text.__lshift
                0x080098b8       0xe0 e:/gcc-arm-none-eabi-10.3-2021.10-win32/gcc-arm-none-eabi-10.3-2021.10/bin/../lib/gcc/arm-none-eabi/10.3.1/../../../../arm-none-eabi/lib/thumb/v7e-m+fp/hard\libc_nano.a(lib_a-mprec.o)
                0x080098b8                __lshift
 .text.__mcmp   0x08009998       0x38 e:/gcc-arm-none-eabi-10.3-2021.10-win32/gcc-arm-none-eabi-10.3-2021.10/bin/../lib/gcc/arm-none-eabi/10.3.1/../../../../arm-none-eabi/lib/thumb/v7e-m+fp/hard\libc_nano.a(lib_a-mprec.o)
                0x08009998                __mcmp
 .text.__mdiff  0x080099d0      0x114 e:/gcc-arm-none-eabi-10.3-2021.10-win32/gcc-arm-none-eabi-10.3-2021.10/bin/../lib/gcc/arm-none-eabi/10.3.1/../../../../arm-none-eabi/lib/thumb/v7e-m+fp/hard\libc_nano.a(lib_a-mprec.o)
                0x080099d0                __mdiff
 .text.__d2b    0x08009ae4       0xb8 e:/gcc-arm-none-eabi-10.3-2021.10-win32/gcc-arm-none-eabi-10.3-2021.10/bin/../lib/gcc/arm-none-eabi/10.3.1/../../../../arm-none-eabi/lib/thumb/v7e-m+fp/hard\libc_nano.a(lib_a-mprec.o)
                0x08009ae4                __d2b
 .text._calloc_r
                0x08009b9c       0x2c e:/gcc-arm-none-eabi-10.3-2021.10-win32/gcc-arm-none-eabi-10.3-2021.10/bin/../lib/gcc/arm-none-eabi/10.3.1/../../../../arm-none-eabi/lib/thumb/v7e-m+fp/hard\libc_nano.a(lib_a-nano-callocr.o)
                0x08009b9c                _calloc_r
 .text.__ssputs_r
                0x08009bc8       0xb6 e:/gcc-arm-none-eabi-10.3-2021.10-win32/gcc-arm-none-eabi-10.3-2021.10/bin/../lib/gcc/arm-none-eabi/10.3.1/../../../../arm-none-eabi/lib/thumb/v7e-m+fp/hard\libc_nano.a(lib_a-nano-svfprintf.o)
                0x08009bc8                __ssputs_r
 *fill*         0x08009c7e        0x2 
 .text._svfprintf_r
                0x08009c80      0x200 e:/gcc-arm-none-eabi-10.3-2021.10-win32/gcc-arm-none-eabi-10.3-2021.10/bin/../lib/gcc/arm-none-eabi/10.3.1/../../../../arm-none-eabi/lib/thumb/v7e-m+fp/hard\libc_nano.a(lib_a-nano-svfprintf.o)
                0x08009c80                _svfiprintf_r
                0x08009c80                _svfprintf_r
 .text.__assert_func
                0x08009e80       0x3c e:/gcc-arm-none-eabi-10.3-2021.10-win32/gcc-arm-none-eabi-10.3-2021.10/bin/../lib/gcc/arm-none-eabi/10.3.1/../../../../arm-none-eabi/lib/thumb/v7e-m+fp/hard\libc_nano.a(lib_a-assert.o)
                0x08009e80                __assert_func
 .text.fprintf  0x08009ebc       0x24 e:/gcc-arm-none-eabi-10.3-2021.10-win32/gcc-arm-none-eabi-10.3-2021.10/bin/../lib/gcc/arm-none-eabi/10.3.1/../../../../arm-none-eabi/lib/thumb/v7e-m+fp/hard\libc_nano.a(lib_a-fprintf.o)
                0x08009ebc                fiprintf
                0x08009ebc                fprintf
 .text.__retarget_lock_init_recursive
                0x08009ee0        0x2 e:/gcc-arm-none-eabi-10.3-2021.10-win32/gcc-arm-none-eabi-10.3-2021.10/bin/../lib/gcc/arm-none-eabi/10.3.1/../../../../arm-none-eabi/lib/thumb/v7e-m+fp/hard\libc_nano.a(lib_a-lock.o)
                0x08009ee0                __retarget_lock_init_recursive
 .text.__retarget_lock_acquire_recursive
                0x08009ee2        0x2 e:/gcc-arm-none-eabi-10.3-2021.10-win32/gcc-arm-none-eabi-10.3-2021.10/bin/../lib/gcc/arm-none-eabi/10.3.1/../../../../arm-none-eabi/lib/thumb/v7e-m+fp/hard\libc_nano.a(lib_a-lock.o)
                0x08009ee2                __retarget_lock_acquire_recursive
 .text.__retarget_lock_release_recursive
                0x08009ee4        0x2 e:/gcc-arm-none-eabi-10.3-2021.10-win32/gcc-arm-none-eabi-10.3-2021.10/bin/../lib/gcc/arm-none-eabi/10.3.1/../../../../arm-none-eabi/lib/thumb/v7e-m+fp/hard\libc_nano.a(lib_a-lock.o)
                0x08009ee4                __retarget_lock_release_recursive
 .text.__ascii_mbtowc
                0x08009ee6       0x24 e:/gcc-arm-none-eabi-10.3-2021.10-win32/gcc-arm-none-eabi-10.3-2021.10/bin/../lib/gcc/arm-none-eabi/10.3.1/../../../../arm-none-eabi/lib/thumb/v7e-m+fp/hard\libc_nano.a(lib_a-mbtowc_r.o)
                0x08009ee6                __ascii_mbtowc
 .text.memmove  0x08009f0a       0x34 e:/gcc-arm-none-eabi-10.3-2021.10-win32/gcc-arm-none-eabi-10.3-2021.10/bin/../lib/gcc/arm-none-eabi/10.3.1/../../../../arm-none-eabi/lib/thumb/v7e-m+fp/hard\libc_nano.a(lib_a-memmove.o)
                0x08009f0a                memmove
 .text._realloc_r
                0x08009f3e       0x5e e:/gcc-arm-none-eabi-10.3-2021.10-win32/gcc-arm-none-eabi-10.3-2021.10/bin/../lib/gcc/arm-none-eabi/10.3.1/../../../../arm-none-eabi/lib/thumb/v7e-m+fp/hard\libc_nano.a(lib_a-nano-reallocr.o)
                0x08009f3e                _realloc_r
 .text.__sfputc_r
                0x08009f9c       0x2e e:/gcc-arm-none-eabi-10.3-2021.10-win32/gcc-arm-none-eabi-10.3-2021.10/bin/../lib/gcc/arm-none-eabi/10.3.1/../../../../arm-none-eabi/lib/thumb/v7e-m+fp/hard\libc_nano.a(lib_a-nano-vfprintf.o)
 .text.__sfputs_r
                0x08009fca       0x24 e:/gcc-arm-none-eabi-10.3-2021.10-win32/gcc-arm-none-eabi-10.3-2021.10/bin/../lib/gcc/arm-none-eabi/10.3.1/../../../../arm-none-eabi/lib/thumb/v7e-m+fp/hard\libc_nano.a(lib_a-nano-vfprintf.o)
                0x08009fca                __sfputs_r
 *fill*         0x08009fee        0x2 
 .text._vfprintf_r
                0x08009ff0      0x260 e:/gcc-arm-none-eabi-10.3-2021.10-win32/gcc-arm-none-eabi-10.3-2021.10/bin/../lib/gcc/arm-none-eabi/10.3.1/../../../../arm-none-eabi/lib/thumb/v7e-m+fp/hard\libc_nano.a(lib_a-nano-vfprintf.o)
                0x08009ff0                _vfprintf_r
                0x08009ff0                _vfiprintf_r
 .text.__swbuf_r
                0x0800a250       0xa4 e:/gcc-arm-none-eabi-10.3-2021.10-win32/gcc-arm-none-eabi-10.3-2021.10/bin/../lib/gcc/arm-none-eabi/10.3.1/../../../../arm-none-eabi/lib/thumb/v7e-m+fp/hard\libc_nano.a(lib_a-wbuf.o)
                0x0800a250                __swbuf_r
 .text.__ascii_wctomb
                0x0800a2f4       0x1a e:/gcc-arm-none-eabi-10.3-2021.10-win32/gcc-arm-none-eabi-10.3-2021.10/bin/../lib/gcc/arm-none-eabi/10.3.1/../../../../arm-none-eabi/lib/thumb/v7e-m+fp/hard\libc_nano.a(lib_a-wctomb_r.o)
                0x0800a2f4                __ascii_wctomb
 *fill*         0x0800a30e        0x2 
 .text.__swsetup_r
                0x0800a310       0xdc e:/gcc-arm-none-eabi-10.3-2021.10-win32/gcc-arm-none-eabi-10.3-2021.10/bin/../lib/gcc/arm-none-eabi/10.3.1/../../../../arm-none-eabi/lib/thumb/v7e-m+fp/hard\libc_nano.a(lib_a-wsetup.o)
                0x0800a310                __swsetup_r
 .text.abort    0x0800a3ec        0xe e:/gcc-arm-none-eabi-10.3-2021.10-win32/gcc-arm-none-eabi-10.3-2021.10/bin/../lib/gcc/arm-none-eabi/10.3.1/../../../../arm-none-eabi/lib/thumb/v7e-m+fp/hard\libc_nano.a(lib_a-abort.o)
                0x0800a3ec                abort
 *fill*         0x0800a3fa        0x2 
 .text.__sflush_r
                0x0800a3fc      0x10c e:/gcc-arm-none-eabi-10.3-2021.10-win32/gcc-arm-none-eabi-10.3-2021.10/bin/../lib/gcc/arm-none-eabi/10.3.1/../../../../arm-none-eabi/lib/thumb/v7e-m+fp/hard\libc_nano.a(lib_a-fflush.o)
                0x0800a3fc                __sflush_r
 .text._fflush_r
                0x0800a508       0x78 e:/gcc-arm-none-eabi-10.3-2021.10-win32/gcc-arm-none-eabi-10.3-2021.10/bin/../lib/gcc/arm-none-eabi/10.3.1/../../../../arm-none-eabi/lib/thumb/v7e-m+fp/hard\libc_nano.a(lib_a-fflush.o)
                0x0800a508                _fflush_r
 .text.std      0x0800a580       0x48 e:/gcc-arm-none-eabi-10.3-2021.10-win32/gcc-arm-none-eabi-10.3-2021.10/bin/../lib/gcc/arm-none-eabi/10.3.1/../../../../arm-none-eabi/lib/thumb/v7e-m+fp/hard\libc_nano.a(lib_a-findfp.o)
 .text._cleanup_r
                0x0800a5c8        0xc e:/gcc-arm-none-eabi-10.3-2021.10-win32/gcc-arm-none-eabi-10.3-2021.10/bin/../lib/gcc/arm-none-eabi/10.3.1/../../../../arm-none-eabi/lib/thumb/v7e-m+fp/hard\libc_nano.a(lib_a-findfp.o)
                0x0800a5c8                _cleanup_r
 .text.__sfmoreglue
                0x0800a5d4       0x2c e:/gcc-arm-none-eabi-10.3-2021.10-win32/gcc-arm-none-eabi-10.3-2021.10/bin/../lib/gcc/arm-none-eabi/10.3.1/../../../../arm-none-eabi/lib/thumb/v7e-m+fp/hard\libc_nano.a(lib_a-findfp.o)
                0x0800a5d4                __sfmoreglue
 .text.__sfp_lock_acquire
                0x0800a600        0xc e:/gcc-arm-none-eabi-10.3-2021.10-win32/gcc-arm-none-eabi-10.3-2021.10/bin/../lib/gcc/arm-none-eabi/10.3.1/../../../../arm-none-eabi/lib/thumb/v7e-m+fp/hard\libc_nano.a(lib_a-findfp.o)
                0x0800a600                __sfp_lock_acquire
 .text.__sfp_lock_release
                0x0800a60c        0xc e:/gcc-arm-none-eabi-10.3-2021.10-win32/gcc-arm-none-eabi-10.3-2021.10/bin/../lib/gcc/arm-none-eabi/10.3.1/../../../../arm-none-eabi/lib/thumb/v7e-m+fp/hard\libc_nano.a(lib_a-findfp.o)
                0x0800a60c                __sfp_lock_release
 .text.__sinit_lock_acquire
                0x0800a618        0xc e:/gcc-arm-none-eabi-10.3-2021.10-win32/gcc-arm-none-eabi-10.3-2021.10/bin/../lib/gcc/arm-none-eabi/10.3.1/../../../../arm-none-eabi/lib/thumb/v7e-m+fp/hard\libc_nano.a(lib_a-findfp.o)
                0x0800a618                __sinit_lock_acquire
 .text.__sinit_lock_release
                0x0800a624        0xc e:/gcc-arm-none-eabi-10.3-2021.10-win32/gcc-arm-none-eabi-10.3-2021.10/bin/../lib/gcc/arm-none-eabi/10.3.1/../../../../arm-none-eabi/lib/thumb/v7e-m+fp/hard\libc_nano.a(lib_a-findfp.o)
                0x0800a624                __sinit_lock_release
 .text.__sinit  0x0800a630       0x70 e:/gcc-arm-none-eabi-10.3-2021.10-win32/gcc-arm-none-eabi-10.3-2021.10/bin/../lib/gcc/arm-none-eabi/10.3.1/../../../../arm-none-eabi/lib/thumb/v7e-m+fp/hard\libc_nano.a(lib_a-findfp.o)
                0x0800a630                __sinit
 .text.__sfp    0x0800a6a0       0x8c e:/gcc-arm-none-eabi-10.3-2021.10-win32/gcc-arm-none-eabi-10.3-2021.10/bin/../lib/gcc/arm-none-eabi/10.3.1/../../../../arm-none-eabi/lib/thumb/v7e-m+fp/hard\libc_nano.a(lib_a-findfp.o)
                0x0800a6a0                __sfp
 .text._fwalk_reent
                0x0800a72c       0x3e e:/gcc-arm-none-eabi-10.3-2021.10-win32/gcc-arm-none-eabi-10.3-2021.10/bin/../lib/gcc/arm-none-eabi/10.3.1/../../../../arm-none-eabi/lib/thumb/v7e-m+fp/hard\libc_nano.a(lib_a-fwalk.o)
                0x0800a72c                _fwalk_reent
 .text.__swhatbuf_r
                0x0800a76a       0x4a e:/gcc-arm-none-eabi-10.3-2021.10-win32/gcc-arm-none-eabi-10.3-2021.10/bin/../lib/gcc/arm-none-eabi/10.3.1/../../../../arm-none-eabi/lib/thumb/v7e-m+fp/hard\libc_nano.a(lib_a-makebuf.o)
                0x0800a76a                __swhatbuf_r
 .text.__smakebuf_r
                0x0800a7b4       0x80 e:/gcc-arm-none-eabi-10.3-2021.10-win32/gcc-arm-none-eabi-10.3-2021.10/bin/../lib/gcc/arm-none-eabi/10.3.1/../../../../arm-none-eabi/lib/thumb/v7e-m+fp/hard\libc_nano.a(lib_a-makebuf.o)
                0x0800a7b4                __smakebuf_r
 .text._malloc_usable_size_r
                0x0800a834       0x10 e:/gcc-arm-none-eabi-10.3-2021.10-win32/gcc-arm-none-eabi-10.3-2021.10/bin/../lib/gcc/arm-none-eabi/10.3.1/../../../../arm-none-eabi/lib/thumb/v7e-m+fp/hard\libc_nano.a(lib_a-nano-msizer.o)
                0x0800a834                _malloc_usable_size_r
 .text._raise_r
                0x0800a844       0x50 e:/gcc-arm-none-eabi-10.3-2021.10-win32/gcc-arm-none-eabi-10.3-2021.10/bin/../lib/gcc/arm-none-eabi/10.3.1/../../../../arm-none-eabi/lib/thumb/v7e-m+fp/hard\libc_nano.a(lib_a-signal.o)
                0x0800a844                _raise_r
 .text.raise    0x0800a894       0x10 e:/gcc-arm-none-eabi-10.3-2021.10-win32/gcc-arm-none-eabi-10.3-2021.10/bin/../lib/gcc/arm-none-eabi/10.3.1/../../../../arm-none-eabi/lib/thumb/v7e-m+fp/hard\libc_nano.a(lib_a-signal.o)
                0x0800a894                raise
 .text._kill_r  0x0800a8a4       0x24 e:/gcc-arm-none-eabi-10.3-2021.10-win32/gcc-arm-none-eabi-10.3-2021.10/bin/../lib/gcc/arm-none-eabi/10.3.1/../../../../arm-none-eabi/lib/thumb/v7e-m+fp/hard\libc_nano.a(lib_a-signalr.o)
                0x0800a8a4                _kill_r
 .text._getpid_r
                0x0800a8c8        0x4 e:/gcc-arm-none-eabi-10.3-2021.10-win32/gcc-arm-none-eabi-10.3-2021.10/bin/../lib/gcc/arm-none-eabi/10.3.1/../../../../arm-none-eabi/lib/thumb/v7e-m+fp/hard\libc_nano.a(lib_a-signalr.o)
                0x0800a8c8                _getpid_r
 .text.__sread  0x0800a8cc       0x22 e:/gcc-arm-none-eabi-10.3-2021.10-win32/gcc-arm-none-eabi-10.3-2021.10/bin/../lib/gcc/arm-none-eabi/10.3.1/../../../../arm-none-eabi/lib/thumb/v7e-m+fp/hard\libc_nano.a(lib_a-stdio.o)
                0x0800a8cc                __sread
 .text.__swrite
                0x0800a8ee       0x38 e:/gcc-arm-none-eabi-10.3-2021.10-win32/gcc-arm-none-eabi-10.3-2021.10/bin/../lib/gcc/arm-none-eabi/10.3.1/../../../../arm-none-eabi/lib/thumb/v7e-m+fp/hard\libc_nano.a(lib_a-stdio.o)
                0x0800a8ee                __swrite
 .text.__sseek  0x0800a926       0x24 e:/gcc-arm-none-eabi-10.3-2021.10-win32/gcc-arm-none-eabi-10.3-2021.10/bin/../lib/gcc/arm-none-eabi/10.3.1/../../../../arm-none-eabi/lib/thumb/v7e-m+fp/hard\libc_nano.a(lib_a-stdio.o)
                0x0800a926                __sseek
 .text.__sclose
                0x0800a94a        0x8 e:/gcc-arm-none-eabi-10.3-2021.10-win32/gcc-arm-none-eabi-10.3-2021.10/bin/../lib/gcc/arm-none-eabi/10.3.1/../../../../arm-none-eabi/lib/thumb/v7e-m+fp/hard\libc_nano.a(lib_a-stdio.o)
                0x0800a94a                __sclose
 *fill*         0x0800a952        0x2 
 .text._write_r
                0x0800a954       0x24 e:/gcc-arm-none-eabi-10.3-2021.10-win32/gcc-arm-none-eabi-10.3-2021.10/bin/../lib/gcc/arm-none-eabi/10.3.1/../../../../arm-none-eabi/lib/thumb/v7e-m+fp/hard\libc_nano.a(lib_a-writer.o)
                0x0800a954                _write_r
 .text._close_r
                0x0800a978       0x20 e:/gcc-arm-none-eabi-10.3-2021.10-win32/gcc-arm-none-eabi-10.3-2021.10/bin/../lib/gcc/arm-none-eabi/10.3.1/../../../../arm-none-eabi/lib/thumb/v7e-m+fp/hard\libc_nano.a(lib_a-closer.o)
                0x0800a978                _close_r
 .text._fstat_r
                0x0800a998       0x24 e:/gcc-arm-none-eabi-10.3-2021.10-win32/gcc-arm-none-eabi-10.3-2021.10/bin/../lib/gcc/arm-none-eabi/10.3.1/../../../../arm-none-eabi/lib/thumb/v7e-m+fp/hard\libc_nano.a(lib_a-fstatr.o)
                0x0800a998                _fstat_r
 .text._isatty_r
                0x0800a9bc       0x20 e:/gcc-arm-none-eabi-10.3-2021.10-win32/gcc-arm-none-eabi-10.3-2021.10/bin/../lib/gcc/arm-none-eabi/10.3.1/../../../../arm-none-eabi/lib/thumb/v7e-m+fp/hard\libc_nano.a(lib_a-isattyr.o)
                0x0800a9bc                _isatty_r
 .text._lseek_r
                0x0800a9dc       0x24 e:/gcc-arm-none-eabi-10.3-2021.10-win32/gcc-arm-none-eabi-10.3-2021.10/bin/../lib/gcc/arm-none-eabi/10.3.1/../../../../arm-none-eabi/lib/thumb/v7e-m+fp/hard\libc_nano.a(lib_a-lseekr.o)
                0x0800a9dc                _lseek_r
 .text._read_r  0x0800aa00       0x24 e:/gcc-arm-none-eabi-10.3-2021.10-win32/gcc-arm-none-eabi-10.3-2021.10/bin/../lib/gcc/arm-none-eabi/10.3.1/../../../../arm-none-eabi/lib/thumb/v7e-m+fp/hard\libc_nano.a(lib_a-readr.o)
                0x0800aa00                _read_r
 *fill*         0x0800aa24        0x4 
 .text.pow      0x0800aa28       0xf0 e:/gcc-arm-none-eabi-10.3-2021.10-win32/gcc-arm-none-eabi-10.3-2021.10/bin/../lib/gcc/arm-none-eabi/10.3.1/../../../../arm-none-eabi/lib/thumb/v7e-m+fp/hard\libm.a(lib_a-w_pow.o)
                0x0800aa28                pow
 .text.__ieee754_pow
                0x0800ab18      0xb74 e:/gcc-arm-none-eabi-10.3-2021.10-win32/gcc-arm-none-eabi-10.3-2021.10/bin/../lib/gcc/arm-none-eabi/10.3.1/../../../../arm-none-eabi/lib/thumb/v7e-m+fp/hard\libm.a(lib_a-e_pow.o)
                0x0800ab18                __ieee754_pow
 .text.__ieee754_sqrt
                0x0800b68c      0x198 e:/gcc-arm-none-eabi-10.3-2021.10-win32/gcc-arm-none-eabi-10.3-2021.10/bin/../lib/gcc/arm-none-eabi/10.3.1/../../../../arm-none-eabi/lib/thumb/v7e-m+fp/hard\libm.a(lib_a-e_sqrt.o)
                0x0800b68c                __ieee754_sqrt
 .text.with_errno
                0x0800b824       0x18 e:/gcc-arm-none-eabi-10.3-2021.10-win32/gcc-arm-none-eabi-10.3-2021.10/bin/../lib/gcc/arm-none-eabi/10.3.1/../../../../arm-none-eabi/lib/thumb/v7e-m+fp/hard\libm.a(lib_a-math_err.o)
 .text.xflow    0x0800b83c       0x2c e:/gcc-arm-none-eabi-10.3-2021.10-win32/gcc-arm-none-eabi-10.3-2021.10/bin/../lib/gcc/arm-none-eabi/10.3.1/../../../../arm-none-eabi/lib/thumb/v7e-m+fp/hard\libm.a(lib_a-math_err.o)
 .text.__math_uflow
                0x0800b868       0x14 e:/gcc-arm-none-eabi-10.3-2021.10-win32/gcc-arm-none-eabi-10.3-2021.10/bin/../lib/gcc/arm-none-eabi/10.3.1/../../../../arm-none-eabi/lib/thumb/v7e-m+fp/hard\libm.a(lib_a-math_err.o)
                0x0800b868                __math_uflow
 .text.__math_oflow
                0x0800b87c       0x14 e:/gcc-arm-none-eabi-10.3-2021.10-win32/gcc-arm-none-eabi-10.3-2021.10/bin/../lib/gcc/arm-none-eabi/10.3.1/../../../../arm-none-eabi/lib/thumb/v7e-m+fp/hard\libm.a(lib_a-math_err.o)
                0x0800b87c                __math_oflow
 .text.fabs     0x0800b890       0x14 e:/gcc-arm-none-eabi-10.3-2021.10-win32/gcc-arm-none-eabi-10.3-2021.10/bin/../lib/gcc/arm-none-eabi/10.3.1/../../../../arm-none-eabi/lib/thumb/v7e-m+fp/hard\libm.a(lib_a-s_fabs.o)
                0x0800b890                fabs
 .text.finite   0x0800b8a4       0x18 e:/gcc-arm-none-eabi-10.3-2021.10-win32/gcc-arm-none-eabi-10.3-2021.10/bin/../lib/gcc/arm-none-eabi/10.3.1/../../../../arm-none-eabi/lib/thumb/v7e-m+fp/hard\libm.a(lib_a-s_finite.o)
                0x0800b8a4                finite
 *fill*         0x0800b8bc        0x4 
 .text.scalbn   0x0800b8c0      0x124 e:/gcc-arm-none-eabi-10.3-2021.10-win32/gcc-arm-none-eabi-10.3-2021.10/bin/../lib/gcc/arm-none-eabi/10.3.1/../../../../arm-none-eabi/lib/thumb/v7e-m+fp/hard\libm.a(lib_a-s_scalbn.o)
                0x0800b8c0                scalbn
 .text._close   0x0800b9e4       0x10 e:/gcc-arm-none-eabi-10.3-2021.10-win32/gcc-arm-none-eabi-10.3-2021.10/bin/../lib/gcc/arm-none-eabi/10.3.1/../../../../arm-none-eabi/lib/thumb/v7e-m+fp/hard\libnosys.a(close.o)
                0x0800b9e4                _close
 .text._fstat   0x0800b9f4       0x10 e:/gcc-arm-none-eabi-10.3-2021.10-win32/gcc-arm-none-eabi-10.3-2021.10/bin/../lib/gcc/arm-none-eabi/10.3.1/../../../../arm-none-eabi/lib/thumb/v7e-m+fp/hard\libnosys.a(fstat.o)
                0x0800b9f4                _fstat
 .text._getpid  0x0800ba04       0x10 e:/gcc-arm-none-eabi-10.3-2021.10-win32/gcc-arm-none-eabi-10.3-2021.10/bin/../lib/gcc/arm-none-eabi/10.3.1/../../../../arm-none-eabi/lib/thumb/v7e-m+fp/hard\libnosys.a(getpid.o)
                0x0800ba04                _getpid
 .text._isatty  0x0800ba14       0x10 e:/gcc-arm-none-eabi-10.3-2021.10-win32/gcc-arm-none-eabi-10.3-2021.10/bin/../lib/gcc/arm-none-eabi/10.3.1/../../../../arm-none-eabi/lib/thumb/v7e-m+fp/hard\libnosys.a(isatty.o)
                0x0800ba14                _isatty
 .text._kill    0x0800ba24       0x10 e:/gcc-arm-none-eabi-10.3-2021.10-win32/gcc-arm-none-eabi-10.3-2021.10/bin/../lib/gcc/arm-none-eabi/10.3.1/../../../../arm-none-eabi/lib/thumb/v7e-m+fp/hard\libnosys.a(kill.o)
                0x0800ba24                _kill
 .text._lseek   0x0800ba34       0x10 e:/gcc-arm-none-eabi-10.3-2021.10-win32/gcc-arm-none-eabi-10.3-2021.10/bin/../lib/gcc/arm-none-eabi/10.3.1/../../../../arm-none-eabi/lib/thumb/v7e-m+fp/hard\libnosys.a(lseek.o)
                0x0800ba34                _lseek
 .text._read    0x0800ba44       0x10 e:/gcc-arm-none-eabi-10.3-2021.10-win32/gcc-arm-none-eabi-10.3-2021.10/bin/../lib/gcc/arm-none-eabi/10.3.1/../../../../arm-none-eabi/lib/thumb/v7e-m+fp/hard\libnosys.a(read.o)
                0x0800ba44                _read
 .text._sbrk    0x0800ba54       0x1c e:/gcc-arm-none-eabi-10.3-2021.10-win32/gcc-arm-none-eabi-10.3-2021.10/bin/../lib/gcc/arm-none-eabi/10.3.1/../../../../arm-none-eabi/lib/thumb/v7e-m+fp/hard\libnosys.a(sbrk.o)
                0x0800ba54                _sbrk
 .text._write   0x0800ba70       0x10 e:/gcc-arm-none-eabi-10.3-2021.10-win32/gcc-arm-none-eabi-10.3-2021.10/bin/../lib/gcc/arm-none-eabi/10.3.1/../../../../arm-none-eabi/lib/thumb/v7e-m+fp/hard\libnosys.a(write.o)
                0x0800ba70                _write
 .text._exit    0x0800ba80        0x4 e:/gcc-arm-none-eabi-10.3-2021.10-win32/gcc-arm-none-eabi-10.3-2021.10/bin/../lib/gcc/arm-none-eabi/10.3.1/../../../../arm-none-eabi/lib/thumb/v7e-m+fp/hard\libnosys.a(_exit.o)
                0x0800ba80                _exit
 .text.__errno  0x0800ba84        0xc e:/gcc-arm-none-eabi-10.3-2021.10-win32/gcc-arm-none-eabi-10.3-2021.10/bin/../lib/gcc/arm-none-eabi/10.3.1/../../../../arm-none-eabi/lib/thumb/v7e-m+fp/hard\libc_nano.a(lib_a-errno.o)
                0x0800ba84                __errno
 *(.glue_7)
 .glue_7        0x0800ba90        0x0 linker stubs
 *(.glue_7t)
 .glue_7t       0x0800ba90        0x0 linker stubs
 *(.eh_frame)
 .eh_frame      0x0800ba90        0x0 e:/gcc-arm-none-eabi-10.3-2021.10-win32/gcc-arm-none-eabi-10.3-2021.10/bin/../lib/gcc/arm-none-eabi/10.3.1/thumb/v7e-m+fp/hard/crtbegin.o
 *(.init)
 .init          0x0800ba90        0x4 e:/gcc-arm-none-eabi-10.3-2021.10-win32/gcc-arm-none-eabi-10.3-2021.10/bin/../lib/gcc/arm-none-eabi/10.3.1/thumb/v7e-m+fp/hard/crti.o
                0x0800ba90                _init
 .init          0x0800ba94        0x8 e:/gcc-arm-none-eabi-10.3-2021.10-win32/gcc-arm-none-eabi-10.3-2021.10/bin/../lib/gcc/arm-none-eabi/10.3.1/thumb/v7e-m+fp/hard/crtn.o
 *(.fini)
 .fini          0x0800ba9c        0x4 e:/gcc-arm-none-eabi-10.3-2021.10-win32/gcc-arm-none-eabi-10.3-2021.10/bin/../lib/gcc/arm-none-eabi/10.3.1/thumb/v7e-m+fp/hard/crti.o
                0x0800ba9c                _fini
 .fini          0x0800baa0        0x8 e:/gcc-arm-none-eabi-10.3-2021.10-win32/gcc-arm-none-eabi-10.3-2021.10/bin/../lib/gcc/arm-none-eabi/10.3.1/thumb/v7e-m+fp/hard/crtn.o
                0x0800baa8                . = ALIGN (0x8)
                0x0800baa8                _etext = .

.vfp11_veneer   0x0800baa8        0x0
 .vfp11_veneer  0x0800baa8        0x0 linker stubs

.v4_bx          0x0800baa8        0x0
 .v4_bx         0x0800baa8        0x0 linker stubs

.iplt           0x0800baa8        0x0
 .iplt          0x0800baa8        0x0 e:/gcc-arm-none-eabi-10.3-2021.10-win32/gcc-arm-none-eabi-10.3-2021.10/bin/../lib/gcc/arm-none-eabi/10.3.1/thumb/v7e-m+fp/hard/crtbegin.o

.rodata         0x0800baa8      0xd80
                0x0800baa8                . = ALIGN (0x8)
 *(.rodata)
 .rodata        0x0800baa8        0x3 build/W25QXX.o
 *(.rodata*)
 *fill*         0x0800baab        0x1 
 .rodata.main.str1.4
                0x0800baac       0x69 build/main.o
 *fill*         0x0800bb15        0x3 
 .rodata.AHBPrescTable
                0x0800bb18       0x10 build/system_stm32l4xx.o
                0x0800bb18                AHBPrescTable
 .rodata.APBPrescTable
                0x0800bb28        0x8 build/system_stm32l4xx.o
                0x0800bb28                APBPrescTable
 .rodata.MSIRangeTable
                0x0800bb30       0x30 build/system_stm32l4xx.o
                0x0800bb30                MSIRangeTable
 .rodata.shellWriteCommandDesc.str1.4
                0x0800bb60        0x4 build/shell.o
 .rodata.shellWritePrompt.str1.4
                0x0800bb64       0x23 build/shell.o
                                 0x27 (size before relaxing)
 *fill*         0x0800bb87        0x1 
 .rodata.shellCheckPassword.str1.4
                0x0800bb88      0x16f build/shell.o
 *fill*         0x0800bcf7        0x1 
 .rodata.shellClear.str1.4
                0x0800bcf8        0x9 build/shell.o
 *fill*         0x0800bd01        0x3 
 .rodata.shellWriteReturnValue.str1.4
                0x0800bd04       0x20 build/shell.o
 .rodata.shellListItem.str1.4
                0x0800bd24       0x2b build/shell.o
 *fill*         0x0800bd4f        0x1 
 .rodata.shellListCommand.str1.4
                0x0800bd50       0x12 build/shell.o
 *fill*         0x0800bd62        0x2 
 .rodata.shellListVar.str1.4
                0x0800bd64        0xe build/shell.o
 *fill*         0x0800bd72        0x2 
 .rodata.shellListUser.str1.4
                0x0800bd74        0xf build/shell.o
 *fill*         0x0800bd83        0x1 
 .rodata.shellListKey.str1.4
                0x0800bd84        0xe build/shell.o
 *fill*         0x0800bd92        0x2 
 .rodata.shellDeleteCommandLine.str1.4
                0x0800bd94        0x4 build/shell.o
 .rodata.shellInsertByte.str1.4
                0x0800bd98       0x21 build/shell.o
 *fill*         0x0800bdb9        0x3 
 .rodata.shellWriteCommandHelp.str1.4
                0x0800bdbc       0x28 build/shell.o
 .rodata.shellShowVar.str1.4
                0x0800bde4        0x6 build/shell.o
 *fill*         0x0800bdea        0x2 
 .rodata.shellSetVarValue.str1.4
                0x0800bdec       0x30 build/shell.o
 .rodata.shellSetVar.str1.4
                0x0800be1c       0x20 build/shell.o
 .rodata.shellInit.str1.4
                0x0800be3c        0x7 build/shell.o
 *fill*         0x0800be43        0x1 
 .rodata.shellCmdDefaultUser
                0x0800be44        0x7 build/shell.o
                0x0800be44                shellCmdDefaultUser
 *fill*         0x0800be4b        0x1 
 .rodata.shellCmdclear
                0x0800be4c        0x6 build/shell.o
                0x0800be4c                shellCmdclear
 *fill*         0x0800be52        0x2 
 .rodata.shellCmdcmds
                0x0800be54        0x5 build/shell.o
                0x0800be54                shellCmdcmds
 *fill*         0x0800be59        0x3 
 .rodata.shellCmdhelp
                0x0800be5c        0x5 build/shell.o
                0x0800be5c                shellCmdhelp
 *fill*         0x0800be61        0x3 
 .rodata.shellCmdkeys
                0x0800be64        0x5 build/shell.o
                0x0800be64                shellCmdkeys
 *fill*         0x0800be69        0x3 
 .rodata.shellCmdsetVar
                0x0800be6c        0x7 build/shell.o
                0x0800be6c                shellCmdsetVar
 *fill*         0x0800be73        0x1 
 .rodata.shellCmdusers
                0x0800be74        0x6 build/shell.o
                0x0800be74                shellCmdusers
 *fill*         0x0800be7a        0x2 
 .rodata.shellCmdvars
                0x0800be7c        0x5 build/shell.o
                0x0800be7c                shellCmdvars
 *fill*         0x0800be81        0x3 
 .rodata.shellDesDefaultUser
                0x0800be84        0xd build/shell.o
                0x0800be84                shellDesDefaultUser
 *fill*         0x0800be91        0x3 
 .rodata.shellDesc0x08000000
                0x0800be94        0xa build/shell.o
                0x0800be94                shellDesc0x08000000
 *fill*         0x0800be9e        0x2 
 .rodata.shellDesc0x09000000
                0x0800bea0        0x4 build/shell.o
                0x0800bea0                shellDesc0x09000000
 .rodata.shellDesc0x0A000000
                0x0800bea4        0x6 build/shell.o
                0x0800bea4                shellDesc0x0A000000
 *fill*         0x0800beaa        0x2 
 .rodata.shellDesc0x0D000000
                0x0800beac        0x6 build/shell.o
                0x0800beac                shellDesc0x0D000000
 *fill*         0x0800beb2        0x2 
 .rodata.shellDesc0x1B5B337E
                0x0800beb4        0x7 build/shell.o
                0x0800beb4                shellDesc0x1B5B337E
 *fill*         0x0800bebb        0x1 
 .rodata.shellDesc0x1B5B4100
                0x0800bebc        0x3 build/shell.o
                0x0800bebc                shellDesc0x1B5B4100
 *fill*         0x0800bebf        0x1 
 .rodata.shellDesc0x1B5B4200
                0x0800bec0        0x5 build/shell.o
                0x0800bec0                shellDesc0x1B5B4200
 *fill*         0x0800bec5        0x3 
 .rodata.shellDesc0x1B5B4300
                0x0800bec8        0x6 build/shell.o
                0x0800bec8                shellDesc0x1B5B4300
 *fill*         0x0800bece        0x2 
 .rodata.shellDesc0x1B5B4400
                0x0800bed0        0x5 build/shell.o
                0x0800bed0                shellDesc0x1B5B4400
 *fill*         0x0800bed5        0x3 
 .rodata.shellDesc0x7F000000
                0x0800bed8        0xa build/shell.o
                0x0800bed8                shellDesc0x7F000000
 *fill*         0x0800bee2        0x2 
 .rodata.shellDescclear
                0x0800bee4        0xe build/shell.o
                0x0800bee4                shellDescclear
 *fill*         0x0800bef2        0x2 
 .rodata.shellDesccmds
                0x0800bef4        0xd build/shell.o
                0x0800bef4                shellDesccmds
 *fill*         0x0800bf01        0x3 
 .rodata.shellDeschelp
                0x0800bf04       0x1e build/shell.o
                0x0800bf04                shellDeschelp
 *fill*         0x0800bf22        0x2 
 .rodata.shellDesckeys
                0x0800bf24        0xd build/shell.o
                0x0800bf24                shellDesckeys
 *fill*         0x0800bf31        0x3 
 .rodata.shellDescsetVar
                0x0800bf34        0x8 build/shell.o
                0x0800bf34                shellDescsetVar
 .rodata.shellDescusers
                0x0800bf3c        0xe build/shell.o
                0x0800bf3c                shellDescusers
 *fill*         0x0800bf4a        0x2 
 .rodata.shellDescvars
                0x0800bf4c        0xd build/shell.o
                0x0800bf4c                shellDescvars
 *fill*         0x0800bf59        0x3 
 .rodata.shellPasswordDefaultUser
                0x0800bf5c        0x1 build/shell.o
                0x0800bf5c                shellPasswordDefaultUser
 *fill*         0x0800bf5d        0x3 
 .rodata.LDR_Value_Get.str1.4
                0x0800bf60        0x9 build/adc.o
 *fill*         0x0800bf69        0x3 
 .rodata.Battery_Test.str1.4
                0x0800bf6c       0x10 build/adc.o
 .rodata.shellCmdLDR_Get
                0x0800bf7c        0x8 build/adc.o
                0x0800bf7c                shellCmdLDR_Get
 .rodata.shellCmdbattery
                0x0800bf84        0x8 build/adc.o
                0x0800bf84                shellCmdbattery
 .rodata.shellDescLDR_Get
                0x0800bf8c        0xe build/adc.o
                0x0800bf8c                shellDescLDR_Get
 *fill*         0x0800bf9a        0x2 
 .rodata.shellDescbattery
                0x0800bf9c       0x1a build/adc.o
                0x0800bf9c                shellDescbattery
 *fill*         0x0800bfb6        0x2 
 .rodata.HAL_UART_TxCpltCallback.str1.4
                0x0800bfb8       0x12 build/usart.o
 *fill*         0x0800bfca        0x2 
 .rodata.Flash_Test.str1.4
                0x0800bfcc       0x6f build/W25QXX.o
 *fill*         0x0800c03b        0x1 
 .rodata.shellCmdflash_test
                0x0800c03c        0xb build/W25QXX.o
                0x0800c03c                shellCmdflash_test
 *fill*         0x0800c047        0x1 
 .rodata.shellDescflash_test
                0x0800c048       0x10 build/W25QXX.o
                0x0800c048                shellDescflash_test
 .rodata.LED_Test.str1.4
                0x0800c058       0x45 build/led.o
 *fill*         0x0800c09d        0x3 
 .rodata.shellCmdled
                0x0800c0a0        0x4 build/led.o
                0x0800c0a0                shellCmdled
 .rodata.shellDescled
                0x0800c0a4        0xe build/led.o
                0x0800c0a4                shellDescled
 *fill*         0x0800c0b2        0x2 
 .rodata.shellCmdrs485_send
                0x0800c0b4        0xb build/rs485.o
                0x0800c0b4                shellCmdrs485_send
 *fill*         0x0800c0bf        0x1 
 .rodata.shellDescrs485_send
                0x0800c0c0       0x10 build/rs485.o
                0x0800c0c0                shellDescrs485_send
 .rodata.BDS_Test.str1.4
                0x0800c0d0        0x5 build/ATGM332D.o
 .rodata.shellCmdbds_test
                0x0800c0d0        0x9 build/ATGM332D.o
                0x0800c0d0                shellCmdbds_test
 *fill*         0x0800c0d9        0x3 
 .rodata.shellDescbds_test
                0x0800c0dc        0xd build/ATGM332D.o
                0x0800c0dc                shellDescbds_test
 *fill*         0x0800c0e9        0x3 
 .rodata.ec2x_handler.str1.4
                0x0800c0ec        0x3 build/EC2x.o
 *fill*         0x0800c0ef        0x1 
 .rodata.ec2x_reset.str1.4
                0x0800c0f0        0x8 build/EC2x.o
 .rodata.ec2x_tcp_connect.str1.4
                0x0800c0f8       0x1f build/EC2x.o
 *fill*         0x0800c117        0x1 
 .rodata.EC2x_Test.str1.4
                0x0800c118       0x21 build/EC2x.o
 *fill*         0x0800c139        0x3 
 .rodata.str1.4
                0x0800c13c       0x98 build/EC2x.o
 .rodata.shellCmdec2x_send
                0x0800c1d4        0xa build/EC2x.o
                0x0800c1d4                shellCmdec2x_send
 *fill*         0x0800c1de        0x2 
 .rodata.shellDescec2x_send
                0x0800c1e0        0xa build/EC2x.o
                0x0800c1e0                shellDescec2x_send
 *fill*         0x0800c1ea        0x2 
 .rodata.SX1278_LoRaRxPacket.str1.4
                0x0800c1ec       0x1e build/SX1278.o
 *fill*         0x0800c20a        0x2 
 .rodata.LORA_Send.str1.4
                0x0800c20c       0x1b build/SX1278.o
 *fill*         0x0800c227        0x1 
 .rodata.SX1278_CRC_Sum
                0x0800c228        0x2 build/SX1278.o
 *fill*         0x0800c22a        0x2 
 .rodata.SX1278_CodingRate
                0x0800c22c        0x4 build/SX1278.o
 .rodata.SX1278_LoRaBandwidth
                0x0800c230        0xa build/SX1278.o
 *fill*         0x0800c23a        0x2 
 .rodata.SX1278_Power
                0x0800c23c        0x4 build/SX1278.o
 .rodata.SX1278_SpreadFactor
                0x0800c240        0x7 build/SX1278.o
 *fill*         0x0800c247        0x1 
 .rodata.shellCmdlora_send
                0x0800c248        0xa build/SX1278.o
                0x0800c248                shellCmdlora_send
 *fill*         0x0800c252        0x2 
 .rodata.shellDesclora_send
                0x0800c254        0xa build/SX1278.o
                0x0800c254                shellDesclora_send
 *fill*         0x0800c25e        0x2 
 .rodata._global_impure_ptr
                0x0800c260        0x4 e:/gcc-arm-none-eabi-10.3-2021.10-win32/gcc-arm-none-eabi-10.3-2021.10/bin/../lib/gcc/arm-none-eabi/10.3.1/../../../../arm-none-eabi/lib/thumb/v7e-m+fp/hard\libc_nano.a(lib_a-impure.o)
                0x0800c260                _global_impure_ptr
 .rodata._printf_float.str1.1
                0x0800c264       0x12 e:/gcc-arm-none-eabi-10.3-2021.10-win32/gcc-arm-none-eabi-10.3-2021.10/bin/../lib/gcc/arm-none-eabi/10.3.1/../../../../arm-none-eabi/lib/thumb/v7e-m+fp/hard\libc_nano.a(lib_a-nano-vfprintf_float.o)
 .rodata._printf_i.str1.1
                0x0800c276       0x22 e:/gcc-arm-none-eabi-10.3-2021.10-win32/gcc-arm-none-eabi-10.3-2021.10/bin/../lib/gcc/arm-none-eabi/10.3.1/../../../../arm-none-eabi/lib/thumb/v7e-m+fp/hard\libc_nano.a(lib_a-nano-vfprintf_i.o)
 .rodata._dtoa_r.str1.1
                0x0800c298       0xb3 e:/gcc-arm-none-eabi-10.3-2021.10-win32/gcc-arm-none-eabi-10.3-2021.10/bin/../lib/gcc/arm-none-eabi/10.3.1/../../../../arm-none-eabi/lib/thumb/v7e-m+fp/hard\libc_nano.a(lib_a-dtoa.o)
                                 0xb5 (size before relaxing)
 .rodata._Balloc.str1.1
                0x0800c34b       0x7f e:/gcc-arm-none-eabi-10.3-2021.10-win32/gcc-arm-none-eabi-10.3-2021.10/bin/../lib/gcc/arm-none-eabi/10.3.1/../../../../arm-none-eabi/lib/thumb/v7e-m+fp/hard\libc_nano.a(lib_a-mprec.o)
                                 0x96 (size before relaxing)
 .rodata.__multadd.str1.1
                0x0800c3ca       0x11 e:/gcc-arm-none-eabi-10.3-2021.10-win32/gcc-arm-none-eabi-10.3-2021.10/bin/../lib/gcc/arm-none-eabi/10.3.1/../../../../arm-none-eabi/lib/thumb/v7e-m+fp/hard\libc_nano.a(lib_a-mprec.o)
 *fill*         0x0800c3ca        0x6 
 .rodata.__mprec_bigtens
                0x0800c3d0       0x28 e:/gcc-arm-none-eabi-10.3-2021.10-win32/gcc-arm-none-eabi-10.3-2021.10/bin/../lib/gcc/arm-none-eabi/10.3.1/../../../../arm-none-eabi/lib/thumb/v7e-m+fp/hard\libc_nano.a(lib_a-mprec.o)
                0x0800c3d0                __mprec_bigtens
 .rodata.__mprec_tens
                0x0800c3f8       0xc8 e:/gcc-arm-none-eabi-10.3-2021.10-win32/gcc-arm-none-eabi-10.3-2021.10/bin/../lib/gcc/arm-none-eabi/10.3.1/../../../../arm-none-eabi/lib/thumb/v7e-m+fp/hard\libc_nano.a(lib_a-mprec.o)
                0x0800c3f8                __mprec_tens
 .rodata.p05.0  0x0800c4c0        0xc e:/gcc-arm-none-eabi-10.3-2021.10-win32/gcc-arm-none-eabi-10.3-2021.10/bin/../lib/gcc/arm-none-eabi/10.3.1/../../../../arm-none-eabi/lib/thumb/v7e-m+fp/hard\libc_nano.a(lib_a-mprec.o)
 .rodata._svfprintf_r.str1.1
                0x0800c4cc       0x11 e:/gcc-arm-none-eabi-10.3-2021.10-win32/gcc-arm-none-eabi-10.3-2021.10/bin/../lib/gcc/arm-none-eabi/10.3.1/../../../../arm-none-eabi/lib/thumb/v7e-m+fp/hard\libc_nano.a(lib_a-nano-svfprintf.o)
 .rodata.__assert_func.str1.1
                0x0800c4dd       0x3c e:/gcc-arm-none-eabi-10.3-2021.10-win32/gcc-arm-none-eabi-10.3-2021.10/bin/../lib/gcc/arm-none-eabi/10.3.1/../../../../arm-none-eabi/lib/thumb/v7e-m+fp/hard\libc_nano.a(lib_a-assert.o)
                                 0x3d (size before relaxing)
 .rodata._setlocale_r.str1.1
                0x0800c519        0x8 e:/gcc-arm-none-eabi-10.3-2021.10-win32/gcc-arm-none-eabi-10.3-2021.10/bin/../lib/gcc/arm-none-eabi/10.3.1/../../../../arm-none-eabi/lib/thumb/v7e-m+fp/hard\libc_nano.a(lib_a-locale.o)
                                  0x9 (size before relaxing)
 .rodata.str1.1
                0x0800c521        0x2 e:/gcc-arm-none-eabi-10.3-2021.10-win32/gcc-arm-none-eabi-10.3-2021.10/bin/../lib/gcc/arm-none-eabi/10.3.1/../../../../arm-none-eabi/lib/thumb/v7e-m+fp/hard\libc_nano.a(lib_a-locale.o)
 .rodata._vfprintf_r.str1.1
                0x0800c523       0x11 e:/gcc-arm-none-eabi-10.3-2021.10-win32/gcc-arm-none-eabi-10.3-2021.10/bin/../lib/gcc/arm-none-eabi/10.3.1/../../../../arm-none-eabi/lib/thumb/v7e-m+fp/hard\libc_nano.a(lib_a-nano-vfprintf.o)
 .rodata._ctype_
                0x0800c523      0x101 e:/gcc-arm-none-eabi-10.3-2021.10-win32/gcc-arm-none-eabi-10.3-2021.10/bin/../lib/gcc/arm-none-eabi/10.3.1/../../../../arm-none-eabi/lib/thumb/v7e-m+fp/hard\libc_nano.a(lib_a-ctype_.o)
                0x0800c523                _ctype_
 .rodata.__sf_fake_stderr
                0x0800c624       0x20 e:/gcc-arm-none-eabi-10.3-2021.10-win32/gcc-arm-none-eabi-10.3-2021.10/bin/../lib/gcc/arm-none-eabi/10.3.1/../../../../arm-none-eabi/lib/thumb/v7e-m+fp/hard\libc_nano.a(lib_a-findfp.o)
                0x0800c624                __sf_fake_stderr
 .rodata.__sf_fake_stdin
                0x0800c644       0x20 e:/gcc-arm-none-eabi-10.3-2021.10-win32/gcc-arm-none-eabi-10.3-2021.10/bin/../lib/gcc/arm-none-eabi/10.3.1/../../../../arm-none-eabi/lib/thumb/v7e-m+fp/hard\libc_nano.a(lib_a-findfp.o)
                0x0800c644                __sf_fake_stdin
 .rodata.__sf_fake_stdout
                0x0800c664       0x20 e:/gcc-arm-none-eabi-10.3-2021.10-win32/gcc-arm-none-eabi-10.3-2021.10/bin/../lib/gcc/arm-none-eabi/10.3.1/../../../../arm-none-eabi/lib/thumb/v7e-m+fp/hard\libc_nano.a(lib_a-findfp.o)
                0x0800c664                __sf_fake_stdout
                0x0800c688                . = ALIGN (0x8)
 *fill*         0x0800c684        0x4 
                0x0800c688                _shell_command_start = .
 *(shellCommand)
 shellCommand   0x0800c688      0x120 build/shell.o
                0x0800c688                shellCommandclear
                0x0800c698                shellCommandkeys
                0x0800c6a8                shellCommandvars
                0x0800c6b8                shellCommandcmds
                0x0800c6c8                shellCommandusers
                0x0800c6d8                shellCommandhelp
                0x0800c6e8                shellKey0x0D000000
                0x0800c6f8                shellKey0x0A000000
                0x0800c708                shellKey0x1B5B337E
                0x0800c718                shellKey0x7F000000
                0x0800c728                shellKey0x08000000
                0x0800c738                shellKey0x09000000
                0x0800c748                shellKey0x1B5B4400
                0x0800c758                shellKey0x1B5B4300
                0x0800c768                shellKey0x1B5B4200
                0x0800c778                shellKey0x1B5B4100
                0x0800c788                shellCommandsetVar
                0x0800c798                shellUserDefault
 shellCommand   0x0800c7a8       0x20 build/adc.o
                0x0800c7a8                shellCommandbattery
                0x0800c7b8                shellCommandLDR_Get
 shellCommand   0x0800c7c8       0x10 build/W25QXX.o
                0x0800c7c8                shellCommandflash_test
 shellCommand   0x0800c7d8       0x10 build/led.o
                0x0800c7d8                shellCommandled
 shellCommand   0x0800c7e8       0x10 build/rs485.o
                0x0800c7e8                shellCommandrs485_send
 shellCommand   0x0800c7f8       0x10 build/ATGM332D.o
                0x0800c7f8                shellCommandbds_test
 shellCommand   0x0800c808       0x10 build/EC2x.o
                0x0800c808                shellCommandec2x_send
 shellCommand   0x0800c818       0x10 build/SX1278.o
                0x0800c818                shellCommandlora_send
                0x0800c828                _shell_command_end = .

.ARM.extab      0x0800c828        0x0
                0x0800c828                . = ALIGN (0x8)
 *(.ARM.extab* .gnu.linkonce.armextab.*)
                0x0800c828                . = ALIGN (0x8)

.ARM            0x0800c828        0x8
                0x0800c828                . = ALIGN (0x8)
                0x0800c828                __exidx_start = .
 *(.ARM.exidx*)
 .ARM.exidx     0x0800c828        0x8 e:/gcc-arm-none-eabi-10.3-2021.10-win32/gcc-arm-none-eabi-10.3-2021.10/bin/../lib/gcc/arm-none-eabi/10.3.1/thumb/v7e-m+fp/hard\libgcc.a(_udivmoddi4.o)
                0x0800c830                __exidx_end = .
                0x0800c830                . = ALIGN (0x8)
