Archive member included to satisfy reference by file (symbol)

e:/gcc-arm-none-eabi-10.3-2021.10-win32/gcc-arm-none-eabi-10.3-2021.10/bin/../lib/gcc/arm-none-eabi/10.3.1/../../../../arm-none-eabi/lib/thumb/v7e-m+fp/hard\libc_nano.a(lib_a-exit.o)
                              e:/gcc-arm-none-eabi-10.3-2021.10-win32/gcc-arm-none-eabi-10.3-2021.10/bin/../lib/gcc/arm-none-eabi/10.3.1/../../../../arm-none-eabi/lib/thumb/v7e-m+fp/hard/crt0.o (exit)
e:/gcc-arm-none-eabi-10.3-2021.10-win32/gcc-arm-none-eabi-10.3-2021.10/bin/../lib/gcc/arm-none-eabi/10.3.1/../../../../arm-none-eabi/lib/thumb/v7e-m+fp/hard\libc_nano.a(lib_a-impure.o)
                              e:/gcc-arm-none-eabi-10.3-2021.10-win32/gcc-arm-none-eabi-10.3-2021.10/bin/../lib/gcc/arm-none-eabi/10.3.1/../../../../arm-none-eabi/lib/thumb/v7e-m+fp/hard\libc_nano.a(lib_a-exit.o) (_global_impure_ptr)
e:/gcc-arm-none-eabi-10.3-2021.10-win32/gcc-arm-none-eabi-10.3-2021.10/bin/../lib/gcc/arm-none-eabi/10.3.1/../../../../arm-none-eabi/lib/thumb/v7e-m+fp/hard\libc_nano.a(lib_a-init.o)
                              e:/gcc-arm-none-eabi-10.3-2021.10-win32/gcc-arm-none-eabi-10.3-2021.10/bin/../lib/gcc/arm-none-eabi/10.3.1/../../../../arm-none-eabi/lib/thumb/v7e-m+fp/hard/crt0.o (__libc_init_array)
e:/gcc-arm-none-eabi-10.3-2021.10-win32/gcc-arm-none-eabi-10.3-2021.10/bin/../lib/gcc/arm-none-eabi/10.3.1/../../../../arm-none-eabi/lib/thumb/v7e-m+fp/hard\libc_nano.a(lib_a-memset.o)
                              e:/gcc-arm-none-eabi-10.3-2021.10-win32/gcc-arm-none-eabi-10.3-2021.10/bin/../lib/gcc/arm-none-eabi/10.3.1/../../../../arm-none-eabi/lib/thumb/v7e-m+fp/hard/crt0.o (memset)
e:/gcc-arm-none-eabi-10.3-2021.10-win32/gcc-arm-none-eabi-10.3-2021.10/bin/../lib/gcc/arm-none-eabi/10.3.1/../../../../arm-none-eabi/lib/thumb/v7e-m+fp/hard\libc_nano.a(lib_a-nano-vfprintf_float.o)
                              (_printf_float)
e:/gcc-arm-none-eabi-10.3-2021.10-win32/gcc-arm-none-eabi-10.3-2021.10/bin/../lib/gcc/arm-none-eabi/10.3.1/../../../../arm-none-eabi/lib/thumb/v7e-m+fp/hard\libc_nano.a(lib_a-nano-vfprintf_i.o)
                              e:/gcc-arm-none-eabi-10.3-2021.10-win32/gcc-arm-none-eabi-10.3-2021.10/bin/../lib/gcc/arm-none-eabi/10.3.1/../../../../arm-none-eabi/lib/thumb/v7e-m+fp/hard\libc_nano.a(lib_a-nano-vfprintf_float.o) (_printf_common)
e:/gcc-arm-none-eabi-10.3-2021.10-win32/gcc-arm-none-eabi-10.3-2021.10/bin/../lib/gcc/arm-none-eabi/10.3.1/../../../../arm-none-eabi/lib/thumb/v7e-m+fp/hard\libc_nano.a(lib_a-strcmp.o)
                              build/shell.o (strcmp)
e:/gcc-arm-none-eabi-10.3-2021.10-win32/gcc-arm-none-eabi-10.3-2021.10/bin/../lib/gcc/arm-none-eabi/10.3.1/../../../../arm-none-eabi/lib/thumb/v7e-m+fp/hard\libc_nano.a(lib_a-strlen.o)
                              build/shell.o (strlen)
e:/gcc-arm-none-eabi-10.3-2021.10-win32/gcc-arm-none-eabi-10.3-2021.10/bin/../lib/gcc/arm-none-eabi/10.3.1/../../../../arm-none-eabi/lib/thumb/v7e-m+fp/hard\libc_nano.a(lib_a-strncmp.o)
                              build/shell.o (strncmp)
e:/gcc-arm-none-eabi-10.3-2021.10-win32/gcc-arm-none-eabi-10.3-2021.10/bin/../lib/gcc/arm-none-eabi/10.3.1/../../../../arm-none-eabi/lib/thumb/v7e-m+fp/hard\libc_nano.a(lib_a-vsnprintf.o)
                              build/shell.o (vsnprintf)
e:/gcc-arm-none-eabi-10.3-2021.10-win32/gcc-arm-none-eabi-10.3-2021.10/bin/../lib/gcc/arm-none-eabi/10.3.1/../../../../arm-none-eabi/lib/thumb/v7e-m+fp/hard\libc_nano.a(lib_a-dtoa.o)
                              e:/gcc-arm-none-eabi-10.3-2021.10-win32/gcc-arm-none-eabi-10.3-2021.10/bin/../lib/gcc/arm-none-eabi/10.3.1/../../../../arm-none-eabi/lib/thumb/v7e-m+fp/hard\libc_nano.a(lib_a-nano-vfprintf_float.o) (_dtoa_r)
e:/gcc-arm-none-eabi-10.3-2021.10-win32/gcc-arm-none-eabi-10.3-2021.10/bin/../lib/gcc/arm-none-eabi/10.3.1/../../../../arm-none-eabi/lib/thumb/v7e-m+fp/hard\libc_nano.a(lib_a-localeconv.o)
                              e:/gcc-arm-none-eabi-10.3-2021.10-win32/gcc-arm-none-eabi-10.3-2021.10/bin/../lib/gcc/arm-none-eabi/10.3.1/../../../../arm-none-eabi/lib/thumb/v7e-m+fp/hard\libc_nano.a(lib_a-nano-vfprintf_float.o) (_localeconv_r)
e:/gcc-arm-none-eabi-10.3-2021.10-win32/gcc-arm-none-eabi-10.3-2021.10/bin/../lib/gcc/arm-none-eabi/10.3.1/../../../../arm-none-eabi/lib/thumb/v7e-m+fp/hard\libc_nano.a(lib_a-malloc.o)
                              e:/gcc-arm-none-eabi-10.3-2021.10-win32/gcc-arm-none-eabi-10.3-2021.10/bin/../lib/gcc/arm-none-eabi/10.3.1/../../../../arm-none-eabi/lib/thumb/v7e-m+fp/hard\libc_nano.a(lib_a-dtoa.o) (malloc)
e:/gcc-arm-none-eabi-10.3-2021.10-win32/gcc-arm-none-eabi-10.3-2021.10/bin/../lib/gcc/arm-none-eabi/10.3.1/../../../../arm-none-eabi/lib/thumb/v7e-m+fp/hard\libc_nano.a(lib_a-memchr.o)
                              e:/gcc-arm-none-eabi-10.3-2021.10-win32/gcc-arm-none-eabi-10.3-2021.10/bin/../lib/gcc/arm-none-eabi/10.3.1/../../../../arm-none-eabi/lib/thumb/v7e-m+fp/hard\libc_nano.a(lib_a-nano-vfprintf_i.o) (memchr)
[...]
Memory Configuration

Name             Origin             Length             Attributes
RAM              0x20000000         0x00010000         xrw
RAM2             0x10000000         0x00004000         xrw
FLASH            0x08000000         0x00020000         xr
*default*        0x00000000         0xffffffff

Linker script and memory map

LOAD e:/gcc-arm-none-eabi-10.3-2021.10-win32/gcc-arm-none-eabi-10.3-2021.10/bin/../lib/gcc/arm-none-eabi/10.3.1/thumb/v7e-m+fp/hard/crti.o
LOAD e:/gcc-arm-none-eabi-10.3-2021.10-win32/gcc-arm-none-eabi-10.3-2021.10/bin/../lib/gcc/arm-none-eabi/10.3.1/thumb/v7e-m+fp/hard/crtbegin.o
LOAD e:/gcc-arm-none-eabi-10.3-2021.10-win32/gcc-arm-none-eabi-10.3-2021.10/bin/../lib/gcc/arm-none-eabi/10.3.1/../../../../arm-none-eabi/lib/thumb/v7e-m+fp/hard/crt0.o
LOAD build/main.o
LOAD build/stm32l4xx_it.o
LOAD build/stm32l4xx_hal_msp.o
LOAD build/stm32l4xx_hal_adc.o
LOAD build/stm32l4xx_hal_adc_ex.o
LOAD build/stm32l4xx_hal.o
LOAD build/stm32l4xx_hal_i2c.o
LOAD build/stm32l4xx_hal_i2c_ex.o
LOAD build/stm32l4xx_hal_rcc.o
LOAD build/stm32l4xx_hal_rcc_ex.o
LOAD build/stm32l4xx_hal_flash.o
LOAD build/stm32l4xx_hal_flash_ex.o
LOAD build/stm32l4xx_hal_flash_ramfunc.o
LOAD build/stm32l4xx_hal_gpio.o
LOAD build/stm32l4xx_hal_dma.o
LOAD build/stm32l4xx_hal_dma_ex.o
LOAD build/stm32l4xx_hal_pwr.o
LOAD build/stm32l4xx_hal_pwr_ex.o
LOAD build/stm32l4xx_hal_cortex.o
LOAD build/stm32l4xx_hal_exti.o
LOAD build/stm32l4xx_hal_spi.o
LOAD build/stm32l4xx_hal_spi_ex.o
LOAD build/stm32l4xx_hal_tim.o
LOAD build/stm32l4xx_hal_tim_ex.o
LOAD build/stm32l4xx_hal_uart.o
LOAD build/stm32l4xx_hal_uart_ex.o
LOAD build/system_stm32l4xx.o
LOAD build/shell_cmd_list.o
LOAD build/shell_companion.o
LOAD build/shell_ext.o
LOAD build/shell_port.o
LOAD build/shell.o
LOAD build/gpio.o
LOAD build/adc.o
LOAD build/spi.o
LOAD build/usart.o
LOAD build/W25QXX.o
LOAD build/startup_stm32l431xx.o
LOAD e:/gcc-arm-none-eabi-10.3-2021.10-win32/gcc-arm-none-eabi-10.3-2021.10/bin/../lib/gcc/arm-none-eabi/10.3.1/../../../../arm-none-eabi/lib/thumb/v7e-m+fp/hard\libc_nano.a
LOAD e:/gcc-arm-none-eabi-10.3-2021.10-win32/gcc-arm-none-eabi-10.3-2021.10/bin/../lib/gcc/arm-none-eabi/10.3.1/../../../../arm-none-eabi/lib/thumb/v7e-m+fp/hard\libm.a
LOAD e:/gcc-arm-none-eabi-10.3-2021.10-win32/gcc-arm-none-eabi-10.3-2021.10/bin/../lib/gcc/arm-none-eabi/10.3.1/../../../../arm-none-eabi/lib/thumb/v7e-m+fp/hard\libnosys.a
START GROUP
LOAD e:/gcc-arm-none-eabi-10.3-2021.10-win32/gcc-arm-none-eabi-10.3-2021.10/bin/../lib/gcc/arm-none-eabi/10.3.1/thumb/v7e-m+fp/hard\libgcc.a
LOAD e:/gcc-arm-none-eabi-10.3-2021.10-win32/gcc-arm-none-eabi-10.3-2021.10/bin/../lib/gcc/arm-none-eabi/10.3.1/../../../../arm-none-eabi/lib/thumb/v7e-m+fp/hard\libc_nano.a
END GROUP
START GROUP
LOAD e:/gcc-arm-none-eabi-10.3-2021.10-win32/gcc-arm-none-eabi-10.3-2021.10/bin/../lib/gcc/arm-none-eabi/10.3.1/thumb/v7e-m+fp/hard\libgcc.a
LOAD e:/gcc-arm-none-eabi-10.3-2021.10-win32/gcc-arm-none-eabi-10.3-2021.10/bin/../lib/gcc/arm-none-eabi/10.3.1/../../../../arm-none-eabi/lib/thumb/v7e-m+fp/hard\libc_nano.a
END GROUP
LOAD e:/gcc-arm-none-eabi-10.3-2021.10-win32/gcc-arm-none-eabi-10.3-2021.10/bin/../lib/gcc/arm-none-eabi/10.3.1/thumb/v7e-m+fp/hard/crtend.o
LOAD e:/gcc-arm-none-eabi-10.3-2021.10-win32/gcc-arm-none-eabi-10.3-2021.10/bin/../lib/gcc/arm-none-eabi/10.3.1/thumb/v7e-m+fp/hard/crtn.o
                0x20010000                _estack = 0x20010000
                0x00000400                _Min_Heap_Size = 0x400
                0x00000400                _Min_Stack_Size = 0x400

.isr_vector     0x08000000      0x190
                0x08000000                . = ALIGN (0x8)
 *(.isr_vector)
 .isr_vector    0x08000000      0x18c build/startup_stm32l431xx.o
                0x08000000                g_pfnVectors
                0x08000190                . = ALIGN (0x8)
 *fill*         0x0800018c        0x4 

.text           0x08000190     0x85a8
                0x08000190                . = ALIGN (0x8)
 *(.text)
 .text          0x08000190       0x40 e:/gcc-arm-none-eabi-10.3-2021.10-win32/gcc-arm-none-eabi-10.3-2021.10/bin/../lib/gcc/arm-none-eabi/10.3.1/thumb/v7e-m+fp/hard/crtbegin.o
 .text          0x080001d0       0x14 e:/gcc-arm-none-eabi-10.3-2021.10-win32/gcc-arm-none-eabi-10.3-2021.10/bin/../lib/gcc/arm-none-eabi/10.3.1/../../../../arm-none-eabi/lib/thumb/v7e-m+fp/hard\libc_nano.a(lib_a-strcmp.o)
                0x080001d0                strcmp
 .text          0x080001e4       0x10 e:/gcc-arm-none-eabi-10.3-2021.10-win32/gcc-arm-none-eabi-10.3-2021.10/bin/../lib/gcc/arm-none-eabi/10.3.1/../../../../arm-none-eabi/lib/thumb/v7e-m+fp/hard\libc_nano.a(lib_a-strlen.o)
                0x080001e4                strlen
 *fill*         0x080001f4        0xc 
 .text          0x08000200       0xa0 e:/gcc-arm-none-eabi-10.3-2021.10-win32/gcc-arm-none-eabi-10.3-2021.10/bin/../lib/gcc/arm-none-eabi/10.3.1/../../../../arm-none-eabi/lib/thumb/v7e-m+fp/hard\libc_nano.a(lib_a-memchr.o)
                0x08000200                memchr
 .text          0x080002a0      0x378 e:/gcc-arm-none-eabi-10.3-2021.10-win32/gcc-arm-none-eabi-10.3-2021.10/bin/../lib/gcc/arm-none-eabi/10.3.1/thumb/v7e-m+fp/hard\libgcc.a(_arm_addsubdf3.o)
                0x080002a0                __aeabi_drsub
                0x080002a8                __aeabi_dsub
                0x080002a8                __subdf3
                0x080002ac                __aeabi_dadd
                0x080002ac                __adddf3
                0x08000524                __floatunsidf
                0x08000524                __aeabi_ui2d
                0x08000544                __floatsidf
                0x08000544                __aeabi_i2d
                0x08000568                __aeabi_f2d
                0x08000568                __extendsfdf2
                0x080005ac                __floatundidf
                0x080005ac                __aeabi_ul2d
                0x080005bc                __floatdidf
                0x080005bc                __aeabi_l2d
 .text          0x08000618      0x424 e:/gcc-arm-none-eabi-10.3-2021.10-win32/gcc-arm-none-eabi-10.3-2021.10/bin/../lib/gcc/arm-none-eabi/10.3.1/thumb/v7e-m+fp/hard\libgcc.a(_arm_muldivdf3.o)
                0x08000618                __aeabi_dmul
                0x08000618                __muldf3
                0x0800086c                __divdf3
                0x0800086c                __aeabi_ddiv
 .text          0x08000a3c      0x110 e:/gcc-arm-none-eabi-10.3-2021.10-win32/gcc-arm-none-eabi-10.3-2021.10/bin/../lib/gcc/arm-none-eabi/10.3.1/thumb/v7e-m+fp/hard\libgcc.a(_arm_cmpdf2.o)
                0x08000a3c                __gtdf2
                0x08000a3c                __gedf2
                0x08000a44                __ltdf2
                0x08000a44                __ledf2
                0x08000a4c                __nedf2
                0x08000a4c                __eqdf2
                0x08000a4c                __cmpdf2
                0x08000ac8                __aeabi_cdrcmple
                0x08000ad8                __aeabi_cdcmpeq
                0x08000ad8                __aeabi_cdcmple
                0x08000ae8                __aeabi_dcmpeq
                0x08000afc                __aeabi_dcmplt
                0x08000b10                __aeabi_dcmple
                0x08000b24                __aeabi_dcmpge
                0x08000b38                __aeabi_dcmpgt
 .text          0x08000b4c       0x2c e:/gcc-arm-none-eabi-10.3-2021.10-win32/gcc-arm-none-eabi-10.3-2021.10/bin/../lib/gcc/arm-none-eabi/10.3.1/thumb/v7e-m+fp/hard\libgcc.a(_arm_unorddf2.o)
                0x08000b4c                __unorddf2
                0x08000b4c                __aeabi_dcmpun
 .text          0x08000b78       0x50 e:/gcc-arm-none-eabi-10.3-2021.10-win32/gcc-arm-none-eabi-10.3-2021.10/bin/../lib/gcc/arm-none-eabi/10.3.1/thumb/v7e-m+fp/hard\libgcc.a(_arm_fixdfsi.o)
                0x08000b78                __aeabi_d2iz
                0x08000b78                __fixdfsi
 .text          0x08000bc8       0x30 e:/gcc-arm-none-eabi-10.3-2021.10-win32/gcc-arm-none-eabi-10.3-2021.10/bin/../lib/gcc/arm-none-eabi/10.3.1/thumb/v7e-m+fp/hard\libgcc.a(_aeabi_uldivmod.o)
                0x08000bc8                __aeabi_uldivmod
 .text          0x08000bf8      0x2d0 e:/gcc-arm-none-eabi-10.3-2021.10-win32/gcc-arm-none-eabi-10.3-2021.10/bin/../lib/gcc/arm-none-eabi/10.3.1/thumb/v7e-m+fp/hard\libgcc.a(_udivmoddi4.o)
                0x08000bf8                __udivmoddi4
 .text          0x08000ec8        0x4 e:/gcc-arm-none-eabi-10.3-2021.10-win32/gcc-arm-none-eabi-10.3-2021.10/bin/../lib/gcc/arm-none-eabi/10.3.1/thumb/v7e-m+fp/hard\libgcc.a(_dvmd_tls.o)
                0x08000ec8                __aeabi_idiv0
                0x08000ec8                __aeabi_ldiv0
 *(.text*)
 .text.LDR_Value_Get
                0x08000ecc       0x44 build/main.o
                0x08000ecc                LDR_Value_Get
 .text.agencyLDR_Value_Get
                0x08000f10        0xe build/main.o
                0x08000f10                agencyLDR_Value_Get
 .text.Error_Handler
                0x08000f1e        0x4 build/main.o
                0x08000f1e                Error_Handler
 .text.SystemClock_Config
                0x08000f22       0x78 build/main.o
                0x08000f22                SystemClock_Config
 .text.main     0x08000f9a       0x32 build/main.o
                0x08000f9a                main
 .text.NMI_Handler
                0x08000fcc        0x2 build/stm32l4xx_it.o
                0x08000fcc                NMI_Handler
 .text.HardFault_Handler
                0x08000fce        0x2 build/stm32l4xx_it.o
                0x08000fce                HardFault_Handler
 .text.MemManage_Handler
                0x08000fd0        0x2 build/stm32l4xx_it.o
                0x08000fd0                MemManage_Handler
 .text.BusFault_Handler
                0x08000fd2        0x2 build/stm32l4xx_it.o
                0x08000fd2                BusFault_Handler
 .text.UsageFault_Handler
                0x08000fd4        0x2 build/stm32l4xx_it.o
                0x08000fd4                UsageFault_Handler
 .text.SVC_Handler
                0x08000fd6        0x2 build/stm32l4xx_it.o
                0x08000fd6                SVC_Handler
 .text.DebugMon_Handler
                0x08000fd8        0x2 build/stm32l4xx_it.o
                0x08000fd8                DebugMon_Handler
 .text.PendSV_Handler
                0x08000fda        0x2 build/stm32l4xx_it.o
                0x08000fda                PendSV_Handler
 .text.SysTick_Handler
                0x08000fdc        0x8 build/stm32l4xx_it.o
                0x08000fdc                SysTick_Handler
 .text.SPI2_IRQHandler
                0x08000fe4       0x10 build/stm32l4xx_it.o
                0x08000fe4                SPI2_IRQHandler
 .text.USART1_IRQHandler
                0x08000ff4       0x10 build/stm32l4xx_it.o
                0x08000ff4                USART1_IRQHandler
 .text.USART2_IRQHandler
                0x08001004       0x10 build/stm32l4xx_it.o
                0x08001004                USART2_IRQHandler
 .text.USART3_IRQHandler
                0x08001014       0x10 build/stm32l4xx_it.o
                0x08001014                USART3_IRQHandler
 .text.SPI3_IRQHandler
                0x08001024       0x10 build/stm32l4xx_it.o
                0x08001024                SPI3_IRQHandler
 .text.HAL_MspInit
                0x08001034       0x3c build/stm32l4xx_hal_msp.o
                0x08001034                HAL_MspInit
 .text.HAL_ADC_Init
                0x08001070      0x1dc build/stm32l4xx_hal_adc.o
                0x08001070                HAL_ADC_Init
 .text.HAL_ADC_PollForConversion
                0x0800124c       0xb4 build/stm32l4xx_hal_adc.o
                0x0800124c                HAL_ADC_PollForConversion
 .text.HAL_ADC_GetValue
                0x08001300        0x6 build/stm32l4xx_hal_adc.o
                0x08001300                HAL_ADC_GetValue
 *fill*         0x08001306        0x2 
 .text.HAL_ADC_ConfigChannel
                0x08001308      0x4a0 build/stm32l4xx_hal_adc.o
                0x08001308                HAL_ADC_ConfigChannel
 .text.HAL_ADC_GetState
                0x080017a8        0x4 build/stm32l4xx_hal_adc.o
                0x080017a8                HAL_ADC_GetState
 .text.ADC_ConversionStop
                0x080017ac      0x100 build/stm32l4xx_hal_adc.o
                0x080017ac                ADC_ConversionStop
 .text.ADC_Enable
                0x080018ac       0xdc build/stm32l4xx_hal_adc.o
                0x080018ac                ADC_Enable
 .text.HAL_ADC_Start
                0x08001988       0x8c build/stm32l4xx_hal_adc.o
                0x08001988                HAL_ADC_Start
 .text.ADC_Disable
                0x08001a14       0x94 build/stm32l4xx_hal_adc.o
                0x08001a14                ADC_Disable
 .text.HAL_ADC_Stop
                0x08001aa8       0x42 build/stm32l4xx_hal_adc.o
                0x08001aa8                HAL_ADC_Stop
 .text.HAL_ADCEx_Calibration_Start
                0x08001aea       0x98 build/stm32l4xx_hal_adc_ex.o
                0x08001aea                HAL_ADCEx_Calibration_Start
 *fill*         0x08001b82        0x2 
 .text.HAL_InitTick
                0x08001b84       0x50 build/stm32l4xx_hal.o
                0x08001b84                HAL_InitTick
 .text.HAL_Init
                0x08001bd4       0x1e build/stm32l4xx_hal.o
                0x08001bd4                HAL_Init
 *fill*         0x08001bf2        0x2 
 .text.HAL_IncTick
                0x08001bf4       0x18 build/stm32l4xx_hal.o
                0x08001bf4                HAL_IncTick
 .text.HAL_GetTick
                0x08001c0c        0xc build/stm32l4xx_hal.o
                0x08001c0c                HAL_GetTick
 .text.HAL_Delay
                0x08001c18       0x28 build/stm32l4xx_hal.o
                0x08001c18                HAL_Delay
 .text.RCC_SetFlashLatencyFromMSIRange
                0x08001c40       0x90 build/stm32l4xx_hal_rcc.o
 .text.HAL_RCC_GetSysClockFreq
                0x08001cd0       0xb4 build/stm32l4xx_hal_rcc.o
                0x08001cd0                HAL_RCC_GetSysClockFreq
 .text.HAL_RCC_OscConfig
                0x08001d84      0x66c build/stm32l4xx_hal_rcc.o
                0x08001d84                HAL_RCC_OscConfig
 .text.HAL_RCC_ClockConfig
                0x080023f0      0x188 build/stm32l4xx_hal_rcc.o
                0x080023f0                HAL_RCC_ClockConfig
 .text.HAL_RCC_GetHCLKFreq
                0x08002578        0xc build/stm32l4xx_hal_rcc.o
                0x08002578                HAL_RCC_GetHCLKFreq
 .text.HAL_RCC_GetPCLK1Freq
                0x08002584       0x24 build/stm32l4xx_hal_rcc.o
                0x08002584                HAL_RCC_GetPCLK1Freq
 .text.HAL_RCC_GetPCLK2Freq
                0x080025a8       0x24 build/stm32l4xx_hal_rcc.o
                0x080025a8                HAL_RCC_GetPCLK2Freq
 .text.RCCEx_PLLSAI1_Config
                0x080025cc      0x16c build/stm32l4xx_hal_rcc_ex.o
 .text.HAL_RCCEx_PeriphCLKConfig
                0x08002738      0x31c build/stm32l4xx_hal_rcc_ex.o
                0x08002738                HAL_RCCEx_PeriphCLKConfig
 .text.HAL_GPIO_Init
                0x08002a54      0x1c8 build/stm32l4xx_hal_gpio.o
                0x08002a54                HAL_GPIO_Init
 .text.HAL_GPIO_WritePin
                0x08002c1c        0xa build/stm32l4xx_hal_gpio.o
                0x08002c1c                HAL_GPIO_WritePin
 .text.HAL_DMA_Abort
                0x08002c26       0x4a build/stm32l4xx_hal_dma.o
                0x08002c26                HAL_DMA_Abort
 .text.HAL_DMA_Abort_IT
                0x08002c70       0x50 build/stm32l4xx_hal_dma.o
                0x08002c70                HAL_DMA_Abort_IT
 .text.HAL_PWREx_GetVoltageRange
                0x08002cc0       0x10 build/stm32l4xx_hal_pwr_ex.o
                0x08002cc0                HAL_PWREx_GetVoltageRange
 .text.HAL_PWREx_ControlVoltageScaling
                0x08002cd0       0x90 build/stm32l4xx_hal_pwr_ex.o
                0x08002cd0                HAL_PWREx_ControlVoltageScaling
 .text.HAL_NVIC_SetPriorityGrouping
                0x08002d60       0x24 build/stm32l4xx_hal_cortex.o
                0x08002d60                HAL_NVIC_SetPriorityGrouping
 .text.HAL_NVIC_SetPriority
                0x08002d84       0x70 build/stm32l4xx_hal_cortex.o
                0x08002d84                HAL_NVIC_SetPriority
 .text.HAL_NVIC_EnableIRQ
                0x08002df4       0x1c build/stm32l4xx_hal_cortex.o
                0x08002df4                HAL_NVIC_EnableIRQ
 .text.HAL_SYSTICK_Config
                0x08002e10       0x28 build/stm32l4xx_hal_cortex.o
                0x08002e10                HAL_SYSTICK_Config
 .text.HAL_SPI_Init
                0x08002e38       0xde build/stm32l4xx_hal_spi.o
                0x08002e38                HAL_SPI_Init
 .text.HAL_SPI_ErrorCallback
                0x08002f16        0x2 build/stm32l4xx_hal_spi.o
                0x08002f16                HAL_SPI_ErrorCallback
 .text.HAL_SPI_IRQHandler
                0x08002f18      0x124 build/stm32l4xx_hal_spi.o
                0x08002f18                HAL_SPI_IRQHandler
 .text.SPI_DMAAbortOnError
                0x0800303c       0x12 build/stm32l4xx_hal_spi.o
 .text.UART_EndRxTransfer
                0x0800304e       0x50 build/stm32l4xx_hal_uart.o
 .text.HAL_UART_TxCpltCallback
                0x0800309e        0x2 build/stm32l4xx_hal_uart.o
                0x0800309e                HAL_UART_TxCpltCallback
 .text.UART_EndTransmit_IT
                0x080030a0       0x22 build/stm32l4xx_hal_uart.o
 .text.HAL_UART_ErrorCallback
                0x080030c2        0x2 build/stm32l4xx_hal_uart.o
                0x080030c2                HAL_UART_ErrorCallback
 .text.UART_DMAAbortOnError
                0x080030c4       0x14 build/stm32l4xx_hal_uart.o
 .text.HAL_UARTEx_RxEventCallback
                0x080030d8        0x2 build/stm32l4xx_hal_uart.o
                0x080030d8                HAL_UARTEx_RxEventCallback
 *fill*         0x080030da        0x2 
 .text.HAL_UART_IRQHandler
                0x080030dc      0x2e4 build/stm32l4xx_hal_uart.o
                0x080030dc                HAL_UART_IRQHandler
 .text.UART_RxISR_8BIT
                0x080033c0       0xb0 build/stm32l4xx_hal_uart.o
 .text.UART_RxISR_16BIT
                0x08003470       0xae build/stm32l4xx_hal_uart.o
 *fill*         0x0800351e        0x2 
 .text.UART_SetConfig
                0x08003520      0x2a0 build/stm32l4xx_hal_uart.o
                0x08003520                UART_SetConfig
 .text.UART_AdvFeatureConfig
                0x080037c0       0xca build/stm32l4xx_hal_uart.o
                0x080037c0                UART_AdvFeatureConfig
 .text.UART_WaitOnFlagUntilTimeout
                0x0800388a       0xd4 build/stm32l4xx_hal_uart.o
                0x0800388a                UART_WaitOnFlagUntilTimeout
 .text.HAL_UART_Transmit
                0x0800395e       0xd8 build/stm32l4xx_hal_uart.o
                0x0800395e                HAL_UART_Transmit
 .text.UART_CheckIdleState
                0x08003a36       0x70 build/stm32l4xx_hal_uart.o
                0x08003a36                UART_CheckIdleState
 .text.HAL_UART_Init
                0x08003aa6       0x62 build/stm32l4xx_hal_uart.o
                0x08003aa6                HAL_UART_Init
 .text.UART_Start_Receive_IT
                0x08003b08       0xd8 build/stm32l4xx_hal_uart.o
                0x08003b08                UART_Start_Receive_IT
 .text.HAL_UART_Receive_IT
                0x08003be0       0x5c build/stm32l4xx_hal_uart.o
                0x08003be0                HAL_UART_Receive_IT
 .text.HAL_UARTEx_WakeupCallback
                0x08003c3c        0x2 build/stm32l4xx_hal_uart_ex.o
                0x08003c3c                HAL_UARTEx_WakeupCallback
 *fill*         0x08003c3e        0x2 
 .text.SystemInit
                0x08003c40       0x14 build/system_stm32l4xx.o
                0x08003c40                SystemInit
 .text.shellExtNumType
                0x08003c54       0x58 build/shell_ext.o
 .text.shellExtToNum
                0x08003cac       0x2e build/shell_ext.o
 *fill*         0x08003cda        0x2 
 .text.shellExtParseChar
                0x08003cdc       0x94 build/shell_ext.o
 .text.shellExtParseString
                0x08003d70       0x40 build/shell_ext.o
 .text.shellExtParseNumber
                0x08003db0       0xb0 build/shell_ext.o
 .text.shellExtParseVar
                0x08003e60       0x1e build/shell_ext.o
 .text.shellExtParsePara
                0x08003e7e       0x78 build/shell_ext.o
                0x08003e7e                shellExtParsePara
 .text.shellExtRun
                0x08003ef6       0xf4 build/shell_ext.o
                0x08003ef6                shellExtRun
 *fill*         0x08003fea        0x2 
 .text.User_Shell_Write
                0x08003fec       0x30 build/shell_port.o
                0x08003fec                User_Shell_Write
 .text.User_Shell_Init
                0x0800401c       0x20 build/shell_port.o
                0x0800401c                User_Shell_Init
 .text.shellAdd
                0x0800403c       0x24 build/shell.o
 .text.shellWriteByte
                0x08004060       0x18 build/shell.o
 .text.shellWriteCommandDesc
                0x08004078       0x4c build/shell.o
 .text.shellStringCopy
                0x080040c4       0x16 build/shell.o
 .text.shellStringCompare
                0x080040da       0x2e build/shell.o
 .text.shellGetCommandDesc
                0x08004108       0x22 build/shell.o
 .text.shellParserParam
                0x0800412a       0x92 build/shell.o
 .text.shellRight
                0x080041bc       0x1a build/shell.o
                0x080041bc                shellRight
 .text.shellLeft
                0x080041d6       0x18 build/shell.o
                0x080041d6                shellLeft
 .text.shellHistoryAdd
                0x080041ee       0x70 build/shell.o
 .text.shellRemoveParamQuotes
                0x0800425e       0x54 build/shell.o
 *fill*         0x080042b2        0x2 
 .text.shellGetCurrent
                0x080042b4       0x2c build/shell.o
                0x080042b4                shellGetCurrent
 .text.shellWriteString
                0x080042e0       0x26 build/shell.o
                0x080042e0                shellWriteString
 *fill*         0x08004306        0x2 
 .text.shellWritePrompt
                0x08004308       0x60 build/shell.o
 .text.shellCheckPassword
                0x08004368       0x40 build/shell.o
 .text.shellClear
                0x080043a8       0x14 build/shell.o
                0x080043a8                shellClear
 .text.shellPrint
                0x080043bc       0x32 build/shell.o
                0x080043bc                shellPrint
 .text.shellCheckPermission
                0x080043ee       0x44 build/shell.o
                0x080043ee                shellCheckPermission
 .text.shellToHex
                0x08004432       0x28 build/shell.o
                0x08004432                shellToHex
 *fill*         0x0800445a        0x2 
 .text.shellGetCommandName
                0x0800445c       0x44 build/shell.o
 .text.shellToDec
                0x080044a0       0x60 build/shell.o
                0x080044a0                shellToDec
 .text.shellWriteReturnValue
                0x08004500       0x80 build/shell.o
 .text.shellListItem
                0x08004580       0xe0 build/shell.o
                0x08004580                shellListItem
 .text.shellListCommand
                0x08004660       0x48 build/shell.o
                0x08004660                shellListCommand
 .text.shellCmds
                0x080046a8        0xe build/shell.o
                0x080046a8                shellCmds
 *fill*         0x080046b6        0x2 
 .text.shellListVar
                0x080046b8       0x4c build/shell.o
                0x080046b8                shellListVar
 .text.shellVars
                0x08004704        0xe build/shell.o
                0x08004704                shellVars
 *fill*         0x08004712        0x2 
 .text.shellListUser
                0x08004714       0x48 build/shell.o
                0x08004714                shellListUser
 .text.shellUsers
                0x0800475c        0xe build/shell.o
                0x0800475c                shellUsers
 *fill*         0x0800476a        0x2 
 .text.shellListKey
                0x0800476c       0x48 build/shell.o
                0x0800476c                shellListKey
 .text.shellKeys
                0x080047b4        0xe build/shell.o
                0x080047b4                shellKeys
 .text.shellListAll
                0x080047c2        0x8 build/shell.o
                0x080047c2                shellListAll
 *fill*         0x080047ca        0x2 
 .text.shellDeleteCommandLine
                0x080047cc       0x20 build/shell.o
                0x080047cc                shellDeleteCommandLine
 .text.shellClearCommandLine
                0x080047ec       0x28 build/shell.o
                0x080047ec                shellClearCommandLine
 .text.shellHistory
                0x08004814       0x98 build/shell.o
 .text.shellUp  0x080048ac        0xa build/shell.o
                0x080048ac                shellUp
 .text.shellDown
                0x080048b6        0xc build/shell.o
                0x080048b6                shellDown
 *fill*         0x080048c2        0x2 
 .text.shellTab
                0x080048c4      0x114 build/shell.o
                0x080048c4                shellTab
 .text.shellInsertByte
                0x080049d8       0xbc build/shell.o
                0x080049d8                shellInsertByte
 .text.shellDeleteByte
                0x08004a94       0xc4 build/shell.o
                0x08004a94                shellDeleteByte
 .text.shellBackspace
                0x08004b58        0xa build/shell.o
                0x08004b58                shellBackspace
 .text.shellDelete
                0x08004b62        0xc build/shell.o
                0x08004b62                shellDelete
 .text.shellSeekCommand
                0x08004b6e       0x72 build/shell.o
                0x08004b6e                shellSeekCommand
 .text.shellWriteCommandHelp
                0x08004be0       0x60 build/shell.o
 .text.shellHelp
                0x08004c40       0x24 build/shell.o
                0x08004c40                shellHelp
 .text.shellGetVarValue
                0x08004c64       0x44 build/shell.o
                0x08004c64                shellGetVarValue
 .text.shellShowVar
                0x08004ca8       0xc0 build/shell.o
 .text.shellSetVarValue
                0x08004d68       0x78 build/shell.o
                0x08004d68                shellSetVarValue
 .text.shellSetVar
                0x08004de0       0x64 build/shell.o
                0x08004de0                shellSetVar
 .text.shellSetUser
                0x08004e44       0x60 build/shell.o
                0x08004e44                shellSetUser
 .text.shellInit
                0x08004ea4       0x90 build/shell.o
                0x08004ea4                shellInit
 .text.shellRunCommand
                0x08004f34       0x94 build/shell.o
                0x08004f34                shellRunCommand
 .text.shellNormalInput
                0x08004fc8       0x14 build/shell.o
                0x08004fc8                shellNormalInput
 .text.shellExec
                0x08004fdc       0x68 build/shell.o
                0x08004fdc                shellExec
 .text.shellEnter
                0x08005044       0x12 build/shell.o
                0x08005044                shellEnter
 *fill*         0x08005056        0x2 
 .text.shellHandler
                0x08005058       0xd8 build/shell.o
                0x08005058                shellHandler
 .text.MX_GPIO_Init
                0x08005130       0xc0 build/gpio.o
                0x08005130                MX_GPIO_Init
 .text.MX_ADC1_Init
                0x080051f0       0x8c build/adc.o
                0x080051f0                MX_ADC1_Init
 .text.HAL_ADC_MspInit
                0x0800527c       0xa4 build/adc.o
                0x0800527c                HAL_ADC_MspInit
 .text.ADC_Average_Get
                0x08005320       0x8c build/adc.o
                0x08005320                ADC_Average_Get
 .text.MX_SPI2_Init
                0x080053ac       0x4c build/spi.o
                0x080053ac                MX_SPI2_Init
 .text.MX_SPI3_Init
                0x080053f8       0x4c build/spi.o
                0x080053f8                MX_SPI3_Init
 .text.HAL_SPI_MspInit
                0x08005444      0x100 build/spi.o
                0x08005444                HAL_SPI_MspInit
 .text.MX_USART1_UART_Init
                0x08005544       0x38 build/usart.o
                0x08005544                MX_USART1_UART_Init
 .text.MX_USART2_UART_Init
                0x0800557c       0x38 build/usart.o
                0x0800557c                MX_USART2_UART_Init
 .text.MX_USART3_UART_Init
                0x080055b4       0x48 build/usart.o
                0x080055b4                MX_USART3_UART_Init
 .text.HAL_UART_MspInit
                0x080055fc      0x180 build/usart.o
                0x080055fc                HAL_UART_MspInit
 .text.HAL_UART_RxCpltCallback
                0x0800577c       0x34 build/usart.o
                0x0800577c                HAL_UART_RxCpltCallback
 .text.Reset_Handler
                0x080057b0       0x50 build/startup_stm32l431xx.o
                0x080057b0                Reset_Handler
 .text.Default_Handler
                0x08005800        0x2 build/startup_stm32l431xx.o
                0x08005800                RTC_Alarm_IRQHandler
                0x08005800                EXTI2_IRQHandler
                0x08005800                TIM1_CC_IRQHandler
                0x08005800                TSC_IRQHandler
                0x08005800                TAMP_STAMP_IRQHandler
                0x08005800                EXTI3_IRQHandler
                0x08005800                LPTIM2_IRQHandler
                0x08005800                I2C3_ER_IRQHandler
                0x08005800                EXTI0_IRQHandler
                0x08005800                I2C2_EV_IRQHandler
                0x08005800                CAN1_RX0_IRQHandler
                0x08005800                FPU_IRQHandler
                0x08005800                TIM1_UP_TIM16_IRQHandler
                0x08005800                SPI1_IRQHandler
                0x08005800                TIM6_DAC_IRQHandler
                0x08005800                DMA2_Channel2_IRQHandler
                0x08005800                DMA1_Channel4_IRQHandler
                0x08005800                ADC1_IRQHandler
                0x08005800                DMA1_Channel7_IRQHandler
                0x08005800                CAN1_RX1_IRQHandler
                0x08005800                DMA2_Channel1_IRQHandler
                0x08005800                QUADSPI_IRQHandler
                0x08005800                I2C1_EV_IRQHandler
                0x08005800                DMA1_Channel6_IRQHandler
                0x08005800                DMA2_Channel4_IRQHandler
                0x08005800                RCC_IRQHandler
                0x08005800                TIM1_TRG_COM_IRQHandler
                0x08005800                DMA1_Channel1_IRQHandler
                0x08005800                Default_Handler
                0x08005800                DMA2_Channel7_IRQHandler
                0x08005800                EXTI15_10_IRQHandler
                0x08005800                TIM7_IRQHandler
                0x08005800                SDMMC1_IRQHandler
                0x08005800                I2C3_EV_IRQHandler
                0x08005800                EXTI9_5_IRQHandler
                0x08005800                RTC_WKUP_IRQHandler
                0x08005800                PVD_PVM_IRQHandler
                0x08005800                CAN1_TX_IRQHandler
                0x08005800                DMA2_Channel5_IRQHandler
                0x08005800                CRS_IRQHandler
                0x08005800                DMA1_Channel5_IRQHandler
                0x08005800                EXTI4_IRQHandler
                0x08005800                RNG_IRQHandler
                0x08005800                DMA1_Channel3_IRQHandler
                0x08005800                COMP_IRQHandler
                0x08005800                WWDG_IRQHandler
                0x08005800                LPUART1_IRQHandler
                0x08005800                DMA2_Channel6_IRQHandler
                0x08005800                TIM2_IRQHandler
                0x08005800                EXTI1_IRQHandler
                0x08005800                I2C2_ER_IRQHandler
                0x08005800                DMA1_Channel2_IRQHandler
                0x08005800                CAN1_SCE_IRQHandler
                0x08005800                FLASH_IRQHandler
                0x08005800                I2C1_ER_IRQHandler
                0x08005800                SWPMI1_IRQHandler
                0x08005800                LPTIM1_IRQHandler
                0x08005800                SAI1_IRQHandler
                0x08005800                DMA2_Channel3_IRQHandler
                0x08005800                TIM1_BRK_TIM15_IRQHandler
 *fill*         0x08005802        0x2 
 .text.__libc_init_array
                0x08005804       0x48 e:/gcc-arm-none-eabi-10.3-2021.10-win32/gcc-arm-none-eabi-10.3-2021.10/bin/../lib/gcc/arm-none-eabi/10.3.1/../../../../arm-none-eabi/lib/thumb/v7e-m+fp/hard\libc_nano.a(lib_a-init.o)
                0x08005804                __libc_init_array
 .text.memset   0x0800584c       0x10 e:/gcc-arm-none-eabi-10.3-2021.10-win32/gcc-arm-none-eabi-10.3-2021.10/bin/../lib/gcc/arm-none-eabi/10.3.1/../../../../arm-none-eabi/lib/thumb/v7e-m+fp/hard\libc_nano.a(lib_a-memset.o)
                0x0800584c                memset
 .text.__cvt    0x0800585c       0xc4 e:/gcc-arm-none-eabi-10.3-2021.10-win32/gcc-arm-none-eabi-10.3-2021.10/bin/../lib/gcc/arm-none-eabi/10.3.1/../../../../arm-none-eabi/lib/thumb/v7e-m+fp/hard\libc_nano.a(lib_a-nano-vfprintf_float.o)
                0x0800585c                __cvt
 .text.__exponent
                0x08005920       0x7c e:/gcc-arm-none-eabi-10.3-2021.10-win32/gcc-arm-none-eabi-10.3-2021.10/bin/../lib/gcc/arm-none-eabi/10.3.1/../../../../arm-none-eabi/lib/thumb/v7e-m+fp/hard\libc_nano.a(lib_a-nano-vfprintf_float.o)
                0x08005920                __exponent
 .text._printf_float
                0x0800599c      0x46c e:/gcc-arm-none-eabi-10.3-2021.10-win32/gcc-arm-none-eabi-10.3-2021.10/bin/../lib/gcc/arm-none-eabi/10.3.1/../../../../arm-none-eabi/lib/thumb/v7e-m+fp/hard\libc_nano.a(lib_a-nano-vfprintf_float.o)
                0x0800599c                _printf_float
 .text._printf_common
                0x08005e08       0xda e:/gcc-arm-none-eabi-10.3-2021.10-win32/gcc-arm-none-eabi-10.3-2021.10/bin/../lib/gcc/arm-none-eabi/10.3.1/../../../../arm-none-eabi/lib/thumb/v7e-m+fp/hard\libc_nano.a(lib_a-nano-vfprintf_i.o)
                0x08005e08                _printf_common
 *fill*         0x08005ee2        0x2 
 .text._printf_i
                0x08005ee4      0x24c e:/gcc-arm-none-eabi-10.3-2021.10-win32/gcc-arm-none-eabi-10.3-2021.10/bin/../lib/gcc/arm-none-eabi/10.3.1/../../../../arm-none-eabi/lib/thumb/v7e-m+fp/hard\libc_nano.a(lib_a-nano-vfprintf_i.o)
                0x08005ee4                _printf_i
 .text.strncmp  0x08006130       0x28 e:/gcc-arm-none-eabi-10.3-2021.10-win32/gcc-arm-none-eabi-10.3-2021.10/bin/../lib/gcc/arm-none-eabi/10.3.1/../../../../arm-none-eabi/lib/thumb/v7e-m+fp/hard\libc_nano.a(lib_a-strncmp.o)
                0x08006130                strncmp
 .text._vsnprintf_r
                0x08006158       0x56 e:/gcc-arm-none-eabi-10.3-2021.10-win32/gcc-arm-none-eabi-10.3-2021.10/bin/../lib/gcc/arm-none-eabi/10.3.1/../../../../arm-none-eabi/lib/thumb/v7e-m+fp/hard\libc_nano.a(lib_a-vsnprintf.o)
                0x08006158                _vsniprintf_r
                0x08006158                _vsnprintf_r
 *fill*         0x080061ae        0x2 
 .text.vsnprintf
                0x080061b0       0x1c e:/gcc-arm-none-eabi-10.3-2021.10-win32/gcc-arm-none-eabi-10.3-2021.10/bin/../lib/gcc/arm-none-eabi/10.3.1/../../../../arm-none-eabi/lib/thumb/v7e-m+fp/hard\libc_nano.a(lib_a-vsnprintf.o)
                0x080061b0                vsniprintf
                0x080061b0                vsnprintf
 .text.quorem   0x080061cc      0x116 e:/gcc-arm-none-eabi-10.3-2021.10-win32/gcc-arm-none-eabi-10.3-2021.10/bin/../lib/gcc/arm-none-eabi/10.3.1/../../../../arm-none-eabi/lib/thumb/v7e-m+fp/hard\libc_nano.a(lib_a-dtoa.o)
 *fill*         0x080062e2        0x6 
 .text._dtoa_r  0x080062e8      0xbdc e:/gcc-arm-none-eabi-10.3-2021.10-win32/gcc-arm-none-eabi-10.3-2021.10/bin/../lib/gcc/arm-none-eabi/10.3.1/../../../../arm-none-eabi/lib/thumb/v7e-m+fp/hard\libc_nano.a(lib_a-dtoa.o)
                0x080062e8                _dtoa_r
 .text._localeconv_r
                0x08006ec4        0x8 e:/gcc-arm-none-eabi-10.3-2021.10-win32/gcc-arm-none-eabi-10.3-2021.10/bin/../lib/gcc/arm-none-eabi/10.3.1/../../../../arm-none-eabi/lib/thumb/v7e-m+fp/hard\libc_nano.a(lib_a-localeconv.o)
                0x08006ec4                _localeconv_r
 .text.malloc   0x08006ecc       0x10 e:/gcc-arm-none-eabi-10.3-2021.10-win32/gcc-arm-none-eabi-10.3-2021.10/bin/../lib/gcc/arm-none-eabi/10.3.1/../../../../arm-none-eabi/lib/thumb/v7e-m+fp/hard\libc_nano.a(lib_a-malloc.o)
                0x08006ecc                malloc
 .text.memcpy   0x08006edc       0x1c e:/gcc-arm-none-eabi-10.3-2021.10-win32/gcc-arm-none-eabi-10.3-2021.10/bin/../lib/gcc/arm-none-eabi/10.3.1/../../../../arm-none-eabi/lib/thumb/v7e-m+fp/hard\libc_nano.a(lib_a-memcpy-stub.o)
                0x08006edc                memcpy
 .text._Balloc  0x08006ef8       0x80 e:/gcc-arm-none-eabi-10.3-2021.10-win32/gcc-arm-none-eabi-10.3-2021.10/bin/../lib/gcc/arm-none-eabi/10.3.1/../../../../arm-none-eabi/lib/thumb/v7e-m+fp/hard\libc_nano.a(lib_a-mprec.o)
                0x08006ef8                _Balloc
 .text._Bfree   0x08006f78       0x44 e:/gcc-arm-none-eabi-10.3-2021.10-win32/gcc-arm-none-eabi-10.3-2021.10/bin/../lib/gcc/arm-none-eabi/10.3.1/../../../../arm-none-eabi/lib/thumb/v7e-m+fp/hard\libc_nano.a(lib_a-mprec.o)
                0x08006f78                _Bfree
 .text.__multadd
                0x08006fbc       0x8c e:/gcc-arm-none-eabi-10.3-2021.10-win32/gcc-arm-none-eabi-10.3-2021.10/bin/../lib/gcc/arm-none-eabi/10.3.1/../../../../arm-none-eabi/lib/thumb/v7e-m+fp/hard\libc_nano.a(lib_a-mprec.o)
                0x08006fbc                __multadd
 .text.__hi0bits
                0x08007048       0x40 e:/gcc-arm-none-eabi-10.3-2021.10-win32/gcc-arm-none-eabi-10.3-2021.10/bin/../lib/gcc/arm-none-eabi/10.3.1/../../../../arm-none-eabi/lib/thumb/v7e-m+fp/hard\libc_nano.a(lib_a-mprec.o)
                0x08007048                __hi0bits
 .text.__lo0bits
                0x08007088       0x5e e:/gcc-arm-none-eabi-10.3-2021.10-win32/gcc-arm-none-eabi-10.3-2021.10/bin/../lib/gcc/arm-none-eabi/10.3.1/../../../../arm-none-eabi/lib/thumb/v7e-m+fp/hard\libc_nano.a(lib_a-mprec.o)
                0x08007088                __lo0bits
 *fill*         0x080070e6        0x2 
 .text.__i2b    0x080070e8       0x2c e:/gcc-arm-none-eabi-10.3-2021.10-win32/gcc-arm-none-eabi-10.3-2021.10/bin/../lib/gcc/arm-none-eabi/10.3.1/../../../../arm-none-eabi/lib/thumb/v7e-m+fp/hard\libc_nano.a(lib_a-mprec.o)
                0x080070e8                __i2b
 .text.__multiply
                0x08007114      0x154 e:/gcc-arm-none-eabi-10.3-2021.10-win32/gcc-arm-none-eabi-10.3-2021.10/bin/../lib/gcc/arm-none-eabi/10.3.1/../../../../arm-none-eabi/lib/thumb/v7e-m+fp/hard\libc_nano.a(lib_a-mprec.o)
                0x08007114                __multiply
 .text.__pow5mult
                0x08007268       0xb4 e:/gcc-arm-none-eabi-10.3-2021.10-win32/gcc-arm-none-eabi-10.3-2021.10/bin/../lib/gcc/arm-none-eabi/10.3.1/../../../../arm-none-eabi/lib/thumb/v7e-m+fp/hard\libc_nano.a(lib_a-mprec.o)
                0x08007268                __pow5mult
 .text.__lshift
                0x0800731c       0xe0 e:/gcc-arm-none-eabi-10.3-2021.10-win32/gcc-arm-none-eabi-10.3-2021.10/bin/../lib/gcc/arm-none-eabi/10.3.1/../../../../arm-none-eabi/lib/thumb/v7e-m+fp/hard\libc_nano.a(lib_a-mprec.o)
                0x0800731c                __lshift
 .text.__mcmp   0x080073fc       0x38 e:/gcc-arm-none-eabi-10.3-2021.10-win32/gcc-arm-none-eabi-10.3-2021.10/bin/../lib/gcc/arm-none-eabi/10.3.1/../../../../arm-none-eabi/lib/thumb/v7e-m+fp/hard\libc_nano.a(lib_a-mprec.o)
                0x080073fc                __mcmp
 .text.__mdiff  0x08007434      0x114 e:/gcc-arm-none-eabi-10.3-2021.10-win32/gcc-arm-none-eabi-10.3-2021.10/bin/../lib/gcc/arm-none-eabi/10.3.1/../../../../arm-none-eabi/lib/thumb/v7e-m+fp/hard\libc_nano.a(lib_a-mprec.o)
                0x08007434                __mdiff
 .text.__d2b    0x08007548       0xb8 e:/gcc-arm-none-eabi-10.3-2021.10-win32/gcc-arm-none-eabi-10.3-2021.10/bin/../lib/gcc/arm-none-eabi/10.3.1/../../../../arm-none-eabi/lib/thumb/v7e-m+fp/hard\libc_nano.a(lib_a-mprec.o)
                0x08007548                __d2b
 .text._calloc_r
                0x08007600       0x2c e:/gcc-arm-none-eabi-10.3-2021.10-win32/gcc-arm-none-eabi-10.3-2021.10/bin/../lib/gcc/arm-none-eabi/10.3.1/../../../../arm-none-eabi/lib/thumb/v7e-m+fp/hard\libc_nano.a(lib_a-nano-callocr.o)
                0x08007600                _calloc_r
 .text._free_r  0x0800762c       0x98 e:/gcc-arm-none-eabi-10.3-2021.10-win32/gcc-arm-none-eabi-10.3-2021.10/bin/../lib/gcc/arm-none-eabi/10.3.1/../../../../arm-none-eabi/lib/thumb/v7e-m+fp/hard\libc_nano.a(lib_a-nano-freer.o)
                0x0800762c                _free_r
 .text.sbrk_aligned
                0x080076c4       0x40 e:/gcc-arm-none-eabi-10.3-2021.10-win32/gcc-arm-none-eabi-10.3-2021.10/bin/../lib/gcc/arm-none-eabi/10.3.1/../../../../arm-none-eabi/lib/thumb/v7e-m+fp/hard\libc_nano.a(lib_a-nano-mallocr.o)
 .text._malloc_r
                0x08007704       0xe8 e:/gcc-arm-none-eabi-10.3-2021.10-win32/gcc-arm-none-eabi-10.3-2021.10/bin/../lib/gcc/arm-none-eabi/10.3.1/../../../../arm-none-eabi/lib/thumb/v7e-m+fp/hard\libc_nano.a(lib_a-nano-mallocr.o)
                0x08007704                _malloc_r
 .text.__ssputs_r
                0x080077ec       0xb6 e:/gcc-arm-none-eabi-10.3-2021.10-win32/gcc-arm-none-eabi-10.3-2021.10/bin/../lib/gcc/arm-none-eabi/10.3.1/../../../../arm-none-eabi/lib/thumb/v7e-m+fp/hard\libc_nano.a(lib_a-nano-svfprintf.o)
                0x080077ec                __ssputs_r
 *fill*         0x080078a2        0x2 
 .text._svfprintf_r
                0x080078a4      0x200 e:/gcc-arm-none-eabi-10.3-2021.10-win32/gcc-arm-none-eabi-10.3-2021.10/bin/../lib/gcc/arm-none-eabi/10.3.1/../../../../arm-none-eabi/lib/thumb/v7e-m+fp/hard\libc_nano.a(lib_a-nano-svfprintf.o)
                0x080078a4                _svfiprintf_r
                0x080078a4                _svfprintf_r
 .text._sbrk_r  0x08007aa4       0x20 e:/gcc-arm-none-eabi-10.3-2021.10-win32/gcc-arm-none-eabi-10.3-2021.10/bin/../lib/gcc/arm-none-eabi/10.3.1/../../../../arm-none-eabi/lib/thumb/v7e-m+fp/hard\libc_nano.a(lib_a-sbrkr.o)
                0x08007aa4                _sbrk_r
 .text.__assert_func
                0x08007ac4       0x3c e:/gcc-arm-none-eabi-10.3-2021.10-win32/gcc-arm-none-eabi-10.3-2021.10/bin/../lib/gcc/arm-none-eabi/10.3.1/../../../../arm-none-eabi/lib/thumb/v7e-m+fp/hard\libc_nano.a(lib_a-assert.o)
                0x08007ac4                __assert_func
 .text.fprintf  0x08007b00       0x24 e:/gcc-arm-none-eabi-10.3-2021.10-win32/gcc-arm-none-eabi-10.3-2021.10/bin/../lib/gcc/arm-none-eabi/10.3.1/../../../../arm-none-eabi/lib/thumb/v7e-m+fp/hard\libc_nano.a(lib_a-fprintf.o)
                0x08007b00                fiprintf
                0x08007b00                fprintf
 .text.__ascii_mbtowc
                0x08007b24       0x24 e:/gcc-arm-none-eabi-10.3-2021.10-win32/gcc-arm-none-eabi-10.3-2021.10/bin/../lib/gcc/arm-none-eabi/10.3.1/../../../../arm-none-eabi/lib/thumb/v7e-m+fp/hard\libc_nano.a(lib_a-mbtowc_r.o)
                0x08007b24                __ascii_mbtowc
 .text.memmove  0x08007b48       0x34 e:/gcc-arm-none-eabi-10.3-2021.10-win32/gcc-arm-none-eabi-10.3-2021.10/bin/../lib/gcc/arm-none-eabi/10.3.1/../../../../arm-none-eabi/lib/thumb/v7e-m+fp/hard\libc_nano.a(lib_a-memmove.o)
                0x08007b48                memmove
 .text.__malloc_lock
                0x08007b7c        0xc e:/gcc-arm-none-eabi-10.3-2021.10-win32/gcc-arm-none-eabi-10.3-2021.10/bin/../lib/gcc/arm-none-eabi/10.3.1/../../../../arm-none-eabi/lib/thumb/v7e-m+fp/hard\libc_nano.a(lib_a-mlock.o)
                0x08007b7c                __malloc_lock
 .text.__malloc_unlock
                0x08007b88        0xc e:/gcc-arm-none-eabi-10.3-2021.10-win32/gcc-arm-none-eabi-10.3-2021.10/bin/../lib/gcc/arm-none-eabi/10.3.1/../../../../arm-none-eabi/lib/thumb/v7e-m+fp/hard\libc_nano.a(lib_a-mlock.o)
                0x08007b88                __malloc_unlock
 .text._realloc_r
                0x08007b94       0x5e e:/gcc-arm-none-eabi-10.3-2021.10-win32/gcc-arm-none-eabi-10.3-2021.10/bin/../lib/gcc/arm-none-eabi/10.3.1/../../../../arm-none-eabi/lib/thumb/v7e-m+fp/hard\libc_nano.a(lib_a-nano-reallocr.o)
                0x08007b94                _realloc_r
 .text.__sfputc_r
                0x08007bf2       0x2e e:/gcc-arm-none-eabi-10.3-2021.10-win32/gcc-arm-none-eabi-10.3-2021.10/bin/../lib/gcc/arm-none-eabi/10.3.1/../../../../arm-none-eabi/lib/thumb/v7e-m+fp/hard\libc_nano.a(lib_a-nano-vfprintf.o)
 .text.__sfputs_r
                0x08007c20       0x24 e:/gcc-arm-none-eabi-10.3-2021.10-win32/gcc-arm-none-eabi-10.3-2021.10/bin/../lib/gcc/arm-none-eabi/10.3.1/../../../../arm-none-eabi/lib/thumb/v7e-m+fp/hard\libc_nano.a(lib_a-nano-vfprintf.o)
                0x08007c20                __sfputs_r
 .text._vfprintf_r
                0x08007c44      0x260 e:/gcc-arm-none-eabi-10.3-2021.10-win32/gcc-arm-none-eabi-10.3-2021.10/bin/../lib/gcc/arm-none-eabi/10.3.1/../../../../arm-none-eabi/lib/thumb/v7e-m+fp/hard\libc_nano.a(lib_a-nano-vfprintf.o)
                0x08007c44                _vfprintf_r
                0x08007c44                _vfiprintf_r
 .text.__swbuf_r
                0x08007ea4       0xa4 e:/gcc-arm-none-eabi-10.3-2021.10-win32/gcc-arm-none-eabi-10.3-2021.10/bin/../lib/gcc/arm-none-eabi/10.3.1/../../../../arm-none-eabi/lib/thumb/v7e-m+fp/hard\libc_nano.a(lib_a-wbuf.o)
                0x08007ea4                __swbuf_r
 .text.__ascii_wctomb
                0x08007f48       0x1a e:/gcc-arm-none-eabi-10.3-2021.10-win32/gcc-arm-none-eabi-10.3-2021.10/bin/../lib/gcc/arm-none-eabi/10.3.1/../../../../arm-none-eabi/lib/thumb/v7e-m+fp/hard\libc_nano.a(lib_a-wctomb_r.o)
                0x08007f48                __ascii_wctomb
 *fill*         0x08007f62        0x2 
 .text.__swsetup_r
                0x08007f64       0xdc e:/gcc-arm-none-eabi-10.3-2021.10-win32/gcc-arm-none-eabi-10.3-2021.10/bin/../lib/gcc/arm-none-eabi/10.3.1/../../../../arm-none-eabi/lib/thumb/v7e-m+fp/hard\libc_nano.a(lib_a-wsetup.o)
                0x08007f64                __swsetup_r
 .text.abort    0x08008040        0xe e:/gcc-arm-none-eabi-10.3-2021.10-win32/gcc-arm-none-eabi-10.3-2021.10/bin/../lib/gcc/arm-none-eabi/10.3.1/../../../../arm-none-eabi/lib/thumb/v7e-m+fp/hard\libc_nano.a(lib_a-abort.o)
                0x08008040                abort
 *fill*         0x0800804e        0x2 
 .text.__sflush_r
                0x08008050      0x10c e:/gcc-arm-none-eabi-10.3-2021.10-win32/gcc-arm-none-eabi-10.3-2021.10/bin/../lib/gcc/arm-none-eabi/10.3.1/../../../../arm-none-eabi/lib/thumb/v7e-m+fp/hard\libc_nano.a(lib_a-fflush.o)
                0x08008050                __sflush_r
 .text._fflush_r
                0x0800815c       0x78 e:/gcc-arm-none-eabi-10.3-2021.10-win32/gcc-arm-none-eabi-10.3-2021.10/bin/../lib/gcc/arm-none-eabi/10.3.1/../../../../arm-none-eabi/lib/thumb/v7e-m+fp/hard\libc_nano.a(lib_a-fflush.o)
                0x0800815c                _fflush_r
 .text.std      0x080081d4       0x48 e:/gcc-arm-none-eabi-10.3-2021.10-win32/gcc-arm-none-eabi-10.3-2021.10/bin/../lib/gcc/arm-none-eabi/10.3.1/../../../../arm-none-eabi/lib/thumb/v7e-m+fp/hard\libc_nano.a(lib_a-findfp.o)
 .text._cleanup_r
                0x0800821c        0xc e:/gcc-arm-none-eabi-10.3-2021.10-win32/gcc-arm-none-eabi-10.3-2021.10/bin/../lib/gcc/arm-none-eabi/10.3.1/../../../../arm-none-eabi/lib/thumb/v7e-m+fp/hard\libc_nano.a(lib_a-findfp.o)
                0x0800821c                _cleanup_r
 .text.__sfmoreglue
                0x08008228       0x2c e:/gcc-arm-none-eabi-10.3-2021.10-win32/gcc-arm-none-eabi-10.3-2021.10/bin/../lib/gcc/arm-none-eabi/10.3.1/../../../../arm-none-eabi/lib/thumb/v7e-m+fp/hard\libc_nano.a(lib_a-findfp.o)
                0x08008228                __sfmoreglue
 .text.__sfp_lock_acquire
                0x08008254        0xc e:/gcc-arm-none-eabi-10.3-2021.10-win32/gcc-arm-none-eabi-10.3-2021.10/bin/../lib/gcc/arm-none-eabi/10.3.1/../../../../arm-none-eabi/lib/thumb/v7e-m+fp/hard\libc_nano.a(lib_a-findfp.o)
                0x08008254                __sfp_lock_acquire
 .text.__sfp_lock_release
                0x08008260        0xc e:/gcc-arm-none-eabi-10.3-2021.10-win32/gcc-arm-none-eabi-10.3-2021.10/bin/../lib/gcc/arm-none-eabi/10.3.1/../../../../arm-none-eabi/lib/thumb/v7e-m+fp/hard\libc_nano.a(lib_a-findfp.o)
                0x08008260                __sfp_lock_release
 .text.__sinit_lock_acquire
                0x0800826c        0xc e:/gcc-arm-none-eabi-10.3-2021.10-win32/gcc-arm-none-eabi-10.3-2021.10/bin/../lib/gcc/arm-none-eabi/10.3.1/../../../../arm-none-eabi/lib/thumb/v7e-m+fp/hard\libc_nano.a(lib_a-findfp.o)
                0x0800826c                __sinit_lock_acquire
 .text.__sinit_lock_release
                0x08008278        0xc e:/gcc-arm-none-eabi-10.3-2021.10-win32/gcc-arm-none-eabi-10.3-2021.10/bin/../lib/gcc/arm-none-eabi/10.3.1/../../../../arm-none-eabi/lib/thumb/v7e-m+fp/hard\libc_nano.a(lib_a-findfp.o)
                0x08008278                __sinit_lock_release
 .text.__sinit  0x08008284       0x70 e:/gcc-arm-none-eabi-10.3-2021.10-win32/gcc-arm-none-eabi-10.3-2021.10/bin/../lib/gcc/arm-none-eabi/10.3.1/../../../../arm-none-eabi/lib/thumb/v7e-m+fp/hard\libc_nano.a(lib_a-findfp.o)
                0x08008284                __sinit
 .text.__sfp    0x080082f4       0x8c e:/gcc-arm-none-eabi-10.3-2021.10-win32/gcc-arm-none-eabi-10.3-2021.10/bin/../lib/gcc/arm-none-eabi/10.3.1/../../../../arm-none-eabi/lib/thumb/v7e-m+fp/hard\libc_nano.a(lib_a-findfp.o)
                0x080082f4                __sfp
 .text._fwalk_reent
                0x08008380       0x3e e:/gcc-arm-none-eabi-10.3-2021.10-win32/gcc-arm-none-eabi-10.3-2021.10/bin/../lib/gcc/arm-none-eabi/10.3.1/../../../../arm-none-eabi/lib/thumb/v7e-m+fp/hard\libc_nano.a(lib_a-fwalk.o)
                0x08008380                _fwalk_reent
 .text.__retarget_lock_init_recursive
                0x080083be        0x2 e:/gcc-arm-none-eabi-10.3-2021.10-win32/gcc-arm-none-eabi-10.3-2021.10/bin/../lib/gcc/arm-none-eabi/10.3.1/../../../../arm-none-eabi/lib/thumb/v7e-m+fp/hard\libc_nano.a(lib_a-lock.o)
                0x080083be                __retarget_lock_init_recursive
 .text.__retarget_lock_acquire_recursive
                0x080083c0        0x2 e:/gcc-arm-none-eabi-10.3-2021.10-win32/gcc-arm-none-eabi-10.3-2021.10/bin/../lib/gcc/arm-none-eabi/10.3.1/../../../../arm-none-eabi/lib/thumb/v7e-m+fp/hard\libc_nano.a(lib_a-lock.o)
                0x080083c0                __retarget_lock_acquire_recursive
 .text.__retarget_lock_release_recursive
                0x080083c2        0x2 e:/gcc-arm-none-eabi-10.3-2021.10-win32/gcc-arm-none-eabi-10.3-2021.10/bin/../lib/gcc/arm-none-eabi/10.3.1/../../../../arm-none-eabi/lib/thumb/v7e-m+fp/hard\libc_nano.a(lib_a-lock.o)
                0x080083c2                __retarget_lock_release_recursive
 .text.__swhatbuf_r
                0x080083c4       0x4a e:/gcc-arm-none-eabi-10.3-2021.10-win32/gcc-arm-none-eabi-10.3-2021.10/bin/../lib/gcc/arm-none-eabi/10.3.1/../../../../arm-none-eabi/lib/thumb/v7e-m+fp/hard\libc_nano.a(lib_a-makebuf.o)
                0x080083c4                __swhatbuf_r
 *fill*         0x0800840e        0x2 
 .text.__smakebuf_r
                0x08008410       0x80 e:/gcc-arm-none-eabi-10.3-2021.10-win32/gcc-arm-none-eabi-10.3-2021.10/bin/../lib/gcc/arm-none-eabi/10.3.1/../../../../arm-none-eabi/lib/thumb/v7e-m+fp/hard\libc_nano.a(lib_a-makebuf.o)
                0x08008410                __smakebuf_r
 .text._malloc_usable_size_r
                0x08008490       0x10 e:/gcc-arm-none-eabi-10.3-2021.10-win32/gcc-arm-none-eabi-10.3-2021.10/bin/../lib/gcc/arm-none-eabi/10.3.1/../../../../arm-none-eabi/lib/thumb/v7e-m+fp/hard\libc_nano.a(lib_a-nano-msizer.o)
                0x08008490                _malloc_usable_size_r
 .text._raise_r
                0x080084a0       0x50 e:/gcc-arm-none-eabi-10.3-2021.10-win32/gcc-arm-none-eabi-10.3-2021.10/bin/../lib/gcc/arm-none-eabi/10.3.1/../../../../arm-none-eabi/lib/thumb/v7e-m+fp/hard\libc_nano.a(lib_a-signal.o)
                0x080084a0                _raise_r
 .text.raise    0x080084f0       0x10 e:/gcc-arm-none-eabi-10.3-2021.10-win32/gcc-arm-none-eabi-10.3-2021.10/bin/../lib/gcc/arm-none-eabi/10.3.1/../../../../arm-none-eabi/lib/thumb/v7e-m+fp/hard\libc_nano.a(lib_a-signal.o)
                0x080084f0                raise
 .text._kill_r  0x08008500       0x24 e:/gcc-arm-none-eabi-10.3-2021.10-win32/gcc-arm-none-eabi-10.3-2021.10/bin/../lib/gcc/arm-none-eabi/10.3.1/../../../../arm-none-eabi/lib/thumb/v7e-m+fp/hard\libc_nano.a(lib_a-signalr.o)
                0x08008500                _kill_r
 .text._getpid_r
                0x08008524        0x4 e:/gcc-arm-none-eabi-10.3-2021.10-win32/gcc-arm-none-eabi-10.3-2021.10/bin/../lib/gcc/arm-none-eabi/10.3.1/../../../../arm-none-eabi/lib/thumb/v7e-m+fp/hard\libc_nano.a(lib_a-signalr.o)
                0x08008524                _getpid_r
 .text.__sread  0x08008528       0x22 e:/gcc-arm-none-eabi-10.3-2021.10-win32/gcc-arm-none-eabi-10.3-2021.10/bin/../lib/gcc/arm-none-eabi/10.3.1/../../../../arm-none-eabi/lib/thumb/v7e-m+fp/hard\libc_nano.a(lib_a-stdio.o)
                0x08008528                __sread
 .text.__swrite
                0x0800854a       0x38 e:/gcc-arm-none-eabi-10.3-2021.10-win32/gcc-arm-none-eabi-10.3-2021.10/bin/../lib/gcc/arm-none-eabi/10.3.1/../../../../arm-none-eabi/lib/thumb/v7e-m+fp/hard\libc_nano.a(lib_a-stdio.o)
                0x0800854a                __swrite
 .text.__sseek  0x08008582       0x24 e:/gcc-arm-none-eabi-10.3-2021.10-win32/gcc-arm-none-eabi-10.3-2021.10/bin/../lib/gcc/arm-none-eabi/10.3.1/../../../../arm-none-eabi/lib/thumb/v7e-m+fp/hard\libc_nano.a(lib_a-stdio.o)
                0x08008582                __sseek
 .text.__sclose
                0x080085a6        0x8 e:/gcc-arm-none-eabi-10.3-2021.10-win32/gcc-arm-none-eabi-10.3-2021.10/bin/../lib/gcc/arm-none-eabi/10.3.1/../../../../arm-none-eabi/lib/thumb/v7e-m+fp/hard\libc_nano.a(lib_a-stdio.o)
                0x080085a6                __sclose
 *fill*         0x080085ae        0x2 
 .text._write_r
                0x080085b0       0x24 e:/gcc-arm-none-eabi-10.3-2021.10-win32/gcc-arm-none-eabi-10.3-2021.10/bin/../lib/gcc/arm-none-eabi/10.3.1/../../../../arm-none-eabi/lib/thumb/v7e-m+fp/hard\libc_nano.a(lib_a-writer.o)
                0x080085b0                _write_r
 .text._close_r
                0x080085d4       0x20 e:/gcc-arm-none-eabi-10.3-2021.10-win32/gcc-arm-none-eabi-10.3-2021.10/bin/../lib/gcc/arm-none-eabi/10.3.1/../../../../arm-none-eabi/lib/thumb/v7e-m+fp/hard\libc_nano.a(lib_a-closer.o)
                0x080085d4                _close_r
 .text._fstat_r
                0x080085f4       0x24 e:/gcc-arm-none-eabi-10.3-2021.10-win32/gcc-arm-none-eabi-10.3-2021.10/bin/../lib/gcc/arm-none-eabi/10.3.1/../../../../arm-none-eabi/lib/thumb/v7e-m+fp/hard\libc_nano.a(lib_a-fstatr.o)
                0x080085f4                _fstat_r
 .text._isatty_r
                0x08008618       0x20 e:/gcc-arm-none-eabi-10.3-2021.10-win32/gcc-arm-none-eabi-10.3-2021.10/bin/../lib/gcc/arm-none-eabi/10.3.1/../../../../arm-none-eabi/lib/thumb/v7e-m+fp/hard\libc_nano.a(lib_a-isattyr.o)
                0x08008618                _isatty_r
 .text._lseek_r
                0x08008638       0x24 e:/gcc-arm-none-eabi-10.3-2021.10-win32/gcc-arm-none-eabi-10.3-2021.10/bin/../lib/gcc/arm-none-eabi/10.3.1/../../../../arm-none-eabi/lib/thumb/v7e-m+fp/hard\libc_nano.a(lib_a-lseekr.o)
                0x08008638                _lseek_r
 .text._read_r  0x0800865c       0x24 e:/gcc-arm-none-eabi-10.3-2021.10-win32/gcc-arm-none-eabi-10.3-2021.10/bin/../lib/gcc/arm-none-eabi/10.3.1/../../../../arm-none-eabi/lib/thumb/v7e-m+fp/hard\libc_nano.a(lib_a-readr.o)
                0x0800865c                _read_r
 .text._close   0x08008680       0x10 e:/gcc-arm-none-eabi-10.3-2021.10-win32/gcc-arm-none-eabi-10.3-2021.10/bin/../lib/gcc/arm-none-eabi/10.3.1/../../../../arm-none-eabi/lib/thumb/v7e-m+fp/hard\libnosys.a(close.o)
                0x08008680                _close
 .text._fstat   0x08008690       0x10 e:/gcc-arm-none-eabi-10.3-2021.10-win32/gcc-arm-none-eabi-10.3-2021.10/bin/../lib/gcc/arm-none-eabi/10.3.1/../../../../arm-none-eabi/lib/thumb/v7e-m+fp/hard\libnosys.a(fstat.o)
                0x08008690                _fstat
 .text._getpid  0x080086a0       0x10 e:/gcc-arm-none-eabi-10.3-2021.10-win32/gcc-arm-none-eabi-10.3-2021.10/bin/../lib/gcc/arm-none-eabi/10.3.1/../../../../arm-none-eabi/lib/thumb/v7e-m+fp/hard\libnosys.a(getpid.o)
                0x080086a0                _getpid
 .text._isatty  0x080086b0       0x10 e:/gcc-arm-none-eabi-10.3-2021.10-win32/gcc-arm-none-eabi-10.3-2021.10/bin/../lib/gcc/arm-none-eabi/10.3.1/../../../../arm-none-eabi/lib/thumb/v7e-m+fp/hard\libnosys.a(isatty.o)
                0x080086b0                _isatty
 .text._kill    0x080086c0       0x10 e:/gcc-arm-none-eabi-10.3-2021.10-win32/gcc-arm-none-eabi-10.3-2021.10/bin/../lib/gcc/arm-none-eabi/10.3.1/../../../../arm-none-eabi/lib/thumb/v7e-m+fp/hard\libnosys.a(kill.o)
                0x080086c0                _kill
 .text._lseek   0x080086d0       0x10 e:/gcc-arm-none-eabi-10.3-2021.10-win32/gcc-arm-none-eabi-10.3-2021.10/bin/../lib/gcc/arm-none-eabi/10.3.1/../../../../arm-none-eabi/lib/thumb/v7e-m+fp/hard\libnosys.a(lseek.o)
                0x080086d0                _lseek
 .text._read    0x080086e0       0x10 e:/gcc-arm-none-eabi-10.3-2021.10-win32/gcc-arm-none-eabi-10.3-2021.10/bin/../lib/gcc/arm-none-eabi/10.3.1/../../../../arm-none-eabi/lib/thumb/v7e-m+fp/hard\libnosys.a(read.o)
                0x080086e0                _read
 .text._sbrk    0x080086f0       0x1c e:/gcc-arm-none-eabi-10.3-2021.10-win32/gcc-arm-none-eabi-10.3-2021.10/bin/../lib/gcc/arm-none-eabi/10.3.1/../../../../arm-none-eabi/lib/thumb/v7e-m+fp/hard\libnosys.a(sbrk.o)
                0x080086f0                _sbrk
 .text._write   0x0800870c       0x10 e:/gcc-arm-none-eabi-10.3-2021.10-win32/gcc-arm-none-eabi-10.3-2021.10/bin/../lib/gcc/arm-none-eabi/10.3.1/../../../../arm-none-eabi/lib/thumb/v7e-m+fp/hard\libnosys.a(write.o)
                0x0800870c                _write
 .text._exit    0x0800871c        0x4 e:/gcc-arm-none-eabi-10.3-2021.10-win32/gcc-arm-none-eabi-10.3-2021.10/bin/../lib/gcc/arm-none-eabi/10.3.1/../../../../arm-none-eabi/lib/thumb/v7e-m+fp/hard\libnosys.a(_exit.o)
                0x0800871c                _exit
 *(.glue_7)
 .glue_7        0x08008720        0x0 linker stubs
 *(.glue_7t)
 .glue_7t       0x08008720        0x0 linker stubs
 *(.eh_frame)
 .eh_frame      0x08008720        0x0 e:/gcc-arm-none-eabi-10.3-2021.10-win32/gcc-arm-none-eabi-10.3-2021.10/bin/../lib/gcc/arm-none-eabi/10.3.1/thumb/v7e-m+fp/hard/crtbegin.o
 *(.init)
 .init          0x08008720        0x4 e:/gcc-arm-none-eabi-10.3-2021.10-win32/gcc-arm-none-eabi-10.3-2021.10/bin/../lib/gcc/arm-none-eabi/10.3.1/thumb/v7e-m+fp/hard/crti.o
                0x08008720                _init
 .init          0x08008724        0x8 e:/gcc-arm-none-eabi-10.3-2021.10-win32/gcc-arm-none-eabi-10.3-2021.10/bin/../lib/gcc/arm-none-eabi/10.3.1/thumb/v7e-m+fp/hard/crtn.o
 *(.fini)
 .fini          0x0800872c        0x4 e:/gcc-arm-none-eabi-10.3-2021.10-win32/gcc-arm-none-eabi-10.3-2021.10/bin/../lib/gcc/arm-none-eabi/10.3.1/thumb/v7e-m+fp/hard/crti.o
                0x0800872c                _fini
 .fini          0x08008730        0x8 e:/gcc-arm-none-eabi-10.3-2021.10-win32/gcc-arm-none-eabi-10.3-2021.10/bin/../lib/gcc/arm-none-eabi/10.3.1/thumb/v7e-m+fp/hard/crtn.o
                0x08008738                . = ALIGN (0x8)
                0x08008738                _etext = .

.vfp11_veneer   0x08008738        0x0
 .vfp11_veneer  0x08008738        0x0 linker stubs

.v4_bx          0x08008738        0x0
 .v4_bx         0x08008738        0x0 linker stubs

.iplt           0x08008738        0x0
 .iplt          0x08008738        0x0 e:/gcc-arm-none-eabi-10.3-2021.10-win32/gcc-arm-none-eabi-10.3-2021.10/bin/../lib/gcc/arm-none-eabi/10.3.1/thumb/v7e-m+fp/hard/crtbegin.o

.rodata         0x08008738      0xa00
                0x08008738                . = ALIGN (0x8)
 *(.rodata)
 *(.rodata*)
 .rodata.LDR_Value_Get.str1.4
                0x08008738       0x47 build/main.o
 *fill*         0x0800877f        0x1 
 .rodata.shellCmdLDR_Get
                0x08008780        0x8 build/main.o
                0x08008780                shellCmdLDR_Get
 .rodata.shellDescLDR_Get
                0x08008788        0xe build/main.o
                0x08008788                shellDescLDR_Get
 *fill*         0x08008796        0x2 
 .rodata.AHBPrescTable
                0x08008798       0x10 build/system_stm32l4xx.o
                0x08008798                AHBPrescTable
 .rodata.APBPrescTable
                0x080087a8        0x8 build/system_stm32l4xx.o
                0x080087a8                APBPrescTable
 .rodata.MSIRangeTable
                0x080087b0       0x30 build/system_stm32l4xx.o
                0x080087b0                MSIRangeTable
 .rodata.shellWriteCommandDesc.str1.4
                0x080087e0        0x4 build/shell.o
 .rodata.shellWritePrompt.str1.4
                0x080087e4       0x23 build/shell.o
                                 0x27 (size before relaxing)
 *fill*         0x08008807        0x1 
 .rodata.shellCheckPassword.str1.4
                0x08008808      0x16f build/shell.o
 *fill*         0x08008977        0x1 
 .rodata.shellClear.str1.4
                0x08008978        0x9 build/shell.o
 *fill*         0x08008981        0x3 
 .rodata.shellWriteReturnValue.str1.4
                0x08008984       0x20 build/shell.o
 .rodata.shellListItem.str1.4
                0x080089a4       0x2b build/shell.o
 *fill*         0x080089cf        0x1 
 .rodata.shellListCommand.str1.4
                0x080089d0       0x12 build/shell.o
 *fill*         0x080089e2        0x2 
 .rodata.shellListVar.str1.4
                0x080089e4        0xe build/shell.o
 *fill*         0x080089f2        0x2 
 .rodata.shellListUser.str1.4
                0x080089f4        0xf build/shell.o
 *fill*         0x08008a03        0x1 
 .rodata.shellListKey.str1.4
                0x08008a04        0xe build/shell.o
 *fill*         0x08008a12        0x2 
 .rodata.shellDeleteCommandLine.str1.4
                0x08008a14        0x4 build/shell.o
 .rodata.shellInsertByte.str1.4
                0x08008a18       0x21 build/shell.o
 *fill*         0x08008a39        0x3 
 .rodata.shellWriteCommandHelp.str1.4
                0x08008a3c       0x28 build/shell.o
 .rodata.shellShowVar.str1.4
                0x08008a64        0x6 build/shell.o
 *fill*         0x08008a6a        0x2 
 .rodata.shellSetVarValue.str1.4
                0x08008a6c       0x30 build/shell.o
 .rodata.shellSetVar.str1.4
                0x08008a9c       0x20 build/shell.o
 .rodata.shellInit.str1.4
                0x08008abc        0x7 build/shell.o
 *fill*         0x08008ac3        0x1 
 .rodata.shellCmdDefaultUser
                0x08008ac4        0x7 build/shell.o
                0x08008ac4                shellCmdDefaultUser
 *fill*         0x08008acb        0x1 
 .rodata.shellCmdclear
                0x08008acc        0x6 build/shell.o
                0x08008acc                shellCmdclear
 *fill*         0x08008ad2        0x2 
 .rodata.shellCmdcmds
                0x08008ad4        0x5 build/shell.o
                0x08008ad4                shellCmdcmds
 *fill*         0x08008ad9        0x3 
 .rodata.shellCmdhelp
                0x08008adc        0x5 build/shell.o
                0x08008adc                shellCmdhelp
 *fill*         0x08008ae1        0x3 
 .rodata.shellCmdkeys
                0x08008ae4        0x5 build/shell.o
                0x08008ae4                shellCmdkeys
 *fill*         0x08008ae9        0x3 
 .rodata.shellCmdsetVar
                0x08008aec        0x7 build/shell.o
                0x08008aec                shellCmdsetVar
 *fill*         0x08008af3        0x1 
 .rodata.shellCmdusers
                0x08008af4        0x6 build/shell.o
                0x08008af4                shellCmdusers
 *fill*         0x08008afa        0x2 
 .rodata.shellCmdvars
                0x08008afc        0x5 build/shell.o
                0x08008afc                shellCmdvars
 *fill*         0x08008b01        0x3 
 .rodata.shellDesDefaultUser
                0x08008b04        0xd build/shell.o
                0x08008b04                shellDesDefaultUser
 *fill*         0x08008b11        0x3 
 .rodata.shellDesc0x08000000
                0x08008b14        0xa build/shell.o
                0x08008b14                shellDesc0x08000000
 *fill*         0x08008b1e        0x2 
 .rodata.shellDesc0x09000000
                0x08008b20        0x4 build/shell.o
                0x08008b20                shellDesc0x09000000
 .rodata.shellDesc0x0A000000
                0x08008b24        0x6 build/shell.o
                0x08008b24                shellDesc0x0A000000
 *fill*         0x08008b2a        0x2 
 .rodata.shellDesc0x0D000000
                0x08008b2c        0x6 build/shell.o
                0x08008b2c                shellDesc0x0D000000
 *fill*         0x08008b32        0x2 
 .rodata.shellDesc0x1B5B337E
                0x08008b34        0x7 build/shell.o
                0x08008b34                shellDesc0x1B5B337E
 *fill*         0x08008b3b        0x1 
 .rodata.shellDesc0x1B5B4100
                0x08008b3c        0x3 build/shell.o
                0x08008b3c                shellDesc0x1B5B4100
 *fill*         0x08008b3f        0x1 
 .rodata.shellDesc0x1B5B4200
                0x08008b40        0x5 build/shell.o
                0x08008b40                shellDesc0x1B5B4200
 *fill*         0x08008b45        0x3 
 .rodata.shellDesc0x1B5B4300
                0x08008b48        0x6 build/shell.o
                0x08008b48                shellDesc0x1B5B4300
 *fill*         0x08008b4e        0x2 
 .rodata.shellDesc0x1B5B4400
                0x08008b50        0x5 build/shell.o
                0x08008b50                shellDesc0x1B5B4400
 *fill*         0x08008b55        0x3 
 .rodata.shellDesc0x7F000000
                0x08008b58        0xa build/shell.o
                0x08008b58                shellDesc0x7F000000
 *fill*         0x08008b62        0x2 
 .rodata.shellDescclear
                0x08008b64        0xe build/shell.o
                0x08008b64                shellDescclear
 *fill*         0x08008b72        0x2 
 .rodata.shellDesccmds
                0x08008b74        0xd build/shell.o
                0x08008b74                shellDesccmds
 *fill*         0x08008b81        0x3 
 .rodata.shellDeschelp
                0x08008b84       0x1e build/shell.o
                0x08008b84                shellDeschelp
 *fill*         0x08008ba2        0x2 
 .rodata.shellDesckeys
                0x08008ba4        0xd build/shell.o
                0x08008ba4                shellDesckeys
 *fill*         0x08008bb1        0x3 
 .rodata.shellDescsetVar
                0x08008bb4        0x8 build/shell.o
                0x08008bb4                shellDescsetVar
 .rodata.shellDescusers
                0x08008bbc        0xe build/shell.o
                0x08008bbc                shellDescusers
 *fill*         0x08008bca        0x2 
 .rodata.shellDescvars
                0x08008bcc        0xd build/shell.o
                0x08008bcc                shellDescvars
 *fill*         0x08008bd9        0x3 
 .rodata.shellPasswordDefaultUser
                0x08008bdc        0x1 build/shell.o
                0x08008bdc                shellPasswordDefaultUser
 *fill*         0x08008bdd        0x3 
 .rodata._global_impure_ptr
                0x08008be0        0x4 e:/gcc-arm-none-eabi-10.3-2021.10-win32/gcc-arm-none-eabi-10.3-2021.10/bin/../lib/gcc/arm-none-eabi/10.3.1/../../../../arm-none-eabi/lib/thumb/v7e-m+fp/hard\libc_nano.a(lib_a-impure.o)
                0x08008be0                _global_impure_ptr
 .rodata._printf_float.str1.1
                0x08008be4       0x12 e:/gcc-arm-none-eabi-10.3-2021.10-win32/gcc-arm-none-eabi-10.3-2021.10/bin/../lib/gcc/arm-none-eabi/10.3.1/../../../../arm-none-eabi/lib/thumb/v7e-m+fp/hard\libc_nano.a(lib_a-nano-vfprintf_float.o)
 .rodata._printf_i.str1.1
                0x08008bf6       0x22 e:/gcc-arm-none-eabi-10.3-2021.10-win32/gcc-arm-none-eabi-10.3-2021.10/bin/../lib/gcc/arm-none-eabi/10.3.1/../../../../arm-none-eabi/lib/thumb/v7e-m+fp/hard\libc_nano.a(lib_a-nano-vfprintf_i.o)
 .rodata._dtoa_r.str1.1
                0x08008c18       0xb3 e:/gcc-arm-none-eabi-10.3-2021.10-win32/gcc-arm-none-eabi-10.3-2021.10/bin/../lib/gcc/arm-none-eabi/10.3.1/../../../../arm-none-eabi/lib/thumb/v7e-m+fp/hard\libc_nano.a(lib_a-dtoa.o)
                                 0xb5 (size before relaxing)
 .rodata._Balloc.str1.1
                0x08008ccb       0x7f e:/gcc-arm-none-eabi-10.3-2021.10-win32/gcc-arm-none-eabi-10.3-2021.10/bin/../lib/gcc/arm-none-eabi/10.3.1/../../../../arm-none-eabi/lib/thumb/v7e-m+fp/hard\libc_nano.a(lib_a-mprec.o)
                                 0x96 (size before relaxing)
 .rodata.__multadd.str1.1
                0x08008d4a       0x11 e:/gcc-arm-none-eabi-10.3-2021.10-win32/gcc-arm-none-eabi-10.3-2021.10/bin/../lib/gcc/arm-none-eabi/10.3.1/../../../../arm-none-eabi/lib/thumb/v7e-m+fp/hard\libc_nano.a(lib_a-mprec.o)
 *fill*         0x08008d4a        0x6 
 .rodata.__mprec_bigtens
                0x08008d50       0x28 e:/gcc-arm-none-eabi-10.3-2021.10-win32/gcc-arm-none-eabi-10.3-2021.10/bin/../lib/gcc/arm-none-eabi/10.3.1/../../../../arm-none-eabi/lib/thumb/v7e-m+fp/hard\libc_nano.a(lib_a-mprec.o)
                0x08008d50                __mprec_bigtens
 .rodata.__mprec_tens
                0x08008d78       0xc8 e:/gcc-arm-none-eabi-10.3-2021.10-win32/gcc-arm-none-eabi-10.3-2021.10/bin/../lib/gcc/arm-none-eabi/10.3.1/../../../../arm-none-eabi/lib/thumb/v7e-m+fp/hard\libc_nano.a(lib_a-mprec.o)
                0x08008d78                __mprec_tens
 .rodata.p05.0  0x08008e40        0xc e:/gcc-arm-none-eabi-10.3-2021.10-win32/gcc-arm-none-eabi-10.3-2021.10/bin/../lib/gcc/arm-none-eabi/10.3.1/../../../../arm-none-eabi/lib/thumb/v7e-m+fp/hard\libc_nano.a(lib_a-mprec.o)
 .rodata._svfprintf_r.str1.1
                0x08008e4c       0x11 e:/gcc-arm-none-eabi-10.3-2021.10-win32/gcc-arm-none-eabi-10.3-2021.10/bin/../lib/gcc/arm-none-eabi/10.3.1/../../../../arm-none-eabi/lib/thumb/v7e-m+fp/hard\libc_nano.a(lib_a-nano-svfprintf.o)
 .rodata.__assert_func.str1.1
                0x08008e5d       0x3c e:/gcc-arm-none-eabi-10.3-2021.10-win32/gcc-arm-none-eabi-10.3-2021.10/bin/../lib/gcc/arm-none-eabi/10.3.1/../../../../arm-none-eabi/lib/thumb/v7e-m+fp/hard\libc_nano.a(lib_a-assert.o)
                                 0x3d (size before relaxing)
 .rodata._setlocale_r.str1.1
                0x08008e99        0x8 e:/gcc-arm-none-eabi-10.3-2021.10-win32/gcc-arm-none-eabi-10.3-2021.10/bin/../lib/gcc/arm-none-eabi/10.3.1/../../../../arm-none-eabi/lib/thumb/v7e-m+fp/hard\libc_nano.a(lib_a-locale.o)
                                  0x9 (size before relaxing)
 .rodata.str1.1
                0x08008ea1        0x2 e:/gcc-arm-none-eabi-10.3-2021.10-win32/gcc-arm-none-eabi-10.3-2021.10/bin/../lib/gcc/arm-none-eabi/10.3.1/../../../../arm-none-eabi/lib/thumb/v7e-m+fp/hard\libc_nano.a(lib_a-locale.o)
 .rodata._vfprintf_r.str1.1
                0x08008ea3       0x11 e:/gcc-arm-none-eabi-10.3-2021.10-win32/gcc-arm-none-eabi-10.3-2021.10/bin/../lib/gcc/arm-none-eabi/10.3.1/../../../../arm-none-eabi/lib/thumb/v7e-m+fp/hard\libc_nano.a(lib_a-nano-vfprintf.o)
 .rodata._ctype_
                0x08008ea3      0x101 e:/gcc-arm-none-eabi-10.3-2021.10-win32/gcc-arm-none-eabi-10.3-2021.10/bin/../lib/gcc/arm-none-eabi/10.3.1/../../../../arm-none-eabi/lib/thumb/v7e-m+fp/hard\libc_nano.a(lib_a-ctype_.o)
                0x08008ea3                _ctype_
 .rodata.__sf_fake_stderr
                0x08008fa4       0x20 e:/gcc-arm-none-eabi-10.3-2021.10-win32/gcc-arm-none-eabi-10.3-2021.10/bin/../lib/gcc/arm-none-eabi/10.3.1/../../../../arm-none-eabi/lib/thumb/v7e-m+fp/hard\libc_nano.a(lib_a-findfp.o)
                0x08008fa4                __sf_fake_stderr
 .rodata.__sf_fake_stdin
                0x08008fc4       0x20 e:/gcc-arm-none-eabi-10.3-2021.10-win32/gcc-arm-none-eabi-10.3-2021.10/bin/../lib/gcc/arm-none-eabi/10.3.1/../../../../arm-none-eabi/lib/thumb/v7e-m+fp/hard\libc_nano.a(lib_a-findfp.o)
                0x08008fc4                __sf_fake_stdin
 .rodata.__sf_fake_stdout
                0x08008fe4       0x20 e:/gcc-arm-none-eabi-10.3-2021.10-win32/gcc-arm-none-eabi-10.3-2021.10/bin/../lib/gcc/arm-none-eabi/10.3.1/../../../../arm-none-eabi/lib/thumb/v7e-m+fp/hard\libc_nano.a(lib_a-findfp.o)
                0x08008fe4                __sf_fake_stdout
                0x08009008                . = ALIGN (0x8)
 *fill*         0x08009004        0x4 
                0x08009008                _shell_command_start = .
 *(shellCommand)
 shellCommand   0x08009008       0x10 build/main.o
                0x08009008                shellCommandLDR_Get
 shellCommand   0x08009018      0x120 build/shell.o
                0x08009018                shellCommandclear
                0x08009028                shellCommandkeys
                0x08009038                shellCommandvars
                0x08009048                shellCommandcmds
                0x08009058                shellCommandusers
                0x08009068                shellCommandhelp
                0x08009078                shellKey0x0D000000
                0x08009088                shellKey0x0A000000
                0x08009098                shellKey0x1B5B337E
                0x080090a8                shellKey0x7F000000
                0x080090b8                shellKey0x08000000
                0x080090c8                shellKey0x09000000
                0x080090d8                shellKey0x1B5B4400
                0x080090e8                shellKey0x1B5B4300
                0x080090f8                shellKey0x1B5B4200
                0x08009108                shellKey0x1B5B4100
                0x08009118                shellCommandsetVar
                0x08009128                shellUserDefault
                0x08009138                _shell_command_end = .

.ARM.extab      0x08009138        0x0
                0x08009138                . = ALIGN (0x8)
 *(.ARM.extab* .gnu.linkonce.armextab.*)
                0x08009138                . = ALIGN (0x8)

.ARM            0x08009138        0x8
                0x08009138                . = ALIGN (0x8)
                0x08009138                __exidx_start = .
 *(.ARM.exidx*)
 .ARM.exidx     0x08009138        0x8 e:/gcc-arm-none-eabi-10.3-2021.10-win32/gcc-arm-none-eabi-10.3-2021.10/bin/../lib/gcc/arm-none-eabi/10.3.1/thumb/v7e-m+fp/hard\libgcc.a(_udivmoddi4.o)
                0x08009140                __exidx_end = .
                0x08009140                . = ALIGN (0x8)

.rel.dyn        0x08009140        0x0
 .rel.iplt      0x08009140        0x0 e:/gcc-arm-none-eabi-10.3-2021.10-win32/gcc-arm-none-eabi-10.3-2021.10/bin/../lib/gcc/arm-none-eabi/10.3.1/thumb/v7e-m+fp/hard/crtbegin.o

.preinit_array  0x08009140        0x0
                0x08009140                . = ALIGN (0x8)
                0x08009140                PROVIDE (__preinit_array_start = .)
 *(.preinit_array*)
                0x08009140                PROVIDE (__preinit_array_end = .)
                0x08009140                . = ALIGN (0x8)

.init_array     0x08009140        0x8
                0x08009140                . = ALIGN (0x8)
                0x08009140                PROVIDE (__init_array_start = .)
 *(SORT_BY_NAME(.init_array.*))
 *(.init_array*)
 .init_array    0x08009140        0x4 e:/gcc-arm-none-eabi-10.3-2021.10-win32/gcc-arm-none-eabi-10.3-2021.10/bin/../lib/gcc/arm-none-eabi/10.3.1/thumb/v7e-m+fp/hard/crtbegin.o
                0x08009144                PROVIDE (__init_array_end = .)
                0x08009148                . = ALIGN (0x8)
 *fill*         0x08009144        0x4 

.fini_array     0x08009148        0x8
                0x08009148                . = ALIGN (0x8)
                [!provide]                PROVIDE (__fini_array_start = .)
 *(SORT_BY_NAME(.fini_array.*))
 *(.fini_array*)
 .fini_array    0x08009148        0x4 e:/gcc-arm-none-eabi-10.3-2021.10-win32/gcc-arm-none-eabi-10.3-2021.10/bin/../lib/gcc/arm-none-eabi/10.3.1/thumb/v7e-m+fp/hard/crtbegin.o
                [!provide]                PROVIDE (__fini_array_end = .)
                0x08009150                . = ALIGN (0x8)
 *fill*         0x0800914c        0x4 
                0x08009150                _sidata = LOADADDR (.data)

.data           0x20000000      0x1e0 load address 0x08009150
                0x20000000                . = ALIGN (0x8)
                0x20000000                _sdata = .
 *(.data)
 *(.data*)
 .data.uwTickFreq
                0x20000000        0x1 build/stm32l4xx_hal.o
                0x20000000                uwTickFreq
 *fill*         0x20000001        0x3 
 .data.uwTickPrio
                0x20000004        0x4 build/stm32l4xx_hal.o
                0x20000004                uwTickPrio
 .data.SystemCoreClock
                0x20000008        0x4 build/system_stm32l4xx.o
                0x20000008                SystemCoreClock
 .data._impure_ptr
                0x2000000c        0x4 e:/gcc-arm-none-eabi-10.3-2021.10-win32/gcc-arm-none-eabi-10.3-2021.10/bin/../lib/gcc/arm-none-eabi/10.3.1/../../../../arm-none-eabi/lib/thumb/v7e-m+fp/hard\libc_nano.a(lib_a-impure.o)
                0x2000000c                _impure_ptr
 .data.impure_data
                0x20000010       0x60 e:/gcc-arm-none-eabi-10.3-2021.10-win32/gcc-arm-none-eabi-10.3-2021.10/bin/../lib/gcc/arm-none-eabi/10.3.1/../../../../arm-none-eabi/lib/thumb/v7e-m+fp/hard\libc_nano.a(lib_a-impure.o)
 .data.__global_locale
                0x20000070      0x16c e:/gcc-arm-none-eabi-10.3-2021.10-win32/gcc-arm-none-eabi-10.3-2021.10/bin/../lib/gcc/arm-none-eabi/10.3.1/../../../../arm-none-eabi/lib/thumb/v7e-m+fp/hard\libc_nano.a(lib_a-locale.o)
                0x20000070                __global_locale
                0x200001e0                . = ALIGN (0x8)
 *fill*         0x200001dc        0x4 
                0x200001e0                _edata = .

.igot.plt       0x200001e0        0x0 load address 0x08009330
 .igot.plt      0x200001e0        0x0 e:/gcc-arm-none-eabi-10.3-2021.10-win32/gcc-arm-none-eabi-10.3-2021.10/bin/../lib/gcc/arm-none-eabi/10.3.1/thumb/v7e-m+fp/hard/crtbegin.o
                0x200001e0                . = ALIGN (0x4)

.bss            0x200001e0      0x57c load address 0x08009330
                0x200001e0                _sbss = .
                0x200001e0                __bss_start__ = _sbss
 *(.bss)
 .bss           0x200001e0       0x1c e:/gcc-arm-none-eabi-10.3-2021.10-win32/gcc-arm-none-eabi-10.3-2021.10/bin/../lib/gcc/arm-none-eabi/10.3.1/thumb/v7e-m+fp/hard/crtbegin.o
 *(.bss*)
 .bss.uwTick    0x200001fc        0x4 build/stm32l4xx_hal.o
                0x200001fc                uwTick
 .bss.shell     0x20000200       0x6c build/shell_port.o
                0x20000200                shell
 .bss.shell_buffer
                0x2000026c      0x200 build/shell_port.o
                0x2000026c                shell_buffer
 .bss.buffer.0  0x2000046c        0x9 build/shell.o
 *fill*         0x20000475        0x3 
 .bss.shellList
                0x20000478       0x14 build/shell.o
 .bss.hadc1     0x2000048c       0x64 build/adc.o
                0x2000048c                hadc1
 .bss.hspi2     0x200004f0       0x64 build/spi.o
                0x200004f0                hspi2
 .bss.hspi3     0x20000554       0x64 build/spi.o
                0x20000554                hspi3
 .bss.huart1    0x200005b8       0x84 build/usart.o
                0x200005b8                huart1
 .bss.huart2    0x2000063c       0x84 build/usart.o
                0x2000063c                huart2
 .bss.huart3    0x200006c0       0x84 build/usart.o
                0x200006c0                huart3
 .bss.u1_cache  0x20000744        0x1 build/usart.o
                0x20000744                u1_cache
 *fill*         0x20000745        0x3 
 .bss.__malloc_free_list
                0x20000748        0x4 e:/gcc-arm-none-eabi-10.3-2021.10-win32/gcc-arm-none-eabi-10.3-2021.10/bin/../lib/gcc/arm-none-eabi/10.3.1/../../../../arm-none-eabi/lib/thumb/v7e-m+fp/hard\libc_nano.a(lib_a-nano-mallocr.o)
                0x20000748                __malloc_free_list
 .bss.__malloc_sbrk_start
                0x2000074c        0x4 e:/gcc-arm-none-eabi-10.3-2021.10-win32/gcc-arm-none-eabi-10.3-2021.10/bin/../lib/gcc/arm-none-eabi/10.3.1/../../../../arm-none-eabi/lib/thumb/v7e-m+fp/hard\libc_nano.a(lib_a-nano-mallocr.o)
                0x2000074c                __malloc_sbrk_start
 .bss.errno     0x20000750        0x4 e:/gcc-arm-none-eabi-10.3-2021.10-win32/gcc-arm-none-eabi-10.3-2021.10/bin/../lib/gcc/arm-none-eabi/10.3.1/../../../../arm-none-eabi/lib/thumb/v7e-m+fp/hard\libc_nano.a(lib_a-reent.o)
                0x20000750                errno
 .bss.__lock___malloc_recursive_mutex
                0x20000754        0x1 e:/gcc-arm-none-eabi-10.3-2021.10-win32/gcc-arm-none-eabi-10.3-2021.10/bin/../lib/gcc/arm-none-eabi/10.3.1/../../../../arm-none-eabi/lib/thumb/v7e-m+fp/hard\libc_nano.a(lib_a-lock.o)
                0x20000754                __lock___malloc_recursive_mutex
 .bss.__lock___sfp_recursive_mutex
                0x20000755        0x1 e:/gcc-arm-none-eabi-10.3-2021.10-win32/gcc-arm-none-eabi-10.3-2021.10/bin/../lib/gcc/arm-none-eabi/10.3.1/../../../../arm-none-eabi/lib/thumb/v7e-m+fp/hard\libc_nano.a(lib_a-lock.o)
                0x20000755                __lock___sfp_recursive_mutex
 .bss.__lock___sinit_recursive_mutex
                0x20000756        0x1 e:/gcc-arm-none-eabi-10.3-2021.10-win32/gcc-arm-none-eabi-10.3-2021.10/bin/../lib/gcc/arm-none-eabi/10.3.1/../../../../arm-none-eabi/lib/thumb/v7e-m+fp/hard\libc_nano.a(lib_a-lock.o)
                0x20000756                __lock___sinit_recursive_mutex
 *fill*         0x20000757        0x1 
 .bss.heap_end.0
                0x20000758        0x4 e:/gcc-arm-none-eabi-10.3-2021.10-win32/gcc-arm-none-eabi-10.3-2021.10/bin/../lib/gcc/arm-none-eabi/10.3.1/../../../../arm-none-eabi/lib/thumb/v7e-m+fp/hard\libnosys.a(sbrk.o)
 *(COMMON)
                0x2000075c                . = ALIGN (0x4)
                0x2000075c                _ebss = .
                0x2000075c                __bss_end__ = _ebss

._user_heap_stack
                0x2000075c      0x804 load address 0x08009330
                0x20000760                . = ALIGN (0x8)
 *fill*         0x2000075c        0x4 
                0x20000760                PROVIDE (end = .)
                [!provide]                PROVIDE (_end = .)
                0x20000b60                . = (. + _Min_Heap_Size)
 *fill*         0x20000760      0x400 
                0x20000f60                . = (. + _Min_Stack_Size)
 *fill*         0x20000b60      0x400 
                0x20000f60                . = ALIGN (0x8)

/DISCARD/
 libc.a(*)
 libm.a(*)
 libgcc.a(*)

.ARM.attributes
                0x00000000       0x30
 *(.ARM.attributes)
 .ARM.attributes
                0x00000000       0x1e e:/gcc-arm-none-eabi-10.3-2021.10-win32/gcc-arm-none-eabi-10.3-2021.10/bin/../lib/gcc/arm-none-eabi/10.3.1/thumb/v7e-m+fp/hard/crti.o
 .ARM.attributes
                0x0000001e       0x34 e:/gcc-arm-none-eabi-10.3-2021.10-win32/gcc-arm-none-eabi-10.3-2021.10/bin/../lib/gcc/arm-none-eabi/10.3.1/thumb/v7e-m+fp/hard/crtbegin.o
 .ARM.attributes
                0x00000052       0x34 build/main.o
 .ARM.attributes
                0x00000086       0x34 build/stm32l4xx_it.o
 .ARM.attributes
                0x000000ba       0x34 build/stm32l4xx_hal_msp.o
 .ARM.attributes
                0x000000ee       0x34 build/stm32l4xx_hal_adc.o
 .ARM.attributes
                0x00000122       0x34 build/stm32l4xx_hal_adc_ex.o
 .ARM.attributes
                0x00000156       0x34 build/stm32l4xx_hal.o
 .ARM.attributes
                0x0000018a       0x34 build/stm32l4xx_hal_rcc.o
 .ARM.attributes
                0x000001be       0x34 build/stm32l4xx_hal_rcc_ex.o
 .ARM.attributes
                0x000001f2       0x34 build/stm32l4xx_hal_gpio.o
 .ARM.attributes
                0x00000226       0x34 build/stm32l4xx_hal_dma.o
 .ARM.attributes
                0x0000025a       0x34 build/stm32l4xx_hal_pwr_ex.o
 .ARM.attributes
                0x0000028e       0x34 build/stm32l4xx_hal_cortex.o
 .ARM.attributes
                0x000002c2       0x34 build/stm32l4xx_hal_spi.o
 .ARM.attributes
                0x000002f6       0x34 build/stm32l4xx_hal_uart.o
 .ARM.attributes
                0x0000032a       0x34 build/stm32l4xx_hal_uart_ex.o
 .ARM.attributes
                0x0000035e       0x34 build/system_stm32l4xx.o
 .ARM.attributes
                0x00000392       0x34 build/shell_ext.o
 .ARM.attributes
                0x000003c6       0x34 build/shell_port.o
 .ARM.attributes
                0x000003fa       0x34 build/shell.o
 .ARM.attributes
                0x0000042e       0x34 build/gpio.o
 .ARM.attributes
                0x00000462       0x34 build/adc.o
 .ARM.attributes
                0x00000496       0x34 build/spi.o
 .ARM.attributes
                0x000004ca       0x34 build/usart.o
 .ARM.attributes
                0x000004fe       0x21 build/startup_stm32l431xx.o
 .ARM.attributes
                0x0000051f       0x34 e:/gcc-arm-none-eabi-10.3-2021.10-win32/gcc-arm-none-eabi-10.3-2021.10/bin/../lib/gcc/arm-none-eabi/10.3.1/../../../../arm-none-eabi/lib/thumb/v7e-m+fp/hard\libc_nano.a(lib_a-impure.o)
 .ARM.attributes
                0x00000553       0x34 e:/gcc-arm-none-eabi-10.3-2021.10-win32/gcc-arm-none-eabi-10.3-2021.10/bin/../lib/gcc/arm-none-eabi/10.3.1/../../../../arm-none-eabi/lib/thumb/v7e-m+fp/hard\libc_nano.a(lib_a-init.o)
 .ARM.attributes
                0x00000587       0x34 e:/gcc-arm-none-eabi-10.3-2021.10-win32/gcc-arm-none-eabi-10.3-2021.10/bin/../lib/gcc/arm-none-eabi/10.3.1/../../../../arm-none-eabi/lib/thumb/v7e-m+fp/hard\libc_nano.a(lib_a-memset.o)
 .ARM.attributes
                0x000005bb       0x34 e:/gcc-arm-none-eabi-10.3-2021.10-win32/gcc-arm-none-eabi-10.3-2021.10/bin/../lib/gcc/arm-none-eabi/10.3.1/../../../../arm-none-eabi/lib/thumb/v7e-m+fp/hard\libc_nano.a(lib_a-nano-vfprintf_float.o)
 .ARM.attributes
                0x000005ef       0x34 e:/gcc-arm-none-eabi-10.3-2021.10-win32/gcc-arm-none-eabi-10.3-2021.10/bin/../lib/gcc/arm-none-eabi/10.3.1/../../../../arm-none-eabi/lib/thumb/v7e-m+fp/hard\libc_nano.a(lib_a-nano-vfprintf_i.o)
 .ARM.attributes
                0x00000623       0x1c e:/gcc-arm-none-eabi-10.3-2021.10-win32/gcc-arm-none-eabi-10.3-2021.10/bin/../lib/gcc/arm-none-eabi/10.3.1/../../../../arm-none-eabi/lib/thumb/v7e-m+fp/hard\libc_nano.a(lib_a-strcmp.o)
 .ARM.attributes
                0x0000063f       0x17 e:/gcc-arm-none-eabi-10.3-2021.10-win32/gcc-arm-none-eabi-10.3-2021.10/bin/../lib/gcc/arm-none-eabi/10.3.1/../../../../arm-none-eabi/lib/thumb/v7e-m+fp/hard\libc_nano.a(lib_a-strlen.o)
 .ARM.attributes
                0x00000656       0x34 e:/gcc-arm-none-eabi-10.3-2021.10-win32/gcc-arm-none-eabi-10.3-2021.10/bin/../lib/gcc/arm-none-eabi/10.3.1/../../../../arm-none-eabi/lib/thumb/v7e-m+fp/hard\libc_nano.a(lib_a-strncmp.o)
 .ARM.attributes
                0x0000068a       0x34 e:/gcc-arm-none-eabi-10.3-2021.10-win32/gcc-arm-none-eabi-10.3-2021.10/bin/../lib/gcc/arm-none-eabi/10.3.1/../../../../arm-none-eabi/lib/thumb/v7e-m+fp/hard\libc_nano.a(lib_a-vsnprintf.o)
 .ARM.attributes
                0x000006be       0x34 e:/gcc-arm-none-eabi-10.3-2021.10-win32/gcc-arm-none-eabi-10.3-2021.10/bin/../lib/gcc/arm-none-eabi/10.3.1/../../../../arm-none-eabi/lib/thumb/v7e-m+fp/hard\libc_nano.a(lib_a-dtoa.o)
 .ARM.attributes
                0x000006f2       0x34 e:/gcc-arm-none-eabi-10.3-2021.10-win32/gcc-arm-none-eabi-10.3-2021.10/bin/../lib/gcc/arm-none-eabi/10.3.1/../../../../arm-none-eabi/lib/thumb/v7e-m+fp/hard\libc_nano.a(lib_a-localeconv.o)
 .ARM.attributes
                0x00000726       0x34 e:/gcc-arm-none-eabi-10.3-2021.10-win32/gcc-arm-none-eabi-10.3-2021.10/bin/../lib/gcc/arm-none-eabi/10.3.1/../../../../arm-none-eabi/lib/thumb/v7e-m+fp/hard\libc_nano.a(lib_a-malloc.o)
 .ARM.attributes
                0x0000075a       0x1c e:/gcc-arm-none-eabi-10.3-2021.10-win32/gcc-arm-none-eabi-10.3-2021.10/bin/../lib/gcc/arm-none-eabi/10.3.1/../../../../arm-none-eabi/lib/thumb/v7e-m+fp/hard\libc_nano.a(lib_a-memchr.o)
 .ARM.attributes
                0x00000776       0x34 e:/gcc-arm-none-eabi-10.3-2021.10-win32/gcc-arm-none-eabi-10.3-2021.10/bin/../lib/gcc/arm-none-eabi/10.3.1/../../../../arm-none-eabi/lib/thumb/v7e-m+fp/hard\libc_nano.a(lib_a-memcpy-stub.o)
 .ARM.attributes
                0x000007aa       0x34 e:/gcc-arm-none-eabi-10.3-2021.10-win32/gcc-arm-none-eabi-10.3-2021.10/bin/../lib/gcc/arm-none-eabi/10.3.1/../../../../arm-none-eabi/lib/thumb/v7e-m+fp/hard\libc_nano.a(lib_a-mprec.o)
 .ARM.attributes
                0x000007de       0x34 e:/gcc-arm-none-eabi-10.3-2021.10-win32/gcc-arm-none-eabi-10.3-2021.10/bin/../lib/gcc/arm-none-eabi/10.3.1/../../../../arm-none-eabi/lib/thumb/v7e-m+fp/hard\libc_nano.a(lib_a-nano-callocr.o)
 .ARM.attributes
                0x00000812       0x34 e:/gcc-arm-none-eabi-10.3-2021.10-win32/gcc-arm-none-eabi-10.3-2021.10/bin/../lib/gcc/arm-none-eabi/10.3.1/../../../../arm-none-eabi/lib/thumb/v7e-m+fp/hard\libc_nano.a(lib_a-nano-freer.o)
 .ARM.attributes
                0x00000846       0x34 e:/gcc-arm-none-eabi-10.3-2021.10-win32/gcc-arm-none-eabi-10.3-2021.10/bin/../lib/gcc/arm-none-eabi/10.3.1/../../../../arm-none-eabi/lib/thumb/v7e-m+fp/hard\libc_nano.a(lib_a-nano-mallocr.o)
 .ARM.attributes
                0x0000087a       0x34 e:/gcc-arm-none-eabi-10.3-2021.10-win32/gcc-arm-none-eabi-10.3-2021.10/bin/../lib/gcc/arm-none-eabi/10.3.1/../../../../arm-none-eabi/lib/thumb/v7e-m+fp/hard\libc_nano.a(lib_a-nano-svfprintf.o)
 .ARM.attributes
                0x000008ae       0x34 e:/gcc-arm-none-eabi-10.3-2021.10-win32/gcc-arm-none-eabi-10.3-2021.10/bin/../lib/gcc/arm-none-eabi/10.3.1/../../../../arm-none-eabi/lib/thumb/v7e-m+fp/hard\libc_nano.a(lib_a-sbrkr.o)
 .ARM.attributes
                0x000008e2       0x34 e:/gcc-arm-none-eabi-10.3-2021.10-win32/gcc-arm-none-eabi-10.3-2021.10/bin/../lib/gcc/arm-none-eabi/10.3.1/../../../../arm-none-eabi/lib/thumb/v7e-m+fp/hard\libc_nano.a(lib_a-assert.o)
 .ARM.attributes
                0x00000916       0x34 e:/gcc-arm-none-eabi-10.3-2021.10-win32/gcc-arm-none-eabi-10.3-2021.10/bin/../lib/gcc/arm-none-eabi/10.3.1/../../../../arm-none-eabi/lib/thumb/v7e-m+fp/hard\libc_nano.a(lib_a-fprintf.o)
 .ARM.attributes
                0x0000094a       0x34 e:/gcc-arm-none-eabi-10.3-2021.10-win32/gcc-arm-none-eabi-10.3-2021.10/bin/../lib/gcc/arm-none-eabi/10.3.1/../../../../arm-none-eabi/lib/thumb/v7e-m+fp/hard\libc_nano.a(lib_a-locale.o)
 .ARM.attributes
                0x0000097e       0x34 e:/gcc-arm-none-eabi-10.3-2021.10-win32/gcc-arm-none-eabi-10.3-2021.10/bin/../lib/gcc/arm-none-eabi/10.3.1/../../../../arm-none-eabi/lib/thumb/v7e-m+fp/hard\libc_nano.a(lib_a-mbtowc_r.o)
 .ARM.attributes
                0x000009b2       0x34 e:/gcc-arm-none-eabi-10.3-2021.10-win32/gcc-arm-none-eabi-10.3-2021.10/bin/../lib/gcc/arm-none-eabi/10.3.1/../../../../arm-none-eabi/lib/thumb/v7e-m+fp/hard\libc_nano.a(lib_a-memmove.o)
 .ARM.attributes
                0x000009e6       0x34 e:/gcc-arm-none-eabi-10.3-2021.10-win32/gcc-arm-none-eabi-10.3-2021.10/bin/../lib/gcc/arm-none-eabi/10.3.1/../../../../arm-none-eabi/lib/thumb/v7e-m+fp/hard\libc_nano.a(lib_a-mlock.o)
 .ARM.attributes
                0x00000a1a       0x34 e:/gcc-arm-none-eabi-10.3-2021.10-win32/gcc-arm-none-eabi-10.3-2021.10/bin/../lib/gcc/arm-none-eabi/10.3.1/../../../../arm-none-eabi/lib/thumb/v7e-m+fp/hard\libc_nano.a(lib_a-nano-reallocr.o)
 .ARM.attributes
                0x00000a4e       0x34 e:/gcc-arm-none-eabi-10.3-2021.10-win32/gcc-arm-none-eabi-10.3-2021.10/bin/../lib/gcc/arm-none-eabi/10.3.1/../../../../arm-none-eabi/lib/thumb/v7e-m+fp/hard\libc_nano.a(lib_a-nano-vfprintf.o)
 .ARM.attributes
                0x00000a82       0x34 e:/gcc-arm-none-eabi-10.3-2021.10-win32/gcc-arm-none-eabi-10.3-2021.10/bin/../lib/gcc/arm-none-eabi/10.3.1/../../../../arm-none-eabi/lib/thumb/v7e-m+fp/hard\libc_nano.a(lib_a-reent.o)
 .ARM.attributes
                0x00000ab6       0x34 e:/gcc-arm-none-eabi-10.3-2021.10-win32/gcc-arm-none-eabi-10.3-2021.10/bin/../lib/gcc/arm-none-eabi/10.3.1/../../../../arm-none-eabi/lib/thumb/v7e-m+fp/hard\libc_nano.a(lib_a-wbuf.o)
 .ARM.attributes
                0x00000aea       0x34 e:/gcc-arm-none-eabi-10.3-2021.10-win32/gcc-arm-none-eabi-10.3-2021.10/bin/../lib/gcc/arm-none-eabi/10.3.1/../../../../arm-none-eabi/lib/thumb/v7e-m+fp/hard\libc_nano.a(lib_a-wctomb_r.o)
 .ARM.attributes
                0x00000b1e       0x34 e:/gcc-arm-none-eabi-10.3-2021.10-win32/gcc-arm-none-eabi-10.3-2021.10/bin/../lib/gcc/arm-none-eabi/10.3.1/../../../../arm-none-eabi/lib/thumb/v7e-m+fp/hard\libc_nano.a(lib_a-wsetup.o)
 .ARM.attributes