Archive member included to satisfy reference by file (symbol)

/Applications/ArmGNUToolchain/12.3.rel1/arm-none-eabi/bin/../lib/gcc/arm-none-eabi/12.3.1/../../../../arm-none-eabi/lib/thumb/v7e-m+fp/hard/libc_nano.a(libc_a-exit.o)
                              /Applications/ArmGNUToolchain/12.3.rel1/arm-none-eabi/bin/../lib/gcc/arm-none-eabi/12.3.1/../../../../arm-none-eabi/lib/thumb/v7e-m+fp/hard/crt0.o (exit)
/Applications/ArmGNUToolchain/12.3.rel1/arm-none-eabi/bin/../lib/gcc/arm-none-eabi/12.3.1/../../../../arm-none-eabi/lib/thumb/v7e-m+fp/hard/libc_nano.a(libc_a-nano-vfprintf_float.o)
                              (_printf_float)
/Applications/ArmGNUToolchain/12.3.rel1/arm-none-eabi/bin/../lib/gcc/arm-none-eabi/12.3.1/../../../../arm-none-eabi/lib/thumb/v7e-m+fp/hard/libc_nano.a(libc_a-nano-vfprintf_i.o)
                              /Applications/ArmGNUToolchain/12.3.rel1/arm-none-eabi/bin/../lib/gcc/arm-none-eabi/12.3.1/../../../../arm-none-eabi/lib/thumb/v7e-m+fp/hard/libc_nano.a(libc_a-nano-vfprintf_float.o) (_printf_common)
/Applications/ArmGNUToolchain/12.3.rel1/arm-none-eabi/bin/../lib/gcc/arm-none-eabi/12.3.1/../../../../arm-none-eabi/lib/thumb/v7e-m+fp/hard/libc_nano.a(libc_a-findfp.o)
                              /Applications/ArmGNUToolchain/12.3.rel1/arm-none-eabi/bin/../lib/gcc/arm-none-eabi/12.3.1/../../../../arm-none-eabi/lib/thumb/v7e-m+fp/hard/libc_nano.a(libc_a-exit.o) (__stdio_exit_handler)
/Applications/ArmGNUToolchain/12.3.rel1/arm-none-eabi/bin/../lib/gcc/arm-none-eabi/12.3.1/../../../../arm-none-eabi/lib/thumb/v7e-m+fp/hard/libc_nano.a(libc_a-fwalk.o)
                              /Applications/ArmGNUToolchain/12.3.rel1/arm-none-eabi/bin/../lib/gcc/arm-none-eabi/12.3.1/../../../../arm-none-eabi/lib/thumb/v7e-m+fp/hard/libc_nano.a(libc_a-findfp.o) (_fwalk_sglue)
/Applications/ArmGNUToolchain/12.3.rel1/arm-none-eabi/bin/../lib/gcc/arm-none-eabi/12.3.1/../../../../arm-none-eabi/lib/thumb/v7e-m+fp/hard/libc_nano.a(libc_a-vsnprintf.o)
                              build/shell.o (vsnprintf)
/Applications/ArmGNUToolchain/12.3.rel1/arm-none-eabi/bin/../lib/gcc/arm-none-eabi/12.3.1/../../../../arm-none-eabi/lib/thumb/v7e-m+fp/hard/libc_nano.a(libc_a-strncmp.o)
                              build/shell.o (strncmp)
/Applications/ArmGNUToolchain/12.3.rel1/arm-none-eabi/bin/../lib/gcc/arm-none-eabi/12.3.1/../../../../arm-none-eabi/lib/thumb/v7e-m+fp/hard/libc_nano.a(libc_a-memset.o)
                              /Applications/ArmGNUToolchain/12.3.rel1/arm-none-eabi/bin/../lib/gcc/arm-none-eabi/12.3.1/../../../../arm-none-eabi/lib/thumb/v7e-m+fp/hard/crt0.o (memset)
/Applications/ArmGNUToolchain/12.3.rel1/arm-none-eabi/bin/../lib/gcc/arm-none-eabi/12.3.1/../../../../arm-none-eabi/lib/thumb/v7e-m+fp/hard/libc_nano.a(libc_a-localeconv.o)
                              /Applications/ArmGNUToolchain/12.3.rel1/arm-none-eabi/bin/../lib/gcc/arm-none-eabi/12.3.1/../../../../arm-none-eabi/lib/thumb/v7e-m+fp/hard/libc_nano.a(libc_a-nano-vfprintf_float.o) (_localeconv_r)
/Applications/ArmGNUToolchain/12.3.rel1/arm-none-eabi/bin/../lib/gcc/arm-none-eabi/12.3.1/../../../../arm-none-eabi/lib/thumb/v7e-m+fp/hard/libc_nano.a(libc_a-impure.o)
                              /Applications/ArmGNUToolchain/12.3.rel1/arm-none-eabi/bin/../lib/gcc/arm-none-eabi/12.3.1/../../../../arm-none-eabi/lib/thumb/v7e-m+fp/hard/libc_nano.a(libc_a-vsnprintf.o) (_impure_ptr)
/Applications/ArmGNUToolchain/12.3.rel1/arm-none-eabi/bin/../lib/gcc/arm-none-eabi/12.3.1/../../../../arm-none-eabi/lib/thumb/v7e-m+fp/hard/libc_nano.a(libc_a-init.o)
                              /Applications/ArmGNUToolchain/12.3.rel1/arm-none-eabi/bin/../lib/gcc/arm-none-eabi/12.3.1/../../../../arm-none-eabi/lib/thumb/v7e-m+fp/hard/crt0.o (__libc_init_array)
/Applications/ArmGNUToolchain/12.3.rel1/arm-none-eabi/bin/../lib/gcc/arm-none-eabi/12.3.1/../../../../arm-none-eabi/lib/thumb/v7e-m+fp/hard/libc_nano.a(libc_a-lock.o)
                              /Applications/ArmGNUToolchain/12.3.rel1/arm-none-eabi/bin/../lib/gcc/arm-none-eabi/12.3.1/../../../../arm-none-eabi/lib/thumb/v7e-m+fp/hard/libc_nano.a(libc_a-findfp.o) (__retarget_lock_init_recursive)
/Applications/ArmGNUToolchain/12.3.rel1/arm-none-eabi/bin/../lib/gcc/arm-none-eabi/12.3.1/../../../../arm-none-eabi/lib/thumb/v7e-m+fp/hard/libc_nano.a(libc_a-memchr.o)
                              /Applications/ArmGNUToolchain/12.3.rel1/arm-none-eabi/bin/../lib/gcc/arm-none-eabi/12.3.1/../../../../arm-none-eabi/lib/thumb/v7e-m+fp/hard/libc_nano.a(libc_a-nano-vfprintf_i.o) (memchr)
/Applications/ArmGNUToolchain/12.3.rel1/arm-none-eabi/bin/../lib/gcc/arm-none-eabi/12.3.1/../../../../arm-none-eabi/lib/thumb/v7e-m+fp/hard/libc_nano.a(libc_a-memcpy-stub.o)
                              build/ATGM332D.o (memcpy)
/Applications/ArmGNUToolchain/12.3.rel1/arm-none-eabi/bin/../lib/gcc/arm-none-eabi/12.3.1/../../../../arm-none-eabi/lib/thumb/v7e-m+fp/hard/libc_nano.a(libc_a-strlen.o)
[...]
Memory Configuration

Name             Origin             Length             Attributes
RAM              0x20000000         0x00010000         xrw
RAM2             0x10000000         0x00004000         xrw
FLASH            0x08000000         0x00020000         xr
*default*        0x00000000         0xffffffff

Linker script and memory map

LOAD /Applications/ArmGNUToolchain/12.3.rel1/arm-none-eabi/bin/../lib/gcc/arm-none-eabi/12.3.1/thumb/v7e-m+fp/hard/crti.o
LOAD /Applications/ArmGNUToolchain/12.3.rel1/arm-none-eabi/bin/../lib/gcc/arm-none-eabi/12.3.1/thumb/v7e-m+fp/hard/crtbegin.o
LOAD /Applications/ArmGNUToolchain/12.3.rel1/arm-none-eabi/bin/../lib/gcc/arm-none-eabi/12.3.1/../../../../arm-none-eabi/lib/thumb/v7e-m+fp/hard/crt0.o
LOAD build/main.o
LOAD build/stm32l4xx_it.o
LOAD build/stm32l4xx_hal_msp.o
LOAD build/stm32l4xx_hal_adc.o
LOAD build/stm32l4xx_hal_adc_ex.o
LOAD build/stm32l4xx_hal.o
LOAD build/stm32l4xx_hal_i2c.o
LOAD build/stm32l4xx_hal_i2c_ex.o
LOAD build/stm32l4xx_hal_rcc.o
LOAD build/stm32l4xx_hal_rcc_ex.o
LOAD build/stm32l4xx_hal_flash.o
LOAD build/stm32l4xx_hal_flash_ex.o
LOAD build/stm32l4xx_hal_flash_ramfunc.o
LOAD build/stm32l4xx_hal_gpio.o
LOAD build/stm32l4xx_hal_dma.o
LOAD build/stm32l4xx_hal_dma_ex.o
LOAD build/stm32l4xx_hal_pwr.o
LOAD build/stm32l4xx_hal_pwr_ex.o
LOAD build/stm32l4xx_hal_cortex.o
LOAD build/stm32l4xx_hal_exti.o
LOAD build/stm32l4xx_hal_spi.o
LOAD build/stm32l4xx_hal_spi_ex.o
LOAD build/stm32l4xx_hal_tim.o
LOAD build/stm32l4xx_hal_tim_ex.o
LOAD build/stm32l4xx_hal_uart.o
LOAD build/stm32l4xx_hal_uart_ex.o
LOAD build/system_stm32l4xx.o
LOAD build/shell_cmd_list.o
LOAD build/shell_companion.o
LOAD build/shell_ext.o
LOAD build/shell_port.o
LOAD build/shell.o
LOAD build/gpio.o
LOAD build/adc.o
LOAD build/spi.o
LOAD build/usart.o
LOAD build/W25QXX.o
LOAD build/led.o
LOAD build/rs485.o
LOAD build/ATGM332D.o
LOAD build/startup_stm32l431xx.o
LOAD /Applications/ArmGNUToolchain/12.3.rel1/arm-none-eabi/bin/../lib/gcc/arm-none-eabi/12.3.1/../../../../arm-none-eabi/lib/thumb/v7e-m+fp/hard/libc_nano.a
LOAD /Applications/ArmGNUToolchain/12.3.rel1/arm-none-eabi/bin/../lib/gcc/arm-none-eabi/12.3.1/../../../../arm-none-eabi/lib/thumb/v7e-m+fp/hard/libm.a
LOAD /Applications/ArmGNUToolchain/12.3.rel1/arm-none-eabi/bin/../lib/gcc/arm-none-eabi/12.3.1/../../../../arm-none-eabi/lib/thumb/v7e-m+fp/hard/libnosys.a
START GROUP
LOAD /Applications/ArmGNUToolchain/12.3.rel1/arm-none-eabi/bin/../lib/gcc/arm-none-eabi/12.3.1/thumb/v7e-m+fp/hard/libgcc.a
LOAD /Applications/ArmGNUToolchain/12.3.rel1/arm-none-eabi/bin/../lib/gcc/arm-none-eabi/12.3.1/../../../../arm-none-eabi/lib/thumb/v7e-m+fp/hard/libc_nano.a
END GROUP
START GROUP
LOAD /Applications/ArmGNUToolchain/12.3.rel1/arm-none-eabi/bin/../lib/gcc/arm-none-eabi/12.3.1/thumb/v7e-m+fp/hard/libgcc.a
LOAD /Applications/ArmGNUToolchain/12.3.rel1/arm-none-eabi/bin/../lib/gcc/arm-none-eabi/12.3.1/../../../../arm-none-eabi/lib/thumb/v7e-m+fp/hard/libc_nano.a
END GROUP
LOAD /Applications/ArmGNUToolchain/12.3.rel1/arm-none-eabi/bin/../lib/gcc/arm-none-eabi/12.3.1/thumb/v7e-m+fp/hard/crtend.o
LOAD /Applications/ArmGNUToolchain/12.3.rel1/arm-none-eabi/bin/../lib/gcc/arm-none-eabi/12.3.1/thumb/v7e-m+fp/hard/crtn.o
                0x20010000                        _estack = 0x20010000
                0x00000400                        _Min_Heap_Size = 0x400
                0x00000400                        _Min_Stack_Size = 0x400

.isr_vector     0x08000000      0x190
                0x08000000                        . = ALIGN (0x8)
 *(.isr_vector)
 .isr_vector    0x08000000      0x18c build/startup_stm32l431xx.o
                0x08000000                g_pfnVectors
                0x08000190                        . = ALIGN (0x8)
 *fill*         0x0800018c        0x4 

.text           0x08000190     0xa610
                0x08000190                        . = ALIGN (0x8)
 *(.text)
 .text          0x08000190       0xa0 /Applications/ArmGNUToolchain/12.3.rel1/arm-none-eabi/bin/../lib/gcc/arm-none-eabi/12.3.1/../../../../arm-none-eabi/lib/thumb/v7e-m+fp/hard/libc_nano.a(libc_a-memchr.o)
                0x08000190                memchr
 .text          0x08000230       0x10 /Applications/ArmGNUToolchain/12.3.rel1/arm-none-eabi/bin/../lib/gcc/arm-none-eabi/12.3.1/../../../../arm-none-eabi/lib/thumb/v7e-m+fp/hard/libc_nano.a(libc_a-strlen.o)
                0x08000230                strlen
 .text          0x08000240       0x14 /Applications/ArmGNUToolchain/12.3.rel1/arm-none-eabi/bin/../lib/gcc/arm-none-eabi/12.3.1/../../../../arm-none-eabi/lib/thumb/v7e-m+fp/hard/libc_nano.a(libc_a-strcmp.o)
                0x08000240                strcmp
 .text          0x08000254      0x378 /Applications/ArmGNUToolchain/12.3.rel1/arm-none-eabi/bin/../lib/gcc/arm-none-eabi/12.3.1/thumb/v7e-m+fp/hard/libgcc.a(_arm_addsubdf3.o)
                0x08000254                __aeabi_drsub
                0x0800025c                __subdf3
                0x0800025c                __aeabi_dsub
                0x08000260                __aeabi_dadd
                0x08000260                __adddf3
                0x080004d8                __aeabi_ui2d
                0x080004d8                __floatunsidf
                0x080004f8                __floatsidf
                0x080004f8                __aeabi_i2d
                0x0800051c                __extendsfdf2
                0x0800051c                __aeabi_f2d
                0x08000560                __aeabi_ul2d
                0x08000560                __floatundidf
                0x08000570                __aeabi_l2d
                0x08000570                __floatdidf
 .text          0x080005cc      0x424 /Applications/ArmGNUToolchain/12.3.rel1/arm-none-eabi/bin/../lib/gcc/arm-none-eabi/12.3.1/thumb/v7e-m+fp/hard/libgcc.a(_arm_muldivdf3.o)
                0x080005cc                __aeabi_dmul
                0x080005cc                __muldf3
                0x08000820                __aeabi_ddiv
                0x08000820                __divdf3
 .text          0x080009f0      0x110 /Applications/ArmGNUToolchain/12.3.rel1/arm-none-eabi/bin/../lib/gcc/arm-none-eabi/12.3.1/thumb/v7e-m+fp/hard/libgcc.a(_arm_cmpdf2.o)
                0x080009f0                __gedf2
                0x080009f0                __gtdf2
                0x080009f8                __ledf2
                0x080009f8                __ltdf2
                0x08000a00                __cmpdf2
                0x08000a00                __eqdf2
                0x08000a00                __nedf2
                0x08000a7c                __aeabi_cdrcmple
                0x08000a8c                __aeabi_cdcmple
                0x08000a8c                __aeabi_cdcmpeq
                0x08000a9c                __aeabi_dcmpeq
                0x08000ab0                __aeabi_dcmplt
                0x08000ac4                __aeabi_dcmple
                0x08000ad8                __aeabi_dcmpge
                0x08000aec                __aeabi_dcmpgt
 .text          0x08000b00       0x2c /Applications/ArmGNUToolchain/12.3.rel1/arm-none-eabi/bin/../lib/gcc/arm-none-eabi/12.3.1/thumb/v7e-m+fp/hard/libgcc.a(_arm_unorddf2.o)
                0x08000b00                __aeabi_dcmpun
                0x08000b00                __unorddf2
 .text          0x08000b2c       0x50 /Applications/ArmGNUToolchain/12.3.rel1/arm-none-eabi/bin/../lib/gcc/arm-none-eabi/12.3.1/thumb/v7e-m+fp/hard/libgcc.a(_arm_fixdfsi.o)
                0x08000b2c                __fixdfsi
                0x08000b2c                __aeabi_d2iz
 .text          0x08000b7c       0x40 /Applications/ArmGNUToolchain/12.3.rel1/arm-none-eabi/bin/../lib/gcc/arm-none-eabi/12.3.1/thumb/v7e-m+fp/hard/libgcc.a(_arm_fixunsdfsi.o)
                0x08000b7c                __fixunsdfsi
                0x08000b7c                __aeabi_d2uiz
 .text          0x08000bbc       0xa0 /Applications/ArmGNUToolchain/12.3.rel1/arm-none-eabi/bin/../lib/gcc/arm-none-eabi/12.3.1/thumb/v7e-m+fp/hard/libgcc.a(_arm_truncdfsf2.o)
                0x08000bbc                __aeabi_d2f
                0x08000bbc                __truncdfsf2
 .text          0x08000c5c       0x30 /Applications/ArmGNUToolchain/12.3.rel1/arm-none-eabi/bin/../lib/gcc/arm-none-eabi/12.3.1/thumb/v7e-m+fp/hard/libgcc.a(_aeabi_uldivmod.o)
                0x08000c5c                __aeabi_uldivmod
 .text          0x08000c8c        0x4 /Applications/ArmGNUToolchain/12.3.rel1/arm-none-eabi/bin/../lib/gcc/arm-none-eabi/12.3.1/thumb/v7e-m+fp/hard/libgcc.a(_dvmd_tls.o)
                0x08000c8c                __aeabi_ldiv0
                0x08000c8c                __aeabi_idiv0
 *(.text*)
 .text.deregister_tm_clones
                0x08000c90       0x1c /Applications/ArmGNUToolchain/12.3.rel1/arm-none-eabi/bin/../lib/gcc/arm-none-eabi/12.3.1/thumb/v7e-m+fp/hard/crtbegin.o
 .text.register_tm_clones
                0x08000cac       0x24 /Applications/ArmGNUToolchain/12.3.rel1/arm-none-eabi/bin/../lib/gcc/arm-none-eabi/12.3.1/thumb/v7e-m+fp/hard/crtbegin.o
 .text.__do_global_dtors_aux
                0x08000cd0       0x28 /Applications/ArmGNUToolchain/12.3.rel1/arm-none-eabi/bin/../lib/gcc/arm-none-eabi/12.3.1/thumb/v7e-m+fp/hard/crtbegin.o
 .text.frame_dummy
                0x08000cf8       0x24 /Applications/ArmGNUToolchain/12.3.rel1/arm-none-eabi/bin/../lib/gcc/arm-none-eabi/12.3.1/thumb/v7e-m+fp/hard/crtbegin.o
 .text.LED_Test
                0x08000d1c       0xc4 build/main.o
                0x08000d1c                LED_Test
 .text.RS485_Test
                0x08000de0       0x18 build/main.o
                0x08000de0                RS485_Test
 .text.Flash_Test
                0x08000df8       0xb4 build/main.o
                0x08000df8                Flash_Test
 .text.BDS_Test
                0x08000eac       0x58 build/main.o
                0x08000eac                BDS_Test
 .text.LDR_Value_Get
                0x08000f04       0x44 build/main.o
                0x08000f04                LDR_Value_Get
 .text.agencyLDR_Value_Get
                0x08000f48        0xe build/main.o
                0x08000f48                agencyLDR_Value_Get
 *fill*         0x08000f56        0x2 
 .text.Battery_Test
                0x08000f58       0x64 build/main.o
                0x08000f58                Battery_Test
 .text.agencyBattery_Test
                0x08000fbc        0x8 build/main.o
                0x08000fbc                agencyBattery_Test
 .text.Error_Handler
                0x08000fc4        0x4 build/main.o
                0x08000fc4                Error_Handler
 .text.SystemClock_Config
                0x08000fc8       0x78 build/main.o
                0x08000fc8                SystemClock_Config
 .text.main     0x08001040       0x5c build/main.o
                0x08001040                main
 .text.NMI_Handler
                0x0800109c        0x2 build/stm32l4xx_it.o
                0x0800109c                NMI_Handler
 .text.HardFault_Handler
                0x0800109e        0x2 build/stm32l4xx_it.o
                0x0800109e                HardFault_Handler
 .text.MemManage_Handler
                0x080010a0        0x2 build/stm32l4xx_it.o
                0x080010a0                MemManage_Handler
 .text.BusFault_Handler
                0x080010a2        0x2 build/stm32l4xx_it.o
                0x080010a2                BusFault_Handler
 .text.UsageFault_Handler
                0x080010a4        0x2 build/stm32l4xx_it.o
                0x080010a4                UsageFault_Handler
 .text.SVC_Handler
                0x080010a6        0x2 build/stm32l4xx_it.o
                0x080010a6                SVC_Handler
 .text.DebugMon_Handler
                0x080010a8        0x2 build/stm32l4xx_it.o
                0x080010a8                DebugMon_Handler
 .text.PendSV_Handler
                0x080010aa        0x2 build/stm32l4xx_it.o
                0x080010aa                PendSV_Handler
 .text.SysTick_Handler
                0x080010ac        0x8 build/stm32l4xx_it.o
                0x080010ac                SysTick_Handler
 .text.SPI2_IRQHandler
                0x080010b4       0x10 build/stm32l4xx_it.o
                0x080010b4                SPI2_IRQHandler
 .text.USART1_IRQHandler
                0x080010c4       0x10 build/stm32l4xx_it.o
                0x080010c4                USART1_IRQHandler
 .text.USART2_IRQHandler
                0x080010d4       0x10 build/stm32l4xx_it.o
                0x080010d4                USART2_IRQHandler
 .text.USART3_IRQHandler
                0x080010e4       0x10 build/stm32l4xx_it.o
                0x080010e4                USART3_IRQHandler
 .text.SPI3_IRQHandler
                0x080010f4       0x10 build/stm32l4xx_it.o
                0x080010f4                SPI3_IRQHandler
 .text.HAL_MspInit
                0x08001104       0x3c build/stm32l4xx_hal_msp.o
                0x08001104                HAL_MspInit
 .text.LL_ADC_REG_SetSequencerRanks
                0x08001140       0x30 build/stm32l4xx_hal_adc.o
 .text.LL_ADC_SetChannelSamplingTime
                0x08001170       0x2c build/stm32l4xx_hal_adc.o
 .text.HAL_ADC_Init
                0x0800119c      0x1dc build/stm32l4xx_hal_adc.o
                0x0800119c                HAL_ADC_Init
 .text.HAL_ADC_PollForConversion
                0x08001378       0xb4 build/stm32l4xx_hal_adc.o
                0x08001378                HAL_ADC_PollForConversion
 .text.HAL_ADC_GetValue
                0x0800142c        0x6 build/stm32l4xx_hal_adc.o
                0x0800142c                HAL_ADC_GetValue
 *fill*         0x08001432        0x2 
 .text.HAL_ADC_ConfigChannel
                0x08001434      0x43c build/stm32l4xx_hal_adc.o
                0x08001434                HAL_ADC_ConfigChannel
 .text.HAL_ADC_GetState
                0x08001870        0x4 build/stm32l4xx_hal_adc.o
                0x08001870                HAL_ADC_GetState
 .text.ADC_ConversionStop
                0x08001874      0x104 build/stm32l4xx_hal_adc.o
                0x08001874                ADC_ConversionStop
 .text.ADC_Enable
                0x08001978       0xdc build/stm32l4xx_hal_adc.o
                0x08001978                ADC_Enable
 .text.HAL_ADC_Start
                0x08001a54       0x8c build/stm32l4xx_hal_adc.o
                0x08001a54                HAL_ADC_Start
 .text.ADC_Disable
                0x08001ae0       0x94 build/stm32l4xx_hal_adc.o
                0x08001ae0                ADC_Disable
 .text.HAL_ADC_Stop
                0x08001b74       0x42 build/stm32l4xx_hal_adc.o
                0x08001b74                HAL_ADC_Stop
 .text.HAL_ADCEx_Calibration_Start
                0x08001bb6       0x98 build/stm32l4xx_hal_adc_ex.o
                0x08001bb6                HAL_ADCEx_Calibration_Start
 *fill*         0x08001c4e        0x2 
 .text.HAL_InitTick
                0x08001c50       0x50 build/stm32l4xx_hal.o
                0x08001c50                HAL_InitTick
 .text.HAL_Init
                0x08001ca0       0x1e build/stm32l4xx_hal.o
                0x08001ca0                HAL_Init
 *fill*         0x08001cbe        0x2 
 .text.HAL_IncTick
                0x08001cc0       0x18 build/stm32l4xx_hal.o
                0x08001cc0                HAL_IncTick
 .text.HAL_GetTick
                0x08001cd8        0xc build/stm32l4xx_hal.o
                0x08001cd8                HAL_GetTick
 .text.HAL_Delay
                0x08001ce4       0x28 build/stm32l4xx_hal.o
                0x08001ce4                HAL_Delay
 .text.RCC_SetFlashLatencyFromMSIRange
                0x08001d0c       0x90 build/stm32l4xx_hal_rcc.o
 .text.HAL_RCC_GetSysClockFreq
                0x08001d9c       0xb4 build/stm32l4xx_hal_rcc.o
                0x08001d9c                HAL_RCC_GetSysClockFreq
 .text.HAL_RCC_OscConfig
                0x08001e50      0x66c build/stm32l4xx_hal_rcc.o
                0x08001e50                HAL_RCC_OscConfig
 .text.HAL_RCC_ClockConfig
                0x080024bc      0x184 build/stm32l4xx_hal_rcc.o
                0x080024bc                HAL_RCC_ClockConfig
 .text.HAL_RCC_GetHCLKFreq
                0x08002640        0xc build/stm32l4xx_hal_rcc.o
                0x08002640                HAL_RCC_GetHCLKFreq
 .text.HAL_RCC_GetPCLK1Freq
                0x0800264c       0x24 build/stm32l4xx_hal_rcc.o
                0x0800264c                HAL_RCC_GetPCLK1Freq
 .text.HAL_RCC_GetPCLK2Freq
                0x08002670       0x24 build/stm32l4xx_hal_rcc.o
                0x08002670                HAL_RCC_GetPCLK2Freq
 .text.RCCEx_PLLSAI1_Config
                0x08002694      0x16c build/stm32l4xx_hal_rcc_ex.o
 .text.HAL_RCCEx_PeriphCLKConfig
                0x08002800      0x31c build/stm32l4xx_hal_rcc_ex.o
                0x08002800                HAL_RCCEx_PeriphCLKConfig
 .text.HAL_GPIO_Init
                0x08002b1c      0x1c8 build/stm32l4xx_hal_gpio.o
                0x08002b1c                HAL_GPIO_Init
 .text.HAL_GPIO_WritePin
                0x08002ce4        0xa build/stm32l4xx_hal_gpio.o
                0x08002ce4                HAL_GPIO_WritePin
 .text.HAL_GPIO_TogglePin
                0x08002cee       0x12 build/stm32l4xx_hal_gpio.o
                0x08002cee                HAL_GPIO_TogglePin
 .text.HAL_DMA_Abort
                0x08002d00       0x4a build/stm32l4xx_hal_dma.o
                0x08002d00                HAL_DMA_Abort
 .text.HAL_DMA_Abort_IT
                0x08002d4a       0x50 build/stm32l4xx_hal_dma.o
                0x08002d4a                HAL_DMA_Abort_IT
 *fill*         0x08002d9a        0x2 
 .text.HAL_PWREx_GetVoltageRange
                0x08002d9c       0x10 build/stm32l4xx_hal_pwr_ex.o
                0x08002d9c                HAL_PWREx_GetVoltageRange
 .text.HAL_PWREx_ControlVoltageScaling
                0x08002dac       0x90 build/stm32l4xx_hal_pwr_ex.o
                0x08002dac                HAL_PWREx_ControlVoltageScaling
 .text.__NVIC_EnableIRQ
                0x08002e3c       0x1c build/stm32l4xx_hal_cortex.o
 .text.__NVIC_SetPriority
                0x08002e58       0x28 build/stm32l4xx_hal_cortex.o
 .text.NVIC_EncodePriority
                0x08002e80       0x3e build/stm32l4xx_hal_cortex.o
 *fill*         0x08002ebe        0x2 
 .text.HAL_NVIC_SetPriorityGrouping
                0x08002ec0       0x24 build/stm32l4xx_hal_cortex.o
                0x08002ec0                HAL_NVIC_SetPriorityGrouping
 .text.HAL_NVIC_SetPriority
                0x08002ee4       0x20 build/stm32l4xx_hal_cortex.o
                0x08002ee4                HAL_NVIC_SetPriority
 .text.HAL_NVIC_EnableIRQ
                0x08002f04        0x8 build/stm32l4xx_hal_cortex.o
                0x08002f04                HAL_NVIC_EnableIRQ
 .text.HAL_SYSTICK_Config
                0x08002f0c       0x28 build/stm32l4xx_hal_cortex.o
                0x08002f0c                HAL_SYSTICK_Config
 .text.SPI_WaitFlagStateUntilTimeout
                0x08002f34       0xc8 build/stm32l4xx_hal_spi.o
 .text.SPI_WaitFifoStateUntilTimeout
                0x08002ffc       0xf0 build/stm32l4xx_hal_spi.o
 .text.SPI_EndRxTxTransaction
                0x080030ec       0x62 build/stm32l4xx_hal_spi.o
 .text.SPI_EndRxTransaction
                0x0800314e       0x82 build/stm32l4xx_hal_spi.o
 .text.HAL_SPI_Init
                0x080031d0       0xde build/stm32l4xx_hal_spi.o
                0x080031d0                HAL_SPI_Init
 .text.HAL_SPI_Transmit
                0x080032ae      0x202 build/stm32l4xx_hal_spi.o
                0x080032ae                HAL_SPI_Transmit
 .text.HAL_SPI_TransmitReceive
                0x080034b0      0x2de build/stm32l4xx_hal_spi.o
                0x080034b0                HAL_SPI_TransmitReceive
 .text.HAL_SPI_Receive
                0x0800378e      0x1aa build/stm32l4xx_hal_spi.o
                0x0800378e                HAL_SPI_Receive
 .text.HAL_SPI_ErrorCallback
                0x08003938        0x2 build/stm32l4xx_hal_spi.o
                0x08003938                HAL_SPI_ErrorCallback
 *fill*         0x0800393a        0x2 
 .text.HAL_SPI_IRQHandler
                0x0800393c      0x118 build/stm32l4xx_hal_spi.o
                0x0800393c                HAL_SPI_IRQHandler
 .text.SPI_DMAAbortOnError
                0x08003a54       0x12 build/stm32l4xx_hal_spi.o
 .text.UART_EndRxTransfer
                0x08003a66       0x50 build/stm32l4xx_hal_uart.o
 .text.HAL_UART_TxCpltCallback
                0x08003ab6        0x2 build/stm32l4xx_hal_uart.o
                0x08003ab6                HAL_UART_TxCpltCallback
 .text.UART_EndTransmit_IT
                0x08003ab8       0x22 build/stm32l4xx_hal_uart.o
 .text.UART_DMAAbortOnError
                0x08003ada       0x14 build/stm32l4xx_hal_uart.o
 *fill*         0x08003aee        0x2 
 .text.HAL_UART_IRQHandler
                0x08003af0      0x2e0 build/stm32l4xx_hal_uart.o
                0x08003af0                HAL_UART_IRQHandler
 .text.UART_RxISR_8BIT
                0x08003dd0       0xb0 build/stm32l4xx_hal_uart.o
 .text.UART_RxISR_16BIT
                0x08003e80       0xae build/stm32l4xx_hal_uart.o
 *fill*         0x08003f2e        0x2 
 .text.UART_SetConfig
                0x08003f30      0x2a0 build/stm32l4xx_hal_uart.o
                0x08003f30                UART_SetConfig
 .text.UART_AdvFeatureConfig
                0x080041d0       0xca build/stm32l4xx_hal_uart.o
                0x080041d0                UART_AdvFeatureConfig
 .text.UART_WaitOnFlagUntilTimeout
                0x0800429a       0xd0 build/stm32l4xx_hal_uart.o
                0x0800429a                UART_WaitOnFlagUntilTimeout
 .text.HAL_UART_Transmit
                0x0800436a       0xd8 build/stm32l4xx_hal_uart.o
                0x0800436a                HAL_UART_Transmit
 .text.UART_CheckIdleState
                0x08004442       0x70 build/stm32l4xx_hal_uart.o
                0x08004442                UART_CheckIdleState
 .text.HAL_UART_Init
                0x080044b2       0x62 build/stm32l4xx_hal_uart.o
                0x080044b2                HAL_UART_Init
 .text.UART_Start_Receive_IT
                0x08004514       0xd8 build/stm32l4xx_hal_uart.o
                0x08004514                UART_Start_Receive_IT
 .text.HAL_UART_Receive_IT
                0x080045ec       0x5c build/stm32l4xx_hal_uart.o
                0x080045ec                HAL_UART_Receive_IT
 .text.HAL_UARTEx_WakeupCallback
                0x08004648        0x2 build/stm32l4xx_hal_uart_ex.o
                0x08004648                HAL_UARTEx_WakeupCallback
 .text.HAL_UARTEx_ReceiveToIdle_IT
                0x0800464a       0x58 build/stm32l4xx_hal_uart_ex.o
                0x0800464a                HAL_UARTEx_ReceiveToIdle_IT
 *fill*         0x080046a2        0x2 
 .text.SystemInit
                0x080046a4       0x14 build/system_stm32l4xx.o
                0x080046a4                SystemInit
 .text.shellExtNumType
                0x080046b8       0x52 build/shell_ext.o
 .text.shellExtToNum
                0x0800470a       0x2e build/shell_ext.o
 .text.shellExtParseChar
                0x08004738       0x94 build/shell_ext.o
 .text.shellExtParseString
                0x080047cc       0x40 build/shell_ext.o
 .text.shellExtParseNumber
                0x0800480c       0xb0 build/shell_ext.o
 .text.shellExtParseVar
                0x080048bc       0x1e build/shell_ext.o
 .text.shellExtParsePara
                0x080048da       0x78 build/shell_ext.o
                0x080048da                shellExtParsePara
 .text.shellExtRun
                0x08004952       0xf4 build/shell_ext.o
                0x08004952                shellExtRun
 *fill*         0x08004a46        0x2 
 .text.User_Shell_Write
                0x08004a48       0x14 build/shell_port.o
                0x08004a48                User_Shell_Write
 .text.User_Shell_Init
                0x08004a5c       0x20 build/shell_port.o
                0x08004a5c                User_Shell_Init
 .text.shellAdd
                0x08004a7c       0x24 build/shell.o
 .text.shellWriteByte
                0x08004aa0       0x18 build/shell.o
 .text.shellWriteCommandDesc
                0x08004ab8       0x4c build/shell.o
 .text.shellStringCopy
                0x08004b04       0x16 build/shell.o
 .text.shellStringCompare
                0x08004b1a       0x2e build/shell.o
 .text.shellGetCommandDesc
                0x08004b48       0x22 build/shell.o
 .text.shellParserParam
                0x08004b6a       0x92 build/shell.o
 .text.shellRight
                0x08004bfc       0x1a build/shell.o
                0x08004bfc                shellRight
 .text.shellLeft
                0x08004c16       0x18 build/shell.o
                0x08004c16                shellLeft
 .text.shellHistoryAdd
                0x08004c2e       0x70 build/shell.o
 .text.shellRemoveParamQuotes
                0x08004c9e       0x54 build/shell.o
 *fill*         0x08004cf2        0x2 
 .text.shellGetCurrent
                0x08004cf4       0x2c build/shell.o
                0x08004cf4                shellGetCurrent
 .text.shellWriteString
                0x08004d20       0x26 build/shell.o
                0x08004d20                shellWriteString
 *fill*         0x08004d46        0x2 
 .text.shellWritePrompt
                0x08004d48       0x60 build/shell.o
 .text.shellCheckPassword
                0x08004da8       0x40 build/shell.o
 .text.shellClear
                0x08004de8       0x14 build/shell.o
                0x08004de8                shellClear
 .text.shellPrint
                0x08004dfc       0x38 build/shell.o
                0x08004dfc                shellPrint
 .text.shellCheckPermission
                0x08004e34       0x44 build/shell.o
                0x08004e34                shellCheckPermission
 .text.shellToHex
                0x08004e78       0x28 build/shell.o
                0x08004e78                shellToHex
 .text.shellGetCommandName
                0x08004ea0       0x44 build/shell.o
 .text.shellToDec
                0x08004ee4       0x60 build/shell.o
                0x08004ee4                shellToDec
 .text.shellWriteReturnValue
                0x08004f44       0x80 build/shell.o
 .text.shellListItem
                0x08004fc4       0xe0 build/shell.o
                0x08004fc4                shellListItem
 .text.shellListCommand
                0x080050a4       0x48 build/shell.o
                0x080050a4                shellListCommand
 .text.shellCmds
                0x080050ec        0xe build/shell.o
                0x080050ec                shellCmds
 *fill*         0x080050fa        0x2 
 .text.shellListVar
                0x080050fc       0x4c build/shell.o
                0x080050fc                shellListVar
 .text.shellVars
                0x08005148        0xe build/shell.o
                0x08005148                shellVars
 *fill*         0x08005156        0x2 
 .text.shellListUser
                0x08005158       0x48 build/shell.o
                0x08005158                shellListUser
 .text.shellUsers
                0x080051a0        0xe build/shell.o
                0x080051a0                shellUsers
 *fill*         0x080051ae        0x2 
 .text.shellListKey
                0x080051b0       0x48 build/shell.o
                0x080051b0                shellListKey
 .text.shellKeys
                0x080051f8        0xe build/shell.o
                0x080051f8                shellKeys
 .text.shellListAll
                0x08005206        0x8 build/shell.o
                0x08005206                shellListAll
 *fill*         0x0800520e        0x2 
 .text.shellDeleteCommandLine
                0x08005210       0x20 build/shell.o
                0x08005210                shellDeleteCommandLine
 .text.shellClearCommandLine
                0x08005230       0x28 build/shell.o
                0x08005230                shellClearCommandLine
 .text.shellHistory
                0x08005258       0x98 build/shell.o
 .text.shellUp  0x080052f0        0xa build/shell.o
                0x080052f0                shellUp
 .text.shellDown
                0x080052fa        0xc build/shell.o
                0x080052fa                shellDown
 *fill*         0x08005306        0x2 
 .text.shellTab
                0x08005308      0x114 build/shell.o
                0x08005308                shellTab
 .text.shellInsertByte
                0x0800541c       0xbc build/shell.o
                0x0800541c                shellInsertByte
 .text.shellDeleteByte
                0x080054d8       0xc4 build/shell.o
                0x080054d8                shellDeleteByte
 .text.shellBackspace
                0x0800559c        0xa build/shell.o
                0x0800559c                shellBackspace
 .text.shellDelete
                0x080055a6        0xc build/shell.o
                0x080055a6                shellDelete
 .text.shellSeekCommand
                0x080055b2       0x72 build/shell.o
                0x080055b2                shellSeekCommand
 .text.shellWriteCommandHelp
                0x08005624       0x60 build/shell.o
 .text.shellHelp
                0x08005684       0x24 build/shell.o
                0x08005684                shellHelp
 .text.shellGetVarValue
                0x080056a8       0x44 build/shell.o
                0x080056a8                shellGetVarValue
 .text.shellShowVar
                0x080056ec       0xc0 build/shell.o
 .text.shellSetVarValue
                0x080057ac       0x78 build/shell.o
                0x080057ac                shellSetVarValue
 .text.shellSetVar
                0x08005824       0x64 build/shell.o
                0x08005824                shellSetVar
 .text.shellSetUser
                0x08005888       0x60 build/shell.o
                0x08005888                shellSetUser
 .text.shellInit
                0x080058e8       0x90 build/shell.o
                0x080058e8                shellInit
 .text.shellRunCommand
                0x08005978       0x94 build/shell.o
                0x08005978                shellRunCommand
 .text.shellNormalInput
                0x08005a0c       0x14 build/shell.o
                0x08005a0c                shellNormalInput
 .text.shellExec
                0x08005a20       0x68 build/shell.o
                0x08005a20                shellExec
 .text.shellEnter
                0x08005a88       0x12 build/shell.o
                0x08005a88                shellEnter
 *fill*         0x08005a9a        0x2 
 .text.shellHandler
                0x08005a9c       0xd4 build/shell.o
                0x08005a9c                shellHandler
 .text.MX_GPIO_Init
                0x08005b70       0xc0 build/gpio.o
                0x08005b70                MX_GPIO_Init
 .text.MX_ADC1_Init
                0x08005c30       0x8c build/adc.o
                0x08005c30                MX_ADC1_Init
 .text.HAL_ADC_MspInit
                0x08005cbc       0xa4 build/adc.o
                0x08005cbc                HAL_ADC_MspInit
 .text.ADC_Average_Get
                0x08005d60       0x8c build/adc.o
                0x08005d60                ADC_Average_Get
 .text.MX_SPI2_Init
                0x08005dec       0x4c build/spi.o
                0x08005dec                MX_SPI2_Init
 .text.MX_SPI3_Init
                0x08005e38       0x4c build/spi.o
                0x08005e38                MX_SPI3_Init
 .text.HAL_SPI_MspInit
                0x08005e84       0xc4 build/spi.o
                0x08005e84                HAL_SPI_MspInit
 .text.MX_USART1_UART_Init
                0x08005f48       0x38 build/usart.o
                0x08005f48                MX_USART1_UART_Init
 .text.MX_USART2_UART_Init
                0x08005f80       0x48 build/usart.o
                0x08005f80                MX_USART2_UART_Init
 .text.MX_USART3_UART_Init
                0x08005fc8       0x48 build/usart.o
                0x08005fc8                MX_USART3_UART_Init
 .text.HAL_UART_MspInit
                0x08006010      0x180 build/usart.o
                0x08006010                HAL_UART_MspInit
 .text.HAL_UART_RxCpltCallback
                0x08006190       0x34 build/usart.o
                0x08006190                HAL_UART_RxCpltCallback
 .text.HAL_UARTEx_RxEventCallback
                0x080061c4       0x3c build/usart.o
                0x080061c4                HAL_UARTEx_RxEventCallback
 .text.HAL_UART_ErrorCallback
                0x08006200       0x28 build/usart.o
                0x08006200                HAL_UART_ErrorCallback
 .text.BSP_W25Qx_Reset
                0x08006228       0x3c build/W25QXX.o
 .text.BSP_W25Qx_GetStatus
                0x08006264       0x58 build/W25QXX.o
 .text.BSP_W25Qx_Init
                0x080062bc        0xc build/W25QXX.o
                0x080062bc                BSP_W25Qx_Init
 .text.BSP_W25Qx_Read_ID
                0x080062c8       0x4c build/W25QXX.o
                0x080062c8                BSP_W25Qx_Read_ID
 .text.BSP_W25Qx_Read_JEDEC_ID
                0x08006314       0x48 build/W25QXX.o
                0x08006314                BSP_W25Qx_Read_JEDEC_ID
 .text.LED_Init
                0x0800635c       0x5c build/led.o
                0x0800635c                LED_Init
 .text.LED_On   0x080063b8        0xe build/led.o
                0x080063b8                LED_On
 .text.LED_Off  0x080063c6        0xe build/led.o
                0x080063c6                LED_Off
 .text.LED_Toggle
                0x080063d4        0xc build/led.o
                0x080063d4                LED_Toggle
 .text.LED_Blink
                0x080063e0       0x26 build/led.o
                0x080063e0                LED_Blink
 .text.RS485_SendData
                0x08006406       0x2c build/rs485.o
                0x08006406                RS485_SendData
 *fill*         0x08006432        0x2 
 .text.atgm_io_init
                0x08006434       0x48 build/ATGM332D.o
                0x08006434                atgm_io_init
 .text.atgm_open
                0x0800647c       0x40 build/ATGM332D.o
                0x0800647c                atgm_open
 .text.atgm_read
                0x080064bc       0x4c build/ATGM332D.o
                0x080064bc                atgm_read
 .text.atgm_handler
                0x08006508       0x60 build/ATGM332D.o
                0x08006508                atgm_handler
 .text.Reset_Handler
                0x08006568       0x50 build/startup_stm32l431xx.o
                0x08006568                Reset_Handler
 .text.Default_Handler
                0x080065b8        0x2 build/startup_stm32l431xx.o
                0x080065b8                TIM1_BRK_TIM15_IRQHandler
                0x080065b8                EXTI2_IRQHandler
                0x080065b8                TIM1_CC_IRQHandler
                0x080065b8                TSC_IRQHandler
                0x080065b8                TAMP_STAMP_IRQHandler
                0x080065b8                EXTI3_IRQHandler
                0x080065b8                LPTIM2_IRQHandler
                0x080065b8                I2C3_ER_IRQHandler
                0x080065b8                EXTI0_IRQHandler
                0x080065b8                I2C2_EV_IRQHandler
                0x080065b8                CAN1_RX0_IRQHandler
                0x080065b8                FPU_IRQHandler
                0x080065b8                TIM1_UP_TIM16_IRQHandler
                0x080065b8                SPI1_IRQHandler
                0x080065b8                TIM6_DAC_IRQHandler
                0x080065b8                DMA2_Channel2_IRQHandler
                0x080065b8                DMA1_Channel4_IRQHandler
                0x080065b8                ADC1_IRQHandler
                0x080065b8                DMA1_Channel7_IRQHandler
                0x080065b8                CAN1_RX1_IRQHandler
                0x080065b8                DMA2_Channel1_IRQHandler
                0x080065b8                QUADSPI_IRQHandler
                0x080065b8                I2C1_EV_IRQHandler
                0x080065b8                DMA1_Channel6_IRQHandler
                0x080065b8                DMA2_Channel4_IRQHandler
                0x080065b8                RCC_IRQHandler
                0x080065b8                TIM1_TRG_COM_IRQHandler
                0x080065b8                DMA1_Channel1_IRQHandler
                0x080065b8                Default_Handler
                0x080065b8                DMA2_Channel7_IRQHandler
                0x080065b8                EXTI15_10_IRQHandler
                0x080065b8                TIM7_IRQHandler
                0x080065b8                SDMMC1_IRQHandler
                0x080065b8                I2C3_EV_IRQHandler
                0x080065b8                EXTI9_5_IRQHandler
                0x080065b8                RTC_WKUP_IRQHandler
                0x080065b8                PVD_PVM_IRQHandler
                0x080065b8                CAN1_TX_IRQHandler
                0x080065b8                DMA2_Channel5_IRQHandler
                0x080065b8                CRS_IRQHandler
                0x080065b8                DMA1_Channel5_IRQHandler
                0x080065b8                EXTI4_IRQHandler
                0x080065b8                RNG_IRQHandler
                0x080065b8                DMA1_Channel3_IRQHandler
                0x080065b8                COMP_IRQHandler
                0x080065b8                WWDG_IRQHandler
                0x080065b8                LPUART1_IRQHandler
                0x080065b8                DMA2_Channel6_IRQHandler
                0x080065b8                TIM2_IRQHandler
                0x080065b8                EXTI1_IRQHandler
                0x080065b8                I2C2_ER_IRQHandler
                0x080065b8                DMA1_Channel2_IRQHandler
                0x080065b8                CAN1_SCE_IRQHandler
                0x080065b8                FLASH_IRQHandler
                0x080065b8                I2C1_ER_IRQHandler
                0x080065b8                SWPMI1_IRQHandler
                0x080065b8                LPTIM1_IRQHandler
                0x080065b8                SAI1_IRQHandler
                0x080065b8                DMA2_Channel3_IRQHandler
                0x080065b8                RTC_Alarm_IRQHandler
 .text.__cvt    0x080065ba       0xd2 /Applications/ArmGNUToolchain/12.3.rel1/arm-none-eabi/bin/../lib/gcc/arm-none-eabi/12.3.1/../../../../arm-none-eabi/lib/thumb/v7e-m+fp/hard/libc_nano.a(libc_a-nano-vfprintf_float.o)
                0x080065ba                __cvt
 .text.__exponent
                0x0800668c       0x74 /Applications/ArmGNUToolchain/12.3.rel1/arm-none-eabi/bin/../lib/gcc/arm-none-eabi/12.3.1/../../../../arm-none-eabi/lib/thumb/v7e-m+fp/hard/libc_nano.a(libc_a-nano-vfprintf_float.o)
                0x0800668c                __exponent
 .text._printf_float
                0x08006700      0x464 /Applications/ArmGNUToolchain/12.3.rel1/arm-none-eabi/bin/../lib/gcc/arm-none-eabi/12.3.1/../../../../arm-none-eabi/lib/thumb/v7e-m+fp/hard/libc_nano.a(libc_a-nano-vfprintf_float.o)
                0x08006700                _printf_float
 .text._printf_common
                0x08006b64       0xda /Applications/ArmGNUToolchain/12.3.rel1/arm-none-eabi/bin/../lib/gcc/arm-none-eabi/12.3.1/../../../../arm-none-eabi/lib/thumb/v7e-m+fp/hard/libc_nano.a(libc_a-nano-vfprintf_i.o)
                0x08006b64                _printf_common
 *fill*         0x08006c3e        0x2 
 .text._printf_i
                0x08006c40      0x258 /Applications/ArmGNUToolchain/12.3.rel1/arm-none-eabi/bin/../lib/gcc/arm-none-eabi/12.3.1/../../../../arm-none-eabi/lib/thumb/v7e-m+fp/hard/libc_nano.a(libc_a-nano-vfprintf_i.o)
                0x08006c40                _printf_i
 .text.std      0x08006e98       0x6c /Applications/ArmGNUToolchain/12.3.rel1/arm-none-eabi/bin/../lib/gcc/arm-none-eabi/12.3.1/../../../../arm-none-eabi/lib/thumb/v7e-m+fp/hard/libc_nano.a(libc_a-findfp.o)
 .text.stdio_exit_handler
                0x08006f04       0x18 /Applications/ArmGNUToolchain/12.3.rel1/arm-none-eabi/bin/../lib/gcc/arm-none-eabi/12.3.1/../../../../arm-none-eabi/lib/thumb/v7e-m+fp/hard/libc_nano.a(libc_a-findfp.o)
 .text.cleanup_stdio
                0x08006f1c       0x40 /Applications/ArmGNUToolchain/12.3.rel1/arm-none-eabi/bin/../lib/gcc/arm-none-eabi/12.3.1/../../../../arm-none-eabi/lib/thumb/v7e-m+fp/hard/libc_nano.a(libc_a-findfp.o)
 .text.global_stdio_init.part.0
                0x08006f5c       0x3c /Applications/ArmGNUToolchain/12.3.rel1/arm-none-eabi/bin/../lib/gcc/arm-none-eabi/12.3.1/../../../../arm-none-eabi/lib/thumb/v7e-m+fp/hard/libc_nano.a(libc_a-findfp.o)
 .text.__sfp_lock_acquire
                0x08006f98        0xc /Applications/ArmGNUToolchain/12.3.rel1/arm-none-eabi/bin/../lib/gcc/arm-none-eabi/12.3.1/../../../../arm-none-eabi/lib/thumb/v7e-m+fp/hard/libc_nano.a(libc_a-findfp.o)
                0x08006f98                __sfp_lock_acquire
 .text.__sfp_lock_release
                0x08006fa4        0xc /Applications/ArmGNUToolchain/12.3.rel1/arm-none-eabi/bin/../lib/gcc/arm-none-eabi/12.3.1/../../../../arm-none-eabi/lib/thumb/v7e-m+fp/hard/libc_nano.a(libc_a-findfp.o)
                0x08006fa4                __sfp_lock_release
 .text.__sinit  0x08006fb0       0x30 /Applications/ArmGNUToolchain/12.3.rel1/arm-none-eabi/bin/../lib/gcc/arm-none-eabi/12.3.1/../../../../arm-none-eabi/lib/thumb/v7e-m+fp/hard/libc_nano.a(libc_a-findfp.o)
                0x08006fb0                __sinit
 .text._fwalk_sglue
                0x08006fe0       0x3c /Applications/ArmGNUToolchain/12.3.rel1/arm-none-eabi/bin/../lib/gcc/arm-none-eabi/12.3.1/../../../../arm-none-eabi/lib/thumb/v7e-m+fp/hard/libc_nano.a(libc_a-fwalk.o)
                0x08006fe0                _fwalk_sglue
 .text._vsnprintf_r
                0x0800701c       0x56 /Applications/ArmGNUToolchain/12.3.rel1/arm-none-eabi/bin/../lib/gcc/arm-none-eabi/12.3.1/../../../../arm-none-eabi/lib/thumb/v7e-m+fp/hard/libc_nano.a(libc_a-vsnprintf.o)
                0x0800701c                _vsnprintf_r
                0x0800701c                _vsniprintf_r
 *fill*         0x08007072        0x2 
 .text.vsnprintf
                0x08007074       0x1c /Applications/ArmGNUToolchain/12.3.rel1/arm-none-eabi/bin/../lib/gcc/arm-none-eabi/12.3.1/../../../../arm-none-eabi/lib/thumb/v7e-m+fp/hard/libc_nano.a(libc_a-vsnprintf.o)
                0x08007074                vsnprintf
                0x08007074                vsniprintf
 .text.strncmp  0x08007090       0x24 /Applications/ArmGNUToolchain/12.3.rel1/arm-none-eabi/bin/../lib/gcc/arm-none-eabi/12.3.1/../../../../arm-none-eabi/lib/thumb/v7e-m+fp/hard/libc_nano.a(libc_a-strncmp.o)
                0x08007090                strncmp
 .text.memset   0x080070b4       0x10 /Applications/ArmGNUToolchain/12.3.rel1/arm-none-eabi/bin/../lib/gcc/arm-none-eabi/12.3.1/../../../../arm-none-eabi/lib/thumb/v7e-m+fp/hard/libc_nano.a(libc_a-memset.o)
                0x080070b4                memset
 .text._localeconv_r
                0x080070c4        0x8 /Applications/ArmGNUToolchain/12.3.rel1/arm-none-eabi/bin/../lib/gcc/arm-none-eabi/12.3.1/../../../../arm-none-eabi/lib/thumb/v7e-m+fp/hard/libc_nano.a(libc_a-localeconv.o)
                0x080070c4                _localeconv_r
 .text.__libc_init_array
                0x080070cc       0x48 /Applications/ArmGNUToolchain/12.3.rel1/arm-none-eabi/bin/../lib/gcc/arm-none-eabi/12.3.1/../../../../arm-none-eabi/lib/thumb/v7e-m+fp/hard/libc_nano.a(libc_a-init.o)
                0x080070cc                __libc_init_array
 .text.__retarget_lock_init_recursive
                0x08007114        0x2 /Applications/ArmGNUToolchain/12.3.rel1/arm-none-eabi/bin/../lib/gcc/arm-none-eabi/12.3.1/../../../../arm-none-eabi/lib/thumb/v7e-m+fp/hard/libc_nano.a(libc_a-lock.o)
                0x08007114                __retarget_lock_init_recursive
 .text.__retarget_lock_acquire_recursive
                0x08007116        0x2 /Applications/ArmGNUToolchain/12.3.rel1/arm-none-eabi/bin/../lib/gcc/arm-none-eabi/12.3.1/../../../../arm-none-eabi/lib/thumb/v7e-m+fp/hard/libc_nano.a(libc_a-lock.o)
                0x08007116                __retarget_lock_acquire_recursive
 .text.__retarget_lock_release_recursive
                0x08007118        0x2 /Applications/ArmGNUToolchain/12.3.rel1/arm-none-eabi/bin/../lib/gcc/arm-none-eabi/12.3.1/../../../../arm-none-eabi/lib/thumb/v7e-m+fp/hard/libc_nano.a(libc_a-lock.o)
                0x08007118                __retarget_lock_release_recursive
 .text.memcpy   0x0800711a       0x1c /Applications/ArmGNUToolchain/12.3.rel1/arm-none-eabi/bin/../lib/gcc/arm-none-eabi/12.3.1/../../../../arm-none-eabi/lib/thumb/v7e-m+fp/hard/libc_nano.a(libc_a-memcpy-stub.o)
                0x0800711a                memcpy
 .text.quorem   0x08007136      0x110 /Applications/ArmGNUToolchain/12.3.rel1/arm-none-eabi/bin/../lib/gcc/arm-none-eabi/12.3.1/../../../../arm-none-eabi/lib/thumb/v7e-m+fp/hard/libc_nano.a(libc_a-dtoa.o)
 *fill*         0x08007246        0x2 
 .text._dtoa_r  0x08007248      0xc58 /Applications/ArmGNUToolchain/12.3.rel1/arm-none-eabi/bin/../lib/gcc/arm-none-eabi/12.3.1/../../../../arm-none-eabi/lib/thumb/v7e-m+fp/hard/libc_nano.a(libc_a-dtoa.o)
                0x08007248                _dtoa_r
 .text.__ssputs_r
                0x08007ea0       0xb6 /Applications/ArmGNUToolchain/12.3.rel1/arm-none-eabi/bin/../lib/gcc/arm-none-eabi/12.3.1/../../../../arm-none-eabi/lib/thumb/v7e-m+fp/hard/libc_nano.a(libc_a-nano-svfprintf.o)
                0x08007ea0                __ssputs_r
 *fill*         0x08007f56        0x2 
 .text._svfprintf_r
                0x08007f58      0x1f8 /Applications/ArmGNUToolchain/12.3.rel1/arm-none-eabi/bin/../lib/gcc/arm-none-eabi/12.3.1/../../../../arm-none-eabi/lib/thumb/v7e-m+fp/hard/libc_nano.a(libc_a-nano-svfprintf.o)
                0x08007f58                _svfprintf_r
                0x08007f58                _svfiprintf_r
 .text.malloc   0x08008150       0x10 /Applications/ArmGNUToolchain/12.3.rel1/arm-none-eabi/bin/../lib/gcc/arm-none-eabi/12.3.1/../../../../arm-none-eabi/lib/thumb/v7e-m+fp/hard/libc_nano.a(libc_a-malloc.o)
                0x08008150                malloc
 .text.sbrk_aligned
                0x08008160       0x44 /Applications/ArmGNUToolchain/12.3.rel1/arm-none-eabi/bin/../lib/gcc/arm-none-eabi/12.3.1/../../../../arm-none-eabi/lib/thumb/v7e-m+fp/hard/libc_nano.a(libc_a-mallocr.o)
 .text._malloc_r
                0x080081a4      0x100 /Applications/ArmGNUToolchain/12.3.rel1/arm-none-eabi/bin/../lib/gcc/arm-none-eabi/12.3.1/../../../../arm-none-eabi/lib/thumb/v7e-m+fp/hard/libc_nano.a(libc_a-mallocr.o)
                0x080081a4                _malloc_r
 .text.__sflush_r
                0x080082a4      0x108 /Applications/ArmGNUToolchain/12.3.rel1/arm-none-eabi/bin/../lib/gcc/arm-none-eabi/12.3.1/../../../../arm-none-eabi/lib/thumb/v7e-m+fp/hard/libc_nano.a(libc_a-fflush.o)
                0x080082a4                __sflush_r
 .text._fflush_r
                0x080083ac       0x50 /Applications/ArmGNUToolchain/12.3.rel1/arm-none-eabi/bin/../lib/gcc/arm-none-eabi/12.3.1/../../../../arm-none-eabi/lib/thumb/v7e-m+fp/hard/libc_nano.a(libc_a-fflush.o)
                0x080083ac                _fflush_r
 .text.__malloc_lock
                0x080083fc        0xc /Applications/ArmGNUToolchain/12.3.rel1/arm-none-eabi/bin/../lib/gcc/arm-none-eabi/12.3.1/../../../../arm-none-eabi/lib/thumb/v7e-m+fp/hard/libc_nano.a(libc_a-mlock.o)
                0x080083fc                __malloc_lock
 .text.__malloc_unlock
                0x08008408        0xc /Applications/ArmGNUToolchain/12.3.rel1/arm-none-eabi/bin/../lib/gcc/arm-none-eabi/12.3.1/../../../../arm-none-eabi/lib/thumb/v7e-m+fp/hard/libc_nano.a(libc_a-mlock.o)
                0x08008408                __malloc_unlock
 .text._Balloc  0x08008414       0x80 /Applications/ArmGNUToolchain/12.3.rel1/arm-none-eabi/bin/../lib/gcc/arm-none-eabi/12.3.1/../../../../arm-none-eabi/lib/thumb/v7e-m+fp/hard/libc_nano.a(libc_a-mprec.o)
                0x08008414                _Balloc
 .text._Bfree   0x08008494       0x44 /Applications/ArmGNUToolchain/12.3.rel1/arm-none-eabi/bin/../lib/gcc/arm-none-eabi/12.3.1/../../../../arm-none-eabi/lib/thumb/v7e-m+fp/hard/libc_nano.a(libc_a-mprec.o)
                0x08008494                _Bfree
 .text.__multadd
                0x080084d8       0x8c /Applications/ArmGNUToolchain/12.3.rel1/arm-none-eabi/bin/../lib/gcc/arm-none-eabi/12.3.1/../../../../arm-none-eabi/lib/thumb/v7e-m+fp/hard/libc_nano.a(libc_a-mprec.o)
                0x080084d8                __multadd
 .text.__hi0bits
                0x08008564       0x44 /Applications/ArmGNUToolchain/12.3.rel1/arm-none-eabi/bin/../lib/gcc/arm-none-eabi/12.3.1/../../../../arm-none-eabi/lib/thumb/v7e-m+fp/hard/libc_nano.a(libc_a-mprec.o)
                0x08008564                __hi0bits
 .text.__lo0bits
                0x080085a8       0x5a /Applications/ArmGNUToolchain/12.3.rel1/arm-none-eabi/bin/../lib/gcc/arm-none-eabi/12.3.1/../../../../arm-none-eabi/lib/thumb/v7e-m+fp/hard/libc_nano.a(libc_a-mprec.o)
                0x080085a8                __lo0bits
 *fill*         0x08008602        0x2 
 .text.__i2b    0x08008604       0x2c /Applications/ArmGNUToolchain/12.3.rel1/arm-none-eabi/bin/../lib/gcc/arm-none-eabi/12.3.1/../../../../arm-none-eabi/lib/thumb/v7e-m+fp/hard/libc_nano.a(libc_a-mprec.o)
                0x08008604                __i2b
 .text.__multiply
                0x08008630      0x154 /Applications/ArmGNUToolchain/12.3.rel1/arm-none-eabi/bin/../lib/gcc/arm-none-eabi/12.3.1/../../../../arm-none-eabi/lib/thumb/v7e-m+fp/hard/libc_nano.a(libc_a-mprec.o)
                0x08008630                __multiply
 .text.__pow5mult
                0x08008784       0xb4 /Applications/ArmGNUToolchain/12.3.rel1/arm-none-eabi/bin/../lib/gcc/arm-none-eabi/12.3.1/../../../../arm-none-eabi/lib/thumb/v7e-m+fp/hard/libc_nano.a(libc_a-mprec.o)
                0x08008784                __pow5mult
 .text.__lshift
                0x08008838       0xd8 /Applications/ArmGNUToolchain/12.3.rel1/arm-none-eabi/bin/../lib/gcc/arm-none-eabi/12.3.1/../../../../arm-none-eabi/lib/thumb/v7e-m+fp/hard/libc_nano.a(libc_a-mprec.o)
                0x08008838                __lshift
 .text.__mcmp   0x08008910       0x36 /Applications/ArmGNUToolchain/12.3.rel1/arm-none-eabi/bin/../lib/gcc/arm-none-eabi/12.3.1/../../../../arm-none-eabi/lib/thumb/v7e-m+fp/hard/libc_nano.a(libc_a-mprec.o)
                0x08008910                __mcmp
 *fill*         0x08008946        0x2 
 .text.__mdiff  0x08008948      0x128 /Applications/ArmGNUToolchain/12.3.rel1/arm-none-eabi/bin/../lib/gcc/arm-none-eabi/12.3.1/../../../../arm-none-eabi/lib/thumb/v7e-m+fp/hard/libc_nano.a(libc_a-mprec.o)
                0x08008948                __mdiff
 .text.__d2b    0x08008a70       0xb0 /Applications/ArmGNUToolchain/12.3.rel1/arm-none-eabi/bin/../lib/gcc/arm-none-eabi/12.3.1/../../../../arm-none-eabi/lib/thumb/v7e-m+fp/hard/libc_nano.a(libc_a-mprec.o)
                0x08008a70                __d2b
 .text.__sread  0x08008b20       0x22 /Applications/ArmGNUToolchain/12.3.rel1/arm-none-eabi/bin/../lib/gcc/arm-none-eabi/12.3.1/../../../../arm-none-eabi/lib/thumb/v7e-m+fp/hard/libc_nano.a(libc_a-stdio.o)
                0x08008b20                __sread
 .text.__swrite
                0x08008b42       0x38 /Applications/ArmGNUToolchain/12.3.rel1/arm-none-eabi/bin/../lib/gcc/arm-none-eabi/12.3.1/../../../../arm-none-eabi/lib/thumb/v7e-m+fp/hard/libc_nano.a(libc_a-stdio.o)
                0x08008b42                __swrite
 .text.__sseek  0x08008b7a       0x24 /Applications/ArmGNUToolchain/12.3.rel1/arm-none-eabi/bin/../lib/gcc/arm-none-eabi/12.3.1/../../../../arm-none-eabi/lib/thumb/v7e-m+fp/hard/libc_nano.a(libc_a-stdio.o)
                0x08008b7a                __sseek
 .text.__sclose
                0x08008b9e        0x8 /Applications/ArmGNUToolchain/12.3.rel1/arm-none-eabi/bin/../lib/gcc/arm-none-eabi/12.3.1/../../../../arm-none-eabi/lib/thumb/v7e-m+fp/hard/libc_nano.a(libc_a-stdio.o)
                0x08008b9e                __sclose
 .text._realloc_r
                0x08008ba6       0x5c /Applications/ArmGNUToolchain/12.3.rel1/arm-none-eabi/bin/../lib/gcc/arm-none-eabi/12.3.1/../../../../arm-none-eabi/lib/thumb/v7e-m+fp/hard/libc_nano.a(libc_a-reallocr.o)
                0x08008ba6                _realloc_r
 .text.memmove  0x08008c02       0x34 /Applications/ArmGNUToolchain/12.3.rel1/arm-none-eabi/bin/../lib/gcc/arm-none-eabi/12.3.1/../../../../arm-none-eabi/lib/thumb/v7e-m+fp/hard/libc_nano.a(libc_a-memmove.o)
                0x08008c02                memmove
 *fill*         0x08008c36        0x2 
 .text._close_r
                0x08008c38       0x20 /Applications/ArmGNUToolchain/12.3.rel1/arm-none-eabi/bin/../lib/gcc/arm-none-eabi/12.3.1/../../../../arm-none-eabi/lib/thumb/v7e-m+fp/hard/libc_nano.a(libc_a-closer.o)
                0x08008c38                _close_r
 .text._lseek_r
                0x08008c58       0x24 /Applications/ArmGNUToolchain/12.3.rel1/arm-none-eabi/bin/../lib/gcc/arm-none-eabi/12.3.1/../../../../arm-none-eabi/lib/thumb/v7e-m+fp/hard/libc_nano.a(libc_a-lseekr.o)
                0x08008c58                _lseek_r
 .text._read_r  0x08008c7c       0x24 /Applications/ArmGNUToolchain/12.3.rel1/arm-none-eabi/bin/../lib/gcc/arm-none-eabi/12.3.1/../../../../arm-none-eabi/lib/thumb/v7e-m+fp/hard/libc_nano.a(libc_a-readr.o)
                0x08008c7c                _read_r
 .text._sbrk_r  0x08008ca0       0x20 /Applications/ArmGNUToolchain/12.3.rel1/arm-none-eabi/bin/../lib/gcc/arm-none-eabi/12.3.1/../../../../arm-none-eabi/lib/thumb/v7e-m+fp/hard/libc_nano.a(libc_a-sbrkr.o)
                0x08008ca0                _sbrk_r
 .text._write_r
                0x08008cc0       0x24 /Applications/ArmGNUToolchain/12.3.rel1/arm-none-eabi/bin/../lib/gcc/arm-none-eabi/12.3.1/../../../../arm-none-eabi/lib/thumb/v7e-m+fp/hard/libc_nano.a(libc_a-writer.o)
                0x08008cc0                _write_r
 .text.__assert_func
                0x08008ce4       0x3c /Applications/ArmGNUToolchain/12.3.rel1/arm-none-eabi/bin/../lib/gcc/arm-none-eabi/12.3.1/../../../../arm-none-eabi/lib/thumb/v7e-m+fp/hard/libc_nano.a(libc_a-assert.o)
                0x08008ce4                __assert_func
 .text._calloc_r
                0x08008d20       0x28 /Applications/ArmGNUToolchain/12.3.rel1/arm-none-eabi/bin/../lib/gcc/arm-none-eabi/12.3.1/../../../../arm-none-eabi/lib/thumb/v7e-m+fp/hard/libc_nano.a(libc_a-callocr.o)
                0x08008d20                _calloc_r
 .text._free_r  0x08008d48       0x94 /Applications/ArmGNUToolchain/12.3.rel1/arm-none-eabi/bin/../lib/gcc/arm-none-eabi/12.3.1/../../../../arm-none-eabi/lib/thumb/v7e-m+fp/hard/libc_nano.a(libc_a-freer.o)
                0x08008d48                _free_r
 .text.__ascii_mbtowc
                0x08008ddc       0x24 /Applications/ArmGNUToolchain/12.3.rel1/arm-none-eabi/bin/../lib/gcc/arm-none-eabi/12.3.1/../../../../arm-none-eabi/lib/thumb/v7e-m+fp/hard/libc_nano.a(libc_a-mbtowc_r.o)
                0x08008ddc                __ascii_mbtowc
 .text._malloc_usable_size_r
                0x08008e00       0x10 /Applications/ArmGNUToolchain/12.3.rel1/arm-none-eabi/bin/../lib/gcc/arm-none-eabi/12.3.1/../../../../arm-none-eabi/lib/thumb/v7e-m+fp/hard/libc_nano.a(libc_a-msizer.o)
                0x08008e00                _malloc_usable_size_r
 .text.fprintf  0x08008e10       0x24 /Applications/ArmGNUToolchain/12.3.rel1/arm-none-eabi/bin/../lib/gcc/arm-none-eabi/12.3.1/../../../../arm-none-eabi/lib/thumb/v7e-m+fp/hard/libc_nano.a(libc_a-fprintf.o)
                0x08008e10                fprintf
                0x08008e10                fiprintf
 .text.__ascii_wctomb
                0x08008e34       0x1a /Applications/ArmGNUToolchain/12.3.rel1/arm-none-eabi/bin/../lib/gcc/arm-none-eabi/12.3.1/../../../../arm-none-eabi/lib/thumb/v7e-m+fp/hard/libc_nano.a(libc_a-wctomb_r.o)
                0x08008e34                __ascii_wctomb
 .text.abort    0x08008e4e        0xe /Applications/ArmGNUToolchain/12.3.rel1/arm-none-eabi/bin/../lib/gcc/arm-none-eabi/12.3.1/../../../../arm-none-eabi/lib/thumb/v7e-m+fp/hard/libc_nano.a(libc_a-abort.o)
                0x08008e4e                abort
 .text.__sfputc_r
                0x08008e5c       0x2e /Applications/ArmGNUToolchain/12.3.rel1/arm-none-eabi/bin/../lib/gcc/arm-none-eabi/12.3.1/../../../../arm-none-eabi/lib/thumb/v7e-m+fp/hard/libc_nano.a(libc_a-nano-vfprintf.o)
 .text.__sfputs_r
                0x08008e8a       0x24 /Applications/ArmGNUToolchain/12.3.rel1/arm-none-eabi/bin/../lib/gcc/arm-none-eabi/12.3.1/../../../../arm-none-eabi/lib/thumb/v7e-m+fp/hard/libc_nano.a(libc_a-nano-vfprintf.o)
                0x08008e8a                __sfputs_r
 *fill*         0x08008eae        0x2 
 .text._vfprintf_r
                0x08008eb0      0x230 /Applications/ArmGNUToolchain/12.3.rel1/arm-none-eabi/bin/../lib/gcc/arm-none-eabi/12.3.1/../../../../arm-none-eabi/lib/thumb/v7e-m+fp/hard/libc_nano.a(libc_a-nano-vfprintf.o)
                0x08008eb0                _vfiprintf_r
                0x08008eb0                _vfprintf_r
 .text.__swbuf_r
                0x080090e0       0x7c /Applications/ArmGNUToolchain/12.3.rel1/arm-none-eabi/bin/../lib/gcc/arm-none-eabi/12.3.1/../../../../arm-none-eabi/lib/thumb/v7e-m+fp/hard/libc_nano.a(libc_a-wbuf.o)
                0x080090e0                __swbuf_r
 .text.__swsetup_r
                0x0800915c       0xac /Applications/ArmGNUToolchain/12.3.rel1/arm-none-eabi/bin/../lib/gcc/arm-none-eabi/12.3.1/../../../../arm-none-eabi/lib/thumb/v7e-m+fp/hard/libc_nano.a(libc_a-wsetup.o)
                0x0800915c                __swsetup_r
 .text.__swhatbuf_r
                0x08009208       0x4c /Applications/ArmGNUToolchain/12.3.rel1/arm-none-eabi/bin/../lib/gcc/arm-none-eabi/12.3.1/../../../../arm-none-eabi/lib/thumb/v7e-m+fp/hard/libc_nano.a(libc_a-makebuf.o)
                0x08009208                __swhatbuf_r
 .text.__smakebuf_r
                0x08009254       0x78 /Applications/ArmGNUToolchain/12.3.rel1/arm-none-eabi/bin/../lib/gcc/arm-none-eabi/12.3.1/../../../../arm-none-eabi/lib/thumb/v7e-m+fp/hard/libc_nano.a(libc_a-makebuf.o)
                0x08009254                __smakebuf_r
 .text._fstat_r
                0x080092cc       0x24 /Applications/ArmGNUToolchain/12.3.rel1/arm-none-eabi/bin/../lib/gcc/arm-none-eabi/12.3.1/../../../../arm-none-eabi/lib/thumb/v7e-m+fp/hard/libc_nano.a(libc_a-fstatr.o)
                0x080092cc                _fstat_r
 .text._isatty_r
                0x080092f0       0x20 /Applications/ArmGNUToolchain/12.3.rel1/arm-none-eabi/bin/../lib/gcc/arm-none-eabi/12.3.1/../../../../arm-none-eabi/lib/thumb/v7e-m+fp/hard/libc_nano.a(libc_a-isattyr.o)
                0x080092f0                _isatty_r
 .text._raise_r
                0x08009310       0x50 /Applications/ArmGNUToolchain/12.3.rel1/arm-none-eabi/bin/../lib/gcc/arm-none-eabi/12.3.1/../../../../arm-none-eabi/lib/thumb/v7e-m+fp/hard/libc_nano.a(libc_a-signal.o)
                0x08009310                _raise_r
 .text.raise    0x08009360       0x10 /Applications/ArmGNUToolchain/12.3.rel1/arm-none-eabi/bin/../lib/gcc/arm-none-eabi/12.3.1/../../../../arm-none-eabi/lib/thumb/v7e-m+fp/hard/libc_nano.a(libc_a-signal.o)
                0x08009360                raise
 .text._kill_r  0x08009370       0x24 /Applications/ArmGNUToolchain/12.3.rel1/arm-none-eabi/bin/../lib/gcc/arm-none-eabi/12.3.1/../../../../arm-none-eabi/lib/thumb/v7e-m+fp/hard/libc_nano.a(libc_a-signalr.o)
                0x08009370                _kill_r
 .text._getpid_r
                0x08009394        0x4 /Applications/ArmGNUToolchain/12.3.rel1/arm-none-eabi/bin/../lib/gcc/arm-none-eabi/12.3.1/../../../../arm-none-eabi/lib/thumb/v7e-m+fp/hard/libc_nano.a(libc_a-signalr.o)
                0x08009394                _getpid_r
 .text.pow      0x08009398       0xf0 /Applications/ArmGNUToolchain/12.3.rel1/arm-none-eabi/bin/../lib/gcc/arm-none-eabi/12.3.1/../../../../arm-none-eabi/lib/thumb/v7e-m+fp/hard/libm.a(libm_a-w_pow.o)
                0x08009398                pow
 .text.finite   0x08009488       0x18 /Applications/ArmGNUToolchain/12.3.rel1/arm-none-eabi/bin/../lib/gcc/arm-none-eabi/12.3.1/../../../../arm-none-eabi/lib/thumb/v7e-m+fp/hard/libm.a(libm_a-s_finite.o)
                0x08009488                finite
 .text.__ieee754_pow
                0x080094a0      0xbec /Applications/ArmGNUToolchain/12.3.rel1/arm-none-eabi/bin/../lib/gcc/arm-none-eabi/12.3.1/../../../../arm-none-eabi/lib/thumb/v7e-m+fp/hard/libm.a(libm_a-e_pow.o)
                0x080094a0                __ieee754_pow
 .text.with_errno
                0x0800a08c       0x24 /Applications/ArmGNUToolchain/12.3.rel1/arm-none-eabi/bin/../lib/gcc/arm-none-eabi/12.3.1/../../../../arm-none-eabi/lib/thumb/v7e-m+fp/hard/libm.a(libm_a-math_err.o)
 .text.xflow    0x0800a0b0       0x34 /Applications/ArmGNUToolchain/12.3.rel1/arm-none-eabi/bin/../lib/gcc/arm-none-eabi/12.3.1/../../../../arm-none-eabi/lib/thumb/v7e-m+fp/hard/libm.a(libm_a-math_err.o)
 *fill*         0x0800a0e4        0x4 
 .text.__math_uflow
                0x0800a0e8       0x10 /Applications/ArmGNUToolchain/12.3.rel1/arm-none-eabi/bin/../lib/gcc/arm-none-eabi/12.3.1/../../../../arm-none-eabi/lib/thumb/v7e-m+fp/hard/libm.a(libm_a-math_err.o)
                0x0800a0e8                __math_uflow
 .text.__math_oflow
                0x0800a0f8       0x10 /Applications/ArmGNUToolchain/12.3.rel1/arm-none-eabi/bin/../lib/gcc/arm-none-eabi/12.3.1/../../../../arm-none-eabi/lib/thumb/v7e-m+fp/hard/libm.a(libm_a-math_err.o)
                0x0800a0f8                __math_oflow
 .text.fabs     0x0800a108       0x10 /Applications/ArmGNUToolchain/12.3.rel1/arm-none-eabi/bin/../lib/gcc/arm-none-eabi/12.3.1/../../../../arm-none-eabi/lib/thumb/v7e-m+fp/hard/libm.a(libm_a-s_fabs.o)
                0x0800a108                fabs
 .text.scalbn   0x0800a118      0x114 /Applications/ArmGNUToolchain/12.3.rel1/arm-none-eabi/bin/../lib/gcc/arm-none-eabi/12.3.1/../../../../arm-none-eabi/lib/thumb/v7e-m+fp/hard/libm.a(libm_a-s_scalbn.o)
                0x0800a118                scalbn
 .text.__ieee754_sqrt
                0x0800a22c      0x1f4 /Applications/ArmGNUToolchain/12.3.rel1/arm-none-eabi/bin/../lib/gcc/arm-none-eabi/12.3.1/../../../../arm-none-eabi/lib/thumb/v7e-m+fp/hard/libm.a(libm_a-e_sqrt.o)
                0x0800a22c                __ieee754_sqrt
 .text._close   0x0800a420       0x10 /Applications/ArmGNUToolchain/12.3.rel1/arm-none-eabi/bin/../lib/gcc/arm-none-eabi/12.3.1/../../../../arm-none-eabi/lib/thumb/v7e-m+fp/hard/libnosys.a(close.o)
                0x0800a420                _close
 .text._fstat   0x0800a430       0x10 /Applications/ArmGNUToolchain/12.3.rel1/arm-none-eabi/bin/../lib/gcc/arm-none-eabi/12.3.1/../../../../arm-none-eabi/lib/thumb/v7e-m+fp/hard/libnosys.a(fstat.o)
                0x0800a430                _fstat
 .text._getpid  0x0800a440       0x10 /Applications/ArmGNUToolchain/12.3.rel1/arm-none-eabi/bin/../lib/gcc/arm-none-eabi/12.3.1/../../../../arm-none-eabi/lib/thumb/v7e-m+fp/hard/libnosys.a(getpid.o)
                0x0800a440                _getpid
 .text._isatty  0x0800a450       0x10 /Applications/ArmGNUToolchain/12.3.rel1/arm-none-eabi/bin/../lib/gcc/arm-none-eabi/12.3.1/../../../../arm-none-eabi/lib/thumb/v7e-m+fp/hard/libnosys.a(isatty.o)
                0x0800a450                _isatty
 .text._kill    0x0800a460       0x10 /Applications/ArmGNUToolchain/12.3.rel1/arm-none-eabi/bin/../lib/gcc/arm-none-eabi/12.3.1/../../../../arm-none-eabi/lib/thumb/v7e-m+fp/hard/libnosys.a(kill.o)
                0x0800a460                _kill
 .text._lseek   0x0800a470       0x10 /Applications/ArmGNUToolchain/12.3.rel1/arm-none-eabi/bin/../lib/gcc/arm-none-eabi/12.3.1/../../../../arm-none-eabi/lib/thumb/v7e-m+fp/hard/libnosys.a(lseek.o)
                0x0800a470                _lseek
 .text._read    0x0800a480       0x10 /Applications/ArmGNUToolchain/12.3.rel1/arm-none-eabi/bin/../lib/gcc/arm-none-eabi/12.3.1/../../../../arm-none-eabi/lib/thumb/v7e-m+fp/hard/libnosys.a(read.o)
                0x0800a480                _read
 .text._sbrk    0x0800a490       0x1c /Applications/ArmGNUToolchain/12.3.rel1/arm-none-eabi/bin/../lib/gcc/arm-none-eabi/12.3.1/../../../../arm-none-eabi/lib/thumb/v7e-m+fp/hard/libnosys.a(sbrk.o)
                0x0800a490                _sbrk
 .text._write   0x0800a4ac       0x10 /Applications/ArmGNUToolchain/12.3.rel1/arm-none-eabi/bin/../lib/gcc/arm-none-eabi/12.3.1/../../../../arm-none-eabi/lib/thumb/v7e-m+fp/hard/libnosys.a(write.o)
                0x0800a4ac                _write
 .text._exit    0x0800a4bc        0x4 /Applications/ArmGNUToolchain/12.3.rel1/arm-none-eabi/bin/../lib/gcc/arm-none-eabi/12.3.1/../../../../arm-none-eabi/lib/thumb/v7e-m+fp/hard/libnosys.a(_exit.o)
                0x0800a4bc                _exit
 .text.__udivmoddi4
                0x0800a4c0      0x2bc /Applications/ArmGNUToolchain/12.3.rel1/arm-none-eabi/bin/../lib/gcc/arm-none-eabi/12.3.1/thumb/v7e-m+fp/hard/libgcc.a(_udivmoddi4.o)
                0x0800a4c0                __udivmoddi4
 .text.__errno  0x0800a77c        0xc /Applications/ArmGNUToolchain/12.3.rel1/arm-none-eabi/bin/../lib/gcc/arm-none-eabi/12.3.1/../../../../arm-none-eabi/lib/thumb/v7e-m+fp/hard/libc_nano.a(libc_a-errno.o)
                0x0800a77c                __errno
 *(.glue_7)
 .glue_7        0x0800a788        0x0 linker stubs
 *(.glue_7t)
 .glue_7t       0x0800a788        0x0 linker stubs
 *(.eh_frame)
 .eh_frame      0x0800a788        0x0 /Applications/ArmGNUToolchain/12.3.rel1/arm-none-eabi/bin/../lib/gcc/arm-none-eabi/12.3.1/thumb/v7e-m+fp/hard/crtbegin.o
 *(.init)
 .init          0x0800a788        0x4 /Applications/ArmGNUToolchain/12.3.rel1/arm-none-eabi/bin/../lib/gcc/arm-none-eabi/12.3.1/thumb/v7e-m+fp/hard/crti.o
                0x0800a788                _init
 .init          0x0800a78c        0x8 /Applications/ArmGNUToolchain/12.3.rel1/arm-none-eabi/bin/../lib/gcc/arm-none-eabi/12.3.1/thumb/v7e-m+fp/hard/crtn.o
 *(.fini)
 .fini          0x0800a794        0x4 /Applications/ArmGNUToolchain/12.3.rel1/arm-none-eabi/bin/../lib/gcc/arm-none-eabi/12.3.1/thumb/v7e-m+fp/hard/crti.o
                0x0800a794                _fini
 .fini          0x0800a798        0x8 /Applications/ArmGNUToolchain/12.3.rel1/arm-none-eabi/bin/../lib/gcc/arm-none-eabi/12.3.1/thumb/v7e-m+fp/hard/crtn.o
                0x0800a7a0                        . = ALIGN (0x8)
                0x0800a7a0                        _etext = .

.vfp11_veneer   0x0800a7a0        0x0
 .vfp11_veneer  0x0800a7a0        0x0 linker stubs

.v4_bx          0x0800a7a0        0x0
 .v4_bx         0x0800a7a0        0x0 linker stubs

.iplt           0x0800a7a0        0x0
 .iplt          0x0800a7a0        0x0 /Applications/ArmGNUToolchain/12.3.rel1/arm-none-eabi/bin/../lib/gcc/arm-none-eabi/12.3.1/thumb/v7e-m+fp/hard/crtbegin.o

.rodata         0x0800a7a0      0xb18
                0x0800a7a0                        . = ALIGN (0x8)
 *(.rodata)
 .rodata        0x0800a7a0        0x3 build/main.o
 *(.rodata*)
 *fill*         0x0800a7a3        0x1 
 .rodata.LED_Test.str1.4
                0x0800a7a4       0x45 build/main.o
 *fill*         0x0800a7e9        0x3 
 .rodata.Flash_Test.str1.4
                0x0800a7ec       0x6f build/main.o
 *fill*         0x0800a85b        0x1 
 .rodata.BDS_Test.str1.4
                0x0800a85c        0x5 build/main.o
 *fill*         0x0800a861        0x3 
 .rodata.LDR_Value_Get.str1.4
                0x0800a864       0x47 build/main.o
 *fill*         0x0800a8ab        0x1 
 .rodata.Battery_Test.str1.4
                0x0800a8ac       0x10 build/main.o
 .rodata.main.str1.4
                0x0800a8bc        0xc build/main.o
 .rodata.shellDescbds_test
                0x0800a8c8        0xd build/main.o
                0x0800a8c8                shellDescbds_test
 *fill*         0x0800a8d5        0x3 
 .rodata.shellCmdbds_test
                0x0800a8d8        0x9 build/main.o
                0x0800a8d8                shellCmdbds_test
 *fill*         0x0800a8e1        0x3 
 .rodata.shellDescflash_test
                0x0800a8e4       0x10 build/main.o
                0x0800a8e4                shellDescflash_test
 .rodata.shellCmdflash_test
                0x0800a8f4        0xb build/main.o
                0x0800a8f4                shellCmdflash_test
 *fill*         0x0800a8ff        0x1 
 .rodata.shellDescrs485_send
                0x0800a900       0x10 build/main.o
                0x0800a900                shellDescrs485_send
 .rodata.shellCmdrs485_send
                0x0800a910        0xb build/main.o
                0x0800a910                shellCmdrs485_send
 *fill*         0x0800a91b        0x1 
 .rodata.shellDescbattery
                0x0800a91c       0x1a build/main.o
                0x0800a91c                shellDescbattery
 *fill*         0x0800a936        0x2 
 .rodata.shellCmdbattery
                0x0800a938        0x8 build/main.o
                0x0800a938                shellCmdbattery
 .rodata.shellDescled
                0x0800a940        0xe build/main.o
                0x0800a940                shellDescled
 *fill*         0x0800a94e        0x2 
 .rodata.shellCmdled
                0x0800a950        0x4 build/main.o
                0x0800a950                shellCmdled
 .rodata.shellDescLDR_Get
                0x0800a954        0xe build/main.o
                0x0800a954                shellDescLDR_Get
 *fill*         0x0800a962        0x2 
 .rodata.shellCmdLDR_Get
                0x0800a964        0x8 build/main.o
                0x0800a964                shellCmdLDR_Get
 .rodata.MSIRangeTable
                0x0800a96c       0x30 build/system_stm32l4xx.o
                0x0800a96c                MSIRangeTable
 .rodata.APBPrescTable
                0x0800a99c        0x8 build/system_stm32l4xx.o
                0x0800a99c                APBPrescTable
 .rodata.AHBPrescTable
                0x0800a9a4       0x10 build/system_stm32l4xx.o
                0x0800a9a4                AHBPrescTable
 .rodata.shellWriteCommandDesc.str1.4
                0x0800a9b4        0x4 build/shell.o
 .rodata.shellWritePrompt.str1.4
                0x0800a9b8       0x23 build/shell.o
                                 0x27 (size before relaxing)
 *fill*         0x0800a9db        0x1 
 .rodata.shellCheckPassword.str1.4
                0x0800a9dc      0x16f build/shell.o
 *fill*         0x0800ab4b        0x1 
 .rodata.shellClear.str1.4
                0x0800ab4c        0x9 build/shell.o
 *fill*         0x0800ab55        0x3 
 .rodata.shellWriteReturnValue.str1.4
                0x0800ab58       0x20 build/shell.o
 .rodata.shellListItem.str1.4
                0x0800ab78       0x2b build/shell.o
 *fill*         0x0800aba3        0x1 
 .rodata.shellListCommand.str1.4
                0x0800aba4       0x12 build/shell.o
 *fill*         0x0800abb6        0x2 
 .rodata.shellListVar.str1.4
                0x0800abb8        0xe build/shell.o
 *fill*         0x0800abc6        0x2 
 .rodata.shellListUser.str1.4
                0x0800abc8        0xf build/shell.o
 *fill*         0x0800abd7        0x1 
 .rodata.shellListKey.str1.4
                0x0800abd8        0xe build/shell.o
 *fill*         0x0800abe6        0x2 
 .rodata.shellDeleteCommandLine.str1.4
                0x0800abe8        0x4 build/shell.o
 .rodata.shellInsertByte.str1.4
                0x0800abec       0x21 build/shell.o
 *fill*         0x0800ac0d        0x3 
 .rodata.shellWriteCommandHelp.str1.4
                0x0800ac10       0x28 build/shell.o
 .rodata.shellShowVar.str1.4
                0x0800ac38        0x6 build/shell.o
 *fill*         0x0800ac3e        0x2 
 .rodata.shellSetVarValue.str1.4
                0x0800ac40       0x30 build/shell.o
 .rodata.shellSetVar.str1.4
                0x0800ac70       0x20 build/shell.o
 .rodata.shellInit.str1.4
                0x0800ac90        0x7 build/shell.o
 *fill*         0x0800ac97        0x1 
 .rodata.shellDescclear
                0x0800ac98        0xe build/shell.o
                0x0800ac98                shellDescclear
 *fill*         0x0800aca6        0x2 
 .rodata.shellCmdclear
                0x0800aca8        0x6 build/shell.o
                0x0800aca8                shellCmdclear
 *fill*         0x0800acae        0x2 
 .rodata.shellDesckeys
                0x0800acb0        0xd build/shell.o
                0x0800acb0                shellDesckeys
 *fill*         0x0800acbd        0x3 
 .rodata.shellCmdkeys
                0x0800acc0        0x5 build/shell.o
                0x0800acc0                shellCmdkeys
 *fill*         0x0800acc5        0x3 
 .rodata.shellDescvars
                0x0800acc8        0xd build/shell.o
                0x0800acc8                shellDescvars
 *fill*         0x0800acd5        0x3 
 .rodata.shellCmdvars
                0x0800acd8        0x5 build/shell.o
                0x0800acd8                shellCmdvars
 *fill*         0x0800acdd        0x3 
 .rodata.shellDesccmds
                0x0800ace0        0xd build/shell.o
                0x0800ace0                shellDesccmds
 *fill*         0x0800aced        0x3 
 .rodata.shellCmdcmds
                0x0800acf0        0x5 build/shell.o
                0x0800acf0                shellCmdcmds
 *fill*         0x0800acf5        0x3 
 .rodata.shellDescusers
                0x0800acf8        0xe build/shell.o
                0x0800acf8                shellDescusers
 *fill*         0x0800ad06        0x2 
 .rodata.shellCmdusers
                0x0800ad08        0x6 build/shell.o
                0x0800ad08                shellCmdusers
 *fill*         0x0800ad0e        0x2 
 .rodata.shellDeschelp
                0x0800ad10       0x1e build/shell.o
                0x0800ad10                shellDeschelp
 *fill*         0x0800ad2e        0x2 
 .rodata.shellCmdhelp
                0x0800ad30        0x5 build/shell.o
                0x0800ad30                shellCmdhelp
 *fill*         0x0800ad35        0x3 
 .rodata.shellDesc0x0D000000
                0x0800ad38        0x6 build/shell.o
                0x0800ad38                shellDesc0x0D000000
 *fill*         0x0800ad3e        0x2 
 .rodata.shellDesc0x0A000000
                0x0800ad40        0x6 build/shell.o
                0x0800ad40                shellDesc0x0A000000
 *fill*         0x0800ad46        0x2 
 .rodata.shellDesc0x1B5B337E
                0x0800ad48        0x7 build/shell.o
                0x0800ad48                shellDesc0x1B5B337E
 *fill*         0x0800ad4f        0x1 
 .rodata.shellDesc0x7F000000
                0x0800ad50        0xa build/shell.o
                0x0800ad50                shellDesc0x7F000000
 *fill*         0x0800ad5a        0x2 
 .rodata.shellDesc0x08000000
                0x0800ad5c        0xa build/shell.o
                0x0800ad5c                shellDesc0x08000000
 *fill*         0x0800ad66        0x2 
 .rodata.shellDesc0x09000000
                0x0800ad68        0x4 build/shell.o
                0x0800ad68                shellDesc0x09000000
 .rodata.shellDesc0x1B5B4400
                0x0800ad6c        0x5 build/shell.o
                0x0800ad6c                shellDesc0x1B5B4400
 *fill*         0x0800ad71        0x3 
 .rodata.shellDesc0x1B5B4300
                0x0800ad74        0x6 build/shell.o
                0x0800ad74                shellDesc0x1B5B4300
 *fill*         0x0800ad7a        0x2 
 .rodata.shellDesc0x1B5B4200
                0x0800ad7c        0x5 build/shell.o
                0x0800ad7c                shellDesc0x1B5B4200
 *fill*         0x0800ad81        0x3 
 .rodata.shellDesc0x1B5B4100
                0x0800ad84        0x3 build/shell.o
                0x0800ad84                shellDesc0x1B5B4100
 *fill*         0x0800ad87        0x1 
 .rodata.shellDescsetVar
                0x0800ad88        0x8 build/shell.o
                0x0800ad88                shellDescsetVar
 .rodata.shellCmdsetVar
                0x0800ad90        0x7 build/shell.o
                0x0800ad90                shellCmdsetVar
 *fill*         0x0800ad97        0x1 
 .rodata.shellDesDefaultUser
                0x0800ad98        0xd build/shell.o
                0x0800ad98                shellDesDefaultUser
 *fill*         0x0800ada5        0x3 
 .rodata.shellPasswordDefaultUser
                0x0800ada8        0x1 build/shell.o
                0x0800ada8                shellPasswordDefaultUser
 *fill*         0x0800ada9        0x3 
 .rodata.shellCmdDefaultUser
                0x0800adac        0x7 build/shell.o
                0x0800adac                shellCmdDefaultUser
 .rodata._printf_float.str1.1
                0x0800adb3       0x12 /Applications/ArmGNUToolchain/12.3.rel1/arm-none-eabi/bin/../lib/gcc/arm-none-eabi/12.3.1/../../../../arm-none-eabi/lib/thumb/v7e-m+fp/hard/libc_nano.a(libc_a-nano-vfprintf_float.o)
 .rodata._printf_i.str1.1
                0x0800adc5       0x22 /Applications/ArmGNUToolchain/12.3.rel1/arm-none-eabi/bin/../lib/gcc/arm-none-eabi/12.3.1/../../../../arm-none-eabi/lib/thumb/v7e-m+fp/hard/libc_nano.a(libc_a-nano-vfprintf_i.o)
 .rodata._dtoa_r.str1.1
                0x0800ade7       0x96 /Applications/ArmGNUToolchain/12.3.rel1/arm-none-eabi/bin/../lib/gcc/arm-none-eabi/12.3.1/../../../../arm-none-eabi/lib/thumb/v7e-m+fp/hard/libc_nano.a(libc_a-dtoa.o)
                                 0x98 (size before relaxing)
 .rodata._svfprintf_r.str1.1
                0x0800ae7d       0x11 /Applications/ArmGNUToolchain/12.3.rel1/arm-none-eabi/bin/../lib/gcc/arm-none-eabi/12.3.1/../../../../arm-none-eabi/lib/thumb/v7e-m+fp/hard/libc_nano.a(libc_a-nano-svfprintf.o)
 .rodata._Balloc.str1.1
                0x0800ae8e       0x62 /Applications/ArmGNUToolchain/12.3.rel1/arm-none-eabi/bin/../lib/gcc/arm-none-eabi/12.3.1/../../../../arm-none-eabi/lib/thumb/v7e-m+fp/hard/libc_nano.a(libc_a-mprec.o)
                                 0x79 (size before relaxing)
 .rodata.__multadd.str1.1
                0x0800aef0       0x11 /Applications/ArmGNUToolchain/12.3.rel1/arm-none-eabi/bin/../lib/gcc/arm-none-eabi/12.3.1/../../../../arm-none-eabi/lib/thumb/v7e-m+fp/hard/libc_nano.a(libc_a-mprec.o)
 .rodata.p05.0  0x0800aef0        0xc /Applications/ArmGNUToolchain/12.3.rel1/arm-none-eabi/bin/../lib/gcc/arm-none-eabi/12.3.1/../../../../arm-none-eabi/lib/thumb/v7e-m+fp/hard/libc_nano.a(libc_a-mprec.o)
 *fill*         0x0800aefc        0x4 
 .rodata.__mprec_bigtens
                0x0800af00       0x28 /Applications/ArmGNUToolchain/12.3.rel1/arm-none-eabi/bin/../lib/gcc/arm-none-eabi/12.3.1/../../../../arm-none-eabi/lib/thumb/v7e-m+fp/hard/libc_nano.a(libc_a-mprec.o)
                0x0800af00                __mprec_bigtens
 .rodata.__mprec_tens
                0x0800af28       0xc8 /Applications/ArmGNUToolchain/12.3.rel1/arm-none-eabi/bin/../lib/gcc/arm-none-eabi/12.3.1/../../../../arm-none-eabi/lib/thumb/v7e-m+fp/hard/libc_nano.a(libc_a-mprec.o)
                0x0800af28                __mprec_tens
 .rodata._setlocale_r.str1.1
                0x0800aff0        0x8 /Applications/ArmGNUToolchain/12.3.rel1/arm-none-eabi/bin/../lib/gcc/arm-none-eabi/12.3.1/../../../../arm-none-eabi/lib/thumb/v7e-m+fp/hard/libc_nano.a(libc_a-locale.o)
                                  0x9 (size before relaxing)
 .rodata.str1.1
                0x0800aff8        0x2 /Applications/ArmGNUToolchain/12.3.rel1/arm-none-eabi/bin/../lib/gcc/arm-none-eabi/12.3.1/../../../../arm-none-eabi/lib/thumb/v7e-m+fp/hard/libc_nano.a(libc_a-locale.o)
 .rodata._ctype_
                0x0800affa      0x101 /Applications/ArmGNUToolchain/12.3.rel1/arm-none-eabi/bin/../lib/gcc/arm-none-eabi/12.3.1/../../../../arm-none-eabi/lib/thumb/v7e-m+fp/hard/libc_nano.a(libc_a-ctype_.o)
                0x0800affa                _ctype_
 .rodata.__assert_func.str1.1
                0x0800b0fb       0x3c /Applications/ArmGNUToolchain/12.3.rel1/arm-none-eabi/bin/../lib/gcc/arm-none-eabi/12.3.1/../../../../arm-none-eabi/lib/thumb/v7e-m+fp/hard/libc_nano.a(libc_a-assert.o)
                                 0x3d (size before relaxing)
 .rodata._vfprintf_r.str1.1
                0x0800b137       0x11 /Applications/ArmGNUToolchain/12.3.rel1/arm-none-eabi/bin/../lib/gcc/arm-none-eabi/12.3.1/../../../../arm-none-eabi/lib/thumb/v7e-m+fp/hard/libc_nano.a(libc_a-nano-vfprintf.o)
                0x0800b148                        . = ALIGN (0x8)
 *fill*         0x0800b137        0x1 
                0x0800b138                        _shell_command_start = .
 *(shellCommand)
 shellCommand   0x0800b138       0x60 build/main.o
                0x0800b138                shellCommandbds_test
                0x0800b148                shellCommandflash_test
                0x0800b158                shellCommandrs485_send
                0x0800b168                shellCommandbattery
                0x0800b178                shellCommandled
                0x0800b188                shellCommandLDR_Get
 shellCommand   0x0800b198      0x120 build/shell.o
                0x0800b198                shellCommandclear
                0x0800b1a8                shellCommandkeys
                0x0800b1b8                shellCommandvars
                0x0800b1c8                shellCommandcmds
                0x0800b1d8                shellCommandusers
                0x0800b1e8                shellCommandhelp
                0x0800b1f8                shellKey0x0D000000
                0x0800b208                shellKey0x0A000000
                0x0800b218                shellKey0x1B5B337E
                0x0800b228                shellKey0x7F000000
                0x0800b238                shellKey0x08000000
                0x0800b248                shellKey0x09000000
                0x0800b258                shellKey0x1B5B4400
                0x0800b268                shellKey0x1B5B4300
                0x0800b278                shellKey0x1B5B4200
                0x0800b288                shellKey0x1B5B4100
                0x0800b298                shellCommandsetVar
                0x0800b2a8                shellUserDefault
                0x0800b2b8                        _shell_command_end = .

.ARM.extab      0x0800b2b8        0x0
                0x0800b2b8                        . = ALIGN (0x8)
 *(.ARM.extab* .gnu.linkonce.armextab.*)
                0x0800b2b8                        . = ALIGN (0x8)

.ARM            0x0800b2b8        0x8
                0x0800b2b8                        . = ALIGN (0x8)
                0x0800b2b8                        __exidx_start = .
 *(.ARM.exidx*)
 .ARM.exidx     0x0800b2b8        0x8 /Applications/ArmGNUToolchain/12.3.rel1/arm-none-eabi/bin/../lib/gcc/arm-none-eabi/12.3.1/../../../../arm-none-eabi/lib/thumb/v7e-m+fp/hard/libc_nano.a(libc_a-memchr.o)
 .ARM.exidx     0x0800b2c0        0x0 /Applications/ArmGNUToolchain/12.3.rel1/arm-none-eabi/bin/../lib/gcc/arm-none-eabi/12.3.1/../../../../arm-none-eabi/lib/thumb/v7e-m+fp/hard/libc_nano.a(libc_a-strlen.o)
                                  0x8 (size before relaxing)
 .ARM.exidx     0x0800b2c0        0x0 /Applications/ArmGNUToolchain/12.3.rel1/arm-none-eabi/bin/../lib/gcc/arm-none-eabi/12.3.1/../../../../arm-none-eabi/lib/thumb/v7e-m+fp/hard/libc_nano.a(libc_a-strcmp.o)
                                  0x8 (size before relaxing)
 .ARM.exidx.text.__udivmoddi4
                0x0800b2c0        0x0 /Applications/ArmGNUToolchain/12.3.rel1/arm-none-eabi/bin/../lib/gcc/arm-none-eabi/12.3.1/thumb/v7e-m+fp/hard/libgcc.a(_udivmoddi4.o)
                                  0x8 (size before relaxing)
                0x0800b2c0                        __exidx_end = .
                0x0800b2c0                        . = ALIGN (0x8)

.rel.dyn        0x0800b2c0        0x0
 .rel.iplt      0x0800b2c0        0x0 /Applications/ArmGNUToolchain/12.3.rel1/arm-none-eabi/bin/../lib/gcc/arm-none-eabi/12.3.1/thumb/v7e-m+fp/hard/crtbegin.o

.preinit_array  0x0800b2c0        0x0
                0x0800b2c0                        . = ALIGN (0x8)
                0x0800b2c0                        PROVIDE (__preinit_array_start = .)
 *(.preinit_array*)
                0x0800b2c0                        PROVIDE (__preinit_array_end = .)
                0x0800b2c0                        . = ALIGN (0x8)

.init_array     0x0800b2c0        0x8
                0x0800b2c0                        . = ALIGN (0x8)
                0x0800b2c0                        PROVIDE (__init_array_start = .)
 *(SORT_BY_NAME(.init_array.*))
 *(.init_array*)
 .init_array    0x0800b2c0        0x4 /Applications/ArmGNUToolchain/12.3.rel1/arm-none-eabi/bin/../lib/gcc/arm-none-eabi/12.3.1/thumb/v7e-m+fp/hard/crtbegin.o
                0x0800b2c4                        PROVIDE (__init_array_end = .)
                0x0800b2c8                        . = ALIGN (0x8)
 *fill*         0x0800b2c4        0x4 

.fini_array     0x0800b2c8        0x8
                0x0800b2c8                        . = ALIGN (0x8)
                [!provide]                        PROVIDE (__fini_array_start = .)
 *(SORT_BY_NAME(.fini_array.*))
 *(.fini_array*)
 .fini_array    0x0800b2c8        0x4 /Applications/ArmGNUToolchain/12.3.rel1/arm-none-eabi/bin/../lib/gcc/arm-none-eabi/12.3.1/thumb/v7e-m+fp/hard/crtbegin.o
                [!provide]                        PROVIDE (__fini_array_end = .)
                0x0800b2d0                        . = ALIGN (0x8)
 *fill*         0x0800b2cc        0x4 
                0x0800b2d0                        _sidata = LOADADDR (.data)

.data           0x20000000      0x358 load address 0x0800b2d0
                0x20000000                        . = ALIGN (0x8)
                0x20000000                        _sdata = .
 *(.data)
 *(.data*)
 .data.bds_dev  0x20000000        0x4 build/main.o
                0x20000000                bds_dev
 .data.uwTickFreq
                0x20000004        0x1 build/stm32l4xx_hal.o
                0x20000004                uwTickFreq
 *fill*         0x20000005        0x3 
 .data.uwTickPrio
                0x20000008        0x4 build/stm32l4xx_hal.o
                0x20000008                uwTickPrio
 .data.SystemCoreClock
                0x2000000c        0x4 build/system_stm32l4xx.o
                0x2000000c                SystemCoreClock
 .data.dev_led  0x20000010       0x10 build/led.o
                0x20000010                dev_led
 .data.dev_rs485
                0x20000020        0xc build/rs485.o
                0x20000020                dev_rs485
 .data.atgm_dev
                0x2000002c       0x24 build/ATGM332D.o
                0x2000002c                atgm_dev
 .data.dev0_buff
                0x20000050      0x12c build/ATGM332D.o
                0x20000050                dev0_buff
 .data.__sglue  0x2000017c        0xc /Applications/ArmGNUToolchain/12.3.rel1/arm-none-eabi/bin/../lib/gcc/arm-none-eabi/12.3.1/../../../../arm-none-eabi/lib/thumb/v7e-m+fp/hard/libc_nano.a(libc_a-findfp.o)
                0x2000017c                __sglue
 .data._impure_ptr
                0x20000188        0x4 /Applications/ArmGNUToolchain/12.3.rel1/arm-none-eabi/bin/../lib/gcc/arm-none-eabi/12.3.1/../../../../arm-none-eabi/lib/thumb/v7e-m+fp/hard/libc_nano.a(libc_a-impure.o)
                0x20000188                _impure_ptr
 .data._impure_data
                0x2000018c       0x4c /Applications/ArmGNUToolchain/12.3.rel1/arm-none-eabi/bin/../lib/gcc/arm-none-eabi/12.3.1/../../../../arm-none-eabi/lib/thumb/v7e-m+fp/hard/libc_nano.a(libc_a-impure.o)
                0x2000018c                _impure_data
 .data.__global_locale
                0x200001d8      0x16c /Applications/ArmGNUToolchain/12.3.rel1/arm-none-eabi/bin/../lib/gcc/arm-none-eabi/12.3.1/../../../../arm-none-eabi/lib/thumb/v7e-m+fp/hard/libc_nano.a(libc_a-locale.o)
                0x200001d8                __global_locale
 *fill*         0x20000344        0x4 
 .data.tiny     0x20000348        0x8 /Applications/ArmGNUToolchain/12.3.rel1/arm-none-eabi/bin/../lib/gcc/arm-none-eabi/12.3.1/../../../../arm-none-eabi/lib/thumb/v7e-m+fp/hard/libm.a(libm_a-e_sqrt.o)
 .data.one      0x20000350        0x8 /Applications/ArmGNUToolchain/12.3.rel1/arm-none-eabi/bin/../lib/gcc/arm-none-eabi/12.3.1/../../../../arm-none-eabi/lib/thumb/v7e-m+fp/hard/libm.a(libm_a-e_sqrt.o)
                0x20000358                        . = ALIGN (0x8)
                0x20000358                        _edata = .

.tm_clone_table
                0x20000358        0x0 load address 0x0800b628
 .tm_clone_table
                0x20000358        0x0 /Applications/ArmGNUToolchain/12.3.rel1/arm-none-eabi/bin/../lib/gcc/arm-none-eabi/12.3.1/thumb/v7e-m+fp/hard/crtbegin.o
 .tm_clone_table
                0x20000358        0x0 /Applications/ArmGNUToolchain/12.3.rel1/arm-none-eabi/bin/../lib/gcc/arm-none-eabi/12.3.1/thumb/v7e-m+fp/hard/crtend.o

.igot.plt       0x20000358        0x0 load address 0x0800b628
 .igot.plt      0x20000358        0x0 /Applications/ArmGNUToolchain/12.3.rel1/arm-none-eabi/bin/../lib/gcc/arm-none-eabi/12.3.1/thumb/v7e-m+fp/hard/crtbegin.o
                0x20000358                        . = ALIGN (0x4)

.bss            0x20000358      0x848 load address 0x0800b628
                0x20000358                        _sbss = .
                0x20000358                        __bss_start__ = _sbss
 *(.bss)
 *(.bss*)
 .bss.completed.1
                0x20000358        0x1 /Applications/ArmGNUToolchain/12.3.rel1/arm-none-eabi/bin/../lib/gcc/arm-none-eabi/12.3.1/thumb/v7e-m+fp/hard/crtbegin.o
 *fill*         0x20000359        0x3 
 .bss.object.0  0x2000035c       0x18 /Applications/ArmGNUToolchain/12.3.rel1/arm-none-eabi/bin/../lib/gcc/arm-none-eabi/12.3.1/thumb/v7e-m+fp/hard/crtbegin.o
 .bss.uwTick    0x20000374        0x4 build/stm32l4xx_hal.o
                0x20000374                uwTick
 .bss.shell_buffer
                0x20000378      0x200 build/shell_port.o
                0x20000378                shell_buffer
 .bss.shell     0x20000578       0x6c build/shell_port.o
                0x20000578                shell
 .bss.buffer.0  0x200005e4        0x9 build/shell.o
 *fill*         0x200005ed        0x3 
 .bss.shellList
                0x200005f0       0x14 build/shell.o
 .bss.hadc1     0x20000604       0x64 build/adc.o
                0x20000604                hadc1
 .bss.hspi3     0x20000668       0x64 build/spi.o
                0x20000668                hspi3
 .bss.hspi2     0x200006cc       0x64 build/spi.o
                0x200006cc                hspi2
 .bss.huart3    0x20000730       0x84 build/usart.o
                0x20000730                huart3
 .bss.huart2    0x200007b4       0x84 build/usart.o
                0x200007b4                huart2
 .bss.huart1    0x20000838       0x84 build/usart.o
                0x20000838                huart1
 .bss.u2_cache  0x200008bc      0x190 build/usart.o
                0x200008bc                u2_cache
 .bss.u1_cache  0x20000a4c        0x1 build/usart.o
                0x20000a4c                u1_cache
 *fill*         0x20000a4d        0x3 
 .bss.__sf      0x20000a50      0x138 /Applications/ArmGNUToolchain/12.3.rel1/arm-none-eabi/bin/../lib/gcc/arm-none-eabi/12.3.1/../../../../arm-none-eabi/lib/thumb/v7e-m+fp/hard/libc_nano.a(libc_a-findfp.o)
                0x20000a50                __sf
 .bss.__stdio_exit_handler
                0x20000b88        0x4 /Applications/ArmGNUToolchain/12.3.rel1/arm-none-eabi/bin/../lib/gcc/arm-none-eabi/12.3.1/../../../../arm-none-eabi/lib/thumb/v7e-m+fp/hard/libc_nano.a(libc_a-findfp.o)
                0x20000b88                __stdio_exit_handler
 .bss.__lock___malloc_recursive_mutex
                0x20000b8c        0x1 /Applications/ArmGNUToolchain/12.3.rel1/arm-none-eabi/bin/../lib/gcc/arm-none-eabi/12.3.1/../../../../arm-none-eabi/lib/thumb/v7e-m+fp/hard/libc_nano.a(libc_a-lock.o)
                0x20000b8c                __lock___malloc_recursive_mutex
 .bss.__lock___sfp_recursive_mutex
                0x20000b8d        0x1 /Applications/ArmGNUToolchain/12.3.rel1/arm-none-eabi/bin/../lib/gcc/arm-none-eabi/12.3.1/../../../../arm-none-eabi/lib/thumb/v7e-m+fp/hard/libc_nano.a(libc_a-lock.o)
                0x20000b8d                __lock___sfp_recursive_mutex
 *fill*         0x20000b8e        0x2 
 .bss.__malloc_sbrk_start
                0x20000b90        0x4 /Applications/ArmGNUToolchain/12.3.rel1/arm-none-eabi/bin/../lib/gcc/arm-none-eabi/12.3.1/../../../../arm-none-eabi/lib/thumb/v7e-m+fp/hard/libc_nano.a(libc_a-mallocr.o)
                0x20000b90                __malloc_sbrk_start
 .bss.__malloc_free_list
                0x20000b94        0x4 /Applications/ArmGNUToolchain/12.3.rel1/arm-none-eabi/bin/../lib/gcc/arm-none-eabi/12.3.1/../../../../arm-none-eabi/lib/thumb/v7e-m+fp/hard/libc_nano.a(libc_a-mallocr.o)
                0x20000b94                __malloc_free_list
 .bss.errno     0x20000b98        0x4 /Applications/ArmGNUToolchain/12.3.rel1/arm-none-eabi/bin/../lib/gcc/arm-none-eabi/12.3.1/../../../../arm-none-eabi/lib/thumb/v7e-m+fp/hard/libc_nano.a(libc_a-reent.o)
                0x20000b98                errno
 .bss.heap_end.0
                0x20000b9c        0x4 /Applications/ArmGNUToolchain/12.3.rel1/arm-none-eabi/bin/../lib/gcc/arm-none-eabi/12.3.1/../../../../arm-none-eabi/lib/thumb/v7e-m+fp/hard/libnosys.a(sbrk.o)
 *(COMMON)
                0x20000ba0                        . = ALIGN (0x4)
                0x20000ba0                        _ebss = .
                0x20000ba0                        __bss_end__ = _ebss

._user_heap_stack
                0x20000ba0      0x800 load address 0x0800b628
                0x20000ba0                        . = ALIGN (0x8)
                0x20000ba0                        PROVIDE (end = .)
                [!provide]                        PROVIDE (_end = .)
                0x20000fa0                        . = (. + _Min_Heap_Size)
 *fill*         0x20000ba0      0x400 
                0x200013a0                        . = (. + _Min_Stack_Size)
 *fill*         0x20000fa0      0x400 
                0x200013a0                        . = ALIGN (0x8)

/DISCARD/
 libc.a(*)
 libm.a(*)
 libgcc.a(*)

.ARM.attributes
                0x00000000       0x30
 *(.ARM.attributes)
 .ARM.attributes
                0x00000000       0x22 /Applications/ArmGNUToolchain/12.3.rel1/arm-none-eabi/bin/../lib/gcc/arm-none-eabi/12.3.1/thumb/v7e-m+fp/hard/crti.o
 .ARM.attributes
                0x00000022       0x34 /Applications/ArmGNUToolchain/12.3.rel1/arm-none-eabi/bin/../lib/gcc/arm-none-eabi/12.3.1/thumb/v7e-m+fp/hard/crtbegin.o
 .ARM.attributes
                0x00000056       0x34 build/main.o
 .ARM.attributes
                0x0000008a       0x34 build/stm32l4xx_it.o
 .ARM.attributes