Archive member included to satisfy reference by file (symbol)

e:/gcc-arm-none-eabi-10.3-2021.10-win32/gcc-arm-none-eabi-10.3-2021.10/bin/../lib/gcc/arm-none-eabi/10.3.1/../../../../arm-none-eabi/lib/thumb/v7e-m+fp/hard\libc_nano.a(lib_a-exit.o)
                              e:/gcc-arm-none-eabi-10.3-2021.10-win32/gcc-arm-none-eabi-10.3-2021.10/bin/../lib/gcc/arm-none-eabi/10.3.1/../../../../arm-none-eabi/lib/thumb/v7e-m+fp/hard/crt0.o (exit)
e:/gcc-arm-none-eabi-10.3-2021.10-win32/gcc-arm-none-eabi-10.3-2021.10/bin/../lib/gcc/arm-none-eabi/10.3.1/../../../../arm-none-eabi/lib/thumb/v7e-m+fp/hard\libc_nano.a(lib_a-impure.o)
                              e:/gcc-arm-none-eabi-10.3-2021.10-win32/gcc-arm-none-eabi-10.3-2021.10/bin/../lib/gcc/arm-none-eabi/10.3.1/../../../../arm-none-eabi/lib/thumb/v7e-m+fp/hard\libc_nano.a(lib_a-exit.o) (_global_impure_ptr)
e:/gcc-arm-none-eabi-10.3-2021.10-win32/gcc-arm-none-eabi-10.3-2021.10/bin/../lib/gcc/arm-none-eabi/10.3.1/../../../../arm-none-eabi/lib/thumb/v7e-m+fp/hard\libc_nano.a(lib_a-init.o)
                              e:/gcc-arm-none-eabi-10.3-2021.10-win32/gcc-arm-none-eabi-10.3-2021.10/bin/../lib/gcc/arm-none-eabi/10.3.1/../../../../arm-none-eabi/lib/thumb/v7e-m+fp/hard/crt0.o (__libc_init_array)
e:/gcc-arm-none-eabi-10.3-2021.10-win32/gcc-arm-none-eabi-10.3-2021.10/bin/../lib/gcc/arm-none-eabi/10.3.1/../../../../arm-none-eabi/lib/thumb/v7e-m+fp/hard\libc_nano.a(lib_a-malloc.o)
                              build/timer.o (malloc)
e:/gcc-arm-none-eabi-10.3-2021.10-win32/gcc-arm-none-eabi-10.3-2021.10/bin/../lib/gcc/arm-none-eabi/10.3.1/../../../../arm-none-eabi/lib/thumb/v7e-m+fp/hard\libc_nano.a(lib_a-memcpy-stub.o)
                              build/ATGM332D.o (memcpy)
e:/gcc-arm-none-eabi-10.3-2021.10-win32/gcc-arm-none-eabi-10.3-2021.10/bin/../lib/gcc/arm-none-eabi/10.3.1/../../../../arm-none-eabi/lib/thumb/v7e-m+fp/hard\libc_nano.a(lib_a-memset.o)
                              e:/gcc-arm-none-eabi-10.3-2021.10-win32/gcc-arm-none-eabi-10.3-2021.10/bin/../lib/gcc/arm-none-eabi/10.3.1/../../../../arm-none-eabi/lib/thumb/v7e-m+fp/hard/crt0.o (memset)
e:/gcc-arm-none-eabi-10.3-2021.10-win32/gcc-arm-none-eabi-10.3-2021.10/bin/../lib/gcc/arm-none-eabi/10.3.1/../../../../arm-none-eabi/lib/thumb/v7e-m+fp/hard\libc_nano.a(lib_a-nano-freer.o)
                              e:/gcc-arm-none-eabi-10.3-2021.10-win32/gcc-arm-none-eabi-10.3-2021.10/bin/../lib/gcc/arm-none-eabi/10.3.1/../../../../arm-none-eabi/lib/thumb/v7e-m+fp/hard\libc_nano.a(lib_a-malloc.o) (_free_r)
e:/gcc-arm-none-eabi-10.3-2021.10-win32/gcc-arm-none-eabi-10.3-2021.10/bin/../lib/gcc/arm-none-eabi/10.3.1/../../../../arm-none-eabi/lib/thumb/v7e-m+fp/hard\libc_nano.a(lib_a-nano-mallocr.o)
                              e:/gcc-arm-none-eabi-10.3-2021.10-win32/gcc-arm-none-eabi-10.3-2021.10/bin/../lib/gcc/arm-none-eabi/10.3.1/../../../../arm-none-eabi/lib/thumb/v7e-m+fp/hard\libc_nano.a(lib_a-malloc.o) (_malloc_r)
e:/gcc-arm-none-eabi-10.3-2021.10-win32/gcc-arm-none-eabi-10.3-2021.10/bin/../lib/gcc/arm-none-eabi/10.3.1/../../../../arm-none-eabi/lib/thumb/v7e-m+fp/hard\libc_nano.a(lib_a-nano-vfprintf_float.o)
                              (_printf_float)
e:/gcc-arm-none-eabi-10.3-2021.10-win32/gcc-arm-none-eabi-10.3-2021.10/bin/../lib/gcc/arm-none-eabi/10.3.1/../../../../arm-none-eabi/lib/thumb/v7e-m+fp/hard\libc_nano.a(lib_a-nano-vfprintf_i.o)
                              e:/gcc-arm-none-eabi-10.3-2021.10-win32/gcc-arm-none-eabi-10.3-2021.10/bin/../lib/gcc/arm-none-eabi/10.3.1/../../../../arm-none-eabi/lib/thumb/v7e-m+fp/hard\libc_nano.a(lib_a-nano-vfprintf_float.o) (_printf_common)
e:/gcc-arm-none-eabi-10.3-2021.10-win32/gcc-arm-none-eabi-10.3-2021.10/bin/../lib/gcc/arm-none-eabi/10.3.1/../../../../arm-none-eabi/lib/thumb/v7e-m+fp/hard\libc_nano.a(lib_a-sbrkr.o)
                              e:/gcc-arm-none-eabi-10.3-2021.10-win32/gcc-arm-none-eabi-10.3-2021.10/bin/../lib/gcc/arm-none-eabi/10.3.1/../../../../arm-none-eabi/lib/thumb/v7e-m+fp/hard\libc_nano.a(lib_a-nano-mallocr.o) (_sbrk_r)
e:/gcc-arm-none-eabi-10.3-2021.10-win32/gcc-arm-none-eabi-10.3-2021.10/bin/../lib/gcc/arm-none-eabi/10.3.1/../../../../arm-none-eabi/lib/thumb/v7e-m+fp/hard\libc_nano.a(lib_a-strcmp.o)
                              build/main.o (strcmp)
e:/gcc-arm-none-eabi-10.3-2021.10-win32/gcc-arm-none-eabi-10.3-2021.10/bin/../lib/gcc/arm-none-eabi/10.3.1/../../../../arm-none-eabi/lib/thumb/v7e-m+fp/hard\libc_nano.a(lib_a-strlen.o)
                              build/main.o (strlen)
e:/gcc-arm-none-eabi-10.3-2021.10-win32/gcc-arm-none-eabi-10.3-2021.10/bin/../lib/gcc/arm-none-eabi/10.3.1/../../../../arm-none-eabi/lib/thumb/v7e-m+fp/hard\libc_nano.a(lib_a-strncmp.o)
                              build/shell.o (strncmp)
e:/gcc-arm-none-eabi-10.3-2021.10-win32/gcc-arm-none-eabi-10.3-2021.10/bin/../lib/gcc/arm-none-eabi/10.3.1/../../../../arm-none-eabi/lib/thumb/v7e-m+fp/hard\libc_nano.a(lib_a-strstr.o)
[...]
Memory Configuration

Name             Origin             Length             Attributes
RAM              0x20000000         0x00010000         xrw
RAM2             0x10000000         0x00004000         xrw
FLASH            0x08000000         0x00020000         xr
*default*        0x00000000         0xffffffff

Linker script and memory map

LOAD e:/gcc-arm-none-eabi-10.3-2021.10-win32/gcc-arm-none-eabi-10.3-2021.10/bin/../lib/gcc/arm-none-eabi/10.3.1/thumb/v7e-m+fp/hard/crti.o
LOAD e:/gcc-arm-none-eabi-10.3-2021.10-win32/gcc-arm-none-eabi-10.3-2021.10/bin/../lib/gcc/arm-none-eabi/10.3.1/thumb/v7e-m+fp/hard/crtbegin.o
LOAD e:/gcc-arm-none-eabi-10.3-2021.10-win32/gcc-arm-none-eabi-10.3-2021.10/bin/../lib/gcc/arm-none-eabi/10.3.1/../../../../arm-none-eabi/lib/thumb/v7e-m+fp/hard/crt0.o
LOAD build/main.o
LOAD build/stm32l4xx_it.o
LOAD build/stm32l4xx_hal_msp.o
LOAD build/stm32l4xx_hal_adc.o
LOAD build/stm32l4xx_hal_adc_ex.o
LOAD build/stm32l4xx_hal.o
LOAD build/stm32l4xx_hal_i2c.o
LOAD build/stm32l4xx_hal_i2c_ex.o
LOAD build/stm32l4xx_hal_rcc.o
LOAD build/stm32l4xx_hal_rcc_ex.o
LOAD build/stm32l4xx_hal_flash.o
LOAD build/stm32l4xx_hal_flash_ex.o
LOAD build/stm32l4xx_hal_flash_ramfunc.o
LOAD build/stm32l4xx_hal_gpio.o
LOAD build/stm32l4xx_hal_dma.o
LOAD build/stm32l4xx_hal_dma_ex.o
LOAD build/stm32l4xx_hal_pwr.o
LOAD build/stm32l4xx_hal_pwr_ex.o
LOAD build/stm32l4xx_hal_cortex.o
LOAD build/stm32l4xx_hal_exti.o
LOAD build/stm32l4xx_hal_spi.o
LOAD build/stm32l4xx_hal_spi_ex.o
LOAD build/stm32l4xx_hal_tim.o
LOAD build/stm32l4xx_hal_tim_ex.o
LOAD build/stm32l4xx_hal_uart.o
LOAD build/stm32l4xx_hal_uart_ex.o
LOAD build/system_stm32l4xx.o
LOAD build/shell_cmd_list.o
LOAD build/shell_companion.o
LOAD build/shell_ext.o
LOAD build/shell_port.o
LOAD build/shell.o
LOAD build/fsm.o
LOAD build/gpio.o
LOAD build/adc.o
LOAD build/spi.o
LOAD build/usart.o
LOAD build/timer.o
LOAD build/queue.o
LOAD build/y_lora.o
LOAD build/SX1278_hw.o
LOAD build/W25QXX.o
LOAD build/led.o
LOAD build/rs485.o
LOAD build/ATGM332D.o
LOAD build/EC2x.o
LOAD build/SX1278.o
LOAD build/startup_stm32l431xx.o
LOAD e:/gcc-arm-none-eabi-10.3-2021.10-win32/gcc-arm-none-eabi-10.3-2021.10/bin/../lib/gcc/arm-none-eabi/10.3.1/../../../../arm-none-eabi/lib/thumb/v7e-m+fp/hard\libc_nano.a
LOAD e:/gcc-arm-none-eabi-10.3-2021.10-win32/gcc-arm-none-eabi-10.3-2021.10/bin/../lib/gcc/arm-none-eabi/10.3.1/../../../../arm-none-eabi/lib/thumb/v7e-m+fp/hard\libm.a
LOAD e:/gcc-arm-none-eabi-10.3-2021.10-win32/gcc-arm-none-eabi-10.3-2021.10/bin/../lib/gcc/arm-none-eabi/10.3.1/../../../../arm-none-eabi/lib/thumb/v7e-m+fp/hard\libnosys.a
START GROUP
LOAD e:/gcc-arm-none-eabi-10.3-2021.10-win32/gcc-arm-none-eabi-10.3-2021.10/bin/../lib/gcc/arm-none-eabi/10.3.1/thumb/v7e-m+fp/hard\libgcc.a
LOAD e:/gcc-arm-none-eabi-10.3-2021.10-win32/gcc-arm-none-eabi-10.3-2021.10/bin/../lib/gcc/arm-none-eabi/10.3.1/../../../../arm-none-eabi/lib/thumb/v7e-m+fp/hard\libc_nano.a
END GROUP
START GROUP
LOAD e:/gcc-arm-none-eabi-10.3-2021.10-win32/gcc-arm-none-eabi-10.3-2021.10/bin/../lib/gcc/arm-none-eabi/10.3.1/thumb/v7e-m+fp/hard\libgcc.a
LOAD e:/gcc-arm-none-eabi-10.3-2021.10-win32/gcc-arm-none-eabi-10.3-2021.10/bin/../lib/gcc/arm-none-eabi/10.3.1/../../../../arm-none-eabi/lib/thumb/v7e-m+fp/hard\libc_nano.a
END GROUP
LOAD e:/gcc-arm-none-eabi-10.3-2021.10-win32/gcc-arm-none-eabi-10.3-2021.10/bin/../lib/gcc/arm-none-eabi/10.3.1/thumb/v7e-m+fp/hard/crtend.o
LOAD e:/gcc-arm-none-eabi-10.3-2021.10-win32/gcc-arm-none-eabi-10.3-2021.10/bin/../lib/gcc/arm-none-eabi/10.3.1/thumb/v7e-m+fp/hard/crtn.o
                0x20010000                _estack = 0x20010000
                0x00000600                _Min_Heap_Size = 0x600
                0x00000400                _Min_Stack_Size = 0x400

.isr_vector     0x08000000      0x190
                0x08000000                . = ALIGN (0x8)
 *(.isr_vector)
 .isr_vector    0x08000000      0x18c build/startup_stm32l431xx.o
                0x08000000                g_pfnVectors
                0x08000190                . = ALIGN (0x8)
 *fill*         0x0800018c        0x4 

.text           0x08000190     0xb4f8
                0x08000190                . = ALIGN (0x8)
 *(.text)
 .text          0x08000190       0x40 e:/gcc-arm-none-eabi-10.3-2021.10-win32/gcc-arm-none-eabi-10.3-2021.10/bin/../lib/gcc/arm-none-eabi/10.3.1/thumb/v7e-m+fp/hard/crtbegin.o
 .text          0x080001d0       0x14 e:/gcc-arm-none-eabi-10.3-2021.10-win32/gcc-arm-none-eabi-10.3-2021.10/bin/../lib/gcc/arm-none-eabi/10.3.1/../../../../arm-none-eabi/lib/thumb/v7e-m+fp/hard\libc_nano.a(lib_a-strcmp.o)
                0x080001d0                strcmp
 .text          0x080001e4       0x10 e:/gcc-arm-none-eabi-10.3-2021.10-win32/gcc-arm-none-eabi-10.3-2021.10/bin/../lib/gcc/arm-none-eabi/10.3.1/../../../../arm-none-eabi/lib/thumb/v7e-m+fp/hard\libc_nano.a(lib_a-strlen.o)
                0x080001e4                strlen
 *fill*         0x080001f4        0xc 
 .text          0x08000200       0xa0 e:/gcc-arm-none-eabi-10.3-2021.10-win32/gcc-arm-none-eabi-10.3-2021.10/bin/../lib/gcc/arm-none-eabi/10.3.1/../../../../arm-none-eabi/lib/thumb/v7e-m+fp/hard\libc_nano.a(lib_a-memchr.o)
                0x08000200                memchr
 .text          0x080002a0      0x378 e:/gcc-arm-none-eabi-10.3-2021.10-win32/gcc-arm-none-eabi-10.3-2021.10/bin/../lib/gcc/arm-none-eabi/10.3.1/thumb/v7e-m+fp/hard\libgcc.a(_arm_addsubdf3.o)
                0x080002a0                __aeabi_drsub
                0x080002a8                __aeabi_dsub
                0x080002a8                __subdf3
                0x080002ac                __aeabi_dadd
                0x080002ac                __adddf3
                0x08000524                __floatunsidf
                0x08000524                __aeabi_ui2d
                0x08000544                __floatsidf
                0x08000544                __aeabi_i2d
                0x08000568                __aeabi_f2d
                0x08000568                __extendsfdf2
                0x080005ac                __floatundidf
                0x080005ac                __aeabi_ul2d
                0x080005bc                __floatdidf
                0x080005bc                __aeabi_l2d
 .text          0x08000618      0x424 e:/gcc-arm-none-eabi-10.3-2021.10-win32/gcc-arm-none-eabi-10.3-2021.10/bin/../lib/gcc/arm-none-eabi/10.3.1/thumb/v7e-m+fp/hard\libgcc.a(_arm_muldivdf3.o)
                0x08000618                __aeabi_dmul
                0x08000618                __muldf3
                0x0800086c                __divdf3
                0x0800086c                __aeabi_ddiv
 .text          0x08000a3c      0x110 e:/gcc-arm-none-eabi-10.3-2021.10-win32/gcc-arm-none-eabi-10.3-2021.10/bin/../lib/gcc/arm-none-eabi/10.3.1/thumb/v7e-m+fp/hard\libgcc.a(_arm_cmpdf2.o)
                0x08000a3c                __gtdf2
                0x08000a3c                __gedf2
                0x08000a44                __ltdf2
                0x08000a44                __ledf2
                0x08000a4c                __nedf2
                0x08000a4c                __eqdf2
                0x08000a4c                __cmpdf2
                0x08000ac8                __aeabi_cdrcmple
                0x08000ad8                __aeabi_cdcmpeq
                0x08000ad8                __aeabi_cdcmple
                0x08000ae8                __aeabi_dcmpeq
                0x08000afc                __aeabi_dcmplt
                0x08000b10                __aeabi_dcmple
                0x08000b24                __aeabi_dcmpge
                0x08000b38                __aeabi_dcmpgt
 .text          0x08000b4c       0x2c e:/gcc-arm-none-eabi-10.3-2021.10-win32/gcc-arm-none-eabi-10.3-2021.10/bin/../lib/gcc/arm-none-eabi/10.3.1/thumb/v7e-m+fp/hard\libgcc.a(_arm_unorddf2.o)
                0x08000b4c                __unorddf2
                0x08000b4c                __aeabi_dcmpun
 .text          0x08000b78       0x50 e:/gcc-arm-none-eabi-10.3-2021.10-win32/gcc-arm-none-eabi-10.3-2021.10/bin/../lib/gcc/arm-none-eabi/10.3.1/thumb/v7e-m+fp/hard\libgcc.a(_arm_fixdfsi.o)
                0x08000b78                __aeabi_d2iz
                0x08000b78                __fixdfsi
 .text          0x08000bc8       0x40 e:/gcc-arm-none-eabi-10.3-2021.10-win32/gcc-arm-none-eabi-10.3-2021.10/bin/../lib/gcc/arm-none-eabi/10.3.1/thumb/v7e-m+fp/hard\libgcc.a(_arm_fixunsdfsi.o)
                0x08000bc8                __aeabi_d2uiz
                0x08000bc8                __fixunsdfsi
 .text          0x08000c08       0xa0 e:/gcc-arm-none-eabi-10.3-2021.10-win32/gcc-arm-none-eabi-10.3-2021.10/bin/../lib/gcc/arm-none-eabi/10.3.1/thumb/v7e-m+fp/hard\libgcc.a(_arm_truncdfsf2.o)
                0x08000c08                __truncdfsf2
                0x08000c08                __aeabi_d2f
 .text          0x08000ca8       0x30 e:/gcc-arm-none-eabi-10.3-2021.10-win32/gcc-arm-none-eabi-10.3-2021.10/bin/../lib/gcc/arm-none-eabi/10.3.1/thumb/v7e-m+fp/hard\libgcc.a(_aeabi_uldivmod.o)
                0x08000ca8                __aeabi_uldivmod
 .text          0x08000cd8      0x2d0 e:/gcc-arm-none-eabi-10.3-2021.10-win32/gcc-arm-none-eabi-10.3-2021.10/bin/../lib/gcc/arm-none-eabi/10.3.1/thumb/v7e-m+fp/hard\libgcc.a(_udivmoddi4.o)
                0x08000cd8                __udivmoddi4
 .text          0x08000fa8        0x4 e:/gcc-arm-none-eabi-10.3-2021.10-win32/gcc-arm-none-eabi-10.3-2021.10/bin/../lib/gcc/arm-none-eabi/10.3.1/thumb/v7e-m+fp/hard\libgcc.a(_dvmd_tls.o)
                0x08000fa8                __aeabi_idiv0
                0x08000fa8                __aeabi_ldiv0
 *(.text*)
 .text.LED_Test
                0x08000fac       0xc4 build/main.o
                0x08000fac                LED_Test
 .text.RS485_Test
                0x08001070       0x18 build/main.o
                0x08001070                RS485_Test
 .text.Flash_Test
                0x08001088       0xbc build/main.o
                0x08001088                Flash_Test
 .text.BDS_Test
                0x08001144       0x58 build/main.o
                0x08001144                BDS_Test
 .text.LDR_Value_Get
                0x0800119c       0x44 build/main.o
                0x0800119c                LDR_Value_Get
 .text.agencyLDR_Value_Get
                0x080011e0        0xe build/main.o
                0x080011e0                agencyLDR_Value_Get
 *fill*         0x080011ee        0x2 
 .text.Battery_Test
                0x080011f0       0x64 build/main.o
                0x080011f0                Battery_Test
 .text.agencyBattery_Test
                0x08001254        0x8 build/main.o
                0x08001254                agencyBattery_Test
 .text.Error_Handler
                0x0800125c        0x4 build/main.o
                0x0800125c                Error_Handler
 .text.SystemClock_Config
                0x08001260       0x78 build/main.o
                0x08001260                SystemClock_Config
 .text.main     0x080012d8       0xf8 build/main.o
                0x080012d8                main
 .text.NMI_Handler
                0x080013d0        0x2 build/stm32l4xx_it.o
                0x080013d0                NMI_Handler
 .text.HardFault_Handler
                0x080013d2        0x2 build/stm32l4xx_it.o
                0x080013d2                HardFault_Handler
 .text.MemManage_Handler
                0x080013d4        0x2 build/stm32l4xx_it.o
                0x080013d4                MemManage_Handler
 .text.BusFault_Handler
                0x080013d6        0x2 build/stm32l4xx_it.o
                0x080013d6                BusFault_Handler
 .text.UsageFault_Handler
                0x080013d8        0x2 build/stm32l4xx_it.o
                0x080013d8                UsageFault_Handler
 .text.SVC_Handler
                0x080013da        0x2 build/stm32l4xx_it.o
                0x080013da                SVC_Handler
 .text.DebugMon_Handler
                0x080013dc        0x2 build/stm32l4xx_it.o
                0x080013dc                DebugMon_Handler
 .text.PendSV_Handler
                0x080013de        0x2 build/stm32l4xx_it.o
                0x080013de                PendSV_Handler
 .text.SysTick_Handler
                0x080013e0        0xc build/stm32l4xx_it.o
                0x080013e0                SysTick_Handler
 .text.SPI2_IRQHandler
                0x080013ec       0x10 build/stm32l4xx_it.o
                0x080013ec                SPI2_IRQHandler
 .text.USART1_IRQHandler
                0x080013fc       0x10 build/stm32l4xx_it.o
                0x080013fc                USART1_IRQHandler
 .text.USART2_IRQHandler
                0x0800140c       0x10 build/stm32l4xx_it.o
                0x0800140c                USART2_IRQHandler
 .text.USART3_IRQHandler
                0x0800141c       0x10 build/stm32l4xx_it.o
                0x0800141c                USART3_IRQHandler
 .text.SPI3_IRQHandler
                0x0800142c       0x10 build/stm32l4xx_it.o
                0x0800142c                SPI3_IRQHandler
 .text.EXTI9_5_IRQHandler
                0x0800143c       0x68 build/stm32l4xx_it.o
                0x0800143c                EXTI9_5_IRQHandler
 .text.HAL_MspInit
                0x080014a4       0x3c build/stm32l4xx_hal_msp.o
                0x080014a4                HAL_MspInit
 .text.HAL_ADC_Init
                0x080014e0      0x1dc build/stm32l4xx_hal_adc.o
                0x080014e0                HAL_ADC_Init
 .text.HAL_ADC_PollForConversion
                0x080016bc       0xb4 build/stm32l4xx_hal_adc.o
                0x080016bc                HAL_ADC_PollForConversion
 .text.HAL_ADC_GetValue
                0x08001770        0x6 build/stm32l4xx_hal_adc.o
                0x08001770                HAL_ADC_GetValue
 *fill*         0x08001776        0x2 
 .text.HAL_ADC_ConfigChannel
                0x08001778      0x4a0 build/stm32l4xx_hal_adc.o
                0x08001778                HAL_ADC_ConfigChannel
 .text.HAL_ADC_GetState
                0x08001c18        0x4 build/stm32l4xx_hal_adc.o
                0x08001c18                HAL_ADC_GetState
 .text.ADC_ConversionStop
                0x08001c1c      0x100 build/stm32l4xx_hal_adc.o
                0x08001c1c                ADC_ConversionStop
 .text.ADC_Enable
                0x08001d1c       0xdc build/stm32l4xx_hal_adc.o
                0x08001d1c                ADC_Enable
 .text.HAL_ADC_Start
                0x08001df8       0x8c build/stm32l4xx_hal_adc.o
                0x08001df8                HAL_ADC_Start
 .text.ADC_Disable
                0x08001e84       0x94 build/stm32l4xx_hal_adc.o
                0x08001e84                ADC_Disable
 .text.HAL_ADC_Stop
                0x08001f18       0x42 build/stm32l4xx_hal_adc.o
                0x08001f18                HAL_ADC_Stop
 .text.HAL_ADCEx_Calibration_Start
                0x08001f5a       0x98 build/stm32l4xx_hal_adc_ex.o
                0x08001f5a                HAL_ADCEx_Calibration_Start
 *fill*         0x08001ff2        0x2 
 .text.HAL_InitTick
                0x08001ff4       0x50 build/stm32l4xx_hal.o
                0x08001ff4                HAL_InitTick
 .text.HAL_Init
                0x08002044       0x1e build/stm32l4xx_hal.o
                0x08002044                HAL_Init
 *fill*         0x08002062        0x2 
 .text.HAL_IncTick
                0x08002064       0x18 build/stm32l4xx_hal.o
                0x08002064                HAL_IncTick
 .text.HAL_GetTick
                0x0800207c        0xc build/stm32l4xx_hal.o
                0x0800207c                HAL_GetTick
 .text.HAL_Delay
                0x08002088       0x28 build/stm32l4xx_hal.o
                0x08002088                HAL_Delay
 .text.RCC_SetFlashLatencyFromMSIRange
                0x080020b0       0x90 build/stm32l4xx_hal_rcc.o
 .text.HAL_RCC_GetSysClockFreq
                0x08002140       0xb4 build/stm32l4xx_hal_rcc.o
                0x08002140                HAL_RCC_GetSysClockFreq
 .text.HAL_RCC_OscConfig
                0x080021f4      0x66c build/stm32l4xx_hal_rcc.o
                0x080021f4                HAL_RCC_OscConfig
 .text.HAL_RCC_ClockConfig
                0x08002860      0x184 build/stm32l4xx_hal_rcc.o
                0x08002860                HAL_RCC_ClockConfig
 .text.HAL_RCC_GetHCLKFreq
                0x080029e4        0xc build/stm32l4xx_hal_rcc.o
                0x080029e4                HAL_RCC_GetHCLKFreq
 .text.HAL_RCC_GetPCLK1Freq
                0x080029f0       0x24 build/stm32l4xx_hal_rcc.o
                0x080029f0                HAL_RCC_GetPCLK1Freq
 .text.HAL_RCC_GetPCLK2Freq
                0x08002a14       0x24 build/stm32l4xx_hal_rcc.o
                0x08002a14                HAL_RCC_GetPCLK2Freq
 .text.RCCEx_PLLSAI1_Config
                0x08002a38      0x16c build/stm32l4xx_hal_rcc_ex.o
 .text.HAL_RCCEx_PeriphCLKConfig
                0x08002ba4      0x31c build/stm32l4xx_hal_rcc_ex.o
                0x08002ba4                HAL_RCCEx_PeriphCLKConfig
 .text.HAL_GPIO_Init
                0x08002ec0      0x1c8 build/stm32l4xx_hal_gpio.o
                0x08002ec0                HAL_GPIO_Init
 .text.HAL_GPIO_ReadPin
                0x08003088        0xe build/stm32l4xx_hal_gpio.o
                0x08003088                HAL_GPIO_ReadPin
 .text.HAL_GPIO_WritePin
                0x08003096        0xa build/stm32l4xx_hal_gpio.o
                0x08003096                HAL_GPIO_WritePin
 .text.HAL_GPIO_TogglePin
                0x080030a0       0x12 build/stm32l4xx_hal_gpio.o
                0x080030a0                HAL_GPIO_TogglePin
 .text.HAL_DMA_Abort
                0x080030b2       0x4a build/stm32l4xx_hal_dma.o
                0x080030b2                HAL_DMA_Abort
 .text.HAL_DMA_Abort_IT
                0x080030fc       0x50 build/stm32l4xx_hal_dma.o
                0x080030fc                HAL_DMA_Abort_IT
 .text.HAL_PWREx_GetVoltageRange
                0x0800314c       0x10 build/stm32l4xx_hal_pwr_ex.o
                0x0800314c                HAL_PWREx_GetVoltageRange
 .text.HAL_PWREx_ControlVoltageScaling
                0x0800315c       0x90 build/stm32l4xx_hal_pwr_ex.o
                0x0800315c                HAL_PWREx_ControlVoltageScaling
 .text.HAL_NVIC_SetPriorityGrouping
                0x080031ec       0x24 build/stm32l4xx_hal_cortex.o
                0x080031ec                HAL_NVIC_SetPriorityGrouping
 .text.HAL_NVIC_SetPriority
                0x08003210       0x70 build/stm32l4xx_hal_cortex.o
                0x08003210                HAL_NVIC_SetPriority
 .text.HAL_NVIC_EnableIRQ
                0x08003280       0x1c build/stm32l4xx_hal_cortex.o
                0x08003280                HAL_NVIC_EnableIRQ
 .text.HAL_SYSTICK_Config
                0x0800329c       0x28 build/stm32l4xx_hal_cortex.o
                0x0800329c                HAL_SYSTICK_Config
 .text.SPI_WaitFlagStateUntilTimeout
                0x080032c4       0xd4 build/stm32l4xx_hal_spi.o
 .text.SPI_WaitFifoStateUntilTimeout
                0x08003398       0xf4 build/stm32l4xx_hal_spi.o
 .text.SPI_EndRxTxTransaction
                0x0800348c       0x62 build/stm32l4xx_hal_spi.o
 .text.SPI_EndRxTransaction
                0x080034ee       0x82 build/stm32l4xx_hal_spi.o
 .text.HAL_SPI_Init
                0x08003570       0xde build/stm32l4xx_hal_spi.o
                0x08003570                HAL_SPI_Init
 .text.HAL_SPI_Transmit
                0x0800364e      0x202 build/stm32l4xx_hal_spi.o
                0x0800364e                HAL_SPI_Transmit
 .text.HAL_SPI_TransmitReceive
                0x08003850      0x2de build/stm32l4xx_hal_spi.o
                0x08003850                HAL_SPI_TransmitReceive
 .text.HAL_SPI_Receive
                0x08003b2e      0x1aa build/stm32l4xx_hal_spi.o
                0x08003b2e                HAL_SPI_Receive
 .text.HAL_SPI_ErrorCallback
                0x08003cd8        0x2 build/stm32l4xx_hal_spi.o
                0x08003cd8                HAL_SPI_ErrorCallback
 *fill*         0x08003cda        0x2 
 .text.HAL_SPI_IRQHandler
                0x08003cdc      0x124 build/stm32l4xx_hal_spi.o
                0x08003cdc                HAL_SPI_IRQHandler
 .text.SPI_DMAAbortOnError
                0x08003e00       0x12 build/stm32l4xx_hal_spi.o
 .text.HAL_SPI_GetState
                0x08003e12        0x6 build/stm32l4xx_hal_spi.o
                0x08003e12                HAL_SPI_GetState
 .text.UART_EndRxTransfer
                0x08003e18       0x50 build/stm32l4xx_hal_uart.o
 .text.UART_TxISR_8BIT
                0x08003e68       0x54 build/stm32l4xx_hal_uart.o
 .text.UART_TxISR_16BIT
                0x08003ebc       0x58 build/stm32l4xx_hal_uart.o
 .text.HAL_UART_Transmit_IT
                0x08003f14       0x80 build/stm32l4xx_hal_uart.o
                0x08003f14                HAL_UART_Transmit_IT
 .text.HAL_UART_TxCpltCallback
                0x08003f94        0x2 build/stm32l4xx_hal_uart.o
                0x08003f94                HAL_UART_TxCpltCallback
 .text.UART_EndTransmit_IT
                0x08003f96       0x22 build/stm32l4xx_hal_uart.o
 .text.UART_DMAAbortOnError
                0x08003fb8       0x14 build/stm32l4xx_hal_uart.o
 .text.HAL_UART_IRQHandler
                0x08003fcc      0x2e4 build/stm32l4xx_hal_uart.o
                0x08003fcc                HAL_UART_IRQHandler
 .text.UART_RxISR_8BIT
                0x080042b0       0xb0 build/stm32l4xx_hal_uart.o
 .text.UART_RxISR_16BIT
                0x08004360       0xae build/stm32l4xx_hal_uart.o
 *fill*         0x0800440e        0x2 
 .text.UART_SetConfig
                0x08004410      0x2a0 build/stm32l4xx_hal_uart.o
                0x08004410                UART_SetConfig
 .text.UART_AdvFeatureConfig
                0x080046b0       0xca build/stm32l4xx_hal_uart.o
                0x080046b0                UART_AdvFeatureConfig
 .text.UART_WaitOnFlagUntilTimeout
                0x0800477a       0xd4 build/stm32l4xx_hal_uart.o
                0x0800477a                UART_WaitOnFlagUntilTimeout
 .text.HAL_UART_Transmit
                0x0800484e       0xd8 build/stm32l4xx_hal_uart.o
                0x0800484e                HAL_UART_Transmit
 .text.UART_CheckIdleState
                0x08004926       0x70 build/stm32l4xx_hal_uart.o
                0x08004926                UART_CheckIdleState
 .text.HAL_UART_Init
                0x08004996       0x62 build/stm32l4xx_hal_uart.o
                0x08004996                HAL_UART_Init
 .text.UART_Start_Receive_IT
                0x080049f8       0xd8 build/stm32l4xx_hal_uart.o
                0x080049f8                UART_Start_Receive_IT
 .text.HAL_UART_Receive_IT
                0x08004ad0       0x5c build/stm32l4xx_hal_uart.o
                0x08004ad0                HAL_UART_Receive_IT
 .text.HAL_UARTEx_WakeupCallback
                0x08004b2c        0x2 build/stm32l4xx_hal_uart_ex.o
                0x08004b2c                HAL_UARTEx_WakeupCallback
 .text.HAL_UARTEx_ReceiveToIdle_IT
                0x08004b2e       0x58 build/stm32l4xx_hal_uart_ex.o
                0x08004b2e                HAL_UARTEx_ReceiveToIdle_IT
 *fill*         0x08004b86        0x2 
 .text.SystemInit
                0x08004b88       0x14 build/system_stm32l4xx.o
                0x08004b88                SystemInit
 .text.shellExtNumType
                0x08004b9c       0x58 build/shell_ext.o
 .text.shellExtToNum
                0x08004bf4       0x2e build/shell_ext.o
 *fill*         0x08004c22        0x2 
 .text.shellExtParseChar
                0x08004c24       0x94 build/shell_ext.o
 .text.shellExtParseString
                0x08004cb8       0x40 build/shell_ext.o
 .text.shellExtParseNumber
                0x08004cf8       0xb0 build/shell_ext.o
 .text.shellExtParseVar
                0x08004da8       0x1e build/shell_ext.o
 .text.shellExtParsePara
                0x08004dc6       0x78 build/shell_ext.o
                0x08004dc6                shellExtParsePara
 .text.shellExtRun
                0x08004e3e       0xf4 build/shell_ext.o
                0x08004e3e                shellExtRun
 *fill*         0x08004f32        0x2 
 .text.User_Shell_Write
                0x08004f34       0x30 build/shell_port.o
                0x08004f34                User_Shell_Write
 .text.User_Shell_Init
                0x08004f64       0x20 build/shell_port.o
                0x08004f64                User_Shell_Init
 .text.shellAdd
                0x08004f84       0x24 build/shell.o
 .text.shellWriteByte
                0x08004fa8       0x18 build/shell.o
 .text.shellWriteCommandDesc
                0x08004fc0       0x4c build/shell.o
 .text.shellStringCopy
                0x0800500c       0x16 build/shell.o
 .text.shellStringCompare
                0x08005022       0x2e build/shell.o
 .text.shellGetCommandDesc
                0x08005050       0x22 build/shell.o
 .text.shellParserParam
                0x08005072       0x92 build/shell.o
 .text.shellRight
                0x08005104       0x1a build/shell.o
                0x08005104                shellRight
 .text.shellLeft
                0x0800511e       0x18 build/shell.o
                0x0800511e                shellLeft
 .text.shellHistoryAdd
                0x08005136       0x70 build/shell.o
 .text.shellRemoveParamQuotes
                0x080051a6       0x54 build/shell.o
 *fill*         0x080051fa        0x2 
 .text.shellGetCurrent
                0x080051fc       0x2c build/shell.o
                0x080051fc                shellGetCurrent
 .text.shellWriteString
                0x08005228       0x26 build/shell.o
                0x08005228                shellWriteString
 *fill*         0x0800524e        0x2 
 .text.shellWritePrompt
                0x08005250       0x60 build/shell.o
 .text.shellCheckPassword
                0x080052b0       0x40 build/shell.o
 .text.shellClear
                0x080052f0       0x14 build/shell.o
                0x080052f0                shellClear
 .text.shellPrint
                0x08005304       0x38 build/shell.o
                0x08005304                shellPrint
 .text.shellCheckPermission
                0x0800533c       0x44 build/shell.o
                0x0800533c                shellCheckPermission
 .text.shellToHex
                0x08005380       0x28 build/shell.o
                0x08005380                shellToHex
 .text.shellGetCommandName
                0x080053a8       0x44 build/shell.o
 .text.shellToDec
                0x080053ec       0x60 build/shell.o
                0x080053ec                shellToDec
 .text.shellWriteReturnValue
                0x0800544c       0x80 build/shell.o
 .text.shellListItem
                0x080054cc       0xe0 build/shell.o
                0x080054cc                shellListItem
 .text.shellListCommand
                0x080055ac       0x48 build/shell.o
                0x080055ac                shellListCommand
 .text.shellCmds
                0x080055f4        0xe build/shell.o
                0x080055f4                shellCmds
 *fill*         0x08005602        0x2 
 .text.shellListVar
                0x08005604       0x4c build/shell.o
                0x08005604                shellListVar
 .text.shellVars
                0x08005650        0xe build/shell.o
                0x08005650                shellVars
 *fill*         0x0800565e        0x2 
 .text.shellListUser
                0x08005660       0x48 build/shell.o
                0x08005660                shellListUser
 .text.shellUsers
                0x080056a8        0xe build/shell.o
                0x080056a8                shellUsers
 *fill*         0x080056b6        0x2 
 .text.shellListKey
                0x080056b8       0x48 build/shell.o
                0x080056b8                shellListKey
 .text.shellKeys
                0x08005700        0xe build/shell.o
                0x08005700                shellKeys
 .text.shellListAll
                0x0800570e        0x8 build/shell.o
                0x0800570e                shellListAll
 *fill*         0x08005716        0x2 
 .text.shellDeleteCommandLine
                0x08005718       0x20 build/shell.o
                0x08005718                shellDeleteCommandLine
 .text.shellClearCommandLine
                0x08005738       0x28 build/shell.o
                0x08005738                shellClearCommandLine
 .text.shellHistory
                0x08005760       0x98 build/shell.o
 .text.shellUp  0x080057f8        0xa build/shell.o
                0x080057f8                shellUp
 .text.shellDown
                0x08005802        0xc build/shell.o
                0x08005802                shellDown
 *fill*         0x0800580e        0x2 
 .text.shellTab
                0x08005810      0x114 build/shell.o
                0x08005810                shellTab
 .text.shellInsertByte
                0x08005924       0xbc build/shell.o
                0x08005924                shellInsertByte
 .text.shellDeleteByte
                0x080059e0       0xc4 build/shell.o
                0x080059e0                shellDeleteByte
 .text.shellBackspace
                0x08005aa4        0xa build/shell.o
                0x08005aa4                shellBackspace
 .text.shellDelete
                0x08005aae        0xc build/shell.o
                0x08005aae                shellDelete
 .text.shellSeekCommand
                0x08005aba       0x72 build/shell.o
                0x08005aba                shellSeekCommand
 .text.shellWriteCommandHelp
                0x08005b2c       0x60 build/shell.o
 .text.shellHelp
                0x08005b8c       0x24 build/shell.o
                0x08005b8c                shellHelp
 .text.shellGetVarValue
                0x08005bb0       0x44 build/shell.o
                0x08005bb0                shellGetVarValue
 .text.shellShowVar
                0x08005bf4       0xc0 build/shell.o
 .text.shellSetVarValue
                0x08005cb4       0x78 build/shell.o
                0x08005cb4                shellSetVarValue
 .text.shellSetVar
                0x08005d2c       0x64 build/shell.o
                0x08005d2c                shellSetVar
 .text.shellSetUser
                0x08005d90       0x60 build/shell.o
                0x08005d90                shellSetUser
 .text.shellInit
                0x08005df0       0x90 build/shell.o
                0x08005df0                shellInit
 .text.shellRunCommand
                0x08005e80       0x94 build/shell.o
                0x08005e80                shellRunCommand
 .text.shellNormalInput
                0x08005f14       0x14 build/shell.o
                0x08005f14                shellNormalInput
 .text.shellExec
                0x08005f28       0x68 build/shell.o
                0x08005f28                shellExec
 .text.shellEnter
                0x08005f90       0x12 build/shell.o
                0x08005f90                shellEnter
 *fill*         0x08005fa2        0x2 
 .text.shellHandler
                0x08005fa4       0xd8 build/shell.o
                0x08005fa4                shellHandler
 .text.FSM_Regist
                0x0800607c        0x8 build/fsm.o
                0x0800607c                FSM_Regist
 .text.MX_GPIO_Init
                0x08006084      0x124 build/gpio.o
                0x08006084                MX_GPIO_Init
 .text.MX_ADC1_Init
                0x080061a8       0x8c build/adc.o
                0x080061a8                MX_ADC1_Init
 .text.HAL_ADC_MspInit
                0x08006234       0xa4 build/adc.o
                0x08006234                HAL_ADC_MspInit
 .text.ADC_Average_Get
                0x080062d8       0x8c build/adc.o
                0x080062d8                ADC_Average_Get
 .text.MX_SPI2_Init
                0x08006364       0x4c build/spi.o
                0x08006364                MX_SPI2_Init
 .text.MX_SPI3_Init
                0x080063b0       0x4c build/spi.o
                0x080063b0                MX_SPI3_Init
 .text.HAL_SPI_MspInit
                0x080063fc       0xb8 build/spi.o
                0x080063fc                HAL_SPI_MspInit
 .text.MX_USART1_UART_Init
                0x080064b4       0x48 build/usart.o
                0x080064b4                MX_USART1_UART_Init
 .text.MX_USART2_UART_Init
                0x080064fc       0x48 build/usart.o
                0x080064fc                MX_USART2_UART_Init
 .text.MX_USART3_UART_Init
                0x08006544       0x48 build/usart.o
                0x08006544                MX_USART3_UART_Init
 .text.HAL_UART_MspInit
                0x0800658c      0x180 build/usart.o
                0x0800658c                HAL_UART_MspInit
 .text.HAL_UART_RxCpltCallback
                0x0800670c       0x34 build/usart.o
                0x0800670c                HAL_UART_RxCpltCallback
 .text.HAL_UARTEx_RxEventCallback
                0x08006740       0x70 build/usart.o
                0x08006740                HAL_UARTEx_RxEventCallback
 .text.HAL_UART_ErrorCallback
                0x080067b0       0x48 build/usart.o
                0x080067b0                HAL_UART_ErrorCallback
 .text.timer_init
                0x080067f8       0x18 build/timer.o
                0x080067f8                timer_init
 .text.timer_update
                0x08006810       0x84 build/timer.o
                0x08006810                timer_update
 .text.timer_insert
                0x08006894       0x44 build/timer.o
                0x08006894                timer_insert
 .text.queue_init
                0x080068d8        0xe build/queue.o
                0x080068d8                queue_init
 .text.queue_insert
                0x080068e6       0x56 build/queue.o
                0x080068e6                queue_insert
 .text.SX1278_hw_SetNSS
                0x0800693c       0x14 build/SX1278_hw.o
                0x0800693c                SX1278_hw_SetNSS
 .text.SX1278_hw_SPICommand
                0x08006950       0x2e build/SX1278_hw.o
                0x08006950                SX1278_hw_SPICommand
 .text.SX1278_hw_SPIReadByte
                0x0800697e       0x3c build/SX1278_hw.o
                0x0800697e                SX1278_hw_SPIReadByte
 .text.SX1278_hw_DelayMs
                0x080069ba        0x8 build/SX1278_hw.o
                0x080069ba                SX1278_hw_DelayMs
 .text.SX1278_hw_Reset
                0x080069c2       0x2c build/SX1278_hw.o
                0x080069c2                SX1278_hw_Reset
 .text.SX1278_hw_init
                0x080069ee       0x12 build/SX1278_hw.o
                0x080069ee                SX1278_hw_init
 .text.SX1278_hw_GetDIO0
                0x08006a00       0x14 build/SX1278_hw.o
                0x08006a00                SX1278_hw_GetDIO0
 .text.BSP_W25Qx_Reset
                0x08006a14       0x3c build/W25QXX.o
 .text.BSP_W25Qx_GetStatus
                0x08006a50       0x58 build/W25QXX.o
 .text.BSP_W25Qx_Init
                0x08006aa8        0xc build/W25QXX.o
                0x08006aa8                BSP_W25Qx_Init
 .text.BSP_W25Qx_Read_ID
                0x08006ab4       0x4c build/W25QXX.o
                0x08006ab4                BSP_W25Qx_Read_ID
 .text.BSP_W25Qx_Read_JEDEC_ID
                0x08006b00       0x48 build/W25QXX.o
                0x08006b00                BSP_W25Qx_Read_JEDEC_ID
 .text.LED_Init
                0x08006b48       0x5c build/led.o
                0x08006b48                LED_Init
 .text.LED_On   0x08006ba4        0xe build/led.o
                0x08006ba4                LED_On
 .text.LED_Off  0x08006bb2        0xe build/led.o
                0x08006bb2                LED_Off
 .text.LED_Toggle
                0x08006bc0        0xc build/led.o
                0x08006bc0                LED_Toggle
 .text.LED_Blink
                0x08006bcc       0x26 build/led.o
                0x08006bcc                LED_Blink
 .text.RS485_SendData
                0x08006bf2       0x2c build/rs485.o
                0x08006bf2                RS485_SendData
 *fill*         0x08006c1e        0x2 
 .text.atgm_io_init
                0x08006c20       0x48 build/ATGM332D.o
                0x08006c20                atgm_io_init
 .text.atgm_open
                0x08006c68       0x40 build/ATGM332D.o
                0x08006c68                atgm_open
 .text.atgm_read
                0x08006ca8       0x4c build/ATGM332D.o
                0x08006ca8                atgm_read
 .text.atgm_handler
                0x08006cf4       0x60 build/ATGM332D.o
                0x08006cf4                atgm_handler
 .text.ec2x_waitreply
                0x08006d54       0x2c build/EC2x.o
 .text.ec2x_reset
                0x08006d80       0x14 build/EC2x.o
 .text.ec2x_io_init
                0x08006d94       0x94 build/EC2x.o
                0x08006d94                ec2x_io_init
 .text.ec2x_open
                0x08006e28       0x70 build/EC2x.o
                0x08006e28                ec2x_open
 .text.ec2x_write
                0x08006e98       0x28 build/EC2x.o
                0x08006e98                ec2x_write
 .text.ec2x_cmd_send
                0x08006ec0       0x20 build/EC2x.o
 .text.EC2x_Test
                0x08006ee0       0x88 build/EC2x.o
                0x08006ee0                EC2x_Test
 .text.ec2x_read
                0x08006f68       0xac build/EC2x.o
                0x08006f68                ec2x_read
 .text.ec2x_handler
                0x08007014       0xec build/EC2x.o
                0x08007014                ec2x_handler
 .text.ec2x_timeout_handle
                0x08007100       0x20 build/EC2x.o
                0x08007100                ec2x_timeout_handle
 .text.ec2x_replymatch
                0x08007120       0x70 build/EC2x.o
                0x08007120                ec2x_replymatch
 .text.SX1278_SPIRead
                0x08007190       0x1e build/SX1278.o
                0x08007190                SX1278_SPIRead
 .text.SX1278_SPIWrite
                0x080071ae       0x2c build/SX1278.o
                0x080071ae                SX1278_SPIWrite
 .text.SX1278_SPIBurstRead
                0x080071da       0x3e build/SX1278.o
                0x080071da                SX1278_SPIBurstRead
 .text.SX1278_SPIBurstWrite
                0x08007218       0x40 build/SX1278.o
                0x08007218                SX1278_SPIBurstWrite
 .text.SX1278_standby
                0x08007258       0x12 build/SX1278.o
                0x08007258                SX1278_standby
 .text.SX1278_sleep
                0x0800726a       0x12 build/SX1278.o
                0x0800726a                SX1278_sleep
 .text.SX1278_entryLoRa
                0x0800727c        0xc build/SX1278.o
                0x0800727c                SX1278_entryLoRa
 .text.SX1278_config
                0x08007288      0x18c build/SX1278.o
                0x08007288                SX1278_config
 .text.SX1278_clearLoRaIrq
                0x08007414        0xc build/SX1278.o
                0x08007414                SX1278_clearLoRaIrq
 .text.SX1278_LoRaEntryRx
                0x08007420       0x9a build/SX1278.o
                0x08007420                SX1278_LoRaEntryRx
 *fill*         0x080074ba        0x2 
 .text.SX1278_LoRaRxPacket
                0x080074bc       0x94 build/SX1278.o
                0x080074bc                SX1278_LoRaRxPacket
 .text.SX1278_LoRaEntryTx
                0x08007550       0x80 build/SX1278.o
                0x08007550                SX1278_LoRaEntryTx
 .text.SX1278_LoRaTxPacket
                0x080075d0       0x5a build/SX1278.o
                0x080075d0                SX1278_LoRaTxPacket
 .text.SX1278_init
                0x0800762a       0x3e build/SX1278.o
                0x0800762a                SX1278_init
 .text.SX1278_transmit
                0x08007668       0x24 build/SX1278.o
                0x08007668                SX1278_transmit
 .text.SX1278_receive
                0x0800768c        0x8 build/SX1278.o
                0x0800768c                SX1278_receive
 .text.LORA_Send
                0x08007694       0x68 build/SX1278.o
                0x08007694                LORA_Send
 .text.Reset_Handler
                0x080076fc       0x50 build/startup_stm32l431xx.o
                0x080076fc                Reset_Handler
 .text.Default_Handler
                0x0800774c        0x2 build/startup_stm32l431xx.o
                0x0800774c                RTC_Alarm_IRQHandler
                0x0800774c                EXTI2_IRQHandler
                0x0800774c                TIM1_CC_IRQHandler
                0x0800774c                TSC_IRQHandler
                0x0800774c                TAMP_STAMP_IRQHandler
                0x0800774c                EXTI3_IRQHandler
                0x0800774c                LPTIM2_IRQHandler
                0x0800774c                I2C3_ER_IRQHandler
                0x0800774c                EXTI0_IRQHandler
                0x0800774c                I2C2_EV_IRQHandler
                0x0800774c                CAN1_RX0_IRQHandler
                0x0800774c                FPU_IRQHandler
                0x0800774c                TIM1_UP_TIM16_IRQHandler
                0x0800774c                SPI1_IRQHandler
                0x0800774c                TIM6_DAC_IRQHandler
                0x0800774c                DMA2_Channel2_IRQHandler
                0x0800774c                DMA1_Channel4_IRQHandler
                0x0800774c                ADC1_IRQHandler
                0x0800774c                DMA1_Channel7_IRQHandler
                0x0800774c                CAN1_RX1_IRQHandler
                0x0800774c                DMA2_Channel1_IRQHandler
                0x0800774c                QUADSPI_IRQHandler
                0x0800774c                I2C1_EV_IRQHandler
                0x0800774c                DMA1_Channel6_IRQHandler
                0x0800774c                DMA2_Channel4_IRQHandler
                0x0800774c                RCC_IRQHandler
                0x0800774c                TIM1_TRG_COM_IRQHandler
                0x0800774c                DMA1_Channel1_IRQHandler
                0x0800774c                Default_Handler
                0x0800774c                DMA2_Channel7_IRQHandler
                0x0800774c                EXTI15_10_IRQHandler
                0x0800774c                TIM7_IRQHandler
                0x0800774c                SDMMC1_IRQHandler
                0x0800774c                I2C3_EV_IRQHandler
                0x0800774c                RTC_WKUP_IRQHandler
                0x0800774c                PVD_PVM_IRQHandler
                0x0800774c                CAN1_TX_IRQHandler
                0x0800774c                DMA2_Channel5_IRQHandler
                0x0800774c                CRS_IRQHandler
                0x0800774c                DMA1_Channel5_IRQHandler
                0x0800774c                EXTI4_IRQHandler
                0x0800774c                RNG_IRQHandler
                0x0800774c                DMA1_Channel3_IRQHandler
                0x0800774c                COMP_IRQHandler
                0x0800774c                WWDG_IRQHandler
                0x0800774c                LPUART1_IRQHandler
                0x0800774c                DMA2_Channel6_IRQHandler
                0x0800774c                TIM2_IRQHandler
                0x0800774c                EXTI1_IRQHandler
                0x0800774c                I2C2_ER_IRQHandler
                0x0800774c                DMA1_Channel2_IRQHandler
                0x0800774c                CAN1_SCE_IRQHandler
                0x0800774c                FLASH_IRQHandler
                0x0800774c                I2C1_ER_IRQHandler
                0x0800774c                SWPMI1_IRQHandler
                0x0800774c                LPTIM1_IRQHandler
                0x0800774c                SAI1_IRQHandler
                0x0800774c                DMA2_Channel3_IRQHandler
                0x0800774c                TIM1_BRK_TIM15_IRQHandler
 *fill*         0x0800774e        0x2 
 .text.__libc_init_array
                0x08007750       0x48 e:/gcc-arm-none-eabi-10.3-2021.10-win32/gcc-arm-none-eabi-10.3-2021.10/bin/../lib/gcc/arm-none-eabi/10.3.1/../../../../arm-none-eabi/lib/thumb/v7e-m+fp/hard\libc_nano.a(lib_a-init.o)
                0x08007750                __libc_init_array
 .text.malloc   0x08007798       0x10 e:/gcc-arm-none-eabi-10.3-2021.10-win32/gcc-arm-none-eabi-10.3-2021.10/bin/../lib/gcc/arm-none-eabi/10.3.1/../../../../arm-none-eabi/lib/thumb/v7e-m+fp/hard\libc_nano.a(lib_a-malloc.o)
                0x08007798                malloc
 .text.free     0x080077a8       0x10 e:/gcc-arm-none-eabi-10.3-2021.10-win32/gcc-arm-none-eabi-10.3-2021.10/bin/../lib/gcc/arm-none-eabi/10.3.1/../../../../arm-none-eabi/lib/thumb/v7e-m+fp/hard\libc_nano.a(lib_a-malloc.o)
                0x080077a8                free
 .text.memcpy   0x080077b8       0x1c e:/gcc-arm-none-eabi-10.3-2021.10-win32/gcc-arm-none-eabi-10.3-2021.10/bin/../lib/gcc/arm-none-eabi/10.3.1/../../../../arm-none-eabi/lib/thumb/v7e-m+fp/hard\libc_nano.a(lib_a-memcpy-stub.o)
                0x080077b8                memcpy
 .text.memset   0x080077d4       0x10 e:/gcc-arm-none-eabi-10.3-2021.10-win32/gcc-arm-none-eabi-10.3-2021.10/bin/../lib/gcc/arm-none-eabi/10.3.1/../../../../arm-none-eabi/lib/thumb/v7e-m+fp/hard\libc_nano.a(lib_a-memset.o)
                0x080077d4                memset
 .text._free_r  0x080077e4       0x98 e:/gcc-arm-none-eabi-10.3-2021.10-win32/gcc-arm-none-eabi-10.3-2021.10/bin/../lib/gcc/arm-none-eabi/10.3.1/../../../../arm-none-eabi/lib/thumb/v7e-m+fp/hard\libc_nano.a(lib_a-nano-freer.o)
                0x080077e4                _free_r
 .text.sbrk_aligned
                0x0800787c       0x40 e:/gcc-arm-none-eabi-10.3-2021.10-win32/gcc-arm-none-eabi-10.3-2021.10/bin/../lib/gcc/arm-none-eabi/10.3.1/../../../../arm-none-eabi/lib/thumb/v7e-m+fp/hard\libc_nano.a(lib_a-nano-mallocr.o)
 .text._malloc_r
                0x080078bc       0xe8 e:/gcc-arm-none-eabi-10.3-2021.10-win32/gcc-arm-none-eabi-10.3-2021.10/bin/../lib/gcc/arm-none-eabi/10.3.1/../../../../arm-none-eabi/lib/thumb/v7e-m+fp/hard\libc_nano.a(lib_a-nano-mallocr.o)
                0x080078bc                _malloc_r
 .text.__cvt    0x080079a4       0xc4 e:/gcc-arm-none-eabi-10.3-2021.10-win32/gcc-arm-none-eabi-10.3-2021.10/bin/../lib/gcc/arm-none-eabi/10.3.1/../../../../arm-none-eabi/lib/thumb/v7e-m+fp/hard\libc_nano.a(lib_a-nano-vfprintf_float.o)
                0x080079a4                __cvt
 .text.__exponent
                0x08007a68       0x7c e:/gcc-arm-none-eabi-10.3-2021.10-win32/gcc-arm-none-eabi-10.3-2021.10/bin/../lib/gcc/arm-none-eabi/10.3.1/../../../../arm-none-eabi/lib/thumb/v7e-m+fp/hard\libc_nano.a(lib_a-nano-vfprintf_float.o)
                0x08007a68                __exponent
 .text._printf_float
                0x08007ae4      0x46c e:/gcc-arm-none-eabi-10.3-2021.10-win32/gcc-arm-none-eabi-10.3-2021.10/bin/../lib/gcc/arm-none-eabi/10.3.1/../../../../arm-none-eabi/lib/thumb/v7e-m+fp/hard\libc_nano.a(lib_a-nano-vfprintf_float.o)
                0x08007ae4                _printf_float
 .text._printf_common
                0x08007f50       0xda e:/gcc-arm-none-eabi-10.3-2021.10-win32/gcc-arm-none-eabi-10.3-2021.10/bin/../lib/gcc/arm-none-eabi/10.3.1/../../../../arm-none-eabi/lib/thumb/v7e-m+fp/hard\libc_nano.a(lib_a-nano-vfprintf_i.o)
                0x08007f50                _printf_common
 *fill*         0x0800802a        0x2 
 .text._printf_i
                0x0800802c      0x24c e:/gcc-arm-none-eabi-10.3-2021.10-win32/gcc-arm-none-eabi-10.3-2021.10/bin/../lib/gcc/arm-none-eabi/10.3.1/../../../../arm-none-eabi/lib/thumb/v7e-m+fp/hard\libc_nano.a(lib_a-nano-vfprintf_i.o)
                0x0800802c                _printf_i
 .text._sbrk_r  0x08008278       0x20 e:/gcc-arm-none-eabi-10.3-2021.10-win32/gcc-arm-none-eabi-10.3-2021.10/bin/../lib/gcc/arm-none-eabi/10.3.1/../../../../arm-none-eabi/lib/thumb/v7e-m+fp/hard\libc_nano.a(lib_a-sbrkr.o)
                0x08008278                _sbrk_r
 .text.strncmp  0x08008298       0x28 e:/gcc-arm-none-eabi-10.3-2021.10-win32/gcc-arm-none-eabi-10.3-2021.10/bin/../lib/gcc/arm-none-eabi/10.3.1/../../../../arm-none-eabi/lib/thumb/v7e-m+fp/hard\libc_nano.a(lib_a-strncmp.o)
                0x08008298                strncmp
 .text.strstr   0x080082c0       0x2c e:/gcc-arm-none-eabi-10.3-2021.10-win32/gcc-arm-none-eabi-10.3-2021.10/bin/../lib/gcc/arm-none-eabi/10.3.1/../../../../arm-none-eabi/lib/thumb/v7e-m+fp/hard\libc_nano.a(lib_a-strstr.o)
                0x080082c0                strstr
 .text._vsnprintf_r
                0x080082ec       0x56 e:/gcc-arm-none-eabi-10.3-2021.10-win32/gcc-arm-none-eabi-10.3-2021.10/bin/../lib/gcc/arm-none-eabi/10.3.1/../../../../arm-none-eabi/lib/thumb/v7e-m+fp/hard\libc_nano.a(lib_a-vsnprintf.o)
                0x080082ec                _vsniprintf_r
                0x080082ec                _vsnprintf_r
 *fill*         0x08008342        0x2 
 .text.vsnprintf
                0x08008344       0x1c e:/gcc-arm-none-eabi-10.3-2021.10-win32/gcc-arm-none-eabi-10.3-2021.10/bin/../lib/gcc/arm-none-eabi/10.3.1/../../../../arm-none-eabi/lib/thumb/v7e-m+fp/hard\libc_nano.a(lib_a-vsnprintf.o)
                0x08008344                vsniprintf
                0x08008344                vsnprintf
 .text.quorem   0x08008360      0x116 e:/gcc-arm-none-eabi-10.3-2021.10-win32/gcc-arm-none-eabi-10.3-2021.10/bin/../lib/gcc/arm-none-eabi/10.3.1/../../../../arm-none-eabi/lib/thumb/v7e-m+fp/hard\libc_nano.a(lib_a-dtoa.o)
 *fill*         0x08008476        0x2 
 .text._dtoa_r  0x08008478      0xbdc e:/gcc-arm-none-eabi-10.3-2021.10-win32/gcc-arm-none-eabi-10.3-2021.10/bin/../lib/gcc/arm-none-eabi/10.3.1/../../../../arm-none-eabi/lib/thumb/v7e-m+fp/hard\libc_nano.a(lib_a-dtoa.o)
                0x08008478                _dtoa_r
 .text._localeconv_r
                0x08009054        0x8 e:/gcc-arm-none-eabi-10.3-2021.10-win32/gcc-arm-none-eabi-10.3-2021.10/bin/../lib/gcc/arm-none-eabi/10.3.1/../../../../arm-none-eabi/lib/thumb/v7e-m+fp/hard\libc_nano.a(lib_a-localeconv.o)
                0x08009054                _localeconv_r
 .text.__malloc_lock
                0x0800905c        0xc e:/gcc-arm-none-eabi-10.3-2021.10-win32/gcc-arm-none-eabi-10.3-2021.10/bin/../lib/gcc/arm-none-eabi/10.3.1/../../../../arm-none-eabi/lib/thumb/v7e-m+fp/hard\libc_nano.a(lib_a-mlock.o)
                0x0800905c                __malloc_lock
 .text.__malloc_unlock
                0x08009068        0xc e:/gcc-arm-none-eabi-10.3-2021.10-win32/gcc-arm-none-eabi-10.3-2021.10/bin/../lib/gcc/arm-none-eabi/10.3.1/../../../../arm-none-eabi/lib/thumb/v7e-m+fp/hard\libc_nano.a(lib_a-mlock.o)
                0x08009068                __malloc_unlock
 .text._Balloc  0x08009074       0x80 e:/gcc-arm-none-eabi-10.3-2021.10-win32/gcc-arm-none-eabi-10.3-2021.10/bin/../lib/gcc/arm-none-eabi/10.3.1/../../../../arm-none-eabi/lib/thumb/v7e-m+fp/hard\libc_nano.a(lib_a-mprec.o)
                0x08009074                _Balloc
 .text._Bfree   0x080090f4       0x44 e:/gcc-arm-none-eabi-10.3-2021.10-win32/gcc-arm-none-eabi-10.3-2021.10/bin/../lib/gcc/arm-none-eabi/10.3.1/../../../../arm-none-eabi/lib/thumb/v7e-m+fp/hard\libc_nano.a(lib_a-mprec.o)
                0x080090f4                _Bfree
 .text.__multadd
                0x08009138       0x8c e:/gcc-arm-none-eabi-10.3-2021.10-win32/gcc-arm-none-eabi-10.3-2021.10/bin/../lib/gcc/arm-none-eabi/10.3.1/../../../../arm-none-eabi/lib/thumb/v7e-m+fp/hard\libc_nano.a(lib_a-mprec.o)
                0x08009138                __multadd
 .text.__hi0bits
                0x080091c4       0x40 e:/gcc-arm-none-eabi-10.3-2021.10-win32/gcc-arm-none-eabi-10.3-2021.10/bin/../lib/gcc/arm-none-eabi/10.3.1/../../../../arm-none-eabi/lib/thumb/v7e-m+fp/hard\libc_nano.a(lib_a-mprec.o)
                0x080091c4                __hi0bits
 .text.__lo0bits
                0x08009204       0x5e e:/gcc-arm-none-eabi-10.3-2021.10-win32/gcc-arm-none-eabi-10.3-2021.10/bin/../lib/gcc/arm-none-eabi/10.3.1/../../../../arm-none-eabi/lib/thumb/v7e-m+fp/hard\libc_nano.a(lib_a-mprec.o)
                0x08009204                __lo0bits
 *fill*         0x08009262        0x2 
 .text.__i2b    0x08009264       0x2c e:/gcc-arm-none-eabi-10.3-2021.10-win32/gcc-arm-none-eabi-10.3-2021.10/bin/../lib/gcc/arm-none-eabi/10.3.1/../../../../arm-none-eabi/lib/thumb/v7e-m+fp/hard\libc_nano.a(lib_a-mprec.o)
                0x08009264                __i2b
 .text.__multiply
                0x08009290      0x154 e:/gcc-arm-none-eabi-10.3-2021.10-win32/gcc-arm-none-eabi-10.3-2021.10/bin/../lib/gcc/arm-none-eabi/10.3.1/../../../../arm-none-eabi/lib/thumb/v7e-m+fp/hard\libc_nano.a(lib_a-mprec.o)
                0x08009290                __multiply
 .text.__pow5mult
                0x080093e4       0xb4 e:/gcc-arm-none-eabi-10.3-2021.10-win32/gcc-arm-none-eabi-10.3-2021.10/bin/../lib/gcc/arm-none-eabi/10.3.1/../../../../arm-none-eabi/lib/thumb/v7e-m+fp/hard\libc_nano.a(lib_a-mprec.o)
                0x080093e4                __pow5mult
 .text.__lshift
                0x08009498       0xe0 e:/gcc-arm-none-eabi-10.3-2021.10-win32/gcc-arm-none-eabi-10.3-2021.10/bin/../lib/gcc/arm-none-eabi/10.3.1/../../../../arm-none-eabi/lib/thumb/v7e-m+fp/hard\libc_nano.a(lib_a-mprec.o)
                0x08009498                __lshift
 .text.__mcmp   0x08009578       0x38 e:/gcc-arm-none-eabi-10.3-2021.10-win32/gcc-arm-none-eabi-10.3-2021.10/bin/../lib/gcc/arm-none-eabi/10.3.1/../../../../arm-none-eabi/lib/thumb/v7e-m+fp/hard\libc_nano.a(lib_a-mprec.o)
                0x08009578                __mcmp
 .text.__mdiff  0x080095b0      0x114 e:/gcc-arm-none-eabi-10.3-2021.10-win32/gcc-arm-none-eabi-10.3-2021.10/bin/../lib/gcc/arm-none-eabi/10.3.1/../../../../arm-none-eabi/lib/thumb/v7e-m+fp/hard\libc_nano.a(lib_a-mprec.o)
                0x080095b0                __mdiff
 .text.__d2b    0x080096c4       0xb8 e:/gcc-arm-none-eabi-10.3-2021.10-win32/gcc-arm-none-eabi-10.3-2021.10/bin/../lib/gcc/arm-none-eabi/10.3.1/../../../../arm-none-eabi/lib/thumb/v7e-m+fp/hard\libc_nano.a(lib_a-mprec.o)
                0x080096c4                __d2b
 .text._calloc_r
                0x0800977c       0x2c e:/gcc-arm-none-eabi-10.3-2021.10-win32/gcc-arm-none-eabi-10.3-2021.10/bin/../lib/gcc/arm-none-eabi/10.3.1/../../../../arm-none-eabi/lib/thumb/v7e-m+fp/hard\libc_nano.a(lib_a-nano-callocr.o)
                0x0800977c                _calloc_r
 .text.__ssputs_r
                0x080097a8       0xb6 e:/gcc-arm-none-eabi-10.3-2021.10-win32/gcc-arm-none-eabi-10.3-2021.10/bin/../lib/gcc/arm-none-eabi/10.3.1/../../../../arm-none-eabi/lib/thumb/v7e-m+fp/hard\libc_nano.a(lib_a-nano-svfprintf.o)
                0x080097a8                __ssputs_r
 *fill*         0x0800985e        0x2 
 .text._svfprintf_r
                0x08009860      0x200 e:/gcc-arm-none-eabi-10.3-2021.10-win32/gcc-arm-none-eabi-10.3-2021.10/bin/../lib/gcc/arm-none-eabi/10.3.1/../../../../arm-none-eabi/lib/thumb/v7e-m+fp/hard\libc_nano.a(lib_a-nano-svfprintf.o)
                0x08009860                _svfiprintf_r
                0x08009860                _svfprintf_r
 .text.__assert_func
                0x08009a60       0x3c e:/gcc-arm-none-eabi-10.3-2021.10-win32/gcc-arm-none-eabi-10.3-2021.10/bin/../lib/gcc/arm-none-eabi/10.3.1/../../../../arm-none-eabi/lib/thumb/v7e-m+fp/hard\libc_nano.a(lib_a-assert.o)
                0x08009a60                __assert_func
 .text.fprintf  0x08009a9c       0x24 e:/gcc-arm-none-eabi-10.3-2021.10-win32/gcc-arm-none-eabi-10.3-2021.10/bin/../lib/gcc/arm-none-eabi/10.3.1/../../../../arm-none-eabi/lib/thumb/v7e-m+fp/hard\libc_nano.a(lib_a-fprintf.o)
                0x08009a9c                fiprintf
                0x08009a9c                fprintf
 .text.__retarget_lock_init_recursive
                0x08009ac0        0x2 e:/gcc-arm-none-eabi-10.3-2021.10-win32/gcc-arm-none-eabi-10.3-2021.10/bin/../lib/gcc/arm-none-eabi/10.3.1/../../../../arm-none-eabi/lib/thumb/v7e-m+fp/hard\libc_nano.a(lib_a-lock.o)
                0x08009ac0                __retarget_lock_init_recursive
 .text.__retarget_lock_acquire_recursive
                0x08009ac2        0x2 e:/gcc-arm-none-eabi-10.3-2021.10-win32/gcc-arm-none-eabi-10.3-2021.10/bin/../lib/gcc/arm-none-eabi/10.3.1/../../../../arm-none-eabi/lib/thumb/v7e-m+fp/hard\libc_nano.a(lib_a-lock.o)
                0x08009ac2                __retarget_lock_acquire_recursive
 .text.__retarget_lock_release_recursive
                0x08009ac4        0x2 e:/gcc-arm-none-eabi-10.3-2021.10-win32/gcc-arm-none-eabi-10.3-2021.10/bin/../lib/gcc/arm-none-eabi/10.3.1/../../../../arm-none-eabi/lib/thumb/v7e-m+fp/hard\libc_nano.a(lib_a-lock.o)
                0x08009ac4                __retarget_lock_release_recursive
 .text.__ascii_mbtowc
                0x08009ac6       0x24 e:/gcc-arm-none-eabi-10.3-2021.10-win32/gcc-arm-none-eabi-10.3-2021.10/bin/../lib/gcc/arm-none-eabi/10.3.1/../../../../arm-none-eabi/lib/thumb/v7e-m+fp/hard\libc_nano.a(lib_a-mbtowc_r.o)
                0x08009ac6                __ascii_mbtowc
 .text.memmove  0x08009aea       0x34 e:/gcc-arm-none-eabi-10.3-2021.10-win32/gcc-arm-none-eabi-10.3-2021.10/bin/../lib/gcc/arm-none-eabi/10.3.1/../../../../arm-none-eabi/lib/thumb/v7e-m+fp/hard\libc_nano.a(lib_a-memmove.o)
                0x08009aea                memmove
 .text._realloc_r
                0x08009b1e       0x5e e:/gcc-arm-none-eabi-10.3-2021.10-win32/gcc-arm-none-eabi-10.3-2021.10/bin/../lib/gcc/arm-none-eabi/10.3.1/../../../../arm-none-eabi/lib/thumb/v7e-m+fp/hard\libc_nano.a(lib_a-nano-reallocr.o)
                0x08009b1e                _realloc_r
 .text.__sfputc_r
                0x08009b7c       0x2e e:/gcc-arm-none-eabi-10.3-2021.10-win32/gcc-arm-none-eabi-10.3-2021.10/bin/../lib/gcc/arm-none-eabi/10.3.1/../../../../arm-none-eabi/lib/thumb/v7e-m+fp/hard\libc_nano.a(lib_a-nano-vfprintf.o)
 .text.__sfputs_r
                0x08009baa       0x24 e:/gcc-arm-none-eabi-10.3-2021.10-win32/gcc-arm-none-eabi-10.3-2021.10/bin/../lib/gcc/arm-none-eabi/10.3.1/../../../../arm-none-eabi/lib/thumb/v7e-m+fp/hard\libc_nano.a(lib_a-nano-vfprintf.o)
                0x08009baa                __sfputs_r
 *fill*         0x08009bce        0x2 
 .text._vfprintf_r
                0x08009bd0      0x260 e:/gcc-arm-none-eabi-10.3-2021.10-win32/gcc-arm-none-eabi-10.3-2021.10/bin/../lib/gcc/arm-none-eabi/10.3.1/../../../../arm-none-eabi/lib/thumb/v7e-m+fp/hard\libc_nano.a(lib_a-nano-vfprintf.o)
                0x08009bd0                _vfprintf_r
                0x08009bd0                _vfiprintf_r
 .text.__swbuf_r
                0x08009e30       0xa4 e:/gcc-arm-none-eabi-10.3-2021.10-win32/gcc-arm-none-eabi-10.3-2021.10/bin/../lib/gcc/arm-none-eabi/10.3.1/../../../../arm-none-eabi/lib/thumb/v7e-m+fp/hard\libc_nano.a(lib_a-wbuf.o)
                0x08009e30                __swbuf_r
 .text.__ascii_wctomb
                0x08009ed4       0x1a e:/gcc-arm-none-eabi-10.3-2021.10-win32/gcc-arm-none-eabi-10.3-2021.10/bin/../lib/gcc/arm-none-eabi/10.3.1/../../../../arm-none-eabi/lib/thumb/v7e-m+fp/hard\libc_nano.a(lib_a-wctomb_r.o)
                0x08009ed4                __ascii_wctomb
 *fill*         0x08009eee        0x2 
 .text.__swsetup_r
                0x08009ef0       0xdc e:/gcc-arm-none-eabi-10.3-2021.10-win32/gcc-arm-none-eabi-10.3-2021.10/bin/../lib/gcc/arm-none-eabi/10.3.1/../../../../arm-none-eabi/lib/thumb/v7e-m+fp/hard\libc_nano.a(lib_a-wsetup.o)
                0x08009ef0                __swsetup_r
 .text.abort    0x08009fcc        0xe e:/gcc-arm-none-eabi-10.3-2021.10-win32/gcc-arm-none-eabi-10.3-2021.10/bin/../lib/gcc/arm-none-eabi/10.3.1/../../../../arm-none-eabi/lib/thumb/v7e-m+fp/hard\libc_nano.a(lib_a-abort.o)
                0x08009fcc                abort
 *fill*         0x08009fda        0x2 
 .text.__sflush_r
                0x08009fdc      0x10c e:/gcc-arm-none-eabi-10.3-2021.10-win32/gcc-arm-none-eabi-10.3-2021.10/bin/../lib/gcc/arm-none-eabi/10.3.1/../../../../arm-none-eabi/lib/thumb/v7e-m+fp/hard\libc_nano.a(lib_a-fflush.o)
                0x08009fdc                __sflush_r
 .text._fflush_r
                0x0800a0e8       0x78 e:/gcc-arm-none-eabi-10.3-2021.10-win32/gcc-arm-none-eabi-10.3-2021.10/bin/../lib/gcc/arm-none-eabi/10.3.1/../../../../arm-none-eabi/lib/thumb/v7e-m+fp/hard\libc_nano.a(lib_a-fflush.o)
                0x0800a0e8                _fflush_r
 .text.std      0x0800a160       0x48 e:/gcc-arm-none-eabi-10.3-2021.10-win32/gcc-arm-none-eabi-10.3-2021.10/bin/../lib/gcc/arm-none-eabi/10.3.1/../../../../arm-none-eabi/lib/thumb/v7e-m+fp/hard\libc_nano.a(lib_a-findfp.o)
 .text._cleanup_r
                0x0800a1a8        0xc e:/gcc-arm-none-eabi-10.3-2021.10-win32/gcc-arm-none-eabi-10.3-2021.10/bin/../lib/gcc/arm-none-eabi/10.3.1/../../../../arm-none-eabi/lib/thumb/v7e-m+fp/hard\libc_nano.a(lib_a-findfp.o)
                0x0800a1a8                _cleanup_r
 .text.__sfmoreglue
                0x0800a1b4       0x2c e:/gcc-arm-none-eabi-10.3-2021.10-win32/gcc-arm-none-eabi-10.3-2021.10/bin/../lib/gcc/arm-none-eabi/10.3.1/../../../../arm-none-eabi/lib/thumb/v7e-m+fp/hard\libc_nano.a(lib_a-findfp.o)
                0x0800a1b4                __sfmoreglue
 .text.__sfp_lock_acquire
                0x0800a1e0        0xc e:/gcc-arm-none-eabi-10.3-2021.10-win32/gcc-arm-none-eabi-10.3-2021.10/bin/../lib/gcc/arm-none-eabi/10.3.1/../../../../arm-none-eabi/lib/thumb/v7e-m+fp/hard\libc_nano.a(lib_a-findfp.o)
                0x0800a1e0                __sfp_lock_acquire
 .text.__sfp_lock_release
                0x0800a1ec        0xc e:/gcc-arm-none-eabi-10.3-2021.10-win32/gcc-arm-none-eabi-10.3-2021.10/bin/../lib/gcc/arm-none-eabi/10.3.1/../../../../arm-none-eabi/lib/thumb/v7e-m+fp/hard\libc_nano.a(lib_a-findfp.o)
                0x0800a1ec                __sfp_lock_release
 .text.__sinit_lock_acquire
                0x0800a1f8        0xc e:/gcc-arm-none-eabi-10.3-2021.10-win32/gcc-arm-none-eabi-10.3-2021.10/bin/../lib/gcc/arm-none-eabi/10.3.1/../../../../arm-none-eabi/lib/thumb/v7e-m+fp/hard\libc_nano.a(lib_a-findfp.o)
                0x0800a1f8                __sinit_lock_acquire
 .text.__sinit_lock_release
                0x0800a204        0xc e:/gcc-arm-none-eabi-10.3-2021.10-win32/gcc-arm-none-eabi-10.3-2021.10/bin/../lib/gcc/arm-none-eabi/10.3.1/../../../../arm-none-eabi/lib/thumb/v7e-m+fp/hard\libc_nano.a(lib_a-findfp.o)
                0x0800a204                __sinit_lock_release
 .text.__sinit  0x0800a210       0x70 e:/gcc-arm-none-eabi-10.3-2021.10-win32/gcc-arm-none-eabi-10.3-2021.10/bin/../lib/gcc/arm-none-eabi/10.3.1/../../../../arm-none-eabi/lib/thumb/v7e-m+fp/hard\libc_nano.a(lib_a-findfp.o)
                0x0800a210                __sinit
 .text.__sfp    0x0800a280       0x8c e:/gcc-arm-none-eabi-10.3-2021.10-win32/gcc-arm-none-eabi-10.3-2021.10/bin/../lib/gcc/arm-none-eabi/10.3.1/../../../../arm-none-eabi/lib/thumb/v7e-m+fp/hard\libc_nano.a(lib_a-findfp.o)
                0x0800a280                __sfp
 .text._fwalk_reent
                0x0800a30c       0x3e e:/gcc-arm-none-eabi-10.3-2021.10-win32/gcc-arm-none-eabi-10.3-2021.10/bin/../lib/gcc/arm-none-eabi/10.3.1/../../../../arm-none-eabi/lib/thumb/v7e-m+fp/hard\libc_nano.a(lib_a-fwalk.o)
                0x0800a30c                _fwalk_reent
 .text.__swhatbuf_r
                0x0800a34a       0x4a e:/gcc-arm-none-eabi-10.3-2021.10-win32/gcc-arm-none-eabi-10.3-2021.10/bin/../lib/gcc/arm-none-eabi/10.3.1/../../../../arm-none-eabi/lib/thumb/v7e-m+fp/hard\libc_nano.a(lib_a-makebuf.o)
                0x0800a34a                __swhatbuf_r
 .text.__smakebuf_r
                0x0800a394       0x80 e:/gcc-arm-none-eabi-10.3-2021.10-win32/gcc-arm-none-eabi-10.3-2021.10/bin/../lib/gcc/arm-none-eabi/10.3.1/../../../../arm-none-eabi/lib/thumb/v7e-m+fp/hard\libc_nano.a(lib_a-makebuf.o)
                0x0800a394                __smakebuf_r
 .text._malloc_usable_size_r
                0x0800a414       0x10 e:/gcc-arm-none-eabi-10.3-2021.10-win32/gcc-arm-none-eabi-10.3-2021.10/bin/../lib/gcc/arm-none-eabi/10.3.1/../../../../arm-none-eabi/lib/thumb/v7e-m+fp/hard\libc_nano.a(lib_a-nano-msizer.o)
                0x0800a414                _malloc_usable_size_r
 .text._raise_r
                0x0800a424       0x50 e:/gcc-arm-none-eabi-10.3-2021.10-win32/gcc-arm-none-eabi-10.3-2021.10/bin/../lib/gcc/arm-none-eabi/10.3.1/../../../../arm-none-eabi/lib/thumb/v7e-m+fp/hard\libc_nano.a(lib_a-signal.o)
                0x0800a424                _raise_r
 .text.raise    0x0800a474       0x10 e:/gcc-arm-none-eabi-10.3-2021.10-win32/gcc-arm-none-eabi-10.3-2021.10/bin/../lib/gcc/arm-none-eabi/10.3.1/../../../../arm-none-eabi/lib/thumb/v7e-m+fp/hard\libc_nano.a(lib_a-signal.o)
                0x0800a474                raise
 .text._kill_r  0x0800a484       0x24 e:/gcc-arm-none-eabi-10.3-2021.10-win32/gcc-arm-none-eabi-10.3-2021.10/bin/../lib/gcc/arm-none-eabi/10.3.1/../../../../arm-none-eabi/lib/thumb/v7e-m+fp/hard\libc_nano.a(lib_a-signalr.o)
                0x0800a484                _kill_r
 .text._getpid_r
                0x0800a4a8        0x4 e:/gcc-arm-none-eabi-10.3-2021.10-win32/gcc-arm-none-eabi-10.3-2021.10/bin/../lib/gcc/arm-none-eabi/10.3.1/../../../../arm-none-eabi/lib/thumb/v7e-m+fp/hard\libc_nano.a(lib_a-signalr.o)
                0x0800a4a8                _getpid_r
 .text.__sread  0x0800a4ac       0x22 e:/gcc-arm-none-eabi-10.3-2021.10-win32/gcc-arm-none-eabi-10.3-2021.10/bin/../lib/gcc/arm-none-eabi/10.3.1/../../../../arm-none-eabi/lib/thumb/v7e-m+fp/hard\libc_nano.a(lib_a-stdio.o)
                0x0800a4ac                __sread
 .text.__swrite
                0x0800a4ce       0x38 e:/gcc-arm-none-eabi-10.3-2021.10-win32/gcc-arm-none-eabi-10.3-2021.10/bin/../lib/gcc/arm-none-eabi/10.3.1/../../../../arm-none-eabi/lib/thumb/v7e-m+fp/hard\libc_nano.a(lib_a-stdio.o)
                0x0800a4ce                __swrite
 .text.__sseek  0x0800a506       0x24 e:/gcc-arm-none-eabi-10.3-2021.10-win32/gcc-arm-none-eabi-10.3-2021.10/bin/../lib/gcc/arm-none-eabi/10.3.1/../../../../arm-none-eabi/lib/thumb/v7e-m+fp/hard\libc_nano.a(lib_a-stdio.o)
                0x0800a506                __sseek
 .text.__sclose
                0x0800a52a        0x8 e:/gcc-arm-none-eabi-10.3-2021.10-win32/gcc-arm-none-eabi-10.3-2021.10/bin/../lib/gcc/arm-none-eabi/10.3.1/../../../../arm-none-eabi/lib/thumb/v7e-m+fp/hard\libc_nano.a(lib_a-stdio.o)
                0x0800a52a                __sclose
 *fill*         0x0800a532        0x2 
 .text._write_r
                0x0800a534       0x24 e:/gcc-arm-none-eabi-10.3-2021.10-win32/gcc-arm-none-eabi-10.3-2021.10/bin/../lib/gcc/arm-none-eabi/10.3.1/../../../../arm-none-eabi/lib/thumb/v7e-m+fp/hard\libc_nano.a(lib_a-writer.o)
                0x0800a534                _write_r
 .text._close_r
                0x0800a558       0x20 e:/gcc-arm-none-eabi-10.3-2021.10-win32/gcc-arm-none-eabi-10.3-2021.10/bin/../lib/gcc/arm-none-eabi/10.3.1/../../../../arm-none-eabi/lib/thumb/v7e-m+fp/hard\libc_nano.a(lib_a-closer.o)
                0x0800a558                _close_r
 .text._fstat_r
                0x0800a578       0x24 e:/gcc-arm-none-eabi-10.3-2021.10-win32/gcc-arm-none-eabi-10.3-2021.10/bin/../lib/gcc/arm-none-eabi/10.3.1/../../../../arm-none-eabi/lib/thumb/v7e-m+fp/hard\libc_nano.a(lib_a-fstatr.o)
                0x0800a578                _fstat_r
 .text._isatty_r
                0x0800a59c       0x20 e:/gcc-arm-none-eabi-10.3-2021.10-win32/gcc-arm-none-eabi-10.3-2021.10/bin/../lib/gcc/arm-none-eabi/10.3.1/../../../../arm-none-eabi/lib/thumb/v7e-m+fp/hard\libc_nano.a(lib_a-isattyr.o)
                0x0800a59c                _isatty_r
 .text._lseek_r
                0x0800a5bc       0x24 e:/gcc-arm-none-eabi-10.3-2021.10-win32/gcc-arm-none-eabi-10.3-2021.10/bin/../lib/gcc/arm-none-eabi/10.3.1/../../../../arm-none-eabi/lib/thumb/v7e-m+fp/hard\libc_nano.a(lib_a-lseekr.o)
                0x0800a5bc                _lseek_r
 .text._read_r  0x0800a5e0       0x24 e:/gcc-arm-none-eabi-10.3-2021.10-win32/gcc-arm-none-eabi-10.3-2021.10/bin/../lib/gcc/arm-none-eabi/10.3.1/../../../../arm-none-eabi/lib/thumb/v7e-m+fp/hard\libc_nano.a(lib_a-readr.o)
                0x0800a5e0                _read_r
 *fill*         0x0800a604        0x4 
 .text.pow      0x0800a608       0xf0 e:/gcc-arm-none-eabi-10.3-2021.10-win32/gcc-arm-none-eabi-10.3-2021.10/bin/../lib/gcc/arm-none-eabi/10.3.1/../../../../arm-none-eabi/lib/thumb/v7e-m+fp/hard\libm.a(lib_a-w_pow.o)
                0x0800a608                pow
 .text.__ieee754_pow
                0x0800a6f8      0xb74 e:/gcc-arm-none-eabi-10.3-2021.10-win32/gcc-arm-none-eabi-10.3-2021.10/bin/../lib/gcc/arm-none-eabi/10.3.1/../../../../arm-none-eabi/lib/thumb/v7e-m+fp/hard\libm.a(lib_a-e_pow.o)
                0x0800a6f8                __ieee754_pow
 .text.__ieee754_sqrt
                0x0800b26c      0x198 e:/gcc-arm-none-eabi-10.3-2021.10-win32/gcc-arm-none-eabi-10.3-2021.10/bin/../lib/gcc/arm-none-eabi/10.3.1/../../../../arm-none-eabi/lib/thumb/v7e-m+fp/hard\libm.a(lib_a-e_sqrt.o)
                0x0800b26c                __ieee754_sqrt
 .text.with_errno
                0x0800b404       0x18 e:/gcc-arm-none-eabi-10.3-2021.10-win32/gcc-arm-none-eabi-10.3-2021.10/bin/../lib/gcc/arm-none-eabi/10.3.1/../../../../arm-none-eabi/lib/thumb/v7e-m+fp/hard\libm.a(lib_a-math_err.o)
 .text.xflow    0x0800b41c       0x2c e:/gcc-arm-none-eabi-10.3-2021.10-win32/gcc-arm-none-eabi-10.3-2021.10/bin/../lib/gcc/arm-none-eabi/10.3.1/../../../../arm-none-eabi/lib/thumb/v7e-m+fp/hard\libm.a(lib_a-math_err.o)
 .text.__math_uflow
                0x0800b448       0x14 e:/gcc-arm-none-eabi-10.3-2021.10-win32/gcc-arm-none-eabi-10.3-2021.10/bin/../lib/gcc/arm-none-eabi/10.3.1/../../../../arm-none-eabi/lib/thumb/v7e-m+fp/hard\libm.a(lib_a-math_err.o)
                0x0800b448                __math_uflow
 .text.__math_oflow
                0x0800b45c       0x14 e:/gcc-arm-none-eabi-10.3-2021.10-win32/gcc-arm-none-eabi-10.3-2021.10/bin/../lib/gcc/arm-none-eabi/10.3.1/../../../../arm-none-eabi/lib/thumb/v7e-m+fp/hard\libm.a(lib_a-math_err.o)
                0x0800b45c                __math_oflow
 .text.fabs     0x0800b470       0x14 e:/gcc-arm-none-eabi-10.3-2021.10-win32/gcc-arm-none-eabi-10.3-2021.10/bin/../lib/gcc/arm-none-eabi/10.3.1/../../../../arm-none-eabi/lib/thumb/v7e-m+fp/hard\libm.a(lib_a-s_fabs.o)
                0x0800b470                fabs
 .text.finite   0x0800b484       0x18 e:/gcc-arm-none-eabi-10.3-2021.10-win32/gcc-arm-none-eabi-10.3-2021.10/bin/../lib/gcc/arm-none-eabi/10.3.1/../../../../arm-none-eabi/lib/thumb/v7e-m+fp/hard\libm.a(lib_a-s_finite.o)
                0x0800b484                finite
 *fill*         0x0800b49c        0x4 
 .text.scalbn   0x0800b4a0      0x124 e:/gcc-arm-none-eabi-10.3-2021.10-win32/gcc-arm-none-eabi-10.3-2021.10/bin/../lib/gcc/arm-none-eabi/10.3.1/../../../../arm-none-eabi/lib/thumb/v7e-m+fp/hard\libm.a(lib_a-s_scalbn.o)
                0x0800b4a0                scalbn
 .text._close   0x0800b5c4       0x10 e:/gcc-arm-none-eabi-10.3-2021.10-win32/gcc-arm-none-eabi-10.3-2021.10/bin/../lib/gcc/arm-none-eabi/10.3.1/../../../../arm-none-eabi/lib/thumb/v7e-m+fp/hard\libnosys.a(close.o)
                0x0800b5c4                _close
 .text._fstat   0x0800b5d4       0x10 e:/gcc-arm-none-eabi-10.3-2021.10-win32/gcc-arm-none-eabi-10.3-2021.10/bin/../lib/gcc/arm-none-eabi/10.3.1/../../../../arm-none-eabi/lib/thumb/v7e-m+fp/hard\libnosys.a(fstat.o)
                0x0800b5d4                _fstat
 .text._getpid  0x0800b5e4       0x10 e:/gcc-arm-none-eabi-10.3-2021.10-win32/gcc-arm-none-eabi-10.3-2021.10/bin/../lib/gcc/arm-none-eabi/10.3.1/../../../../arm-none-eabi/lib/thumb/v7e-m+fp/hard\libnosys.a(getpid.o)
                0x0800b5e4                _getpid
 .text._isatty  0x0800b5f4       0x10 e:/gcc-arm-none-eabi-10.3-2021.10-win32/gcc-arm-none-eabi-10.3-2021.10/bin/../lib/gcc/arm-none-eabi/10.3.1/../../../../arm-none-eabi/lib/thumb/v7e-m+fp/hard\libnosys.a(isatty.o)
                0x0800b5f4                _isatty
 .text._kill    0x0800b604       0x10 e:/gcc-arm-none-eabi-10.3-2021.10-win32/gcc-arm-none-eabi-10.3-2021.10/bin/../lib/gcc/arm-none-eabi/10.3.1/../../../../arm-none-eabi/lib/thumb/v7e-m+fp/hard\libnosys.a(kill.o)
                0x0800b604                _kill
 .text._lseek   0x0800b614       0x10 e:/gcc-arm-none-eabi-10.3-2021.10-win32/gcc-arm-none-eabi-10.3-2021.10/bin/../lib/gcc/arm-none-eabi/10.3.1/../../../../arm-none-eabi/lib/thumb/v7e-m+fp/hard\libnosys.a(lseek.o)
                0x0800b614                _lseek
 .text._read    0x0800b624       0x10 e:/gcc-arm-none-eabi-10.3-2021.10-win32/gcc-arm-none-eabi-10.3-2021.10/bin/../lib/gcc/arm-none-eabi/10.3.1/../../../../arm-none-eabi/lib/thumb/v7e-m+fp/hard\libnosys.a(read.o)
                0x0800b624                _read
 .text._sbrk    0x0800b634       0x1c e:/gcc-arm-none-eabi-10.3-2021.10-win32/gcc-arm-none-eabi-10.3-2021.10/bin/../lib/gcc/arm-none-eabi/10.3.1/../../../../arm-none-eabi/lib/thumb/v7e-m+fp/hard\libnosys.a(sbrk.o)
                0x0800b634                _sbrk
 .text._write   0x0800b650       0x10 e:/gcc-arm-none-eabi-10.3-2021.10-win32/gcc-arm-none-eabi-10.3-2021.10/bin/../lib/gcc/arm-none-eabi/10.3.1/../../../../arm-none-eabi/lib/thumb/v7e-m+fp/hard\libnosys.a(write.o)
                0x0800b650                _write
 .text._exit    0x0800b660        0x4 e:/gcc-arm-none-eabi-10.3-2021.10-win32/gcc-arm-none-eabi-10.3-2021.10/bin/../lib/gcc/arm-none-eabi/10.3.1/../../../../arm-none-eabi/lib/thumb/v7e-m+fp/hard\libnosys.a(_exit.o)
                0x0800b660                _exit
 .text.__errno  0x0800b664        0xc e:/gcc-arm-none-eabi-10.3-2021.10-win32/gcc-arm-none-eabi-10.3-2021.10/bin/../lib/gcc/arm-none-eabi/10.3.1/../../../../arm-none-eabi/lib/thumb/v7e-m+fp/hard\libc_nano.a(lib_a-errno.o)
                0x0800b664                __errno
 *(.glue_7)
 .glue_7        0x0800b670        0x0 linker stubs
 *(.glue_7t)
 .glue_7t       0x0800b670        0x0 linker stubs
 *(.eh_frame)
 .eh_frame      0x0800b670        0x0 e:/gcc-arm-none-eabi-10.3-2021.10-win32/gcc-arm-none-eabi-10.3-2021.10/bin/../lib/gcc/arm-none-eabi/10.3.1/thumb/v7e-m+fp/hard/crtbegin.o
 *(.init)
 .init          0x0800b670        0x4 e:/gcc-arm-none-eabi-10.3-2021.10-win32/gcc-arm-none-eabi-10.3-2021.10/bin/../lib/gcc/arm-none-eabi/10.3.1/thumb/v7e-m+fp/hard/crti.o
                0x0800b670                _init
 .init          0x0800b674        0x8 e:/gcc-arm-none-eabi-10.3-2021.10-win32/gcc-arm-none-eabi-10.3-2021.10/bin/../lib/gcc/arm-none-eabi/10.3.1/thumb/v7e-m+fp/hard/crtn.o
 *(.fini)
 .fini          0x0800b67c        0x4 e:/gcc-arm-none-eabi-10.3-2021.10-win32/gcc-arm-none-eabi-10.3-2021.10/bin/../lib/gcc/arm-none-eabi/10.3.1/thumb/v7e-m+fp/hard/crti.o
                0x0800b67c                _fini
 .fini          0x0800b680        0x8 e:/gcc-arm-none-eabi-10.3-2021.10-win32/gcc-arm-none-eabi-10.3-2021.10/bin/../lib/gcc/arm-none-eabi/10.3.1/thumb/v7e-m+fp/hard/crtn.o
                0x0800b688                . = ALIGN (0x8)
                0x0800b688                _etext = .

.vfp11_veneer   0x0800b688        0x0
 .vfp11_veneer  0x0800b688        0x0 linker stubs

.v4_bx          0x0800b688        0x0
 .v4_bx         0x0800b688        0x0 linker stubs

.iplt           0x0800b688        0x0
 .iplt          0x0800b688        0x0 e:/gcc-arm-none-eabi-10.3-2021.10-win32/gcc-arm-none-eabi-10.3-2021.10/bin/../lib/gcc/arm-none-eabi/10.3.1/thumb/v7e-m+fp/hard/crtbegin.o

.rodata         0x0800b688      0xcb0
                0x0800b688                . = ALIGN (0x8)
 *(.rodata)
 .rodata        0x0800b688        0x3 build/main.o
 *(.rodata*)
 *fill*         0x0800b68b        0x1 
 .rodata.LED_Test.str1.4
                0x0800b68c       0x45 build/main.o
 *fill*         0x0800b6d1        0x3 
 .rodata.Flash_Test.str1.4
                0x0800b6d4       0x6f build/main.o
 *fill*         0x0800b743        0x1 
 .rodata.BDS_Test.str1.4
                0x0800b744        0x5 build/main.o
 *fill*         0x0800b749        0x3 
 .rodata.LDR_Value_Get.str1.4
                0x0800b74c       0x47 build/main.o
 *fill*         0x0800b793        0x1 
 .rodata.Battery_Test.str1.4
                0x0800b794       0x10 build/main.o
 .rodata.main.str1.4
                0x0800b7a4       0x19 build/main.o
 *fill*         0x0800b7bd        0x3 
 .rodata.shellCmdLDR_Get
                0x0800b7c0        0x8 build/main.o
                0x0800b7c0                shellCmdLDR_Get
 .rodata.shellCmdbattery
                0x0800b7c8        0x8 build/main.o
                0x0800b7c8                shellCmdbattery
 .rodata.shellCmdbds_test
                0x0800b7d0        0x9 build/main.o
                0x0800b7d0                shellCmdbds_test
 *fill*         0x0800b7d9        0x3 
 .rodata.shellCmdflash_test
                0x0800b7dc        0xb build/main.o
                0x0800b7dc                shellCmdflash_test
 *fill*         0x0800b7e7        0x1 
 .rodata.shellCmdled
                0x0800b7e8        0x4 build/main.o
                0x0800b7e8                shellCmdled
 .rodata.shellCmdrs485_send
                0x0800b7ec        0xb build/main.o
                0x0800b7ec                shellCmdrs485_send
 *fill*         0x0800b7f7        0x1 
 .rodata.shellDescLDR_Get
                0x0800b7f8        0xe build/main.o
                0x0800b7f8                shellDescLDR_Get
 *fill*         0x0800b806        0x2 
 .rodata.shellDescbattery
                0x0800b808       0x1a build/main.o
                0x0800b808                shellDescbattery
 *fill*         0x0800b822        0x2 
 .rodata.shellDescbds_test
                0x0800b824        0xd build/main.o
                0x0800b824                shellDescbds_test
 *fill*         0x0800b831        0x3 
 .rodata.shellDescflash_test
                0x0800b834       0x10 build/main.o
                0x0800b834                shellDescflash_test
 .rodata.shellDescled
                0x0800b844        0xe build/main.o
                0x0800b844                shellDescled
 *fill*         0x0800b852        0x2 
 .rodata.shellDescrs485_send
                0x0800b854       0x10 build/main.o
                0x0800b854                shellDescrs485_send
 .rodata.AHBPrescTable
                0x0800b864       0x10 build/system_stm32l4xx.o
                0x0800b864                AHBPrescTable
 .rodata.APBPrescTable
                0x0800b874        0x8 build/system_stm32l4xx.o
                0x0800b874                APBPrescTable
 .rodata.MSIRangeTable
                0x0800b87c       0x30 build/system_stm32l4xx.o
                0x0800b87c                MSIRangeTable
 .rodata.shellWriteCommandDesc.str1.4
                0x0800b8ac        0x4 build/shell.o
 .rodata.shellWritePrompt.str1.4
                0x0800b8b0       0x23 build/shell.o
                                 0x27 (size before relaxing)
 *fill*         0x0800b8d3        0x1 
 .rodata.shellCheckPassword.str1.4
                0x0800b8d4      0x16f build/shell.o
 *fill*         0x0800ba43        0x1 
 .rodata.shellClear.str1.4
                0x0800ba44        0x9 build/shell.o
 *fill*         0x0800ba4d        0x3 
 .rodata.shellWriteReturnValue.str1.4
                0x0800ba50       0x20 build/shell.o
 .rodata.shellListItem.str1.4
                0x0800ba70       0x2b build/shell.o
 *fill*         0x0800ba9b        0x1 
 .rodata.shellListCommand.str1.4
                0x0800ba9c       0x12 build/shell.o
 *fill*         0x0800baae        0x2 
 .rodata.shellListVar.str1.4
                0x0800bab0        0xe build/shell.o
 *fill*         0x0800babe        0x2 
 .rodata.shellListUser.str1.4
                0x0800bac0        0xf build/shell.o
 *fill*         0x0800bacf        0x1 
 .rodata.shellListKey.str1.4
                0x0800bad0        0xe build/shell.o
 *fill*         0x0800bade        0x2 
 .rodata.shellDeleteCommandLine.str1.4
                0x0800bae0        0x4 build/shell.o
 .rodata.shellInsertByte.str1.4
                0x0800bae4       0x21 build/shell.o
 *fill*         0x0800bb05        0x3 
 .rodata.shellWriteCommandHelp.str1.4
                0x0800bb08       0x28 build/shell.o
 .rodata.shellShowVar.str1.4
                0x0800bb30        0x6 build/shell.o
 *fill*         0x0800bb36        0x2 
 .rodata.shellSetVarValue.str1.4
                0x0800bb38       0x30 build/shell.o
 .rodata.shellSetVar.str1.4
                0x0800bb68       0x20 build/shell.o
 .rodata.shellInit.str1.4
                0x0800bb88        0x7 build/shell.o
 *fill*         0x0800bb8f        0x1 
 .rodata.shellCmdDefaultUser
                0x0800bb90        0x7 build/shell.o
                0x0800bb90                shellCmdDefaultUser
 *fill*         0x0800bb97        0x1 
 .rodata.shellCmdclear
                0x0800bb98        0x6 build/shell.o
                0x0800bb98                shellCmdclear
 *fill*         0x0800bb9e        0x2 
 .rodata.shellCmdcmds
                0x0800bba0        0x5 build/shell.o
                0x0800bba0                shellCmdcmds
 *fill*         0x0800bba5        0x3 
 .rodata.shellCmdhelp
                0x0800bba8        0x5 build/shell.o
                0x0800bba8                shellCmdhelp
 *fill*         0x0800bbad        0x3 
 .rodata.shellCmdkeys
                0x0800bbb0        0x5 build/shell.o
                0x0800bbb0                shellCmdkeys
 *fill*         0x0800bbb5        0x3 
 .rodata.shellCmdsetVar
                0x0800bbb8        0x7 build/shell.o
                0x0800bbb8                shellCmdsetVar
 *fill*         0x0800bbbf        0x1 
 .rodata.shellCmdusers
                0x0800bbc0        0x6 build/shell.o
                0x0800bbc0                shellCmdusers
 *fill*         0x0800bbc6        0x2 
 .rodata.shellCmdvars
                0x0800bbc8        0x5 build/shell.o
                0x0800bbc8                shellCmdvars
 *fill*         0x0800bbcd        0x3 
 .rodata.shellDesDefaultUser
                0x0800bbd0        0xd build/shell.o
                0x0800bbd0                shellDesDefaultUser
 *fill*         0x0800bbdd        0x3 
 .rodata.shellDesc0x08000000
                0x0800bbe0        0xa build/shell.o
                0x0800bbe0                shellDesc0x08000000
 *fill*         0x0800bbea        0x2 
 .rodata.shellDesc0x09000000
                0x0800bbec        0x4 build/shell.o
                0x0800bbec                shellDesc0x09000000
 .rodata.shellDesc0x0A000000
                0x0800bbf0        0x6 build/shell.o
                0x0800bbf0                shellDesc0x0A000000
 *fill*         0x0800bbf6        0x2 
 .rodata.shellDesc0x0D000000
                0x0800bbf8        0x6 build/shell.o
                0x0800bbf8                shellDesc0x0D000000
 *fill*         0x0800bbfe        0x2 
 .rodata.shellDesc0x1B5B337E
                0x0800bc00        0x7 build/shell.o
                0x0800bc00                shellDesc0x1B5B337E
 *fill*         0x0800bc07        0x1 
 .rodata.shellDesc0x1B5B4100
                0x0800bc08        0x3 build/shell.o
                0x0800bc08                shellDesc0x1B5B4100
 *fill*         0x0800bc0b        0x1 
 .rodata.shellDesc0x1B5B4200
                0x0800bc0c        0x5 build/shell.o
                0x0800bc0c                shellDesc0x1B5B4200
 *fill*         0x0800bc11        0x3 
 .rodata.shellDesc0x1B5B4300
                0x0800bc14        0x6 build/shell.o
                0x0800bc14                shellDesc0x1B5B4300
 *fill*         0x0800bc1a        0x2 
 .rodata.shellDesc0x1B5B4400
                0x0800bc1c        0x5 build/shell.o
                0x0800bc1c                shellDesc0x1B5B4400
 *fill*         0x0800bc21        0x3 
 .rodata.shellDesc0x7F000000
                0x0800bc24        0xa build/shell.o
                0x0800bc24                shellDesc0x7F000000
 *fill*         0x0800bc2e        0x2 
 .rodata.shellDescclear
                0x0800bc30        0xe build/shell.o
                0x0800bc30                shellDescclear
 *fill*         0x0800bc3e        0x2 
 .rodata.shellDesccmds
                0x0800bc40        0xd build/shell.o
                0x0800bc40                shellDesccmds
 *fill*         0x0800bc4d        0x3 
 .rodata.shellDeschelp
                0x0800bc50       0x1e build/shell.o
                0x0800bc50                shellDeschelp
 *fill*         0x0800bc6e        0x2 
 .rodata.shellDesckeys
                0x0800bc70        0xd build/shell.o
                0x0800bc70                shellDesckeys
 *fill*         0x0800bc7d        0x3 
 .rodata.shellDescsetVar
                0x0800bc80        0x8 build/shell.o
                0x0800bc80                shellDescsetVar
 .rodata.shellDescusers
                0x0800bc88        0xe build/shell.o
                0x0800bc88                shellDescusers
 *fill*         0x0800bc96        0x2 
 .rodata.shellDescvars
                0x0800bc98        0xd build/shell.o
                0x0800bc98                shellDescvars
 *fill*         0x0800bca5        0x3 
 .rodata.shellPasswordDefaultUser
                0x0800bca8        0x1 build/shell.o
                0x0800bca8                shellPasswordDefaultUser
 *fill*         0x0800bca9        0x3 
 .rodata.ec2x_reset.str1.4
                0x0800bcac        0x6 build/EC2x.o
 *fill*         0x0800bcb2        0x2 
 .rodata.EC2x_Test.str1.4
                0x0800bcb4        0xc build/EC2x.o
 .rodata.ec2x_handler.str1.4
                0x0800bcc0        0x3 build/EC2x.o
 *fill*         0x0800bcc3        0x1 
 .rodata.ec2x_timeout_handle.str1.4
                0x0800bcc4       0x10 build/EC2x.o
 .rodata.ec2x_replymatch.str1.4
                0x0800bcd4        0xd build/EC2x.o
 *fill*         0x0800bce1        0x3 
 .rodata.shellCmdec2x_cmd_send
                0x0800bce4        0xe build/EC2x.o
                0x0800bce4                shellCmdec2x_cmd_send
 *fill*         0x0800bcf2        0x2 
 .rodata.shellDescec2x_cmd_send
                0x0800bcf4        0xa build/EC2x.o
                0x0800bcf4                shellDescec2x_cmd_send
 *fill*         0x0800bcfe        0x2 
 .rodata.SX1278_LoRaRxPacket.str1.4
                0x0800bd00       0x1e build/SX1278.o
 *fill*         0x0800bd1e        0x2 
 .rodata.LORA_Send.str1.4
                0x0800bd20       0x1b build/SX1278.o
 *fill*         0x0800bd3b        0x1 
 .rodata.SX1278_CRC_Sum
                0x0800bd3c        0x2 build/SX1278.o
 *fill*         0x0800bd3e        0x2 
 .rodata.SX1278_CodingRate
                0x0800bd40        0x4 build/SX1278.o
 .rodata.SX1278_LoRaBandwidth
                0x0800bd44        0xa build/SX1278.o
 *fill*         0x0800bd4e        0x2 
 .rodata.SX1278_Power
                0x0800bd50        0x4 build/SX1278.o
 .rodata.SX1278_SpreadFactor
                0x0800bd54        0x7 build/SX1278.o
 *fill*         0x0800bd5b        0x1 
 .rodata.shellCmdlora_send
                0x0800bd5c        0xa build/SX1278.o
                0x0800bd5c                shellCmdlora_send
 *fill*         0x0800bd66        0x2 
 .rodata.shellDesclora_send
                0x0800bd68        0xa build/SX1278.o
                0x0800bd68                shellDesclora_send
 *fill*         0x0800bd72        0x2 
 .rodata._global_impure_ptr
                0x0800bd74        0x4 e:/gcc-arm-none-eabi-10.3-2021.10-win32/gcc-arm-none-eabi-10.3-2021.10/bin/../lib/gcc/arm-none-eabi/10.3.1/../../../../arm-none-eabi/lib/thumb/v7e-m+fp/hard\libc_nano.a(lib_a-impure.o)
                0x0800bd74                _global_impure_ptr
 .rodata._printf_float.str1.1
                0x0800bd78       0x12 e:/gcc-arm-none-eabi-10.3-2021.10-win32/gcc-arm-none-eabi-10.3-2021.10/bin/../lib/gcc/arm-none-eabi/10.3.1/../../../../arm-none-eabi/lib/thumb/v7e-m+fp/hard\libc_nano.a(lib_a-nano-vfprintf_float.o)
 .rodata._printf_i.str1.1
                0x0800bd8a       0x22 e:/gcc-arm-none-eabi-10.3-2021.10-win32/gcc-arm-none-eabi-10.3-2021.10/bin/../lib/gcc/arm-none-eabi/10.3.1/../../../../arm-none-eabi/lib/thumb/v7e-m+fp/hard\libc_nano.a(lib_a-nano-vfprintf_i.o)
 .rodata._dtoa_r.str1.1
                0x0800bdac       0xb3 e:/gcc-arm-none-eabi-10.3-2021.10-win32/gcc-arm-none-eabi-10.3-2021.10/bin/../lib/gcc/arm-none-eabi/10.3.1/../../../../arm-none-eabi/lib/thumb/v7e-m+fp/hard\libc_nano.a(lib_a-dtoa.o)
                                 0xb5 (size before relaxing)
 .rodata._Balloc.str1.1
                0x0800be5f       0x7f e:/gcc-arm-none-eabi-10.3-2021.10-win32/gcc-arm-none-eabi-10.3-2021.10/bin/../lib/gcc/arm-none-eabi/10.3.1/../../../../arm-none-eabi/lib/thumb/v7e-m+fp/hard\libc_nano.a(lib_a-mprec.o)
                                 0x96 (size before relaxing)
 .rodata.__multadd.str1.1
                0x0800bede       0x11 e:/gcc-arm-none-eabi-10.3-2021.10-win32/gcc-arm-none-eabi-10.3-2021.10/bin/../lib/gcc/arm-none-eabi/10.3.1/../../../../arm-none-eabi/lib/thumb/v7e-m+fp/hard\libc_nano.a(lib_a-mprec.o)
 *fill*         0x0800bede        0x2 
 .rodata.__mprec_bigtens
                0x0800bee0       0x28 e:/gcc-arm-none-eabi-10.3-2021.10-win32/gcc-arm-none-eabi-10.3-2021.10/bin/../lib/gcc/arm-none-eabi/10.3.1/../../../../arm-none-eabi/lib/thumb/v7e-m+fp/hard\libc_nano.a(lib_a-mprec.o)
                0x0800bee0                __mprec_bigtens
 .rodata.__mprec_tens
                0x0800bf08       0xc8 e:/gcc-arm-none-eabi-10.3-2021.10-win32/gcc-arm-none-eabi-10.3-2021.10/bin/../lib/gcc/arm-none-eabi/10.3.1/../../../../arm-none-eabi/lib/thumb/v7e-m+fp/hard\libc_nano.a(lib_a-mprec.o)
                0x0800bf08                __mprec_tens
 .rodata.p05.0  0x0800bfd0        0xc e:/gcc-arm-none-eabi-10.3-2021.10-win32/gcc-arm-none-eabi-10.3-2021.10/bin/../lib/gcc/arm-none-eabi/10.3.1/../../../../arm-none-eabi/lib/thumb/v7e-m+fp/hard\libc_nano.a(lib_a-mprec.o)
 .rodata._svfprintf_r.str1.1
                0x0800bfdc       0x11 e:/gcc-arm-none-eabi-10.3-2021.10-win32/gcc-arm-none-eabi-10.3-2021.10/bin/../lib/gcc/arm-none-eabi/10.3.1/../../../../arm-none-eabi/lib/thumb/v7e-m+fp/hard\libc_nano.a(lib_a-nano-svfprintf.o)
 .rodata.__assert_func.str1.1
                0x0800bfed       0x3c e:/gcc-arm-none-eabi-10.3-2021.10-win32/gcc-arm-none-eabi-10.3-2021.10/bin/../lib/gcc/arm-none-eabi/10.3.1/../../../../arm-none-eabi/lib/thumb/v7e-m+fp/hard\libc_nano.a(lib_a-assert.o)
                                 0x3d (size before relaxing)
 .rodata._setlocale_r.str1.1
                0x0800c029        0x8 e:/gcc-arm-none-eabi-10.3-2021.10-win32/gcc-arm-none-eabi-10.3-2021.10/bin/../lib/gcc/arm-none-eabi/10.3.1/../../../../arm-none-eabi/lib/thumb/v7e-m+fp/hard\libc_nano.a(lib_a-locale.o)
                                  0x9 (size before relaxing)
 .rodata.str1.1
                0x0800c031        0x2 e:/gcc-arm-none-eabi-10.3-2021.10-win32/gcc-arm-none-eabi-10.3-2021.10/bin/../lib/gcc/arm-none-eabi/10.3.1/../../../../arm-none-eabi/lib/thumb/v7e-m+fp/hard\libc_nano.a(lib_a-locale.o)
 .rodata._vfprintf_r.str1.1
                0x0800c033       0x11 e:/gcc-arm-none-eabi-10.3-2021.10-win32/gcc-arm-none-eabi-10.3-2021.10/bin/../lib/gcc/arm-none-eabi/10.3.1/../../../../arm-none-eabi/lib/thumb/v7e-m+fp/hard\libc_nano.a(lib_a-nano-vfprintf.o)
 .rodata._ctype_
                0x0800c033      0x101 e:/gcc-arm-none-eabi-10.3-2021.10-win32/gcc-arm-none-eabi-10.3-2021.10/bin/../lib/gcc/arm-none-eabi/10.3.1/../../../../arm-none-eabi/lib/thumb/v7e-m+fp/hard\libc_nano.a(lib_a-ctype_.o)
                0x0800c033                _ctype_
 .rodata.__sf_fake_stderr
                0x0800c134       0x20 e:/gcc-arm-none-eabi-10.3-2021.10-win32/gcc-arm-none-eabi-10.3-2021.10/bin/../lib/gcc/arm-none-eabi/10.3.1/../../../../arm-none-eabi/lib/thumb/v7e-m+fp/hard\libc_nano.a(lib_a-findfp.o)
                0x0800c134                __sf_fake_stderr
 .rodata.__sf_fake_stdin
                0x0800c154       0x20 e:/gcc-arm-none-eabi-10.3-2021.10-win32/gcc-arm-none-eabi-10.3-2021.10/bin/../lib/gcc/arm-none-eabi/10.3.1/../../../../arm-none-eabi/lib/thumb/v7e-m+fp/hard\libc_nano.a(lib_a-findfp.o)
                0x0800c154                __sf_fake_stdin
 .rodata.__sf_fake_stdout
                0x0800c174       0x20 e:/gcc-arm-none-eabi-10.3-2021.10-win32/gcc-arm-none-eabi-10.3-2021.10/bin/../lib/gcc/arm-none-eabi/10.3.1/../../../../arm-none-eabi/lib/thumb/v7e-m+fp/hard\libc_nano.a(lib_a-findfp.o)
                0x0800c174                __sf_fake_stdout
                0x0800c198                . = ALIGN (0x8)
 *fill*         0x0800c194        0x4 
                0x0800c198                _shell_command_start = .
 *(shellCommand)
 shellCommand   0x0800c198       0x60 build/main.o
                0x0800c198                shellCommandbds_test
                0x0800c1a8                shellCommandflash_test
                0x0800c1b8                shellCommandrs485_send
                0x0800c1c8                shellCommandbattery
                0x0800c1d8                shellCommandled
                0x0800c1e8                shellCommandLDR_Get
 shellCommand   0x0800c1f8      0x120 build/shell.o
                0x0800c1f8                shellCommandclear
                0x0800c208                shellCommandkeys
                0x0800c218                shellCommandvars
                0x0800c228                shellCommandcmds
                0x0800c238                shellCommandusers
                0x0800c248                shellCommandhelp
                0x0800c258                shellKey0x0D000000
                0x0800c268                shellKey0x0A000000
                0x0800c278                shellKey0x1B5B337E
                0x0800c288                shellKey0x7F000000
                0x0800c298                shellKey0x08000000
                0x0800c2a8                shellKey0x09000000
                0x0800c2b8                shellKey0x1B5B4400
                0x0800c2c8                shellKey0x1B5B4300
                0x0800c2d8                shellKey0x1B5B4200
                0x0800c2e8                shellKey0x1B5B4100
                0x0800c2f8                shellCommandsetVar
                0x0800c308                shellUserDefault
 shellCommand   0x0800c318       0x10 build/EC2x.o
                0x0800c318                shellCommandec2x_cmd_send
 shellCommand   0x0800c328       0x10 build/SX1278.o
                0x0800c328                shellCommandlora_send
                0x0800c338                _shell_command_end = .

.ARM.extab      0x0800c338        0x0
                0x0800c338                . = ALIGN (0x8)
 *(.ARM.extab* .gnu.linkonce.armextab.*)
                0x0800c338                . = ALIGN (0x8)

.ARM            0x0800c338        0x8
                0x0800c338                . = ALIGN (0x8)