Archive member included to satisfy reference by file (symbol)

/Applications/ArmGNUToolchain/12.3.rel1/arm-none-eabi/bin/../lib/gcc/arm-none-eabi/12.3.1/../../../../arm-none-eabi/lib/thumb/v7e-m+fp/hard/libc_nano.a(libc_a-exit.o)
                              /Applications/ArmGNUToolchain/12.3.rel1/arm-none-eabi/bin/../lib/gcc/arm-none-eabi/12.3.1/../../../../arm-none-eabi/lib/thumb/v7e-m+fp/hard/crt0.o (exit)
/Applications/ArmGNUToolchain/12.3.rel1/arm-none-eabi/bin/../lib/gcc/arm-none-eabi/12.3.1/../../../../arm-none-eabi/lib/thumb/v7e-m+fp/hard/libc_nano.a(libc_a-nano-vfprintf_float.o)
                              (_printf_float)
/Applications/ArmGNUToolchain/12.3.rel1/arm-none-eabi/bin/../lib/gcc/arm-none-eabi/12.3.1/../../../../arm-none-eabi/lib/thumb/v7e-m+fp/hard/libc_nano.a(libc_a-malloc.o)
                              build/timer.o (malloc)
/Applications/ArmGNUToolchain/12.3.rel1/arm-none-eabi/bin/../lib/gcc/arm-none-eabi/12.3.1/../../../../arm-none-eabi/lib/thumb/v7e-m+fp/hard/libc_nano.a(libc_a-mallocr.o)
                              /Applications/ArmGNUToolchain/12.3.rel1/arm-none-eabi/bin/../lib/gcc/arm-none-eabi/12.3.1/../../../../arm-none-eabi/lib/thumb/v7e-m+fp/hard/libc_nano.a(libc_a-malloc.o) (_malloc_r)
/Applications/ArmGNUToolchain/12.3.rel1/arm-none-eabi/bin/../lib/gcc/arm-none-eabi/12.3.1/../../../../arm-none-eabi/lib/thumb/v7e-m+fp/hard/libc_nano.a(libc_a-nano-vfprintf_i.o)
                              /Applications/ArmGNUToolchain/12.3.rel1/arm-none-eabi/bin/../lib/gcc/arm-none-eabi/12.3.1/../../../../arm-none-eabi/lib/thumb/v7e-m+fp/hard/libc_nano.a(libc_a-nano-vfprintf_float.o) (_printf_common)
/Applications/ArmGNUToolchain/12.3.rel1/arm-none-eabi/bin/../lib/gcc/arm-none-eabi/12.3.1/../../../../arm-none-eabi/lib/thumb/v7e-m+fp/hard/libc_nano.a(libc_a-mlock.o)
                              /Applications/ArmGNUToolchain/12.3.rel1/arm-none-eabi/bin/../lib/gcc/arm-none-eabi/12.3.1/../../../../arm-none-eabi/lib/thumb/v7e-m+fp/hard/libc_nano.a(libc_a-mallocr.o) (__malloc_lock)
/Applications/ArmGNUToolchain/12.3.rel1/arm-none-eabi/bin/../lib/gcc/arm-none-eabi/12.3.1/../../../../arm-none-eabi/lib/thumb/v7e-m+fp/hard/libc_nano.a(libc_a-findfp.o)
                              /Applications/ArmGNUToolchain/12.3.rel1/arm-none-eabi/bin/../lib/gcc/arm-none-eabi/12.3.1/../../../../arm-none-eabi/lib/thumb/v7e-m+fp/hard/libc_nano.a(libc_a-exit.o) (__stdio_exit_handler)
/Applications/ArmGNUToolchain/12.3.rel1/arm-none-eabi/bin/../lib/gcc/arm-none-eabi/12.3.1/../../../../arm-none-eabi/lib/thumb/v7e-m+fp/hard/libc_nano.a(libc_a-fwalk.o)
                              /Applications/ArmGNUToolchain/12.3.rel1/arm-none-eabi/bin/../lib/gcc/arm-none-eabi/12.3.1/../../../../arm-none-eabi/lib/thumb/v7e-m+fp/hard/libc_nano.a(libc_a-findfp.o) (_fwalk_sglue)
/Applications/ArmGNUToolchain/12.3.rel1/arm-none-eabi/bin/../lib/gcc/arm-none-eabi/12.3.1/../../../../arm-none-eabi/lib/thumb/v7e-m+fp/hard/libc_nano.a(libc_a-vsnprintf.o)
                              build/shell.o (vsnprintf)
/Applications/ArmGNUToolchain/12.3.rel1/arm-none-eabi/bin/../lib/gcc/arm-none-eabi/12.3.1/../../../../arm-none-eabi/lib/thumb/v7e-m+fp/hard/libc_nano.a(libc_a-strncmp.o)
                              build/shell.o (strncmp)
/Applications/ArmGNUToolchain/12.3.rel1/arm-none-eabi/bin/../lib/gcc/arm-none-eabi/12.3.1/../../../../arm-none-eabi/lib/thumb/v7e-m+fp/hard/libc_nano.a(libc_a-strstr.o)
                              build/EC2x.o (strstr)
/Applications/ArmGNUToolchain/12.3.rel1/arm-none-eabi/bin/../lib/gcc/arm-none-eabi/12.3.1/../../../../arm-none-eabi/lib/thumb/v7e-m+fp/hard/libc_nano.a(libc_a-memset.o)
                              /Applications/ArmGNUToolchain/12.3.rel1/arm-none-eabi/bin/../lib/gcc/arm-none-eabi/12.3.1/../../../../arm-none-eabi/lib/thumb/v7e-m+fp/hard/crt0.o (memset)
/Applications/ArmGNUToolchain/12.3.rel1/arm-none-eabi/bin/../lib/gcc/arm-none-eabi/12.3.1/../../../../arm-none-eabi/lib/thumb/v7e-m+fp/hard/libc_nano.a(libc_a-localeconv.o)
                              /Applications/ArmGNUToolchain/12.3.rel1/arm-none-eabi/bin/../lib/gcc/arm-none-eabi/12.3.1/../../../../arm-none-eabi/lib/thumb/v7e-m+fp/hard/libc_nano.a(libc_a-nano-vfprintf_float.o) (_localeconv_r)
/Applications/ArmGNUToolchain/12.3.rel1/arm-none-eabi/bin/../lib/gcc/arm-none-eabi/12.3.1/../../../../arm-none-eabi/lib/thumb/v7e-m+fp/hard/libc_nano.a(libc_a-impure.o)
                              /Applications/ArmGNUToolchain/12.3.rel1/arm-none-eabi/bin/../lib/gcc/arm-none-eabi/12.3.1/../../../../arm-none-eabi/lib/thumb/v7e-m+fp/hard/libc_nano.a(libc_a-malloc.o) (_impure_ptr)
/Applications/ArmGNUToolchain/12.3.rel1/arm-none-eabi/bin/../lib/gcc/arm-none-eabi/12.3.1/../../../../arm-none-eabi/lib/thumb/v7e-m+fp/hard/libc_nano.a(libc_a-sbrkr.o)
                              /Applications/ArmGNUToolchain/12.3.rel1/arm-none-eabi/bin/../lib/gcc/arm-none-eabi/12.3.1/../../../../arm-none-eabi/lib/thumb/v7e-m+fp/hard/libc_nano.a(libc_a-mallocr.o) (_sbrk_r)
[...]
Memory Configuration

Name             Origin             Length             Attributes
RAM              0x20000000         0x00010000         xrw
RAM2             0x10000000         0x00004000         xrw
FLASH            0x08000000         0x00020000         xr
*default*        0x00000000         0xffffffff

Linker script and memory map

LOAD /Applications/ArmGNUToolchain/12.3.rel1/arm-none-eabi/bin/../lib/gcc/arm-none-eabi/12.3.1/thumb/v7e-m+fp/hard/crti.o
LOAD /Applications/ArmGNUToolchain/12.3.rel1/arm-none-eabi/bin/../lib/gcc/arm-none-eabi/12.3.1/thumb/v7e-m+fp/hard/crtbegin.o
LOAD /Applications/ArmGNUToolchain/12.3.rel1/arm-none-eabi/bin/../lib/gcc/arm-none-eabi/12.3.1/../../../../arm-none-eabi/lib/thumb/v7e-m+fp/hard/crt0.o
LOAD build/main.o
LOAD build/stm32l4xx_it.o
LOAD build/stm32l4xx_hal_msp.o
LOAD build/stm32l4xx_hal_adc.o
LOAD build/stm32l4xx_hal_adc_ex.o
LOAD build/stm32l4xx_hal.o
LOAD build/stm32l4xx_hal_i2c.o
LOAD build/stm32l4xx_hal_i2c_ex.o
LOAD build/stm32l4xx_hal_rcc.o
LOAD build/stm32l4xx_hal_rcc_ex.o
LOAD build/stm32l4xx_hal_flash.o
LOAD build/stm32l4xx_hal_flash_ex.o
LOAD build/stm32l4xx_hal_flash_ramfunc.o
LOAD build/stm32l4xx_hal_gpio.o
LOAD build/stm32l4xx_hal_dma.o
LOAD build/stm32l4xx_hal_dma_ex.o
LOAD build/stm32l4xx_hal_pwr.o
LOAD build/stm32l4xx_hal_pwr_ex.o
LOAD build/stm32l4xx_hal_cortex.o
LOAD build/stm32l4xx_hal_exti.o
LOAD build/stm32l4xx_hal_spi.o
LOAD build/stm32l4xx_hal_spi_ex.o
LOAD build/stm32l4xx_hal_tim.o
LOAD build/stm32l4xx_hal_tim_ex.o
LOAD build/stm32l4xx_hal_uart.o
LOAD build/stm32l4xx_hal_uart_ex.o
LOAD build/system_stm32l4xx.o
LOAD build/shell_cmd_list.o
LOAD build/shell_companion.o
LOAD build/shell_ext.o
LOAD build/shell_port.o
LOAD build/shell.o
LOAD build/fsm.o
LOAD build/gpio.o
LOAD build/adc.o
LOAD build/spi.o
LOAD build/usart.o
LOAD build/timer.o
LOAD build/queue.o
LOAD build/W25QXX.o
LOAD build/led.o
LOAD build/rs485.o
LOAD build/ATGM332D.o
LOAD build/EC2x.o
LOAD build/startup_stm32l431xx.o
LOAD /Applications/ArmGNUToolchain/12.3.rel1/arm-none-eabi/bin/../lib/gcc/arm-none-eabi/12.3.1/../../../../arm-none-eabi/lib/thumb/v7e-m+fp/hard/libc_nano.a
LOAD /Applications/ArmGNUToolchain/12.3.rel1/arm-none-eabi/bin/../lib/gcc/arm-none-eabi/12.3.1/../../../../arm-none-eabi/lib/thumb/v7e-m+fp/hard/libm.a
LOAD /Applications/ArmGNUToolchain/12.3.rel1/arm-none-eabi/bin/../lib/gcc/arm-none-eabi/12.3.1/../../../../arm-none-eabi/lib/thumb/v7e-m+fp/hard/libnosys.a
START GROUP
LOAD /Applications/ArmGNUToolchain/12.3.rel1/arm-none-eabi/bin/../lib/gcc/arm-none-eabi/12.3.1/thumb/v7e-m+fp/hard/libgcc.a
LOAD /Applications/ArmGNUToolchain/12.3.rel1/arm-none-eabi/bin/../lib/gcc/arm-none-eabi/12.3.1/../../../../arm-none-eabi/lib/thumb/v7e-m+fp/hard/libc_nano.a
END GROUP
START GROUP
LOAD /Applications/ArmGNUToolchain/12.3.rel1/arm-none-eabi/bin/../lib/gcc/arm-none-eabi/12.3.1/thumb/v7e-m+fp/hard/libgcc.a
LOAD /Applications/ArmGNUToolchain/12.3.rel1/arm-none-eabi/bin/../lib/gcc/arm-none-eabi/12.3.1/../../../../arm-none-eabi/lib/thumb/v7e-m+fp/hard/libc_nano.a
END GROUP
LOAD /Applications/ArmGNUToolchain/12.3.rel1/arm-none-eabi/bin/../lib/gcc/arm-none-eabi/12.3.1/thumb/v7e-m+fp/hard/crtend.o
LOAD /Applications/ArmGNUToolchain/12.3.rel1/arm-none-eabi/bin/../lib/gcc/arm-none-eabi/12.3.1/thumb/v7e-m+fp/hard/crtn.o
                0x20010000                        _estack = 0x20010000
                0x00000400                        _Min_Heap_Size = 0x400
                0x00000400                        _Min_Stack_Size = 0x400

.isr_vector     0x08000000      0x190
                0x08000000                        . = ALIGN (0x8)
 *(.isr_vector)
 .isr_vector    0x08000000      0x18c build/startup_stm32l431xx.o
                0x08000000                g_pfnVectors
                0x08000190                        . = ALIGN (0x8)
 *fill*         0x0800018c        0x4 

.text           0x08000190     0xac70
                0x08000190                        . = ALIGN (0x8)
 *(.text)
 .text          0x08000190       0xa0 /Applications/ArmGNUToolchain/12.3.rel1/arm-none-eabi/bin/../lib/gcc/arm-none-eabi/12.3.1/../../../../arm-none-eabi/lib/thumb/v7e-m+fp/hard/libc_nano.a(libc_a-memchr.o)
                0x08000190                memchr
 .text          0x08000230       0x10 /Applications/ArmGNUToolchain/12.3.rel1/arm-none-eabi/bin/../lib/gcc/arm-none-eabi/12.3.1/../../../../arm-none-eabi/lib/thumb/v7e-m+fp/hard/libc_nano.a(libc_a-strlen.o)
                0x08000230                strlen
 .text          0x08000240       0x14 /Applications/ArmGNUToolchain/12.3.rel1/arm-none-eabi/bin/../lib/gcc/arm-none-eabi/12.3.1/../../../../arm-none-eabi/lib/thumb/v7e-m+fp/hard/libc_nano.a(libc_a-strcmp.o)
                0x08000240                strcmp
 .text          0x08000254      0x378 /Applications/ArmGNUToolchain/12.3.rel1/arm-none-eabi/bin/../lib/gcc/arm-none-eabi/12.3.1/thumb/v7e-m+fp/hard/libgcc.a(_arm_addsubdf3.o)
                0x08000254                __aeabi_drsub
                0x0800025c                __subdf3
                0x0800025c                __aeabi_dsub
                0x08000260                __aeabi_dadd
                0x08000260                __adddf3
                0x080004d8                __aeabi_ui2d
                0x080004d8                __floatunsidf
                0x080004f8                __floatsidf
                0x080004f8                __aeabi_i2d
                0x0800051c                __extendsfdf2
                0x0800051c                __aeabi_f2d
                0x08000560                __aeabi_ul2d
                0x08000560                __floatundidf
                0x08000570                __aeabi_l2d
                0x08000570                __floatdidf
 .text          0x080005cc      0x424 /Applications/ArmGNUToolchain/12.3.rel1/arm-none-eabi/bin/../lib/gcc/arm-none-eabi/12.3.1/thumb/v7e-m+fp/hard/libgcc.a(_arm_muldivdf3.o)
                0x080005cc                __aeabi_dmul
                0x080005cc                __muldf3
                0x08000820                __aeabi_ddiv
                0x08000820                __divdf3
 .text          0x080009f0      0x110 /Applications/ArmGNUToolchain/12.3.rel1/arm-none-eabi/bin/../lib/gcc/arm-none-eabi/12.3.1/thumb/v7e-m+fp/hard/libgcc.a(_arm_cmpdf2.o)
                0x080009f0                __gedf2
                0x080009f0                __gtdf2
                0x080009f8                __ledf2
                0x080009f8                __ltdf2
                0x08000a00                __cmpdf2
                0x08000a00                __eqdf2
                0x08000a00                __nedf2
                0x08000a7c                __aeabi_cdrcmple
                0x08000a8c                __aeabi_cdcmple
                0x08000a8c                __aeabi_cdcmpeq
                0x08000a9c                __aeabi_dcmpeq
                0x08000ab0                __aeabi_dcmplt
                0x08000ac4                __aeabi_dcmple
                0x08000ad8                __aeabi_dcmpge
                0x08000aec                __aeabi_dcmpgt
 .text          0x08000b00       0x2c /Applications/ArmGNUToolchain/12.3.rel1/arm-none-eabi/bin/../lib/gcc/arm-none-eabi/12.3.1/thumb/v7e-m+fp/hard/libgcc.a(_arm_unorddf2.o)
                0x08000b00                __aeabi_dcmpun
                0x08000b00                __unorddf2
 .text          0x08000b2c       0x50 /Applications/ArmGNUToolchain/12.3.rel1/arm-none-eabi/bin/../lib/gcc/arm-none-eabi/12.3.1/thumb/v7e-m+fp/hard/libgcc.a(_arm_fixdfsi.o)
                0x08000b2c                __fixdfsi
                0x08000b2c                __aeabi_d2iz
 .text          0x08000b7c       0x40 /Applications/ArmGNUToolchain/12.3.rel1/arm-none-eabi/bin/../lib/gcc/arm-none-eabi/12.3.1/thumb/v7e-m+fp/hard/libgcc.a(_arm_fixunsdfsi.o)
                0x08000b7c                __fixunsdfsi
                0x08000b7c                __aeabi_d2uiz
 .text          0x08000bbc       0xa0 /Applications/ArmGNUToolchain/12.3.rel1/arm-none-eabi/bin/../lib/gcc/arm-none-eabi/12.3.1/thumb/v7e-m+fp/hard/libgcc.a(_arm_truncdfsf2.o)
                0x08000bbc                __aeabi_d2f
                0x08000bbc                __truncdfsf2
 .text          0x08000c5c       0x30 /Applications/ArmGNUToolchain/12.3.rel1/arm-none-eabi/bin/../lib/gcc/arm-none-eabi/12.3.1/thumb/v7e-m+fp/hard/libgcc.a(_aeabi_uldivmod.o)
                0x08000c5c                __aeabi_uldivmod
 .text          0x08000c8c        0x4 /Applications/ArmGNUToolchain/12.3.rel1/arm-none-eabi/bin/../lib/gcc/arm-none-eabi/12.3.1/thumb/v7e-m+fp/hard/libgcc.a(_dvmd_tls.o)
                0x08000c8c                __aeabi_ldiv0
                0x08000c8c                __aeabi_idiv0
 *(.text*)
 .text.deregister_tm_clones
                0x08000c90       0x1c /Applications/ArmGNUToolchain/12.3.rel1/arm-none-eabi/bin/../lib/gcc/arm-none-eabi/12.3.1/thumb/v7e-m+fp/hard/crtbegin.o
 .text.register_tm_clones
                0x08000cac       0x24 /Applications/ArmGNUToolchain/12.3.rel1/arm-none-eabi/bin/../lib/gcc/arm-none-eabi/12.3.1/thumb/v7e-m+fp/hard/crtbegin.o
 .text.__do_global_dtors_aux
                0x08000cd0       0x28 /Applications/ArmGNUToolchain/12.3.rel1/arm-none-eabi/bin/../lib/gcc/arm-none-eabi/12.3.1/thumb/v7e-m+fp/hard/crtbegin.o
 .text.frame_dummy
                0x08000cf8       0x24 /Applications/ArmGNUToolchain/12.3.rel1/arm-none-eabi/bin/../lib/gcc/arm-none-eabi/12.3.1/thumb/v7e-m+fp/hard/crtbegin.o
 .text.LED_Test
                0x08000d1c       0xc4 build/main.o
                0x08000d1c                LED_Test
 .text.RS485_Test
                0x08000de0       0x18 build/main.o
                0x08000de0                RS485_Test
 .text.Flash_Test
                0x08000df8       0xb4 build/main.o
                0x08000df8                Flash_Test
 .text.BDS_Test
                0x08000eac       0x58 build/main.o
                0x08000eac                BDS_Test
 .text.LDR_Value_Get
                0x08000f04       0x44 build/main.o
                0x08000f04                LDR_Value_Get
 .text.agencyLDR_Value_Get
                0x08000f48        0xe build/main.o
                0x08000f48                agencyLDR_Value_Get
 *fill*         0x08000f56        0x2 
 .text.Battery_Test
                0x08000f58       0x64 build/main.o
                0x08000f58                Battery_Test
 .text.agencyBattery_Test
                0x08000fbc        0x8 build/main.o
                0x08000fbc                agencyBattery_Test
 .text.Error_Handler
                0x08000fc4        0x4 build/main.o
                0x08000fc4                Error_Handler
 .text.SystemClock_Config
                0x08000fc8       0x78 build/main.o
                0x08000fc8                SystemClock_Config
 .text.main     0x08001040       0x90 build/main.o
                0x08001040                main
 .text.NMI_Handler
                0x080010d0        0x2 build/stm32l4xx_it.o
                0x080010d0                NMI_Handler
 .text.HardFault_Handler
                0x080010d2        0x2 build/stm32l4xx_it.o
                0x080010d2                HardFault_Handler
 .text.MemManage_Handler
                0x080010d4        0x2 build/stm32l4xx_it.o
                0x080010d4                MemManage_Handler
 .text.BusFault_Handler
                0x080010d6        0x2 build/stm32l4xx_it.o
                0x080010d6                BusFault_Handler
 .text.UsageFault_Handler
                0x080010d8        0x2 build/stm32l4xx_it.o
                0x080010d8                UsageFault_Handler
 .text.SVC_Handler
                0x080010da        0x2 build/stm32l4xx_it.o
                0x080010da                SVC_Handler
 .text.DebugMon_Handler
                0x080010dc        0x2 build/stm32l4xx_it.o
                0x080010dc                DebugMon_Handler
 .text.PendSV_Handler
                0x080010de        0x2 build/stm32l4xx_it.o
                0x080010de                PendSV_Handler
 .text.SysTick_Handler
                0x080010e0        0xc build/stm32l4xx_it.o
                0x080010e0                SysTick_Handler
 .text.SPI2_IRQHandler
                0x080010ec       0x10 build/stm32l4xx_it.o
                0x080010ec                SPI2_IRQHandler
 .text.USART1_IRQHandler
                0x080010fc       0x10 build/stm32l4xx_it.o
                0x080010fc                USART1_IRQHandler
 .text.USART2_IRQHandler
                0x0800110c       0x10 build/stm32l4xx_it.o
                0x0800110c                USART2_IRQHandler
 .text.USART3_IRQHandler
                0x0800111c       0x10 build/stm32l4xx_it.o
                0x0800111c                USART3_IRQHandler
 .text.SPI3_IRQHandler
                0x0800112c       0x10 build/stm32l4xx_it.o
                0x0800112c                SPI3_IRQHandler
 .text.HAL_MspInit
                0x0800113c       0x3c build/stm32l4xx_hal_msp.o
                0x0800113c                HAL_MspInit
 .text.LL_ADC_REG_SetSequencerRanks
                0x08001178       0x30 build/stm32l4xx_hal_adc.o
 .text.LL_ADC_SetChannelSamplingTime
                0x080011a8       0x2c build/stm32l4xx_hal_adc.o
 .text.HAL_ADC_Init
                0x080011d4      0x1dc build/stm32l4xx_hal_adc.o
                0x080011d4                HAL_ADC_Init
 .text.HAL_ADC_PollForConversion
                0x080013b0       0xb4 build/stm32l4xx_hal_adc.o
                0x080013b0                HAL_ADC_PollForConversion
 .text.HAL_ADC_GetValue
                0x08001464        0x6 build/stm32l4xx_hal_adc.o
                0x08001464                HAL_ADC_GetValue
 *fill*         0x0800146a        0x2 
 .text.HAL_ADC_ConfigChannel
                0x0800146c      0x43c build/stm32l4xx_hal_adc.o
                0x0800146c                HAL_ADC_ConfigChannel
 .text.HAL_ADC_GetState
                0x080018a8        0x4 build/stm32l4xx_hal_adc.o
                0x080018a8                HAL_ADC_GetState
 .text.ADC_ConversionStop
                0x080018ac      0x104 build/stm32l4xx_hal_adc.o
                0x080018ac                ADC_ConversionStop
 .text.ADC_Enable
                0x080019b0       0xdc build/stm32l4xx_hal_adc.o
                0x080019b0                ADC_Enable
 .text.HAL_ADC_Start
                0x08001a8c       0x8c build/stm32l4xx_hal_adc.o
                0x08001a8c                HAL_ADC_Start
 .text.ADC_Disable
                0x08001b18       0x94 build/stm32l4xx_hal_adc.o
                0x08001b18                ADC_Disable
 .text.HAL_ADC_Stop
                0x08001bac       0x42 build/stm32l4xx_hal_adc.o
                0x08001bac                HAL_ADC_Stop
 .text.HAL_ADCEx_Calibration_Start
                0x08001bee       0x98 build/stm32l4xx_hal_adc_ex.o
                0x08001bee                HAL_ADCEx_Calibration_Start
 *fill*         0x08001c86        0x2 
 .text.HAL_InitTick
                0x08001c88       0x50 build/stm32l4xx_hal.o
                0x08001c88                HAL_InitTick
 .text.HAL_Init
                0x08001cd8       0x1e build/stm32l4xx_hal.o
                0x08001cd8                HAL_Init
 *fill*         0x08001cf6        0x2 
 .text.HAL_IncTick
                0x08001cf8       0x18 build/stm32l4xx_hal.o
                0x08001cf8                HAL_IncTick
 .text.HAL_GetTick
                0x08001d10        0xc build/stm32l4xx_hal.o
                0x08001d10                HAL_GetTick
 .text.HAL_Delay
                0x08001d1c       0x28 build/stm32l4xx_hal.o
                0x08001d1c                HAL_Delay
 .text.RCC_SetFlashLatencyFromMSIRange
                0x08001d44       0x90 build/stm32l4xx_hal_rcc.o
 .text.HAL_RCC_GetSysClockFreq
                0x08001dd4       0xb4 build/stm32l4xx_hal_rcc.o
                0x08001dd4                HAL_RCC_GetSysClockFreq
 .text.HAL_RCC_OscConfig
                0x08001e88      0x66c build/stm32l4xx_hal_rcc.o
                0x08001e88                HAL_RCC_OscConfig
 .text.HAL_RCC_ClockConfig
                0x080024f4      0x184 build/stm32l4xx_hal_rcc.o
                0x080024f4                HAL_RCC_ClockConfig
 .text.HAL_RCC_GetHCLKFreq
                0x08002678        0xc build/stm32l4xx_hal_rcc.o
                0x08002678                HAL_RCC_GetHCLKFreq
 .text.HAL_RCC_GetPCLK1Freq
                0x08002684       0x24 build/stm32l4xx_hal_rcc.o
                0x08002684                HAL_RCC_GetPCLK1Freq
 .text.HAL_RCC_GetPCLK2Freq
                0x080026a8       0x24 build/stm32l4xx_hal_rcc.o
                0x080026a8                HAL_RCC_GetPCLK2Freq
 .text.RCCEx_PLLSAI1_Config
                0x080026cc      0x16c build/stm32l4xx_hal_rcc_ex.o
 .text.HAL_RCCEx_PeriphCLKConfig
                0x08002838      0x31c build/stm32l4xx_hal_rcc_ex.o
                0x08002838                HAL_RCCEx_PeriphCLKConfig
 .text.HAL_GPIO_Init
                0x08002b54      0x1c8 build/stm32l4xx_hal_gpio.o
                0x08002b54                HAL_GPIO_Init
 .text.HAL_GPIO_WritePin
                0x08002d1c        0xa build/stm32l4xx_hal_gpio.o
                0x08002d1c                HAL_GPIO_WritePin
 .text.HAL_GPIO_TogglePin
                0x08002d26       0x12 build/stm32l4xx_hal_gpio.o
                0x08002d26                HAL_GPIO_TogglePin
 .text.HAL_DMA_Abort
                0x08002d38       0x4a build/stm32l4xx_hal_dma.o
                0x08002d38                HAL_DMA_Abort
 .text.HAL_DMA_Abort_IT
                0x08002d82       0x50 build/stm32l4xx_hal_dma.o
                0x08002d82                HAL_DMA_Abort_IT
 *fill*         0x08002dd2        0x2 
 .text.HAL_PWREx_GetVoltageRange
                0x08002dd4       0x10 build/stm32l4xx_hal_pwr_ex.o
                0x08002dd4                HAL_PWREx_GetVoltageRange
 .text.HAL_PWREx_ControlVoltageScaling
                0x08002de4       0x90 build/stm32l4xx_hal_pwr_ex.o
                0x08002de4                HAL_PWREx_ControlVoltageScaling
 .text.__NVIC_EnableIRQ
                0x08002e74       0x1c build/stm32l4xx_hal_cortex.o
 .text.__NVIC_SetPriority
                0x08002e90       0x28 build/stm32l4xx_hal_cortex.o
 .text.NVIC_EncodePriority
                0x08002eb8       0x3e build/stm32l4xx_hal_cortex.o
 *fill*         0x08002ef6        0x2 
 .text.HAL_NVIC_SetPriorityGrouping
                0x08002ef8       0x24 build/stm32l4xx_hal_cortex.o
                0x08002ef8                HAL_NVIC_SetPriorityGrouping
 .text.HAL_NVIC_SetPriority
                0x08002f1c       0x20 build/stm32l4xx_hal_cortex.o
                0x08002f1c                HAL_NVIC_SetPriority
 .text.HAL_NVIC_EnableIRQ
                0x08002f3c        0x8 build/stm32l4xx_hal_cortex.o
                0x08002f3c                HAL_NVIC_EnableIRQ
 .text.HAL_SYSTICK_Config
                0x08002f44       0x28 build/stm32l4xx_hal_cortex.o
                0x08002f44                HAL_SYSTICK_Config
 .text.SPI_WaitFlagStateUntilTimeout
                0x08002f6c       0xc8 build/stm32l4xx_hal_spi.o
 .text.SPI_WaitFifoStateUntilTimeout
                0x08003034       0xf0 build/stm32l4xx_hal_spi.o
 .text.SPI_EndRxTxTransaction
                0x08003124       0x62 build/stm32l4xx_hal_spi.o
 .text.SPI_EndRxTransaction
                0x08003186       0x82 build/stm32l4xx_hal_spi.o
 .text.HAL_SPI_Init
                0x08003208       0xde build/stm32l4xx_hal_spi.o
                0x08003208                HAL_SPI_Init
 .text.HAL_SPI_Transmit
                0x080032e6      0x202 build/stm32l4xx_hal_spi.o
                0x080032e6                HAL_SPI_Transmit
 .text.HAL_SPI_TransmitReceive
                0x080034e8      0x2de build/stm32l4xx_hal_spi.o
                0x080034e8                HAL_SPI_TransmitReceive
 .text.HAL_SPI_Receive
                0x080037c6      0x1aa build/stm32l4xx_hal_spi.o
                0x080037c6                HAL_SPI_Receive
 .text.HAL_SPI_ErrorCallback
                0x08003970        0x2 build/stm32l4xx_hal_spi.o
                0x08003970                HAL_SPI_ErrorCallback
 *fill*         0x08003972        0x2 
 .text.HAL_SPI_IRQHandler
                0x08003974      0x118 build/stm32l4xx_hal_spi.o
                0x08003974                HAL_SPI_IRQHandler
 .text.SPI_DMAAbortOnError
                0x08003a8c       0x12 build/stm32l4xx_hal_spi.o
 .text.UART_EndRxTransfer
                0x08003a9e       0x50 build/stm32l4xx_hal_uart.o
 .text.UART_TxISR_8BIT
                0x08003aee       0x54 build/stm32l4xx_hal_uart.o
 .text.UART_TxISR_16BIT
                0x08003b42       0x58 build/stm32l4xx_hal_uart.o
 *fill*         0x08003b9a        0x2 
 .text.HAL_UART_Transmit_IT
                0x08003b9c       0x80 build/stm32l4xx_hal_uart.o
                0x08003b9c                HAL_UART_Transmit_IT
 .text.HAL_UART_TxCpltCallback
                0x08003c1c        0x2 build/stm32l4xx_hal_uart.o
                0x08003c1c                HAL_UART_TxCpltCallback
 .text.UART_EndTransmit_IT
                0x08003c1e       0x22 build/stm32l4xx_hal_uart.o
 .text.UART_DMAAbortOnError
                0x08003c40       0x14 build/stm32l4xx_hal_uart.o
 .text.HAL_UART_IRQHandler
                0x08003c54      0x2e0 build/stm32l4xx_hal_uart.o
                0x08003c54                HAL_UART_IRQHandler
 .text.UART_RxISR_8BIT
                0x08003f34       0xb0 build/stm32l4xx_hal_uart.o
 .text.UART_RxISR_16BIT
                0x08003fe4       0xae build/stm32l4xx_hal_uart.o
 *fill*         0x08004092        0x2 
 .text.UART_SetConfig
                0x08004094      0x2a0 build/stm32l4xx_hal_uart.o
                0x08004094                UART_SetConfig
 .text.UART_AdvFeatureConfig
                0x08004334       0xca build/stm32l4xx_hal_uart.o
                0x08004334                UART_AdvFeatureConfig
 .text.UART_WaitOnFlagUntilTimeout
                0x080043fe       0xd0 build/stm32l4xx_hal_uart.o
                0x080043fe                UART_WaitOnFlagUntilTimeout
 .text.HAL_UART_Transmit
                0x080044ce       0xd8 build/stm32l4xx_hal_uart.o
                0x080044ce                HAL_UART_Transmit
 .text.UART_CheckIdleState
                0x080045a6       0x70 build/stm32l4xx_hal_uart.o
                0x080045a6                UART_CheckIdleState
 .text.HAL_UART_Init
                0x08004616       0x62 build/stm32l4xx_hal_uart.o
                0x08004616                HAL_UART_Init
 .text.UART_Start_Receive_IT
                0x08004678       0xd8 build/stm32l4xx_hal_uart.o
                0x08004678                UART_Start_Receive_IT
 .text.HAL_UART_Receive_IT
                0x08004750       0x5c build/stm32l4xx_hal_uart.o
                0x08004750                HAL_UART_Receive_IT
 .text.HAL_UARTEx_WakeupCallback
                0x080047ac        0x2 build/stm32l4xx_hal_uart_ex.o
                0x080047ac                HAL_UARTEx_WakeupCallback
 .text.HAL_UARTEx_ReceiveToIdle_IT
                0x080047ae       0x58 build/stm32l4xx_hal_uart_ex.o
                0x080047ae                HAL_UARTEx_ReceiveToIdle_IT
 *fill*         0x08004806        0x2 
 .text.SystemInit
                0x08004808       0x14 build/system_stm32l4xx.o
                0x08004808                SystemInit
 .text.shellExtNumType
                0x0800481c       0x52 build/shell_ext.o
 .text.shellExtToNum
                0x0800486e       0x2e build/shell_ext.o
 .text.shellExtParseChar
                0x0800489c       0x94 build/shell_ext.o
 .text.shellExtParseString
                0x08004930       0x40 build/shell_ext.o
 .text.shellExtParseNumber
                0x08004970       0xb0 build/shell_ext.o
 .text.shellExtParseVar
                0x08004a20       0x1e build/shell_ext.o
 .text.shellExtParsePara
                0x08004a3e       0x78 build/shell_ext.o
                0x08004a3e                shellExtParsePara
 .text.shellExtRun
                0x08004ab6       0xf4 build/shell_ext.o
                0x08004ab6                shellExtRun
 *fill*         0x08004baa        0x2 
 .text.User_Shell_Write
                0x08004bac       0x14 build/shell_port.o
                0x08004bac                User_Shell_Write
 .text.User_Shell_Init
                0x08004bc0       0x20 build/shell_port.o
                0x08004bc0                User_Shell_Init
 .text.shellAdd
                0x08004be0       0x24 build/shell.o
 .text.shellWriteByte
                0x08004c04       0x18 build/shell.o
 .text.shellWriteCommandDesc
                0x08004c1c       0x4c build/shell.o
 .text.shellStringCopy
                0x08004c68       0x16 build/shell.o
 .text.shellStringCompare
                0x08004c7e       0x2e build/shell.o
 .text.shellGetCommandDesc
                0x08004cac       0x22 build/shell.o
 .text.shellParserParam
                0x08004cce       0x92 build/shell.o
 .text.shellRight
                0x08004d60       0x1a build/shell.o
                0x08004d60                shellRight
 .text.shellLeft
                0x08004d7a       0x18 build/shell.o
                0x08004d7a                shellLeft
 .text.shellHistoryAdd
                0x08004d92       0x70 build/shell.o
 .text.shellRemoveParamQuotes
                0x08004e02       0x54 build/shell.o
 *fill*         0x08004e56        0x2 
 .text.shellGetCurrent
                0x08004e58       0x2c build/shell.o
                0x08004e58                shellGetCurrent
 .text.shellWriteString
                0x08004e84       0x26 build/shell.o
                0x08004e84                shellWriteString
 *fill*         0x08004eaa        0x2 
 .text.shellWritePrompt
                0x08004eac       0x60 build/shell.o
 .text.shellCheckPassword
                0x08004f0c       0x40 build/shell.o
 .text.shellClear
                0x08004f4c       0x14 build/shell.o
                0x08004f4c                shellClear
 .text.shellPrint
                0x08004f60       0x38 build/shell.o
                0x08004f60                shellPrint
 .text.shellCheckPermission
                0x08004f98       0x44 build/shell.o
                0x08004f98                shellCheckPermission
 .text.shellToHex
                0x08004fdc       0x28 build/shell.o
                0x08004fdc                shellToHex
 .text.shellGetCommandName
                0x08005004       0x44 build/shell.o
 .text.shellToDec
                0x08005048       0x60 build/shell.o
                0x08005048                shellToDec
 .text.shellWriteReturnValue
                0x080050a8       0x80 build/shell.o
 .text.shellListItem
                0x08005128       0xe0 build/shell.o
                0x08005128                shellListItem
 .text.shellListCommand
                0x08005208       0x48 build/shell.o
                0x08005208                shellListCommand
 .text.shellCmds
                0x08005250        0xe build/shell.o
                0x08005250                shellCmds
 *fill*         0x0800525e        0x2 
 .text.shellListVar
                0x08005260       0x4c build/shell.o
                0x08005260                shellListVar
 .text.shellVars
                0x080052ac        0xe build/shell.o
                0x080052ac                shellVars
 *fill*         0x080052ba        0x2 
 .text.shellListUser
                0x080052bc       0x48 build/shell.o
                0x080052bc                shellListUser
 .text.shellUsers
                0x08005304        0xe build/shell.o
                0x08005304                shellUsers
 *fill*         0x08005312        0x2 
 .text.shellListKey
                0x08005314       0x48 build/shell.o
                0x08005314                shellListKey
 .text.shellKeys
                0x0800535c        0xe build/shell.o
                0x0800535c                shellKeys
 .text.shellListAll
                0x0800536a        0x8 build/shell.o
                0x0800536a                shellListAll
 *fill*         0x08005372        0x2 
 .text.shellDeleteCommandLine
                0x08005374       0x20 build/shell.o
                0x08005374                shellDeleteCommandLine
 .text.shellClearCommandLine
                0x08005394       0x28 build/shell.o
                0x08005394                shellClearCommandLine
 .text.shellHistory
                0x080053bc       0x98 build/shell.o
 .text.shellUp  0x08005454        0xa build/shell.o
                0x08005454                shellUp
 .text.shellDown
                0x0800545e        0xc build/shell.o
                0x0800545e                shellDown
 *fill*         0x0800546a        0x2 
 .text.shellTab
                0x0800546c      0x114 build/shell.o
                0x0800546c                shellTab
 .text.shellInsertByte
                0x08005580       0xbc build/shell.o
                0x08005580                shellInsertByte
 .text.shellDeleteByte
                0x0800563c       0xc4 build/shell.o
                0x0800563c                shellDeleteByte
 .text.shellBackspace
                0x08005700        0xa build/shell.o
                0x08005700                shellBackspace
 .text.shellDelete
                0x0800570a        0xc build/shell.o
                0x0800570a                shellDelete
 .text.shellSeekCommand
                0x08005716       0x72 build/shell.o
                0x08005716                shellSeekCommand
 .text.shellWriteCommandHelp
                0x08005788       0x60 build/shell.o
 .text.shellHelp
                0x080057e8       0x24 build/shell.o
                0x080057e8                shellHelp
 .text.shellGetVarValue
                0x0800580c       0x44 build/shell.o
                0x0800580c                shellGetVarValue
 .text.shellShowVar
                0x08005850       0xc0 build/shell.o
 .text.shellSetVarValue
                0x08005910       0x78 build/shell.o
                0x08005910                shellSetVarValue
 .text.shellSetVar
                0x08005988       0x64 build/shell.o
                0x08005988                shellSetVar
 .text.shellSetUser
                0x080059ec       0x60 build/shell.o
                0x080059ec                shellSetUser
 .text.shellInit
                0x08005a4c       0x90 build/shell.o
                0x08005a4c                shellInit
 .text.shellRunCommand
                0x08005adc       0x94 build/shell.o
                0x08005adc                shellRunCommand
 .text.shellNormalInput
                0x08005b70       0x14 build/shell.o
                0x08005b70                shellNormalInput
 .text.shellExec
                0x08005b84       0x68 build/shell.o
                0x08005b84                shellExec
 .text.shellEnter
                0x08005bec       0x12 build/shell.o
                0x08005bec                shellEnter
 *fill*         0x08005bfe        0x2 
 .text.shellHandler
                0x08005c00       0xd4 build/shell.o
                0x08005c00                shellHandler
 .text.MX_GPIO_Init
                0x08005cd4       0xbc build/gpio.o
                0x08005cd4                MX_GPIO_Init
 .text.MX_ADC1_Init
                0x08005d90       0x8c build/adc.o
                0x08005d90                MX_ADC1_Init
 .text.HAL_ADC_MspInit
                0x08005e1c       0xa4 build/adc.o
                0x08005e1c                HAL_ADC_MspInit
 .text.ADC_Average_Get
                0x08005ec0       0x8c build/adc.o
                0x08005ec0                ADC_Average_Get
 .text.MX_SPI2_Init
                0x08005f4c       0x4c build/spi.o
                0x08005f4c                MX_SPI2_Init
 .text.MX_SPI3_Init
                0x08005f98       0x4c build/spi.o
                0x08005f98                MX_SPI3_Init
 .text.HAL_SPI_MspInit
                0x08005fe4       0xc4 build/spi.o
                0x08005fe4                HAL_SPI_MspInit
 .text.MX_USART1_UART_Init
                0x080060a8       0x48 build/usart.o
                0x080060a8                MX_USART1_UART_Init
 .text.MX_USART2_UART_Init
                0x080060f0       0x48 build/usart.o
                0x080060f0                MX_USART2_UART_Init
 .text.MX_USART3_UART_Init
                0x08006138       0x48 build/usart.o
                0x08006138                MX_USART3_UART_Init
 .text.HAL_UART_MspInit
                0x08006180      0x180 build/usart.o
                0x08006180                HAL_UART_MspInit
 .text.HAL_UART_RxCpltCallback
                0x08006300       0x34 build/usart.o
                0x08006300                HAL_UART_RxCpltCallback
 .text.HAL_UARTEx_RxEventCallback
                0x08006334       0x70 build/usart.o
                0x08006334                HAL_UARTEx_RxEventCallback
 .text.HAL_UART_ErrorCallback
                0x080063a4       0x48 build/usart.o
                0x080063a4                HAL_UART_ErrorCallback
 .text.timer_init
                0x080063ec       0x18 build/timer.o
                0x080063ec                timer_init
 .text.timer_update
                0x08006404       0x74 build/timer.o
                0x08006404                timer_update
 .text.timer_insert
                0x08006478       0x40 build/timer.o
                0x08006478                timer_insert
 .text.BSP_W25Qx_Reset
                0x080064b8       0x3c build/W25QXX.o
 .text.BSP_W25Qx_GetStatus
                0x080064f4       0x58 build/W25QXX.o
 .text.BSP_W25Qx_Init
                0x0800654c        0xc build/W25QXX.o
                0x0800654c                BSP_W25Qx_Init
 .text.BSP_W25Qx_Read_ID
                0x08006558       0x4c build/W25QXX.o
                0x08006558                BSP_W25Qx_Read_ID
 .text.BSP_W25Qx_Read_JEDEC_ID
                0x080065a4       0x48 build/W25QXX.o
                0x080065a4                BSP_W25Qx_Read_JEDEC_ID
 .text.LED_Init
                0x080065ec       0x5c build/led.o
                0x080065ec                LED_Init
 .text.LED_On   0x08006648        0xe build/led.o
                0x08006648                LED_On
 .text.LED_Off  0x08006656        0xe build/led.o
                0x08006656                LED_Off
 .text.LED_Toggle
                0x08006664        0xc build/led.o
                0x08006664                LED_Toggle
 .text.LED_Blink
                0x08006670       0x26 build/led.o
                0x08006670                LED_Blink
 .text.RS485_SendData
                0x08006696       0x2c build/rs485.o
                0x08006696                RS485_SendData
 *fill*         0x080066c2        0x2 
 .text.atgm_io_init
                0x080066c4       0x48 build/ATGM332D.o
                0x080066c4                atgm_io_init
 .text.atgm_open
                0x0800670c       0x40 build/ATGM332D.o
                0x0800670c                atgm_open
 .text.atgm_read
                0x0800674c       0x4c build/ATGM332D.o
                0x0800674c                atgm_read
 .text.atgm_handler
                0x08006798       0x60 build/ATGM332D.o
                0x08006798                atgm_handler
 .text.ec2x_waitreply
                0x080067f8       0x28 build/EC2x.o
 .text.ec2x_io_init
                0x08006820       0x94 build/EC2x.o
                0x08006820                ec2x_io_init
 .text.ec2x_open
                0x080068b4       0x40 build/EC2x.o
                0x080068b4                ec2x_open
 .text.ec2x_write
                0x080068f4       0x28 build/EC2x.o
                0x080068f4                ec2x_write
 .text.ec2x_cmd_send
                0x0800691c       0x14 build/EC2x.o
 .text.EC2x_Test
                0x08006930       0x4a build/EC2x.o
                0x08006930                EC2x_Test
 *fill*         0x0800697a        0x2 
 .text.ec2x_read
                0x0800697c       0xac build/EC2x.o
                0x0800697c                ec2x_read
 .text.ec2x_handler
                0x08006a28       0xe8 build/EC2x.o
                0x08006a28                ec2x_handler
 .text.ec2x_timeout_handle
                0x08006b10       0x14 build/EC2x.o
                0x08006b10                ec2x_timeout_handle
 .text.ec2x_replymatch
                0x08006b24       0x64 build/EC2x.o
                0x08006b24                ec2x_replymatch
 .text.Reset_Handler
                0x08006b88       0x50 build/startup_stm32l431xx.o
                0x08006b88                Reset_Handler
 .text.Default_Handler
                0x08006bd8        0x2 build/startup_stm32l431xx.o
                0x08006bd8                TIM1_BRK_TIM15_IRQHandler
                0x08006bd8                EXTI2_IRQHandler
                0x08006bd8                TIM1_CC_IRQHandler
                0x08006bd8                TSC_IRQHandler
                0x08006bd8                TAMP_STAMP_IRQHandler
                0x08006bd8                EXTI3_IRQHandler
                0x08006bd8                LPTIM2_IRQHandler
                0x08006bd8                I2C3_ER_IRQHandler
                0x08006bd8                EXTI0_IRQHandler
                0x08006bd8                I2C2_EV_IRQHandler
                0x08006bd8                CAN1_RX0_IRQHandler
                0x08006bd8                FPU_IRQHandler
                0x08006bd8                TIM1_UP_TIM16_IRQHandler
                0x08006bd8                SPI1_IRQHandler
                0x08006bd8                TIM6_DAC_IRQHandler
                0x08006bd8                DMA2_Channel2_IRQHandler
                0x08006bd8                DMA1_Channel4_IRQHandler
                0x08006bd8                ADC1_IRQHandler
                0x08006bd8                DMA1_Channel7_IRQHandler
                0x08006bd8                CAN1_RX1_IRQHandler
                0x08006bd8                DMA2_Channel1_IRQHandler
                0x08006bd8                QUADSPI_IRQHandler
                0x08006bd8                I2C1_EV_IRQHandler
                0x08006bd8                DMA1_Channel6_IRQHandler
                0x08006bd8                DMA2_Channel4_IRQHandler
                0x08006bd8                RCC_IRQHandler
                0x08006bd8                TIM1_TRG_COM_IRQHandler
                0x08006bd8                DMA1_Channel1_IRQHandler
                0x08006bd8                Default_Handler
                0x08006bd8                DMA2_Channel7_IRQHandler
                0x08006bd8                EXTI15_10_IRQHandler
                0x08006bd8                TIM7_IRQHandler
                0x08006bd8                SDMMC1_IRQHandler
                0x08006bd8                I2C3_EV_IRQHandler
                0x08006bd8                EXTI9_5_IRQHandler
                0x08006bd8                RTC_WKUP_IRQHandler
                0x08006bd8                PVD_PVM_IRQHandler
                0x08006bd8                CAN1_TX_IRQHandler
                0x08006bd8                DMA2_Channel5_IRQHandler
                0x08006bd8                CRS_IRQHandler
                0x08006bd8                DMA1_Channel5_IRQHandler
                0x08006bd8                EXTI4_IRQHandler
                0x08006bd8                RNG_IRQHandler
                0x08006bd8                DMA1_Channel3_IRQHandler
                0x08006bd8                COMP_IRQHandler
                0x08006bd8                WWDG_IRQHandler
                0x08006bd8                LPUART1_IRQHandler
                0x08006bd8                DMA2_Channel6_IRQHandler
                0x08006bd8                TIM2_IRQHandler
                0x08006bd8                EXTI1_IRQHandler
                0x08006bd8                I2C2_ER_IRQHandler
                0x08006bd8                DMA1_Channel2_IRQHandler
                0x08006bd8                CAN1_SCE_IRQHandler
                0x08006bd8                FLASH_IRQHandler
                0x08006bd8                I2C1_ER_IRQHandler
                0x08006bd8                SWPMI1_IRQHandler
                0x08006bd8                LPTIM1_IRQHandler
                0x08006bd8                SAI1_IRQHandler
                0x08006bd8                DMA2_Channel3_IRQHandler
                0x08006bd8                RTC_Alarm_IRQHandler
 .text.__cvt    0x08006bda       0xd2 /Applications/ArmGNUToolchain/12.3.rel1/arm-none-eabi/bin/../lib/gcc/arm-none-eabi/12.3.1/../../../../arm-none-eabi/lib/thumb/v7e-m+fp/hard/libc_nano.a(libc_a-nano-vfprintf_float.o)
                0x08006bda                __cvt
 .text.__exponent
                0x08006cac       0x74 /Applications/ArmGNUToolchain/12.3.rel1/arm-none-eabi/bin/../lib/gcc/arm-none-eabi/12.3.1/../../../../arm-none-eabi/lib/thumb/v7e-m+fp/hard/libc_nano.a(libc_a-nano-vfprintf_float.o)
                0x08006cac                __exponent
 .text._printf_float
                0x08006d20      0x464 /Applications/ArmGNUToolchain/12.3.rel1/arm-none-eabi/bin/../lib/gcc/arm-none-eabi/12.3.1/../../../../arm-none-eabi/lib/thumb/v7e-m+fp/hard/libc_nano.a(libc_a-nano-vfprintf_float.o)
                0x08006d20                _printf_float
 .text.malloc   0x08007184       0x10 /Applications/ArmGNUToolchain/12.3.rel1/arm-none-eabi/bin/../lib/gcc/arm-none-eabi/12.3.1/../../../../arm-none-eabi/lib/thumb/v7e-m+fp/hard/libc_nano.a(libc_a-malloc.o)
                0x08007184                malloc
 .text.free     0x08007194       0x10 /Applications/ArmGNUToolchain/12.3.rel1/arm-none-eabi/bin/../lib/gcc/arm-none-eabi/12.3.1/../../../../arm-none-eabi/lib/thumb/v7e-m+fp/hard/libc_nano.a(libc_a-malloc.o)
                0x08007194                free
 .text.sbrk_aligned
                0x080071a4       0x44 /Applications/ArmGNUToolchain/12.3.rel1/arm-none-eabi/bin/../lib/gcc/arm-none-eabi/12.3.1/../../../../arm-none-eabi/lib/thumb/v7e-m+fp/hard/libc_nano.a(libc_a-mallocr.o)
 .text._malloc_r
                0x080071e8      0x100 /Applications/ArmGNUToolchain/12.3.rel1/arm-none-eabi/bin/../lib/gcc/arm-none-eabi/12.3.1/../../../../arm-none-eabi/lib/thumb/v7e-m+fp/hard/libc_nano.a(libc_a-mallocr.o)
                0x080071e8                _malloc_r
 .text._printf_common
                0x080072e8       0xda /Applications/ArmGNUToolchain/12.3.rel1/arm-none-eabi/bin/../lib/gcc/arm-none-eabi/12.3.1/../../../../arm-none-eabi/lib/thumb/v7e-m+fp/hard/libc_nano.a(libc_a-nano-vfprintf_i.o)
                0x080072e8                _printf_common
 *fill*         0x080073c2        0x2 
 .text._printf_i
                0x080073c4      0x258 /Applications/ArmGNUToolchain/12.3.rel1/arm-none-eabi/bin/../lib/gcc/arm-none-eabi/12.3.1/../../../../arm-none-eabi/lib/thumb/v7e-m+fp/hard/libc_nano.a(libc_a-nano-vfprintf_i.o)
                0x080073c4                _printf_i
 .text.__malloc_lock
                0x0800761c        0xc /Applications/ArmGNUToolchain/12.3.rel1/arm-none-eabi/bin/../lib/gcc/arm-none-eabi/12.3.1/../../../../arm-none-eabi/lib/thumb/v7e-m+fp/hard/libc_nano.a(libc_a-mlock.o)
                0x0800761c                __malloc_lock
 .text.__malloc_unlock
                0x08007628        0xc /Applications/ArmGNUToolchain/12.3.rel1/arm-none-eabi/bin/../lib/gcc/arm-none-eabi/12.3.1/../../../../arm-none-eabi/lib/thumb/v7e-m+fp/hard/libc_nano.a(libc_a-mlock.o)
                0x08007628                __malloc_unlock
 .text.std      0x08007634       0x6c /Applications/ArmGNUToolchain/12.3.rel1/arm-none-eabi/bin/../lib/gcc/arm-none-eabi/12.3.1/../../../../arm-none-eabi/lib/thumb/v7e-m+fp/hard/libc_nano.a(libc_a-findfp.o)
 .text.stdio_exit_handler
                0x080076a0       0x18 /Applications/ArmGNUToolchain/12.3.rel1/arm-none-eabi/bin/../lib/gcc/arm-none-eabi/12.3.1/../../../../arm-none-eabi/lib/thumb/v7e-m+fp/hard/libc_nano.a(libc_a-findfp.o)
 .text.cleanup_stdio
                0x080076b8       0x40 /Applications/ArmGNUToolchain/12.3.rel1/arm-none-eabi/bin/../lib/gcc/arm-none-eabi/12.3.1/../../../../arm-none-eabi/lib/thumb/v7e-m+fp/hard/libc_nano.a(libc_a-findfp.o)
 .text.global_stdio_init.part.0
                0x080076f8       0x3c /Applications/ArmGNUToolchain/12.3.rel1/arm-none-eabi/bin/../lib/gcc/arm-none-eabi/12.3.1/../../../../arm-none-eabi/lib/thumb/v7e-m+fp/hard/libc_nano.a(libc_a-findfp.o)
 .text.__sfp_lock_acquire
                0x08007734        0xc /Applications/ArmGNUToolchain/12.3.rel1/arm-none-eabi/bin/../lib/gcc/arm-none-eabi/12.3.1/../../../../arm-none-eabi/lib/thumb/v7e-m+fp/hard/libc_nano.a(libc_a-findfp.o)
                0x08007734                __sfp_lock_acquire
 .text.__sfp_lock_release
                0x08007740        0xc /Applications/ArmGNUToolchain/12.3.rel1/arm-none-eabi/bin/../lib/gcc/arm-none-eabi/12.3.1/../../../../arm-none-eabi/lib/thumb/v7e-m+fp/hard/libc_nano.a(libc_a-findfp.o)
                0x08007740                __sfp_lock_release
 .text.__sinit  0x0800774c       0x30 /Applications/ArmGNUToolchain/12.3.rel1/arm-none-eabi/bin/../lib/gcc/arm-none-eabi/12.3.1/../../../../arm-none-eabi/lib/thumb/v7e-m+fp/hard/libc_nano.a(libc_a-findfp.o)
                0x0800774c                __sinit
 .text._fwalk_sglue
                0x0800777c       0x3c /Applications/ArmGNUToolchain/12.3.rel1/arm-none-eabi/bin/../lib/gcc/arm-none-eabi/12.3.1/../../../../arm-none-eabi/lib/thumb/v7e-m+fp/hard/libc_nano.a(libc_a-fwalk.o)
                0x0800777c                _fwalk_sglue
 .text._vsnprintf_r
                0x080077b8       0x56 /Applications/ArmGNUToolchain/12.3.rel1/arm-none-eabi/bin/../lib/gcc/arm-none-eabi/12.3.1/../../../../arm-none-eabi/lib/thumb/v7e-m+fp/hard/libc_nano.a(libc_a-vsnprintf.o)
                0x080077b8                _vsnprintf_r
                0x080077b8                _vsniprintf_r
 *fill*         0x0800780e        0x2 
 .text.vsnprintf
                0x08007810       0x1c /Applications/ArmGNUToolchain/12.3.rel1/arm-none-eabi/bin/../lib/gcc/arm-none-eabi/12.3.1/../../../../arm-none-eabi/lib/thumb/v7e-m+fp/hard/libc_nano.a(libc_a-vsnprintf.o)
                0x08007810                vsnprintf
                0x08007810                vsniprintf
 .text.strncmp  0x0800782c       0x24 /Applications/ArmGNUToolchain/12.3.rel1/arm-none-eabi/bin/../lib/gcc/arm-none-eabi/12.3.1/../../../../arm-none-eabi/lib/thumb/v7e-m+fp/hard/libc_nano.a(libc_a-strncmp.o)
                0x0800782c                strncmp
 .text.strstr   0x08007850       0x2c /Applications/ArmGNUToolchain/12.3.rel1/arm-none-eabi/bin/../lib/gcc/arm-none-eabi/12.3.1/../../../../arm-none-eabi/lib/thumb/v7e-m+fp/hard/libc_nano.a(libc_a-strstr.o)
                0x08007850                strstr
 .text.memset   0x0800787c       0x10 /Applications/ArmGNUToolchain/12.3.rel1/arm-none-eabi/bin/../lib/gcc/arm-none-eabi/12.3.1/../../../../arm-none-eabi/lib/thumb/v7e-m+fp/hard/libc_nano.a(libc_a-memset.o)
                0x0800787c                memset
 .text._localeconv_r
                0x0800788c        0x8 /Applications/ArmGNUToolchain/12.3.rel1/arm-none-eabi/bin/../lib/gcc/arm-none-eabi/12.3.1/../../../../arm-none-eabi/lib/thumb/v7e-m+fp/hard/libc_nano.a(libc_a-localeconv.o)
                0x0800788c                _localeconv_r
 .text._sbrk_r  0x08007894       0x20 /Applications/ArmGNUToolchain/12.3.rel1/arm-none-eabi/bin/../lib/gcc/arm-none-eabi/12.3.1/../../../../arm-none-eabi/lib/thumb/v7e-m+fp/hard/libc_nano.a(libc_a-sbrkr.o)
                0x08007894                _sbrk_r
 .text.__libc_init_array
                0x080078b4       0x48 /Applications/ArmGNUToolchain/12.3.rel1/arm-none-eabi/bin/../lib/gcc/arm-none-eabi/12.3.1/../../../../arm-none-eabi/lib/thumb/v7e-m+fp/hard/libc_nano.a(libc_a-init.o)
                0x080078b4                __libc_init_array
 .text.__retarget_lock_init_recursive
                0x080078fc        0x2 /Applications/ArmGNUToolchain/12.3.rel1/arm-none-eabi/bin/../lib/gcc/arm-none-eabi/12.3.1/../../../../arm-none-eabi/lib/thumb/v7e-m+fp/hard/libc_nano.a(libc_a-lock.o)
                0x080078fc                __retarget_lock_init_recursive
 .text.__retarget_lock_acquire_recursive
                0x080078fe        0x2 /Applications/ArmGNUToolchain/12.3.rel1/arm-none-eabi/bin/../lib/gcc/arm-none-eabi/12.3.1/../../../../arm-none-eabi/lib/thumb/v7e-m+fp/hard/libc_nano.a(libc_a-lock.o)
                0x080078fe                __retarget_lock_acquire_recursive
 .text.__retarget_lock_release_recursive
                0x08007900        0x2 /Applications/ArmGNUToolchain/12.3.rel1/arm-none-eabi/bin/../lib/gcc/arm-none-eabi/12.3.1/../../../../arm-none-eabi/lib/thumb/v7e-m+fp/hard/libc_nano.a(libc_a-lock.o)
                0x08007900                __retarget_lock_release_recursive
 .text.memcpy   0x08007902       0x1c /Applications/ArmGNUToolchain/12.3.rel1/arm-none-eabi/bin/../lib/gcc/arm-none-eabi/12.3.1/../../../../arm-none-eabi/lib/thumb/v7e-m+fp/hard/libc_nano.a(libc_a-memcpy-stub.o)
                0x08007902                memcpy
 .text.quorem   0x0800791e      0x110 /Applications/ArmGNUToolchain/12.3.rel1/arm-none-eabi/bin/../lib/gcc/arm-none-eabi/12.3.1/../../../../arm-none-eabi/lib/thumb/v7e-m+fp/hard/libc_nano.a(libc_a-dtoa.o)
 *fill*         0x08007a2e        0x2 
 .text._dtoa_r  0x08007a30      0xc58 /Applications/ArmGNUToolchain/12.3.rel1/arm-none-eabi/bin/../lib/gcc/arm-none-eabi/12.3.1/../../../../arm-none-eabi/lib/thumb/v7e-m+fp/hard/libc_nano.a(libc_a-dtoa.o)
                0x08007a30                _dtoa_r
 .text._free_r  0x08008688       0x94 /Applications/ArmGNUToolchain/12.3.rel1/arm-none-eabi/bin/../lib/gcc/arm-none-eabi/12.3.1/../../../../arm-none-eabi/lib/thumb/v7e-m+fp/hard/libc_nano.a(libc_a-freer.o)
                0x08008688                _free_r
 .text.__ssputs_r
                0x0800871c       0xb6 /Applications/ArmGNUToolchain/12.3.rel1/arm-none-eabi/bin/../lib/gcc/arm-none-eabi/12.3.1/../../../../arm-none-eabi/lib/thumb/v7e-m+fp/hard/libc_nano.a(libc_a-nano-svfprintf.o)
                0x0800871c                __ssputs_r
 *fill*         0x080087d2        0x2 
 .text._svfprintf_r
                0x080087d4      0x1f8 /Applications/ArmGNUToolchain/12.3.rel1/arm-none-eabi/bin/../lib/gcc/arm-none-eabi/12.3.1/../../../../arm-none-eabi/lib/thumb/v7e-m+fp/hard/libc_nano.a(libc_a-nano-svfprintf.o)
                0x080087d4                _svfprintf_r
                0x080087d4                _svfiprintf_r
 .text.__sflush_r
                0x080089cc      0x108 /Applications/ArmGNUToolchain/12.3.rel1/arm-none-eabi/bin/../lib/gcc/arm-none-eabi/12.3.1/../../../../arm-none-eabi/lib/thumb/v7e-m+fp/hard/libc_nano.a(libc_a-fflush.o)
                0x080089cc                __sflush_r
 .text._fflush_r
                0x08008ad4       0x50 /Applications/ArmGNUToolchain/12.3.rel1/arm-none-eabi/bin/../lib/gcc/arm-none-eabi/12.3.1/../../../../arm-none-eabi/lib/thumb/v7e-m+fp/hard/libc_nano.a(libc_a-fflush.o)
                0x08008ad4                _fflush_r
 .text._Balloc  0x08008b24       0x80 /Applications/ArmGNUToolchain/12.3.rel1/arm-none-eabi/bin/../lib/gcc/arm-none-eabi/12.3.1/../../../../arm-none-eabi/lib/thumb/v7e-m+fp/hard/libc_nano.a(libc_a-mprec.o)
                0x08008b24                _Balloc
 .text._Bfree   0x08008ba4       0x44 /Applications/ArmGNUToolchain/12.3.rel1/arm-none-eabi/bin/../lib/gcc/arm-none-eabi/12.3.1/../../../../arm-none-eabi/lib/thumb/v7e-m+fp/hard/libc_nano.a(libc_a-mprec.o)
                0x08008ba4                _Bfree
 .text.__multadd
                0x08008be8       0x8c /Applications/ArmGNUToolchain/12.3.rel1/arm-none-eabi/bin/../lib/gcc/arm-none-eabi/12.3.1/../../../../arm-none-eabi/lib/thumb/v7e-m+fp/hard/libc_nano.a(libc_a-mprec.o)
                0x08008be8                __multadd
 .text.__hi0bits
                0x08008c74       0x44 /Applications/ArmGNUToolchain/12.3.rel1/arm-none-eabi/bin/../lib/gcc/arm-none-eabi/12.3.1/../../../../arm-none-eabi/lib/thumb/v7e-m+fp/hard/libc_nano.a(libc_a-mprec.o)
                0x08008c74                __hi0bits
 .text.__lo0bits
                0x08008cb8       0x5a /Applications/ArmGNUToolchain/12.3.rel1/arm-none-eabi/bin/../lib/gcc/arm-none-eabi/12.3.1/../../../../arm-none-eabi/lib/thumb/v7e-m+fp/hard/libc_nano.a(libc_a-mprec.o)
                0x08008cb8                __lo0bits
 *fill*         0x08008d12        0x2 
 .text.__i2b    0x08008d14       0x2c /Applications/ArmGNUToolchain/12.3.rel1/arm-none-eabi/bin/../lib/gcc/arm-none-eabi/12.3.1/../../../../arm-none-eabi/lib/thumb/v7e-m+fp/hard/libc_nano.a(libc_a-mprec.o)
                0x08008d14                __i2b
 .text.__multiply
                0x08008d40      0x154 /Applications/ArmGNUToolchain/12.3.rel1/arm-none-eabi/bin/../lib/gcc/arm-none-eabi/12.3.1/../../../../arm-none-eabi/lib/thumb/v7e-m+fp/hard/libc_nano.a(libc_a-mprec.o)
                0x08008d40                __multiply
 .text.__pow5mult
                0x08008e94       0xb4 /Applications/ArmGNUToolchain/12.3.rel1/arm-none-eabi/bin/../lib/gcc/arm-none-eabi/12.3.1/../../../../arm-none-eabi/lib/thumb/v7e-m+fp/hard/libc_nano.a(libc_a-mprec.o)
                0x08008e94                __pow5mult
 .text.__lshift
                0x08008f48       0xd8 /Applications/ArmGNUToolchain/12.3.rel1/arm-none-eabi/bin/../lib/gcc/arm-none-eabi/12.3.1/../../../../arm-none-eabi/lib/thumb/v7e-m+fp/hard/libc_nano.a(libc_a-mprec.o)
                0x08008f48                __lshift
 .text.__mcmp   0x08009020       0x36 /Applications/ArmGNUToolchain/12.3.rel1/arm-none-eabi/bin/../lib/gcc/arm-none-eabi/12.3.1/../../../../arm-none-eabi/lib/thumb/v7e-m+fp/hard/libc_nano.a(libc_a-mprec.o)
                0x08009020                __mcmp
 *fill*         0x08009056        0x2 
 .text.__mdiff  0x08009058      0x128 /Applications/ArmGNUToolchain/12.3.rel1/arm-none-eabi/bin/../lib/gcc/arm-none-eabi/12.3.1/../../../../arm-none-eabi/lib/thumb/v7e-m+fp/hard/libc_nano.a(libc_a-mprec.o)
                0x08009058                __mdiff
 .text.__d2b    0x08009180       0xb0 /Applications/ArmGNUToolchain/12.3.rel1/arm-none-eabi/bin/../lib/gcc/arm-none-eabi/12.3.1/../../../../arm-none-eabi/lib/thumb/v7e-m+fp/hard/libc_nano.a(libc_a-mprec.o)
                0x08009180                __d2b
 .text.__sread  0x08009230       0x22 /Applications/ArmGNUToolchain/12.3.rel1/arm-none-eabi/bin/../lib/gcc/arm-none-eabi/12.3.1/../../../../arm-none-eabi/lib/thumb/v7e-m+fp/hard/libc_nano.a(libc_a-stdio.o)
                0x08009230                __sread
 .text.__swrite
                0x08009252       0x38 /Applications/ArmGNUToolchain/12.3.rel1/arm-none-eabi/bin/../lib/gcc/arm-none-eabi/12.3.1/../../../../arm-none-eabi/lib/thumb/v7e-m+fp/hard/libc_nano.a(libc_a-stdio.o)
                0x08009252                __swrite
 .text.__sseek  0x0800928a       0x24 /Applications/ArmGNUToolchain/12.3.rel1/arm-none-eabi/bin/../lib/gcc/arm-none-eabi/12.3.1/../../../../arm-none-eabi/lib/thumb/v7e-m+fp/hard/libc_nano.a(libc_a-stdio.o)
                0x0800928a                __sseek
 .text.__sclose
                0x080092ae        0x8 /Applications/ArmGNUToolchain/12.3.rel1/arm-none-eabi/bin/../lib/gcc/arm-none-eabi/12.3.1/../../../../arm-none-eabi/lib/thumb/v7e-m+fp/hard/libc_nano.a(libc_a-stdio.o)
                0x080092ae                __sclose
 .text._realloc_r
                0x080092b6       0x5c /Applications/ArmGNUToolchain/12.3.rel1/arm-none-eabi/bin/../lib/gcc/arm-none-eabi/12.3.1/../../../../arm-none-eabi/lib/thumb/v7e-m+fp/hard/libc_nano.a(libc_a-reallocr.o)
                0x080092b6                _realloc_r
 .text.memmove  0x08009312       0x34 /Applications/ArmGNUToolchain/12.3.rel1/arm-none-eabi/bin/../lib/gcc/arm-none-eabi/12.3.1/../../../../arm-none-eabi/lib/thumb/v7e-m+fp/hard/libc_nano.a(libc_a-memmove.o)
                0x08009312                memmove
 *fill*         0x08009346        0x2 
 .text._close_r
                0x08009348       0x20 /Applications/ArmGNUToolchain/12.3.rel1/arm-none-eabi/bin/../lib/gcc/arm-none-eabi/12.3.1/../../../../arm-none-eabi/lib/thumb/v7e-m+fp/hard/libc_nano.a(libc_a-closer.o)
                0x08009348                _close_r
 .text._lseek_r
                0x08009368       0x24 /Applications/ArmGNUToolchain/12.3.rel1/arm-none-eabi/bin/../lib/gcc/arm-none-eabi/12.3.1/../../../../arm-none-eabi/lib/thumb/v7e-m+fp/hard/libc_nano.a(libc_a-lseekr.o)
                0x08009368                _lseek_r
 .text._read_r  0x0800938c       0x24 /Applications/ArmGNUToolchain/12.3.rel1/arm-none-eabi/bin/../lib/gcc/arm-none-eabi/12.3.1/../../../../arm-none-eabi/lib/thumb/v7e-m+fp/hard/libc_nano.a(libc_a-readr.o)
                0x0800938c                _read_r
 .text._write_r
                0x080093b0       0x24 /Applications/ArmGNUToolchain/12.3.rel1/arm-none-eabi/bin/../lib/gcc/arm-none-eabi/12.3.1/../../../../arm-none-eabi/lib/thumb/v7e-m+fp/hard/libc_nano.a(libc_a-writer.o)
                0x080093b0                _write_r
 .text.__assert_func
                0x080093d4       0x3c /Applications/ArmGNUToolchain/12.3.rel1/arm-none-eabi/bin/../lib/gcc/arm-none-eabi/12.3.1/../../../../arm-none-eabi/lib/thumb/v7e-m+fp/hard/libc_nano.a(libc_a-assert.o)
                0x080093d4                __assert_func
 .text._calloc_r
                0x08009410       0x28 /Applications/ArmGNUToolchain/12.3.rel1/arm-none-eabi/bin/../lib/gcc/arm-none-eabi/12.3.1/../../../../arm-none-eabi/lib/thumb/v7e-m+fp/hard/libc_nano.a(libc_a-callocr.o)
                0x08009410                _calloc_r
 .text.__ascii_mbtowc
                0x08009438       0x24 /Applications/ArmGNUToolchain/12.3.rel1/arm-none-eabi/bin/../lib/gcc/arm-none-eabi/12.3.1/../../../../arm-none-eabi/lib/thumb/v7e-m+fp/hard/libc_nano.a(libc_a-mbtowc_r.o)
                0x08009438                __ascii_mbtowc
 .text._malloc_usable_size_r
                0x0800945c       0x10 /Applications/ArmGNUToolchain/12.3.rel1/arm-none-eabi/bin/../lib/gcc/arm-none-eabi/12.3.1/../../../../arm-none-eabi/lib/thumb/v7e-m+fp/hard/libc_nano.a(libc_a-msizer.o)
                0x0800945c                _malloc_usable_size_r
 .text.fprintf  0x0800946c       0x24 /Applications/ArmGNUToolchain/12.3.rel1/arm-none-eabi/bin/../lib/gcc/arm-none-eabi/12.3.1/../../../../arm-none-eabi/lib/thumb/v7e-m+fp/hard/libc_nano.a(libc_a-fprintf.o)
                0x0800946c                fprintf
                0x0800946c                fiprintf
 .text.__ascii_wctomb
                0x08009490       0x1a /Applications/ArmGNUToolchain/12.3.rel1/arm-none-eabi/bin/../lib/gcc/arm-none-eabi/12.3.1/../../../../arm-none-eabi/lib/thumb/v7e-m+fp/hard/libc_nano.a(libc_a-wctomb_r.o)
                0x08009490                __ascii_wctomb
 .text.abort    0x080094aa        0xe /Applications/ArmGNUToolchain/12.3.rel1/arm-none-eabi/bin/../lib/gcc/arm-none-eabi/12.3.1/../../../../arm-none-eabi/lib/thumb/v7e-m+fp/hard/libc_nano.a(libc_a-abort.o)
                0x080094aa                abort
 .text.__sfputc_r
                0x080094b8       0x2e /Applications/ArmGNUToolchain/12.3.rel1/arm-none-eabi/bin/../lib/gcc/arm-none-eabi/12.3.1/../../../../arm-none-eabi/lib/thumb/v7e-m+fp/hard/libc_nano.a(libc_a-nano-vfprintf.o)
 .text.__sfputs_r
                0x080094e6       0x24 /Applications/ArmGNUToolchain/12.3.rel1/arm-none-eabi/bin/../lib/gcc/arm-none-eabi/12.3.1/../../../../arm-none-eabi/lib/thumb/v7e-m+fp/hard/libc_nano.a(libc_a-nano-vfprintf.o)
                0x080094e6                __sfputs_r
 *fill*         0x0800950a        0x2 
 .text._vfprintf_r
                0x0800950c      0x230 /Applications/ArmGNUToolchain/12.3.rel1/arm-none-eabi/bin/../lib/gcc/arm-none-eabi/12.3.1/../../../../arm-none-eabi/lib/thumb/v7e-m+fp/hard/libc_nano.a(libc_a-nano-vfprintf.o)
                0x0800950c                _vfiprintf_r
                0x0800950c                _vfprintf_r
 .text.__swbuf_r
                0x0800973c       0x7c /Applications/ArmGNUToolchain/12.3.rel1/arm-none-eabi/bin/../lib/gcc/arm-none-eabi/12.3.1/../../../../arm-none-eabi/lib/thumb/v7e-m+fp/hard/libc_nano.a(libc_a-wbuf.o)
                0x0800973c                __swbuf_r
 .text.__swsetup_r
                0x080097b8       0xac /Applications/ArmGNUToolchain/12.3.rel1/arm-none-eabi/bin/../lib/gcc/arm-none-eabi/12.3.1/../../../../arm-none-eabi/lib/thumb/v7e-m+fp/hard/libc_nano.a(libc_a-wsetup.o)
                0x080097b8                __swsetup_r
 .text.__swhatbuf_r
                0x08009864       0x4c /Applications/ArmGNUToolchain/12.3.rel1/arm-none-eabi/bin/../lib/gcc/arm-none-eabi/12.3.1/../../../../arm-none-eabi/lib/thumb/v7e-m+fp/hard/libc_nano.a(libc_a-makebuf.o)
                0x08009864                __swhatbuf_r
 .text.__smakebuf_r
                0x080098b0       0x78 /Applications/ArmGNUToolchain/12.3.rel1/arm-none-eabi/bin/../lib/gcc/arm-none-eabi/12.3.1/../../../../arm-none-eabi/lib/thumb/v7e-m+fp/hard/libc_nano.a(libc_a-makebuf.o)
                0x080098b0                __smakebuf_r
 .text._fstat_r
                0x08009928       0x24 /Applications/ArmGNUToolchain/12.3.rel1/arm-none-eabi/bin/../lib/gcc/arm-none-eabi/12.3.1/../../../../arm-none-eabi/lib/thumb/v7e-m+fp/hard/libc_nano.a(libc_a-fstatr.o)
                0x08009928                _fstat_r
 .text._isatty_r
                0x0800994c       0x20 /Applications/ArmGNUToolchain/12.3.rel1/arm-none-eabi/bin/../lib/gcc/arm-none-eabi/12.3.1/../../../../arm-none-eabi/lib/thumb/v7e-m+fp/hard/libc_nano.a(libc_a-isattyr.o)
                0x0800994c                _isatty_r
 .text._raise_r
                0x0800996c       0x50 /Applications/ArmGNUToolchain/12.3.rel1/arm-none-eabi/bin/../lib/gcc/arm-none-eabi/12.3.1/../../../../arm-none-eabi/lib/thumb/v7e-m+fp/hard/libc_nano.a(libc_a-signal.o)
                0x0800996c                _raise_r
 .text.raise    0x080099bc       0x10 /Applications/ArmGNUToolchain/12.3.rel1/arm-none-eabi/bin/../lib/gcc/arm-none-eabi/12.3.1/../../../../arm-none-eabi/lib/thumb/v7e-m+fp/hard/libc_nano.a(libc_a-signal.o)
                0x080099bc                raise
 .text._kill_r  0x080099cc       0x24 /Applications/ArmGNUToolchain/12.3.rel1/arm-none-eabi/bin/../lib/gcc/arm-none-eabi/12.3.1/../../../../arm-none-eabi/lib/thumb/v7e-m+fp/hard/libc_nano.a(libc_a-signalr.o)
                0x080099cc                _kill_r
 .text._getpid_r
                0x080099f0        0x4 /Applications/ArmGNUToolchain/12.3.rel1/arm-none-eabi/bin/../lib/gcc/arm-none-eabi/12.3.1/../../../../arm-none-eabi/lib/thumb/v7e-m+fp/hard/libc_nano.a(libc_a-signalr.o)
                0x080099f0                _getpid_r
 *fill*         0x080099f4        0x4 
 .text.pow      0x080099f8       0xf0 /Applications/ArmGNUToolchain/12.3.rel1/arm-none-eabi/bin/../lib/gcc/arm-none-eabi/12.3.1/../../../../arm-none-eabi/lib/thumb/v7e-m+fp/hard/libm.a(libm_a-w_pow.o)
                0x080099f8                pow
 .text.finite   0x08009ae8       0x18 /Applications/ArmGNUToolchain/12.3.rel1/arm-none-eabi/bin/../lib/gcc/arm-none-eabi/12.3.1/../../../../arm-none-eabi/lib/thumb/v7e-m+fp/hard/libm.a(libm_a-s_finite.o)
                0x08009ae8                finite
 .text.__ieee754_pow
                0x08009b00      0xbec /Applications/ArmGNUToolchain/12.3.rel1/arm-none-eabi/bin/../lib/gcc/arm-none-eabi/12.3.1/../../../../arm-none-eabi/lib/thumb/v7e-m+fp/hard/libm.a(libm_a-e_pow.o)
                0x08009b00                __ieee754_pow
 .text.with_errno
                0x0800a6ec       0x24 /Applications/ArmGNUToolchain/12.3.rel1/arm-none-eabi/bin/../lib/gcc/arm-none-eabi/12.3.1/../../../../arm-none-eabi/lib/thumb/v7e-m+fp/hard/libm.a(libm_a-math_err.o)
 .text.xflow    0x0800a710       0x34 /Applications/ArmGNUToolchain/12.3.rel1/arm-none-eabi/bin/../lib/gcc/arm-none-eabi/12.3.1/../../../../arm-none-eabi/lib/thumb/v7e-m+fp/hard/libm.a(libm_a-math_err.o)
 *fill*         0x0800a744        0x4 
 .text.__math_uflow
                0x0800a748       0x10 /Applications/ArmGNUToolchain/12.3.rel1/arm-none-eabi/bin/../lib/gcc/arm-none-eabi/12.3.1/../../../../arm-none-eabi/lib/thumb/v7e-m+fp/hard/libm.a(libm_a-math_err.o)
                0x0800a748                __math_uflow
 .text.__math_oflow
                0x0800a758       0x10 /Applications/ArmGNUToolchain/12.3.rel1/arm-none-eabi/bin/../lib/gcc/arm-none-eabi/12.3.1/../../../../arm-none-eabi/lib/thumb/v7e-m+fp/hard/libm.a(libm_a-math_err.o)
                0x0800a758                __math_oflow
 .text.fabs     0x0800a768       0x10 /Applications/ArmGNUToolchain/12.3.rel1/arm-none-eabi/bin/../lib/gcc/arm-none-eabi/12.3.1/../../../../arm-none-eabi/lib/thumb/v7e-m+fp/hard/libm.a(libm_a-s_fabs.o)
                0x0800a768                fabs
 .text.scalbn   0x0800a778      0x114 /Applications/ArmGNUToolchain/12.3.rel1/arm-none-eabi/bin/../lib/gcc/arm-none-eabi/12.3.1/../../../../arm-none-eabi/lib/thumb/v7e-m+fp/hard/libm.a(libm_a-s_scalbn.o)
                0x0800a778                scalbn
 .text.__ieee754_sqrt
                0x0800a88c      0x1f4 /Applications/ArmGNUToolchain/12.3.rel1/arm-none-eabi/bin/../lib/gcc/arm-none-eabi/12.3.1/../../../../arm-none-eabi/lib/thumb/v7e-m+fp/hard/libm.a(libm_a-e_sqrt.o)
                0x0800a88c                __ieee754_sqrt
 .text._close   0x0800aa80       0x10 /Applications/ArmGNUToolchain/12.3.rel1/arm-none-eabi/bin/../lib/gcc/arm-none-eabi/12.3.1/../../../../arm-none-eabi/lib/thumb/v7e-m+fp/hard/libnosys.a(close.o)
                0x0800aa80                _close
 .text._fstat   0x0800aa90       0x10 /Applications/ArmGNUToolchain/12.3.rel1/arm-none-eabi/bin/../lib/gcc/arm-none-eabi/12.3.1/../../../../arm-none-eabi/lib/thumb/v7e-m+fp/hard/libnosys.a(fstat.o)
                0x0800aa90                _fstat
 .text._getpid  0x0800aaa0       0x10 /Applications/ArmGNUToolchain/12.3.rel1/arm-none-eabi/bin/../lib/gcc/arm-none-eabi/12.3.1/../../../../arm-none-eabi/lib/thumb/v7e-m+fp/hard/libnosys.a(getpid.o)
                0x0800aaa0                _getpid
 .text._isatty  0x0800aab0       0x10 /Applications/ArmGNUToolchain/12.3.rel1/arm-none-eabi/bin/../lib/gcc/arm-none-eabi/12.3.1/../../../../arm-none-eabi/lib/thumb/v7e-m+fp/hard/libnosys.a(isatty.o)
                0x0800aab0                _isatty
 .text._kill    0x0800aac0       0x10 /Applications/ArmGNUToolchain/12.3.rel1/arm-none-eabi/bin/../lib/gcc/arm-none-eabi/12.3.1/../../../../arm-none-eabi/lib/thumb/v7e-m+fp/hard/libnosys.a(kill.o)
                0x0800aac0                _kill
 .text._lseek   0x0800aad0       0x10 /Applications/ArmGNUToolchain/12.3.rel1/arm-none-eabi/bin/../lib/gcc/arm-none-eabi/12.3.1/../../../../arm-none-eabi/lib/thumb/v7e-m+fp/hard/libnosys.a(lseek.o)
                0x0800aad0                _lseek
 .text._read    0x0800aae0       0x10 /Applications/ArmGNUToolchain/12.3.rel1/arm-none-eabi/bin/../lib/gcc/arm-none-eabi/12.3.1/../../../../arm-none-eabi/lib/thumb/v7e-m+fp/hard/libnosys.a(read.o)
                0x0800aae0                _read
 .text._sbrk    0x0800aaf0       0x1c /Applications/ArmGNUToolchain/12.3.rel1/arm-none-eabi/bin/../lib/gcc/arm-none-eabi/12.3.1/../../../../arm-none-eabi/lib/thumb/v7e-m+fp/hard/libnosys.a(sbrk.o)
                0x0800aaf0                _sbrk
 .text._write   0x0800ab0c       0x10 /Applications/ArmGNUToolchain/12.3.rel1/arm-none-eabi/bin/../lib/gcc/arm-none-eabi/12.3.1/../../../../arm-none-eabi/lib/thumb/v7e-m+fp/hard/libnosys.a(write.o)
                0x0800ab0c                _write
 .text._exit    0x0800ab1c        0x4 /Applications/ArmGNUToolchain/12.3.rel1/arm-none-eabi/bin/../lib/gcc/arm-none-eabi/12.3.1/../../../../arm-none-eabi/lib/thumb/v7e-m+fp/hard/libnosys.a(_exit.o)
                0x0800ab1c                _exit
 .text.__udivmoddi4
                0x0800ab20      0x2bc /Applications/ArmGNUToolchain/12.3.rel1/arm-none-eabi/bin/../lib/gcc/arm-none-eabi/12.3.1/thumb/v7e-m+fp/hard/libgcc.a(_udivmoddi4.o)
                0x0800ab20                __udivmoddi4
 .text.__errno  0x0800addc        0xc /Applications/ArmGNUToolchain/12.3.rel1/arm-none-eabi/bin/../lib/gcc/arm-none-eabi/12.3.1/../../../../arm-none-eabi/lib/thumb/v7e-m+fp/hard/libc_nano.a(libc_a-errno.o)
                0x0800addc                __errno
 *(.glue_7)
 .glue_7        0x0800ade8        0x0 linker stubs
 *(.glue_7t)
 .glue_7t       0x0800ade8        0x0 linker stubs
 *(.eh_frame)
 .eh_frame      0x0800ade8        0x0 /Applications/ArmGNUToolchain/12.3.rel1/arm-none-eabi/bin/../lib/gcc/arm-none-eabi/12.3.1/thumb/v7e-m+fp/hard/crtbegin.o
 *(.init)
 .init          0x0800ade8        0x4 /Applications/ArmGNUToolchain/12.3.rel1/arm-none-eabi/bin/../lib/gcc/arm-none-eabi/12.3.1/thumb/v7e-m+fp/hard/crti.o
                0x0800ade8                _init
 .init          0x0800adec        0x8 /Applications/ArmGNUToolchain/12.3.rel1/arm-none-eabi/bin/../lib/gcc/arm-none-eabi/12.3.1/thumb/v7e-m+fp/hard/crtn.o
 *(.fini)
 .fini          0x0800adf4        0x4 /Applications/ArmGNUToolchain/12.3.rel1/arm-none-eabi/bin/../lib/gcc/arm-none-eabi/12.3.1/thumb/v7e-m+fp/hard/crti.o
                0x0800adf4                _fini
 .fini          0x0800adf8        0x8 /Applications/ArmGNUToolchain/12.3.rel1/arm-none-eabi/bin/../lib/gcc/arm-none-eabi/12.3.1/thumb/v7e-m+fp/hard/crtn.o
                0x0800ae00                        . = ALIGN (0x8)
                0x0800ae00                        _etext = .

.vfp11_veneer   0x0800ae00        0x0
 .vfp11_veneer  0x0800ae00        0x0 linker stubs

.v4_bx          0x0800ae00        0x0
 .v4_bx         0x0800ae00        0x0 linker stubs

.iplt           0x0800ae00        0x0
 .iplt          0x0800ae00        0x0 /Applications/ArmGNUToolchain/12.3.rel1/arm-none-eabi/bin/../lib/gcc/arm-none-eabi/12.3.1/thumb/v7e-m+fp/hard/crtbegin.o

.rodata         0x0800ae00      0xb78
                0x0800ae00                        . = ALIGN (0x8)
 *(.rodata)
 .rodata        0x0800ae00        0x3 build/main.o
 *(.rodata*)
 *fill*         0x0800ae03        0x1 
 .rodata.LED_Test.str1.4
                0x0800ae04       0x45 build/main.o
 *fill*         0x0800ae49        0x3 
 .rodata.Flash_Test.str1.4
                0x0800ae4c       0x6f build/main.o
 *fill*         0x0800aebb        0x1 
 .rodata.BDS_Test.str1.4
                0x0800aebc        0x5 build/main.o
 *fill*         0x0800aec1        0x3 
 .rodata.LDR_Value_Get.str1.4
                0x0800aec4       0x47 build/main.o
 *fill*         0x0800af0b        0x1 
 .rodata.Battery_Test.str1.4
                0x0800af0c       0x10 build/main.o
 .rodata.main.str1.4
                0x0800af1c       0x19 build/main.o
 *fill*         0x0800af35        0x3 
 .rodata.shellDescbds_test
                0x0800af38        0xd build/main.o
                0x0800af38                shellDescbds_test
 *fill*         0x0800af45        0x3 
 .rodata.shellCmdbds_test
                0x0800af48        0x9 build/main.o
                0x0800af48                shellCmdbds_test
 *fill*         0x0800af51        0x3 
 .rodata.shellDescflash_test
                0x0800af54       0x10 build/main.o
                0x0800af54                shellDescflash_test
 .rodata.shellCmdflash_test
                0x0800af64        0xb build/main.o
                0x0800af64                shellCmdflash_test
 *fill*         0x0800af6f        0x1 
 .rodata.shellDescrs485_send
                0x0800af70       0x10 build/main.o
                0x0800af70                shellDescrs485_send
 .rodata.shellCmdrs485_send
                0x0800af80        0xb build/main.o
                0x0800af80                shellCmdrs485_send
 *fill*         0x0800af8b        0x1 
 .rodata.shellDescbattery
                0x0800af8c       0x1a build/main.o
                0x0800af8c                shellDescbattery
 *fill*         0x0800afa6        0x2 
 .rodata.shellCmdbattery
                0x0800afa8        0x8 build/main.o
                0x0800afa8                shellCmdbattery
 .rodata.shellDescled
                0x0800afb0        0xe build/main.o
                0x0800afb0                shellDescled
 *fill*         0x0800afbe        0x2 
 .rodata.shellCmdled
                0x0800afc0        0x4 build/main.o
                0x0800afc0                shellCmdled
 .rodata.shellDescLDR_Get
                0x0800afc4        0xe build/main.o
                0x0800afc4                shellDescLDR_Get
 *fill*         0x0800afd2        0x2 
 .rodata.shellCmdLDR_Get
                0x0800afd4        0x8 build/main.o
                0x0800afd4                shellCmdLDR_Get
 .rodata.MSIRangeTable
                0x0800afdc       0x30 build/system_stm32l4xx.o
                0x0800afdc                MSIRangeTable
 .rodata.APBPrescTable
                0x0800b00c        0x8 build/system_stm32l4xx.o
                0x0800b00c                APBPrescTable
 .rodata.AHBPrescTable
                0x0800b014       0x10 build/system_stm32l4xx.o
                0x0800b014                AHBPrescTable
 .rodata.shellWriteCommandDesc.str1.4
                0x0800b024        0x4 build/shell.o
 .rodata.shellWritePrompt.str1.4
                0x0800b028       0x23 build/shell.o
                                 0x27 (size before relaxing)
 *fill*         0x0800b04b        0x1 
 .rodata.shellCheckPassword.str1.4
                0x0800b04c      0x16f build/shell.o
 *fill*         0x0800b1bb        0x1 
 .rodata.shellClear.str1.4
                0x0800b1bc        0x9 build/shell.o
 *fill*         0x0800b1c5        0x3 
 .rodata.shellWriteReturnValue.str1.4
                0x0800b1c8       0x20 build/shell.o
 .rodata.shellListItem.str1.4
                0x0800b1e8       0x2b build/shell.o
 *fill*         0x0800b213        0x1 
 .rodata.shellListCommand.str1.4
                0x0800b214       0x12 build/shell.o
 *fill*         0x0800b226        0x2 
 .rodata.shellListVar.str1.4
                0x0800b228        0xe build/shell.o
 *fill*         0x0800b236        0x2 
 .rodata.shellListUser.str1.4
                0x0800b238        0xf build/shell.o
 *fill*         0x0800b247        0x1 
 .rodata.shellListKey.str1.4
                0x0800b248        0xe build/shell.o
 *fill*         0x0800b256        0x2 
 .rodata.shellDeleteCommandLine.str1.4
                0x0800b258        0x4 build/shell.o
 .rodata.shellInsertByte.str1.4
                0x0800b25c       0x21 build/shell.o
 *fill*         0x0800b27d        0x3 
 .rodata.shellWriteCommandHelp.str1.4
                0x0800b280       0x28 build/shell.o
 .rodata.shellShowVar.str1.4
                0x0800b2a8        0x6 build/shell.o
 *fill*         0x0800b2ae        0x2 
 .rodata.shellSetVarValue.str1.4
                0x0800b2b0       0x30 build/shell.o
 .rodata.shellSetVar.str1.4
                0x0800b2e0       0x20 build/shell.o
 .rodata.shellInit.str1.4
                0x0800b300        0x7 build/shell.o
 *fill*         0x0800b307        0x1 
 .rodata.shellDescclear
                0x0800b308        0xe build/shell.o
                0x0800b308                shellDescclear
 *fill*         0x0800b316        0x2 
 .rodata.shellCmdclear
                0x0800b318        0x6 build/shell.o
                0x0800b318                shellCmdclear
 *fill*         0x0800b31e        0x2 
 .rodata.shellDesckeys
                0x0800b320        0xd build/shell.o
                0x0800b320                shellDesckeys
 *fill*         0x0800b32d        0x3 
 .rodata.shellCmdkeys
                0x0800b330        0x5 build/shell.o
                0x0800b330                shellCmdkeys
 *fill*         0x0800b335        0x3 
 .rodata.shellDescvars
                0x0800b338        0xd build/shell.o
                0x0800b338                shellDescvars
 *fill*         0x0800b345        0x3 
 .rodata.shellCmdvars
                0x0800b348        0x5 build/shell.o
                0x0800b348                shellCmdvars
 *fill*         0x0800b34d        0x3 
 .rodata.shellDesccmds
                0x0800b350        0xd build/shell.o
                0x0800b350                shellDesccmds
 *fill*         0x0800b35d        0x3 
 .rodata.shellCmdcmds
                0x0800b360        0x5 build/shell.o
                0x0800b360                shellCmdcmds
 *fill*         0x0800b365        0x3 
 .rodata.shellDescusers
                0x0800b368        0xe build/shell.o
                0x0800b368                shellDescusers
 *fill*         0x0800b376        0x2 
 .rodata.shellCmdusers
                0x0800b378        0x6 build/shell.o
                0x0800b378                shellCmdusers
 *fill*         0x0800b37e        0x2 
 .rodata.shellDeschelp
                0x0800b380       0x1e build/shell.o
                0x0800b380                shellDeschelp
 *fill*         0x0800b39e        0x2 
 .rodata.shellCmdhelp
                0x0800b3a0        0x5 build/shell.o
                0x0800b3a0                shellCmdhelp
 *fill*         0x0800b3a5        0x3 
 .rodata.shellDesc0x0D000000
                0x0800b3a8        0x6 build/shell.o
                0x0800b3a8                shellDesc0x0D000000
 *fill*         0x0800b3ae        0x2 
 .rodata.shellDesc0x0A000000
                0x0800b3b0        0x6 build/shell.o
                0x0800b3b0                shellDesc0x0A000000
 *fill*         0x0800b3b6        0x2 
 .rodata.shellDesc0x1B5B337E
                0x0800b3b8        0x7 build/shell.o
                0x0800b3b8                shellDesc0x1B5B337E
 *fill*         0x0800b3bf        0x1 
 .rodata.shellDesc0x7F000000
                0x0800b3c0        0xa build/shell.o
                0x0800b3c0                shellDesc0x7F000000
 *fill*         0x0800b3ca        0x2 
 .rodata.shellDesc0x08000000
                0x0800b3cc        0xa build/shell.o
                0x0800b3cc                shellDesc0x08000000
 *fill*         0x0800b3d6        0x2 
 .rodata.shellDesc0x09000000
                0x0800b3d8        0x4 build/shell.o
                0x0800b3d8                shellDesc0x09000000
 .rodata.shellDesc0x1B5B4400
                0x0800b3dc        0x5 build/shell.o
                0x0800b3dc                shellDesc0x1B5B4400
 *fill*         0x0800b3e1        0x3 
 .rodata.shellDesc0x1B5B4300
                0x0800b3e4        0x6 build/shell.o
                0x0800b3e4                shellDesc0x1B5B4300
 *fill*         0x0800b3ea        0x2 
 .rodata.shellDesc0x1B5B4200
                0x0800b3ec        0x5 build/shell.o
                0x0800b3ec                shellDesc0x1B5B4200
 *fill*         0x0800b3f1        0x3 
 .rodata.shellDesc0x1B5B4100
                0x0800b3f4        0x3 build/shell.o
                0x0800b3f4                shellDesc0x1B5B4100
 *fill*         0x0800b3f7        0x1 
 .rodata.shellDescsetVar
                0x0800b3f8        0x8 build/shell.o
                0x0800b3f8                shellDescsetVar
 .rodata.shellCmdsetVar
                0x0800b400        0x7 build/shell.o
                0x0800b400                shellCmdsetVar
 *fill*         0x0800b407        0x1 
 .rodata.shellDesDefaultUser
                0x0800b408        0xd build/shell.o
                0x0800b408                shellDesDefaultUser
 *fill*         0x0800b415        0x3 
 .rodata.shellPasswordDefaultUser
                0x0800b418        0x1 build/shell.o
                0x0800b418                shellPasswordDefaultUser
 *fill*         0x0800b419        0x3 
 .rodata.shellCmdDefaultUser
                0x0800b41c        0x7 build/shell.o
                0x0800b41c                shellCmdDefaultUser
 *fill*         0x0800b423        0x1 
 .rodata.ec2x_handler.str1.4
                0x0800b424        0x3 build/EC2x.o
 *fill*         0x0800b427        0x1 
 .rodata.ec2x_timeout_handle.str1.4
                0x0800b428       0x10 build/EC2x.o
 .rodata.ec2x_replymatch.str1.4
                0x0800b438        0xd build/EC2x.o
 *fill*         0x0800b445        0x3 
 .rodata.shellDescec2x_cmd_send
                0x0800b448        0xa build/EC2x.o
                0x0800b448                shellDescec2x_cmd_send
 *fill*         0x0800b452        0x2 
 .rodata.shellCmdec2x_cmd_send
                0x0800b454        0xe build/EC2x.o
                0x0800b454                shellCmdec2x_cmd_send
 .rodata._printf_float.str1.1
                0x0800b462       0x12 /Applications/ArmGNUToolchain/12.3.rel1/arm-none-eabi/bin/../lib/gcc/arm-none-eabi/12.3.1/../../../../arm-none-eabi/lib/thumb/v7e-m+fp/hard/libc_nano.a(libc_a-nano-vfprintf_float.o)
 .rodata._printf_i.str1.1
                0x0800b474       0x22 /Applications/ArmGNUToolchain/12.3.rel1/arm-none-eabi/bin/../lib/gcc/arm-none-eabi/12.3.1/../../../../arm-none-eabi/lib/thumb/v7e-m+fp/hard/libc_nano.a(libc_a-nano-vfprintf_i.o)
 .rodata._dtoa_r.str1.1
                0x0800b496       0x96 /Applications/ArmGNUToolchain/12.3.rel1/arm-none-eabi/bin/../lib/gcc/arm-none-eabi/12.3.1/../../../../arm-none-eabi/lib/thumb/v7e-m+fp/hard/libc_nano.a(libc_a-dtoa.o)
                                 0x98 (size before relaxing)
 .rodata._svfprintf_r.str1.1
                0x0800b52c       0x11 /Applications/ArmGNUToolchain/12.3.rel1/arm-none-eabi/bin/../lib/gcc/arm-none-eabi/12.3.1/../../../../arm-none-eabi/lib/thumb/v7e-m+fp/hard/libc_nano.a(libc_a-nano-svfprintf.o)
 .rodata._Balloc.str1.1
                0x0800b53d       0x62 /Applications/ArmGNUToolchain/12.3.rel1/arm-none-eabi/bin/../lib/gcc/arm-none-eabi/12.3.1/../../../../arm-none-eabi/lib/thumb/v7e-m+fp/hard/libc_nano.a(libc_a-mprec.o)
                                 0x79 (size before relaxing)
 .rodata.__multadd.str1.1
                0x0800b59f       0x11 /Applications/ArmGNUToolchain/12.3.rel1/arm-none-eabi/bin/../lib/gcc/arm-none-eabi/12.3.1/../../../../arm-none-eabi/lib/thumb/v7e-m+fp/hard/libc_nano.a(libc_a-mprec.o)
 *fill*         0x0800b59f        0x1 
 .rodata.p05.0  0x0800b5a0        0xc /Applications/ArmGNUToolchain/12.3.rel1/arm-none-eabi/bin/../lib/gcc/arm-none-eabi/12.3.1/../../../../arm-none-eabi/lib/thumb/v7e-m+fp/hard/libc_nano.a(libc_a-mprec.o)
 *fill*         0x0800b5ac        0x4 
 .rodata.__mprec_bigtens
                0x0800b5b0       0x28 /Applications/ArmGNUToolchain/12.3.rel1/arm-none-eabi/bin/../lib/gcc/arm-none-eabi/12.3.1/../../../../arm-none-eabi/lib/thumb/v7e-m+fp/hard/libc_nano.a(libc_a-mprec.o)
                0x0800b5b0                __mprec_bigtens
 .rodata.__mprec_tens
                0x0800b5d8       0xc8 /Applications/ArmGNUToolchain/12.3.rel1/arm-none-eabi/bin/../lib/gcc/arm-none-eabi/12.3.1/../../../../arm-none-eabi/lib/thumb/v7e-m+fp/hard/libc_nano.a(libc_a-mprec.o)
                0x0800b5d8                __mprec_tens
 .rodata._setlocale_r.str1.1
                0x0800b6a0        0x8 /Applications/ArmGNUToolchain/12.3.rel1/arm-none-eabi/bin/../lib/gcc/arm-none-eabi/12.3.1/../../../../arm-none-eabi/lib/thumb/v7e-m+fp/hard/libc_nano.a(libc_a-locale.o)
                                  0x9 (size before relaxing)
 .rodata.str1.1
                0x0800b6a8        0x2 /Applications/ArmGNUToolchain/12.3.rel1/arm-none-eabi/bin/../lib/gcc/arm-none-eabi/12.3.1/../../../../arm-none-eabi/lib/thumb/v7e-m+fp/hard/libc_nano.a(libc_a-locale.o)
 .rodata._ctype_
                0x0800b6aa      0x101 /Applications/ArmGNUToolchain/12.3.rel1/arm-none-eabi/bin/../lib/gcc/arm-none-eabi/12.3.1/../../../../arm-none-eabi/lib/thumb/v7e-m+fp/hard/libc_nano.a(libc_a-ctype_.o)
                0x0800b6aa                _ctype_
 .rodata.__assert_func.str1.1
                0x0800b7ab       0x3c /Applications/ArmGNUToolchain/12.3.rel1/arm-none-eabi/bin/../lib/gcc/arm-none-eabi/12.3.1/../../../../arm-none-eabi/lib/thumb/v7e-m+fp/hard/libc_nano.a(libc_a-assert.o)
                                 0x3d (size before relaxing)
 .rodata._vfprintf_r.str1.1
                0x0800b7e7       0x11 /Applications/ArmGNUToolchain/12.3.rel1/arm-none-eabi/bin/../lib/gcc/arm-none-eabi/12.3.1/../../../../arm-none-eabi/lib/thumb/v7e-m+fp/hard/libc_nano.a(libc_a-nano-vfprintf.o)
                0x0800b7f8                        . = ALIGN (0x8)
 *fill*         0x0800b7e7        0x1 
                0x0800b7e8                        _shell_command_start = .
 *(shellCommand)
 shellCommand   0x0800b7e8       0x60 build/main.o
                0x0800b7e8                shellCommandbds_test
                0x0800b7f8                shellCommandflash_test
                0x0800b808                shellCommandrs485_send
                0x0800b818                shellCommandbattery
                0x0800b828                shellCommandled
                0x0800b838                shellCommandLDR_Get
 shellCommand   0x0800b848      0x120 build/shell.o
                0x0800b848                shellCommandclear
                0x0800b858                shellCommandkeys
                0x0800b868                shellCommandvars
                0x0800b878                shellCommandcmds
                0x0800b888                shellCommandusers
                0x0800b898                shellCommandhelp
                0x0800b8a8                shellKey0x0D000000
                0x0800b8b8                shellKey0x0A000000
                0x0800b8c8                shellKey0x1B5B337E
                0x0800b8d8                shellKey0x7F000000
                0x0800b8e8                shellKey0x08000000
                0x0800b8f8                shellKey0x09000000
                0x0800b908                shellKey0x1B5B4400
                0x0800b918                shellKey0x1B5B4300
                0x0800b928                shellKey0x1B5B4200
                0x0800b938                shellKey0x1B5B4100
                0x0800b948                shellCommandsetVar
                0x0800b958                shellUserDefault
 shellCommand   0x0800b968       0x10 build/EC2x.o
                0x0800b968                shellCommandec2x_cmd_send
                0x0800b978                        _shell_command_end = .

.ARM.extab      0x0800b978        0x0
                0x0800b978                        . = ALIGN (0x8)
 *(.ARM.extab* .gnu.linkonce.armextab.*)
                0x0800b978                        . = ALIGN (0x8)

.ARM            0x0800b978        0x8
                0x0800b978                        . = ALIGN (0x8)
                0x0800b978                        __exidx_start = .
 *(.ARM.exidx*)
 .ARM.exidx     0x0800b978        0x8 /Applications/ArmGNUToolchain/12.3.rel1/arm-none-eabi/bin/../lib/gcc/arm-none-eabi/12.3.1/../../../../arm-none-eabi/lib/thumb/v7e-m+fp/hard/libc_nano.a(libc_a-memchr.o)
 .ARM.exidx     0x0800b980        0x0 /Applications/ArmGNUToolchain/12.3.rel1/arm-none-eabi/bin/../lib/gcc/arm-none-eabi/12.3.1/../../../../arm-none-eabi/lib/thumb/v7e-m+fp/hard/libc_nano.a(libc_a-strlen.o)
                                  0x8 (size before relaxing)
 .ARM.exidx     0x0800b980        0x0 /Applications/ArmGNUToolchain/12.3.rel1/arm-none-eabi/bin/../lib/gcc/arm-none-eabi/12.3.1/../../../../arm-none-eabi/lib/thumb/v7e-m+fp/hard/libc_nano.a(libc_a-strcmp.o)
                                  0x8 (size before relaxing)
 .ARM.exidx.text.__udivmoddi4
                0x0800b980        0x0 /Applications/ArmGNUToolchain/12.3.rel1/arm-none-eabi/bin/../lib/gcc/arm-none-eabi/12.3.1/thumb/v7e-m+fp/hard/libgcc.a(_udivmoddi4.o)
                                  0x8 (size before relaxing)
                0x0800b980                        __exidx_end = .
                0x0800b980                        . = ALIGN (0x8)

.rel.dyn        0x0800b980        0x0
 .rel.iplt      0x0800b980        0x0 /Applications/ArmGNUToolchain/12.3.rel1/arm-none-eabi/bin/../lib/gcc/arm-none-eabi/12.3.1/thumb/v7e-m+fp/hard/crtbegin.o

.preinit_array  0x0800b980        0x0
                0x0800b980                        . = ALIGN (0x8)
                0x0800b980                        PROVIDE (__preinit_array_start = .)
 *(.preinit_array*)
                0x0800b980                        PROVIDE (__preinit_array_end = .)
                0x0800b980                        . = ALIGN (0x8)

.init_array     0x0800b980        0x8
                0x0800b980                        . = ALIGN (0x8)
                0x0800b980                        PROVIDE (__init_array_start = .)
 *(SORT_BY_NAME(.init_array.*))
 *(.init_array*)
 .init_array    0x0800b980        0x4 /Applications/ArmGNUToolchain/12.3.rel1/arm-none-eabi/bin/../lib/gcc/arm-none-eabi/12.3.1/thumb/v7e-m+fp/hard/crtbegin.o
                0x0800b984                        PROVIDE (__init_array_end = .)
                0x0800b988                        . = ALIGN (0x8)
 *fill*         0x0800b984        0x4 

.fini_array     0x0800b988        0x8
                0x0800b988                        . = ALIGN (0x8)
                [!provide]                        PROVIDE (__fini_array_start = .)
 *(SORT_BY_NAME(.fini_array.*))
 *(.fini_array*)
 .fini_array    0x0800b988        0x4 /Applications/ArmGNUToolchain/12.3.rel1/arm-none-eabi/bin/../lib/gcc/arm-none-eabi/12.3.1/thumb/v7e-m+fp/hard/crtbegin.o
                [!provide]                        PROVIDE (__fini_array_end = .)
                0x0800b990                        . = ALIGN (0x8)
 *fill*         0x0800b98c        0x4 
                0x0800b990                        _sidata = LOADADDR (.data)

.data           0x20000000      0x4c0 load address 0x0800b990
                0x20000000                        . = ALIGN (0x8)
                0x20000000                        _sdata = .
 *(.data)
 *(.data*)
 .data.bds_dev  0x20000000        0x4 build/main.o
                0x20000000                bds_dev
 .data.uwTickFreq
                0x20000004        0x1 build/stm32l4xx_hal.o
                0x20000004                uwTickFreq
 *fill*         0x20000005        0x3 
 .data.uwTickPrio
                0x20000008        0x4 build/stm32l4xx_hal.o
                0x20000008                uwTickPrio
 .data.SystemCoreClock
                0x2000000c        0x4 build/system_stm32l4xx.o
                0x2000000c                SystemCoreClock
 .data.dev_led  0x20000010       0x10 build/led.o
                0x20000010                dev_led
 .data.dev_rs485
                0x20000020        0xc build/rs485.o
                0x20000020                dev_rs485
 .data.atgm_dev
                0x2000002c       0x24 build/ATGM332D.o
                0x2000002c                atgm_dev
 .data.dev0_buff
                0x20000050      0x12c build/ATGM332D.o
                0x20000050                dev0_buff
 .data.ec2x_dev
                0x2000017c       0x3c build/EC2x.o
                0x2000017c                ec2x_dev
 .data.ec2x_buff
                0x200001b8      0x12c build/EC2x.o
                0x200001b8                ec2x_buff
 .data.__sglue  0x200002e4        0xc /Applications/ArmGNUToolchain/12.3.rel1/arm-none-eabi/bin/../lib/gcc/arm-none-eabi/12.3.1/../../../../arm-none-eabi/lib/thumb/v7e-m+fp/hard/libc_nano.a(libc_a-findfp.o)
                0x200002e4                __sglue
 .data._impure_ptr
                0x200002f0        0x4 /Applications/ArmGNUToolchain/12.3.rel1/arm-none-eabi/bin/../lib/gcc/arm-none-eabi/12.3.1/../../../../arm-none-eabi/lib/thumb/v7e-m+fp/hard/libc_nano.a(libc_a-impure.o)
                0x200002f0                _impure_ptr
 .data._impure_data
                0x200002f4       0x4c /Applications/ArmGNUToolchain/12.3.rel1/arm-none-eabi/bin/../lib/gcc/arm-none-eabi/12.3.1/../../../../arm-none-eabi/lib/thumb/v7e-m+fp/hard/libc_nano.a(libc_a-impure.o)
                0x200002f4                _impure_data
 .data.__global_locale
                0x20000340      0x16c /Applications/ArmGNUToolchain/12.3.rel1/arm-none-eabi/bin/../lib/gcc/arm-none-eabi/12.3.1/../../../../arm-none-eabi/lib/thumb/v7e-m+fp/hard/libc_nano.a(libc_a-locale.o)
                0x20000340                __global_locale
 *fill*         0x200004ac        0x4 
 .data.tiny     0x200004b0        0x8 /Applications/ArmGNUToolchain/12.3.rel1/arm-none-eabi/bin/../lib/gcc/arm-none-eabi/12.3.1/../../../../arm-none-eabi/lib/thumb/v7e-m+fp/hard/libm.a(libm_a-e_sqrt.o)
 .data.one      0x200004b8        0x8 /Applications/ArmGNUToolchain/12.3.rel1/arm-none-eabi/bin/../lib/gcc/arm-none-eabi/12.3.1/../../../../arm-none-eabi/lib/thumb/v7e-m+fp/hard/libm.a(libm_a-e_sqrt.o)
                0x200004c0                        . = ALIGN (0x8)
                0x200004c0                        _edata = .

.tm_clone_table
                0x200004c0        0x0 load address 0x0800be50
 .tm_clone_table
                0x200004c0        0x0 /Applications/ArmGNUToolchain/12.3.rel1/arm-none-eabi/bin/../lib/gcc/arm-none-eabi/12.3.1/thumb/v7e-m+fp/hard/crtbegin.o
 .tm_clone_table
                0x200004c0        0x0 /Applications/ArmGNUToolchain/12.3.rel1/arm-none-eabi/bin/../lib/gcc/arm-none-eabi/12.3.1/thumb/v7e-m+fp/hard/crtend.o

.igot.plt       0x200004c0        0x0 load address 0x0800be50
 .igot.plt      0x200004c0        0x0 /Applications/ArmGNUToolchain/12.3.rel1/arm-none-eabi/bin/../lib/gcc/arm-none-eabi/12.3.1/thumb/v7e-m+fp/hard/crtbegin.o
                0x200004c0                        . = ALIGN (0x4)

.bss            0x200004c0      0x980 load address 0x0800be50
                0x200004c0                        _sbss = .
                0x200004c0                        __bss_start__ = _sbss
 *(.bss)
 *(.bss*)
 .bss.completed.1
                0x200004c0        0x1 /Applications/ArmGNUToolchain/12.3.rel1/arm-none-eabi/bin/../lib/gcc/arm-none-eabi/12.3.1/thumb/v7e-m+fp/hard/crtbegin.o
 *fill*         0x200004c1        0x3 
 .bss.object.0  0x200004c4       0x18 /Applications/ArmGNUToolchain/12.3.rel1/arm-none-eabi/bin/../lib/gcc/arm-none-eabi/12.3.1/thumb/v7e-m+fp/hard/crtbegin.o
 .bss.uwTick    0x200004dc        0x4 build/stm32l4xx_hal.o
                0x200004dc                uwTick
 .bss.shell_buffer
                0x200004e0      0x200 build/shell_port.o
                0x200004e0                shell_buffer
 .bss.shell     0x200006e0       0x6c build/shell_port.o
                0x200006e0                shell
 .bss.buffer.0  0x2000074c        0x9 build/shell.o
 *fill*         0x20000755        0x3 
 .bss.shellList
                0x20000758       0x14 build/shell.o
 .bss.hadc1     0x2000076c       0x64 build/adc.o
                0x2000076c                hadc1
 .bss.hspi3     0x200007d0       0x64 build/spi.o
                0x200007d0                hspi3
 .bss.hspi2     0x20000834       0x64 build/spi.o
                0x20000834                hspi2
 .bss.huart3    0x20000898       0x84 build/usart.o
                0x20000898                huart3
 .bss.huart2    0x2000091c       0x84 build/usart.o
                0x2000091c                huart2
 .bss.huart1    0x200009a0       0x84 build/usart.o
                0x200009a0                huart1
 .bss.u3_cache  0x20000a24        0x1 build/usart.o
                0x20000a24                u3_cache
 *fill*         0x20000a25        0x3 
 .bss.u2_cache  0x20000a28      0x190 build/usart.o
                0x20000a28                u2_cache
 .bss.u1_cache  0x20000bb8      0x12c build/usart.o