Archive member included to satisfy reference by file (symbol)

e:/gcc-arm-none-eabi-10.3-2021.10-win32/gcc-arm-none-eabi-10.3-2021.10/bin/../lib/gcc/arm-none-eabi/10.3.1/../../../../arm-none-eabi/lib/thumb/v7e-m+fp/hard\libc_nano.a(lib_a-exit.o)
                              e:/gcc-arm-none-eabi-10.3-2021.10-win32/gcc-arm-none-eabi-10.3-2021.10/bin/../lib/gcc/arm-none-eabi/10.3.1/../../../../arm-none-eabi/lib/thumb/v7e-m+fp/hard/crt0.o (exit)
e:/gcc-arm-none-eabi-10.3-2021.10-win32/gcc-arm-none-eabi-10.3-2021.10/bin/../lib/gcc/arm-none-eabi/10.3.1/../../../../arm-none-eabi/lib/thumb/v7e-m+fp/hard\libc_nano.a(lib_a-impure.o)
                              e:/gcc-arm-none-eabi-10.3-2021.10-win32/gcc-arm-none-eabi-10.3-2021.10/bin/../lib/gcc/arm-none-eabi/10.3.1/../../../../arm-none-eabi/lib/thumb/v7e-m+fp/hard\libc_nano.a(lib_a-exit.o) (_global_impure_ptr)
e:/gcc-arm-none-eabi-10.3-2021.10-win32/gcc-arm-none-eabi-10.3-2021.10/bin/../lib/gcc/arm-none-eabi/10.3.1/../../../../arm-none-eabi/lib/thumb/v7e-m+fp/hard\libc_nano.a(lib_a-init.o)
                              e:/gcc-arm-none-eabi-10.3-2021.10-win32/gcc-arm-none-eabi-10.3-2021.10/bin/../lib/gcc/arm-none-eabi/10.3.1/../../../../arm-none-eabi/lib/thumb/v7e-m+fp/hard/crt0.o (__libc_init_array)
e:/gcc-arm-none-eabi-10.3-2021.10-win32/gcc-arm-none-eabi-10.3-2021.10/bin/../lib/gcc/arm-none-eabi/10.3.1/../../../../arm-none-eabi/lib/thumb/v7e-m+fp/hard\libc_nano.a(lib_a-malloc.o)
                              build/timer.o (malloc)
e:/gcc-arm-none-eabi-10.3-2021.10-win32/gcc-arm-none-eabi-10.3-2021.10/bin/../lib/gcc/arm-none-eabi/10.3.1/../../../../arm-none-eabi/lib/thumb/v7e-m+fp/hard\libc_nano.a(lib_a-memcpy-stub.o)
                              build/ATGM332D.o (memcpy)
e:/gcc-arm-none-eabi-10.3-2021.10-win32/gcc-arm-none-eabi-10.3-2021.10/bin/../lib/gcc/arm-none-eabi/10.3.1/../../../../arm-none-eabi/lib/thumb/v7e-m+fp/hard\libc_nano.a(lib_a-memset.o)
                              e:/gcc-arm-none-eabi-10.3-2021.10-win32/gcc-arm-none-eabi-10.3-2021.10/bin/../lib/gcc/arm-none-eabi/10.3.1/../../../../arm-none-eabi/lib/thumb/v7e-m+fp/hard/crt0.o (memset)
e:/gcc-arm-none-eabi-10.3-2021.10-win32/gcc-arm-none-eabi-10.3-2021.10/bin/../lib/gcc/arm-none-eabi/10.3.1/../../../../arm-none-eabi/lib/thumb/v7e-m+fp/hard\libc_nano.a(lib_a-nano-freer.o)
                              e:/gcc-arm-none-eabi-10.3-2021.10-win32/gcc-arm-none-eabi-10.3-2021.10/bin/../lib/gcc/arm-none-eabi/10.3.1/../../../../arm-none-eabi/lib/thumb/v7e-m+fp/hard\libc_nano.a(lib_a-malloc.o) (_free_r)
e:/gcc-arm-none-eabi-10.3-2021.10-win32/gcc-arm-none-eabi-10.3-2021.10/bin/../lib/gcc/arm-none-eabi/10.3.1/../../../../arm-none-eabi/lib/thumb/v7e-m+fp/hard\libc_nano.a(lib_a-nano-mallocr.o)
                              e:/gcc-arm-none-eabi-10.3-2021.10-win32/gcc-arm-none-eabi-10.3-2021.10/bin/../lib/gcc/arm-none-eabi/10.3.1/../../../../arm-none-eabi/lib/thumb/v7e-m+fp/hard\libc_nano.a(lib_a-malloc.o) (_malloc_r)
e:/gcc-arm-none-eabi-10.3-2021.10-win32/gcc-arm-none-eabi-10.3-2021.10/bin/../lib/gcc/arm-none-eabi/10.3.1/../../../../arm-none-eabi/lib/thumb/v7e-m+fp/hard\libc_nano.a(lib_a-sbrkr.o)
                              e:/gcc-arm-none-eabi-10.3-2021.10-win32/gcc-arm-none-eabi-10.3-2021.10/bin/../lib/gcc/arm-none-eabi/10.3.1/../../../../arm-none-eabi/lib/thumb/v7e-m+fp/hard\libc_nano.a(lib_a-nano-mallocr.o) (_sbrk_r)
e:/gcc-arm-none-eabi-10.3-2021.10-win32/gcc-arm-none-eabi-10.3-2021.10/bin/../lib/gcc/arm-none-eabi/10.3.1/../../../../arm-none-eabi/lib/thumb/v7e-m+fp/hard\libc_nano.a(lib_a-strcmp.o)
                              build/shell.o (strcmp)
e:/gcc-arm-none-eabi-10.3-2021.10-win32/gcc-arm-none-eabi-10.3-2021.10/bin/../lib/gcc/arm-none-eabi/10.3.1/../../../../arm-none-eabi/lib/thumb/v7e-m+fp/hard\libc_nano.a(lib_a-strlen.o)
                              build/shell.o (strlen)
e:/gcc-arm-none-eabi-10.3-2021.10-win32/gcc-arm-none-eabi-10.3-2021.10/bin/../lib/gcc/arm-none-eabi/10.3.1/../../../../arm-none-eabi/lib/thumb/v7e-m+fp/hard\libc_nano.a(lib_a-strncmp.o)
                              build/shell.o (strncmp)
e:/gcc-arm-none-eabi-10.3-2021.10-win32/gcc-arm-none-eabi-10.3-2021.10/bin/../lib/gcc/arm-none-eabi/10.3.1/../../../../arm-none-eabi/lib/thumb/v7e-m+fp/hard\libc_nano.a(lib_a-strstr.o)
                              build/EC2x.o (strstr)
e:/gcc-arm-none-eabi-10.3-2021.10-win32/gcc-arm-none-eabi-10.3-2021.10/bin/../lib/gcc/arm-none-eabi/10.3.1/../../../../arm-none-eabi/lib/thumb/v7e-m+fp/hard\libc_nano.a(lib_a-vsnprintf.o)
                              build/shell.o (vsnprintf)
e:/gcc-arm-none-eabi-10.3-2021.10-win32/gcc-arm-none-eabi-10.3-2021.10/bin/../lib/gcc/arm-none-eabi/10.3.1/../../../../arm-none-eabi/lib/thumb/v7e-m+fp/hard\libc_nano.a(lib_a-mlock.o)
                              e:/gcc-arm-none-eabi-10.3-2021.10-win32/gcc-arm-none-eabi-10.3-2021.10/bin/../lib/gcc/arm-none-eabi/10.3.1/../../../../arm-none-eabi/lib/thumb/v7e-m+fp/hard\libc_nano.a(lib_a-nano-freer.o) (__malloc_lock)
[...]
Memory Configuration

Name             Origin             Length             Attributes
RAM              0x20000000         0x00010000         xrw
RAM2             0x10000000         0x00004000         xrw
FLASH            0x08000000         0x00020000         xr
*default*        0x00000000         0xffffffff

Linker script and memory map

LOAD e:/gcc-arm-none-eabi-10.3-2021.10-win32/gcc-arm-none-eabi-10.3-2021.10/bin/../lib/gcc/arm-none-eabi/10.3.1/thumb/v7e-m+fp/hard/crti.o
LOAD e:/gcc-arm-none-eabi-10.3-2021.10-win32/gcc-arm-none-eabi-10.3-2021.10/bin/../lib/gcc/arm-none-eabi/10.3.1/thumb/v7e-m+fp/hard/crtbegin.o
LOAD e:/gcc-arm-none-eabi-10.3-2021.10-win32/gcc-arm-none-eabi-10.3-2021.10/bin/../lib/gcc/arm-none-eabi/10.3.1/../../../../arm-none-eabi/lib/thumb/v7e-m+fp/hard/crt0.o
LOAD build/main.o
LOAD build/stm32l4xx_it.o
LOAD build/stm32l4xx_hal_msp.o
LOAD build/stm32l4xx_hal_adc.o
LOAD build/stm32l4xx_hal_adc_ex.o
LOAD build/stm32l4xx_hal.o
LOAD build/stm32l4xx_hal_i2c.o
LOAD build/stm32l4xx_hal_i2c_ex.o
LOAD build/stm32l4xx_hal_rcc.o
LOAD build/stm32l4xx_hal_rcc_ex.o
LOAD build/stm32l4xx_hal_flash.o
LOAD build/stm32l4xx_hal_flash_ex.o
LOAD build/stm32l4xx_hal_flash_ramfunc.o
LOAD build/stm32l4xx_hal_gpio.o
LOAD build/stm32l4xx_hal_dma.o
LOAD build/stm32l4xx_hal_dma_ex.o
LOAD build/stm32l4xx_hal_pwr.o
LOAD build/stm32l4xx_hal_pwr_ex.o
LOAD build/stm32l4xx_hal_cortex.o
LOAD build/stm32l4xx_hal_exti.o
LOAD build/stm32l4xx_hal_spi.o
LOAD build/stm32l4xx_hal_spi_ex.o
LOAD build/stm32l4xx_hal_tim.o
LOAD build/stm32l4xx_hal_tim_ex.o
LOAD build/stm32l4xx_hal_uart.o
LOAD build/stm32l4xx_hal_uart_ex.o
LOAD build/system_stm32l4xx.o
LOAD build/shell_cmd_list.o
LOAD build/shell_companion.o
LOAD build/shell_ext.o
LOAD build/shell_port.o
LOAD build/shell.o
LOAD build/fsm.o
LOAD build/gpio.o
LOAD build/adc.o
LOAD build/spi.o
LOAD build/usart.o
LOAD build/timer.o
LOAD build/queue.o
LOAD build/SX1278_hw.o
LOAD build/W25QXX.o
LOAD build/led.o
LOAD build/rs485.o
LOAD build/ATGM332D.o
LOAD build/EC2x.o
LOAD build/SX1278.o
LOAD build/startup_stm32l431xx.o
LOAD e:/gcc-arm-none-eabi-10.3-2021.10-win32/gcc-arm-none-eabi-10.3-2021.10/bin/../lib/gcc/arm-none-eabi/10.3.1/../../../../arm-none-eabi/lib/thumb/v7e-m+fp/hard\libc_nano.a
LOAD e:/gcc-arm-none-eabi-10.3-2021.10-win32/gcc-arm-none-eabi-10.3-2021.10/bin/../lib/gcc/arm-none-eabi/10.3.1/../../../../arm-none-eabi/lib/thumb/v7e-m+fp/hard\libm.a
LOAD e:/gcc-arm-none-eabi-10.3-2021.10-win32/gcc-arm-none-eabi-10.3-2021.10/bin/../lib/gcc/arm-none-eabi/10.3.1/../../../../arm-none-eabi/lib/thumb/v7e-m+fp/hard\libnosys.a
START GROUP
LOAD e:/gcc-arm-none-eabi-10.3-2021.10-win32/gcc-arm-none-eabi-10.3-2021.10/bin/../lib/gcc/arm-none-eabi/10.3.1/thumb/v7e-m+fp/hard\libgcc.a
LOAD e:/gcc-arm-none-eabi-10.3-2021.10-win32/gcc-arm-none-eabi-10.3-2021.10/bin/../lib/gcc/arm-none-eabi/10.3.1/../../../../arm-none-eabi/lib/thumb/v7e-m+fp/hard\libc_nano.a
END GROUP
START GROUP
LOAD e:/gcc-arm-none-eabi-10.3-2021.10-win32/gcc-arm-none-eabi-10.3-2021.10/bin/../lib/gcc/arm-none-eabi/10.3.1/thumb/v7e-m+fp/hard\libgcc.a
LOAD e:/gcc-arm-none-eabi-10.3-2021.10-win32/gcc-arm-none-eabi-10.3-2021.10/bin/../lib/gcc/arm-none-eabi/10.3.1/../../../../arm-none-eabi/lib/thumb/v7e-m+fp/hard\libc_nano.a
END GROUP
LOAD e:/gcc-arm-none-eabi-10.3-2021.10-win32/gcc-arm-none-eabi-10.3-2021.10/bin/../lib/gcc/arm-none-eabi/10.3.1/thumb/v7e-m+fp/hard/crtend.o
LOAD e:/gcc-arm-none-eabi-10.3-2021.10-win32/gcc-arm-none-eabi-10.3-2021.10/bin/../lib/gcc/arm-none-eabi/10.3.1/thumb/v7e-m+fp/hard/crtn.o
                0x20010000                _estack = 0x20010000
                0x00000600                _Min_Heap_Size = 0x600
                0x00000400                _Min_Stack_Size = 0x400

.isr_vector     0x08000000      0x190
                0x08000000                . = ALIGN (0x8)
 *(.isr_vector)
 .isr_vector    0x08000000      0x18c build/startup_stm32l431xx.o
                0x08000000                g_pfnVectors
                0x08000190                . = ALIGN (0x8)
 *fill*         0x0800018c        0x4 

.text           0x08000190     0x85c8
                0x08000190                . = ALIGN (0x8)
 *(.text)
 .text          0x08000190       0x40 e:/gcc-arm-none-eabi-10.3-2021.10-win32/gcc-arm-none-eabi-10.3-2021.10/bin/../lib/gcc/arm-none-eabi/10.3.1/thumb/v7e-m+fp/hard/crtbegin.o
 .text          0x080001d0       0x14 e:/gcc-arm-none-eabi-10.3-2021.10-win32/gcc-arm-none-eabi-10.3-2021.10/bin/../lib/gcc/arm-none-eabi/10.3.1/../../../../arm-none-eabi/lib/thumb/v7e-m+fp/hard\libc_nano.a(lib_a-strcmp.o)
                0x080001d0                strcmp
 .text          0x080001e4       0x10 e:/gcc-arm-none-eabi-10.3-2021.10-win32/gcc-arm-none-eabi-10.3-2021.10/bin/../lib/gcc/arm-none-eabi/10.3.1/../../../../arm-none-eabi/lib/thumb/v7e-m+fp/hard\libc_nano.a(lib_a-strlen.o)
                0x080001e4                strlen
 *fill*         0x080001f4        0xc 
 .text          0x08000200       0xa0 e:/gcc-arm-none-eabi-10.3-2021.10-win32/gcc-arm-none-eabi-10.3-2021.10/bin/../lib/gcc/arm-none-eabi/10.3.1/../../../../arm-none-eabi/lib/thumb/v7e-m+fp/hard\libc_nano.a(lib_a-memchr.o)
                0x08000200                memchr
 .text          0x080002a0      0x378 e:/gcc-arm-none-eabi-10.3-2021.10-win32/gcc-arm-none-eabi-10.3-2021.10/bin/../lib/gcc/arm-none-eabi/10.3.1/thumb/v7e-m+fp/hard\libgcc.a(_arm_addsubdf3.o)
                0x080002a0                __aeabi_drsub
                0x080002a8                __aeabi_dsub
                0x080002a8                __subdf3
                0x080002ac                __aeabi_dadd
                0x080002ac                __adddf3
                0x08000524                __floatunsidf
                0x08000524                __aeabi_ui2d
                0x08000544                __floatsidf
                0x08000544                __aeabi_i2d
                0x08000568                __aeabi_f2d
                0x08000568                __extendsfdf2
                0x080005ac                __floatundidf
                0x080005ac                __aeabi_ul2d
                0x080005bc                __floatdidf
                0x080005bc                __aeabi_l2d
 .text          0x08000618      0x424 e:/gcc-arm-none-eabi-10.3-2021.10-win32/gcc-arm-none-eabi-10.3-2021.10/bin/../lib/gcc/arm-none-eabi/10.3.1/thumb/v7e-m+fp/hard\libgcc.a(_arm_muldivdf3.o)
                0x08000618                __aeabi_dmul
                0x08000618                __muldf3
                0x0800086c                __divdf3
                0x0800086c                __aeabi_ddiv
 .text          0x08000a3c      0x110 e:/gcc-arm-none-eabi-10.3-2021.10-win32/gcc-arm-none-eabi-10.3-2021.10/bin/../lib/gcc/arm-none-eabi/10.3.1/thumb/v7e-m+fp/hard\libgcc.a(_arm_cmpdf2.o)
                0x08000a3c                __gtdf2
                0x08000a3c                __gedf2
                0x08000a44                __ltdf2
                0x08000a44                __ledf2
                0x08000a4c                __nedf2
                0x08000a4c                __eqdf2
                0x08000a4c                __cmpdf2
                0x08000ac8                __aeabi_cdrcmple
                0x08000ad8                __aeabi_cdcmpeq
                0x08000ad8                __aeabi_cdcmple
                0x08000ae8                __aeabi_dcmpeq
                0x08000afc                __aeabi_dcmplt
                0x08000b10                __aeabi_dcmple
                0x08000b24                __aeabi_dcmpge
                0x08000b38                __aeabi_dcmpgt
 .text          0x08000b4c       0x2c e:/gcc-arm-none-eabi-10.3-2021.10-win32/gcc-arm-none-eabi-10.3-2021.10/bin/../lib/gcc/arm-none-eabi/10.3.1/thumb/v7e-m+fp/hard\libgcc.a(_arm_unorddf2.o)
                0x08000b4c                __unorddf2
                0x08000b4c                __aeabi_dcmpun
 .text          0x08000b78       0x40 e:/gcc-arm-none-eabi-10.3-2021.10-win32/gcc-arm-none-eabi-10.3-2021.10/bin/../lib/gcc/arm-none-eabi/10.3.1/thumb/v7e-m+fp/hard\libgcc.a(_arm_fixunsdfsi.o)
                0x08000b78                __aeabi_d2uiz
                0x08000b78                __fixunsdfsi
 .text          0x08000bb8       0xa0 e:/gcc-arm-none-eabi-10.3-2021.10-win32/gcc-arm-none-eabi-10.3-2021.10/bin/../lib/gcc/arm-none-eabi/10.3.1/thumb/v7e-m+fp/hard\libgcc.a(_arm_truncdfsf2.o)
                0x08000bb8                __truncdfsf2
                0x08000bb8                __aeabi_d2f
 .text          0x08000c58       0x30 e:/gcc-arm-none-eabi-10.3-2021.10-win32/gcc-arm-none-eabi-10.3-2021.10/bin/../lib/gcc/arm-none-eabi/10.3.1/thumb/v7e-m+fp/hard\libgcc.a(_aeabi_uldivmod.o)
                0x08000c58                __aeabi_uldivmod
 .text          0x08000c88      0x2d0 e:/gcc-arm-none-eabi-10.3-2021.10-win32/gcc-arm-none-eabi-10.3-2021.10/bin/../lib/gcc/arm-none-eabi/10.3.1/thumb/v7e-m+fp/hard\libgcc.a(_udivmoddi4.o)
                0x08000c88                __udivmoddi4
 .text          0x08000f58        0x4 e:/gcc-arm-none-eabi-10.3-2021.10-win32/gcc-arm-none-eabi-10.3-2021.10/bin/../lib/gcc/arm-none-eabi/10.3.1/thumb/v7e-m+fp/hard\libgcc.a(_dvmd_tls.o)
                0x08000f58                __aeabi_idiv0
                0x08000f58                __aeabi_ldiv0
 *(.text*)
 .text.Test_All
                0x08000f5c       0x74 build/main.o
                0x08000f5c                Test_All
 .text.DeviceID_Print
                0x08000fd0       0x68 build/main.o
                0x08000fd0                DeviceID_Print
 .text.SystemClock_Config
                0x08001038       0x70 build/main.o
                0x08001038                SystemClock_Config
 .text.startup.main
                0x080010a8      0x178 build/main.o
                0x080010a8                main
 .text.Error_Handler
                0x08001220        0x4 build/main.o
                0x08001220                Error_Handler
 .text.NMI_Handler
                0x08001224        0x2 build/stm32l4xx_it.o
                0x08001224                NMI_Handler
 .text.HardFault_Handler
                0x08001226        0x2 build/stm32l4xx_it.o
                0x08001226                HardFault_Handler
 .text.MemManage_Handler
                0x08001228        0x2 build/stm32l4xx_it.o
                0x08001228                MemManage_Handler
 .text.BusFault_Handler
                0x0800122a        0x2 build/stm32l4xx_it.o
                0x0800122a                BusFault_Handler
 .text.UsageFault_Handler
                0x0800122c        0x2 build/stm32l4xx_it.o
                0x0800122c                UsageFault_Handler
 .text.SVC_Handler
                0x0800122e        0x2 build/stm32l4xx_it.o
                0x0800122e                SVC_Handler
 .text.DebugMon_Handler
                0x08001230        0x2 build/stm32l4xx_it.o
                0x08001230                DebugMon_Handler
 .text.PendSV_Handler
                0x08001232        0x2 build/stm32l4xx_it.o
                0x08001232                PendSV_Handler
 .text.SysTick_Handler
                0x08001234        0xe build/stm32l4xx_it.o
                0x08001234                SysTick_Handler
 *fill*         0x08001242        0x2 
 .text.SPI2_IRQHandler
                0x08001244        0xc build/stm32l4xx_it.o
                0x08001244                SPI2_IRQHandler
 .text.USART1_IRQHandler
                0x08001250        0xc build/stm32l4xx_it.o
                0x08001250                USART1_IRQHandler
 .text.USART2_IRQHandler
                0x0800125c        0xc build/stm32l4xx_it.o
                0x0800125c                USART2_IRQHandler
 .text.USART3_IRQHandler
                0x08001268        0xc build/stm32l4xx_it.o
                0x08001268                USART3_IRQHandler
 .text.SPI3_IRQHandler
                0x08001274        0xc build/stm32l4xx_it.o
                0x08001274                SPI3_IRQHandler
 .text.EXTI9_5_IRQHandler
                0x08001280       0x54 build/stm32l4xx_it.o
                0x08001280                EXTI9_5_IRQHandler
 .text.HAL_MspInit
                0x080012d4       0x34 build/stm32l4xx_hal_msp.o
                0x080012d4                HAL_MspInit
 .text.LL_ADC_SetChannelSamplingTime
                0x08001308       0x22 build/stm32l4xx_hal_adc.o
 .text.LL_ADC_REG_IsConversionOngoing
                0x0800132a        0x8 build/stm32l4xx_hal_adc.o
 *fill*         0x08001332        0x2 
 .text.HAL_ADC_Init
                0x08001334      0x1a4 build/stm32l4xx_hal_adc.o
                0x08001334                HAL_ADC_Init
 .text.HAL_ADC_PollForConversion
                0x080014d8       0xa2 build/stm32l4xx_hal_adc.o
                0x080014d8                HAL_ADC_PollForConversion
 .text.HAL_ADC_GetValue
                0x0800157a        0x6 build/stm32l4xx_hal_adc.o
                0x0800157a                HAL_ADC_GetValue
 .text.HAL_ADC_ConfigChannel
                0x08001580      0x370 build/stm32l4xx_hal_adc.o
                0x08001580                HAL_ADC_ConfigChannel
 .text.HAL_ADC_GetState
                0x080018f0        0x4 build/stm32l4xx_hal_adc.o
                0x080018f0                HAL_ADC_GetState
 .text.ADC_ConversionStop
                0x080018f4       0xd0 build/stm32l4xx_hal_adc.o
                0x080018f4                ADC_ConversionStop
 .text.ADC_Enable
                0x080019c4       0xb0 build/stm32l4xx_hal_adc.o
                0x080019c4                ADC_Enable
 .text.HAL_ADC_Start
                0x08001a74       0x82 build/stm32l4xx_hal_adc.o
                0x08001a74                HAL_ADC_Start
 .text.ADC_Disable
                0x08001af6       0x68 build/stm32l4xx_hal_adc.o
                0x08001af6                ADC_Disable
 .text.HAL_ADC_Stop
                0x08001b5e       0x3e build/stm32l4xx_hal_adc.o
                0x08001b5e                HAL_ADC_Stop
 .text.HAL_ADCEx_Calibration_Start
                0x08001b9c       0x94 build/stm32l4xx_hal_adc_ex.o
                0x08001b9c                HAL_ADCEx_Calibration_Start
 .text.HAL_InitTick
                0x08001c30       0x4c build/stm32l4xx_hal.o
                0x08001c30                HAL_InitTick
 .text.HAL_Init
                0x08001c7c       0x1e build/stm32l4xx_hal.o
                0x08001c7c                HAL_Init
 *fill*         0x08001c9a        0x2 
 .text.HAL_IncTick
                0x08001c9c       0x18 build/stm32l4xx_hal.o
                0x08001c9c                HAL_IncTick
 .text.HAL_GetTick
                0x08001cb4        0xc build/stm32l4xx_hal.o
                0x08001cb4                HAL_GetTick
 .text.Delay_us
                0x08001cc0       0x24 build/stm32l4xx_hal.o
                0x08001cc0                Delay_us
 .text.Delay_ms
                0x08001ce4       0x18 build/stm32l4xx_hal.o
                0x08001ce4                Delay_ms
 .text.RCC_SetFlashLatencyFromMSIRange
                0x08001cfc       0x84 build/stm32l4xx_hal_rcc.o
 .text.HAL_RCC_GetSysClockFreq
                0x08001d80       0x9c build/stm32l4xx_hal_rcc.o
                0x08001d80                HAL_RCC_GetSysClockFreq
 .text.HAL_RCC_OscConfig
                0x08001e1c      0x548 build/stm32l4xx_hal_rcc.o
                0x08001e1c                HAL_RCC_OscConfig
 .text.HAL_RCC_ClockConfig
                0x08002364      0x14c build/stm32l4xx_hal_rcc.o
                0x08002364                HAL_RCC_ClockConfig
 .text.HAL_RCC_GetPCLK1Freq
                0x080024b0       0x24 build/stm32l4xx_hal_rcc.o
                0x080024b0                HAL_RCC_GetPCLK1Freq
 .text.HAL_RCC_GetPCLK2Freq
                0x080024d4       0x24 build/stm32l4xx_hal_rcc.o
                0x080024d4                HAL_RCC_GetPCLK2Freq
 .text.RCCEx_PLLSAI1_Config
                0x080024f8      0x114 build/stm32l4xx_hal_rcc_ex.o
 .text.HAL_RCCEx_PeriphCLKConfig
                0x0800260c      0x2b4 build/stm32l4xx_hal_rcc_ex.o
                0x0800260c                HAL_RCCEx_PeriphCLKConfig
 .text.HAL_GPIO_Init
                0x080028c0      0x188 build/stm32l4xx_hal_gpio.o
                0x080028c0                HAL_GPIO_Init
 .text.HAL_GPIO_ReadPin
                0x08002a48        0xc build/stm32l4xx_hal_gpio.o
                0x08002a48                HAL_GPIO_ReadPin
 .text.HAL_GPIO_WritePin
                0x08002a54        0xa build/stm32l4xx_hal_gpio.o
                0x08002a54                HAL_GPIO_WritePin
 .text.HAL_GPIO_TogglePin
                0x08002a5e       0x12 build/stm32l4xx_hal_gpio.o
                0x08002a5e                HAL_GPIO_TogglePin
 .text.HAL_DMA_Abort
                0x08002a70       0x46 build/stm32l4xx_hal_dma.o
                0x08002a70                HAL_DMA_Abort
 .text.HAL_DMA_Abort_IT
                0x08002ab6       0x4c build/stm32l4xx_hal_dma.o
                0x08002ab6                HAL_DMA_Abort_IT
 *fill*         0x08002b02        0x2 
 .text.HAL_PWREx_GetVoltageRange
                0x08002b04       0x10 build/stm32l4xx_hal_pwr_ex.o
                0x08002b04                HAL_PWREx_GetVoltageRange
 .text.HAL_PWREx_ControlVoltageScaling
                0x08002b14       0x6c build/stm32l4xx_hal_pwr_ex.o
                0x08002b14                HAL_PWREx_ControlVoltageScaling
 .text.HAL_NVIC_SetPriorityGrouping
                0x08002b80       0x24 build/stm32l4xx_hal_cortex.o
                0x08002b80                HAL_NVIC_SetPriorityGrouping
 .text.HAL_NVIC_SetPriority
                0x08002ba4       0x64 build/stm32l4xx_hal_cortex.o
                0x08002ba4                HAL_NVIC_SetPriority
 .text.HAL_NVIC_EnableIRQ
                0x08002c08       0x1c build/stm32l4xx_hal_cortex.o
                0x08002c08                HAL_NVIC_EnableIRQ
 .text.HAL_SYSTICK_Config
                0x08002c24       0x28 build/stm32l4xx_hal_cortex.o
                0x08002c24                HAL_SYSTICK_Config
 .text.SPI_WaitFifoStateUntilTimeout.constprop.0
                0x08002c4c       0xcc build/stm32l4xx_hal_spi.o
 .text.SPI_WaitFlagStateUntilTimeout.constprop.0
                0x08002d18       0xa4 build/stm32l4xx_hal_spi.o
 .text.SPI_EndRxTransaction
                0x08002dbc       0x72 build/stm32l4xx_hal_spi.o
 .text.SPI_EndRxTxTransaction
                0x08002e2e       0x4a build/stm32l4xx_hal_spi.o
 .text.HAL_SPI_Init
                0x08002e78       0xd4 build/stm32l4xx_hal_spi.o
                0x08002e78                HAL_SPI_Init
 .text.HAL_SPI_Transmit
                0x08002f4c      0x192 build/stm32l4xx_hal_spi.o
                0x08002f4c                HAL_SPI_Transmit
 .text.HAL_SPI_TransmitReceive
                0x080030de      0x258 build/stm32l4xx_hal_spi.o
                0x080030de                HAL_SPI_TransmitReceive
 .text.HAL_SPI_Receive
                0x08003336      0x170 build/stm32l4xx_hal_spi.o
                0x08003336                HAL_SPI_Receive
 .text.HAL_SPI_ErrorCallback
                0x080034a6        0x2 build/stm32l4xx_hal_spi.o
                0x080034a6                HAL_SPI_ErrorCallback
 .text.HAL_SPI_IRQHandler
                0x080034a8      0x10c build/stm32l4xx_hal_spi.o
                0x080034a8                HAL_SPI_IRQHandler
 .text.SPI_DMAAbortOnError
                0x080035b4       0x12 build/stm32l4xx_hal_spi.o
 .text.HAL_SPI_GetState
                0x080035c6        0x6 build/stm32l4xx_hal_spi.o
                0x080035c6                HAL_SPI_GetState
 .text.UART_EndRxTransfer
                0x080035cc       0x4e build/stm32l4xx_hal_uart.o
 .text.UART_TxISR_8BIT.part.0
                0x0800361a       0x26 build/stm32l4xx_hal_uart.o
 .text.UART_TxISR_8BIT
                0x08003640       0x2e build/stm32l4xx_hal_uart.o
 .text.UART_TxISR_16BIT
                0x0800366e       0x32 build/stm32l4xx_hal_uart.o
 .text.HAL_UART_Transmit_IT
                0x080036a0       0x6c build/stm32l4xx_hal_uart.o
                0x080036a0                HAL_UART_Transmit_IT
 .text.UART_DMAAbortOnError
                0x0800370c       0x14 build/stm32l4xx_hal_uart.o
 .text.HAL_UART_IRQHandler
                0x08003720      0x28c build/stm32l4xx_hal_uart.o
                0x08003720                HAL_UART_IRQHandler
 .text.UART_RxISR_8BIT
                0x080039ac       0xa0 build/stm32l4xx_hal_uart.o
 .text.UART_RxISR_16BIT
                0x08003a4c       0x9a build/stm32l4xx_hal_uart.o
 *fill*         0x08003ae6        0x2 
 .text.UART_SetConfig
                0x08003ae8      0x224 build/stm32l4xx_hal_uart.o
                0x08003ae8                UART_SetConfig
 .text.UART_AdvFeatureConfig
                0x08003d0c       0xa8 build/stm32l4xx_hal_uart.o
                0x08003d0c                UART_AdvFeatureConfig
 .text.UART_WaitOnFlagUntilTimeout
                0x08003db4       0xbc build/stm32l4xx_hal_uart.o
                0x08003db4                UART_WaitOnFlagUntilTimeout
 .text.HAL_UART_Transmit
                0x08003e70       0xb4 build/stm32l4xx_hal_uart.o
                0x08003e70                HAL_UART_Transmit
 .text.UART_CheckIdleState
                0x08003f24       0x66 build/stm32l4xx_hal_uart.o
                0x08003f24                UART_CheckIdleState
 .text.HAL_UART_Init
                0x08003f8a       0x5c build/stm32l4xx_hal_uart.o
                0x08003f8a                HAL_UART_Init
 *fill*         0x08003fe6        0x2 
 .text.UART_Start_Receive_IT
                0x08003fe8       0xc0 build/stm32l4xx_hal_uart.o
                0x08003fe8                UART_Start_Receive_IT
 .text.HAL_UART_Receive_IT
                0x080040a8       0x50 build/stm32l4xx_hal_uart.o
                0x080040a8                HAL_UART_Receive_IT
 .text.HAL_UARTEx_WakeupCallback
                0x080040f8        0x2 build/stm32l4xx_hal_uart_ex.o
                0x080040f8                HAL_UARTEx_WakeupCallback
 .text.HAL_UARTEx_ReceiveToIdle_IT
                0x080040fa       0x50 build/stm32l4xx_hal_uart_ex.o
                0x080040fa                HAL_UARTEx_ReceiveToIdle_IT
 *fill*         0x0800414a        0x2 
 .text.SystemInit
                0x0800414c       0x14 build/system_stm32l4xx.o
                0x0800414c                SystemInit
 .text.shellExtParseChar
                0x08004160       0x3c build/shell_ext.o
 .text.shellExtParsePara
                0x0800419c      0x198 build/shell_ext.o
                0x0800419c                shellExtParsePara
 .text.shellExtRun
                0x08004334       0xd6 build/shell_ext.o
                0x08004334                shellExtRun
 *fill*         0x0800440a        0x2 
 .text.User_Shell_Write
                0x0800440c       0x14 build/shell_port.o
                0x0800440c                User_Shell_Write
 .text.User_Shell_Init
                0x08004420       0x1c build/shell_port.o
                0x08004420                User_Shell_Init
 .text.shellStringCopy
                0x0800443c       0x1a build/shell.o
 .text.shellWriteByte.isra.0
                0x08004456       0x16 build/shell.o
 .text.shellLeft
                0x0800446c       0x18 build/shell.o
                0x0800446c                shellLeft
 .text.shellRight
                0x08004484       0x18 build/shell.o
                0x08004484                shellRight
 .text.shellGetCurrent
                0x0800449c       0x24 build/shell.o
                0x0800449c                shellGetCurrent
 .text.shellWriteString
                0x080044c0       0x22 build/shell.o
                0x080044c0                shellWriteString
 *fill*         0x080044e2        0x2 
 .text.shellClear
                0x080044e4       0x18 build/shell.o
                0x080044e4                shellClear
 .text.shellWritePrompt.constprop.0
                0x080044fc       0x58 build/shell.o
 .text.shellPrint
                0x08004554       0x36 build/shell.o
                0x08004554                shellPrint
 .text.shellCheckPermission
                0x0800458a       0x36 build/shell.o
                0x0800458a                shellCheckPermission
 .text.shellToHex
                0x080045c0       0x26 build/shell.o
                0x080045c0                shellToHex
 *fill*         0x080045e6        0x2 
 .text.shellGetCommandName
                0x080045e8       0x30 build/shell.o
 .text.shellToDec
                0x08004618       0x46 build/shell.o
                0x08004618                shellToDec
 *fill*         0x0800465e        0x2 
 .text.shellWriteReturnValue
                0x08004660       0x70 build/shell.o
 .text.shellListItem
                0x080046d0       0xe8 build/shell.o
                0x080046d0                shellListItem
 .text.shellListCommand
                0x080047b8       0x40 build/shell.o
                0x080047b8                shellListCommand
 .text.shellCmds
                0x080047f8       0x12 build/shell.o
                0x080047f8                shellCmds
 *fill*         0x0800480a        0x2 
 .text.shellListVar
                0x0800480c       0x40 build/shell.o
                0x0800480c                shellListVar
 .text.shellVars
                0x0800484c       0x12 build/shell.o
                0x0800484c                shellVars
 *fill*         0x0800485e        0x2 
 .text.shellListUser
                0x08004860       0x40 build/shell.o
                0x08004860                shellListUser
 .text.shellUsers
                0x080048a0       0x12 build/shell.o
                0x080048a0                shellUsers
 *fill*         0x080048b2        0x2 
 .text.shellListKey
                0x080048b4       0x40 build/shell.o
                0x080048b4                shellListKey
 .text.shellKeys
                0x080048f4       0x12 build/shell.o
                0x080048f4                shellKeys
 *fill*         0x08004906        0x2 
 .text.shellDeleteCommandLine
                0x08004908       0x20 build/shell.o
                0x08004908                shellDeleteCommandLine
 .text.shellClearCommandLine
                0x08004928       0x28 build/shell.o
                0x08004928                shellClearCommandLine
 .text.shellUp  0x08004950       0x66 build/shell.o
                0x08004950                shellUp
 *fill*         0x080049b6        0x2 
 .text.shellTab
                0x080049b8      0x130 build/shell.o
                0x080049b8                shellTab
 .text.shellDown
                0x08004ae8       0x5e build/shell.o
                0x08004ae8                shellDown
 *fill*         0x08004b46        0x2 
 .text.shellInsertByte
                0x08004b48       0xc0 build/shell.o
                0x08004b48                shellInsertByte
 .text.shellDeleteByte
                0x08004c08       0xaa build/shell.o
                0x08004c08                shellDeleteByte
 .text.shellBackspace
                0x08004cb2        0x6 build/shell.o
                0x08004cb2                shellBackspace
 .text.shellDelete
                0x08004cb8        0x8 build/shell.o
                0x08004cb8                shellDelete
 .text.shellSeekCommand
                0x08004cc0       0x6c build/shell.o
                0x08004cc0                shellSeekCommand
 .text.shellHelp
                0x08004d2c       0x70 build/shell.o
                0x08004d2c                shellHelp
 .text.shellGetVarValue
                0x08004d9c       0x3c build/shell.o
                0x08004d9c                shellGetVarValue
 .text.shellShowVar
                0x08004dd8       0xa4 build/shell.o
 .text.shellSetVarValue
                0x08004e7c       0x70 build/shell.o
                0x08004e7c                shellSetVarValue
 .text.shellSetVar
                0x08004eec       0x54 build/shell.o
                0x08004eec                shellSetVar
 .text.shellSetUser
                0x08004f40       0x5c build/shell.o
                0x08004f40                shellSetUser
 .text.shellInit
                0x08004f9c       0x90 build/shell.o
                0x08004f9c                shellInit
 .text.shellRunCommand
                0x0800502c       0xae build/shell.o
                0x0800502c                shellRunCommand
 .text.shellNormalInput
                0x080050da       0x10 build/shell.o
                0x080050da                shellNormalInput
 *fill*         0x080050ea        0x2 
 .text.shellExec
                0x080050ec      0x158 build/shell.o
                0x080050ec                shellExec
 .text.shellEnter
                0x08005244       0x12 build/shell.o
                0x08005244                shellEnter
 *fill*         0x08005256        0x2 
 .text.shellHandler
                0x08005258       0xdc build/shell.o
                0x08005258                shellHandler
 .text.MX_GPIO_Init
                0x08005334      0x124 build/gpio.o
                0x08005334                MX_GPIO_Init
 .text.MX_ADC1_Init
                0x08005458       0x80 build/adc.o
                0x08005458                MX_ADC1_Init
 .text.HAL_ADC_MspInit
                0x080054d8       0xa0 build/adc.o
                0x080054d8                HAL_ADC_MspInit
 .text.ADC_Average_Get
                0x08005578       0x80 build/adc.o
                0x08005578                ADC_Average_Get
 .text.LDR_Value_Get
                0x080055f8       0x44 build/adc.o
                0x080055f8                LDR_Value_Get
 *fill*         0x0800563c        0x4 
 .text.Battery_Test
                0x08005640       0xbc build/adc.o
                0x08005640                Battery_Test
 .text.MX_SPI2_Init
                0x080056fc       0x50 build/spi.o
                0x080056fc                MX_SPI2_Init
 .text.MX_SPI3_Init
                0x0800574c       0x4c build/spi.o
                0x0800574c                MX_SPI3_Init
 .text.HAL_SPI_MspInit
                0x08005798       0xac build/spi.o
                0x08005798                HAL_SPI_MspInit
 .text.MX_USART1_UART_Init
                0x08005844       0x48 build/usart.o
                0x08005844                MX_USART1_UART_Init
 .text.MX_USART2_UART_Init
                0x0800588c       0x48 build/usart.o
                0x0800588c                MX_USART2_UART_Init
 .text.MX_USART3_UART_Init
                0x080058d4       0x48 build/usart.o
                0x080058d4                MX_USART3_UART_Init
 .text.HAL_UART_MspInit
                0x0800591c      0x170 build/usart.o
                0x0800591c                HAL_UART_MspInit
 .text.HAL_UART_RxCpltCallback
                0x08005a8c       0x34 build/usart.o
                0x08005a8c                HAL_UART_RxCpltCallback
 .text.HAL_UART_TxCpltCallback
                0x08005ac0        0x2 build/usart.o
                0x08005ac0                HAL_UART_TxCpltCallback
 *fill*         0x08005ac2        0x2 
 .text.HAL_UARTEx_RxEventCallback
                0x08005ac4       0x6c build/usart.o
                0x08005ac4                HAL_UARTEx_RxEventCallback
 .text.HAL_UART_ErrorCallback
                0x08005b30       0x3c build/usart.o
                0x08005b30                HAL_UART_ErrorCallback
 .text.timer_init
                0x08005b6c       0x18 build/timer.o
                0x08005b6c                timer_init
 .text.timer_update
                0x08005b84       0x64 build/timer.o
                0x08005b84                timer_update
 .text.SX1278_hw_SetNSS
                0x08005be8        0xe build/SX1278_hw.o
                0x08005be8                SX1278_hw_SetNSS
 .text.SX1278_hw_SPICommand
                0x08005bf6       0x2c build/SX1278_hw.o
                0x08005bf6                SX1278_hw_SPICommand
 .text.SX1278_hw_SPIReadByte
                0x08005c22       0x3a build/SX1278_hw.o
                0x08005c22                SX1278_hw_SPIReadByte
 .text.SX1278_hw_DelayMs
                0x08005c5c        0x4 build/SX1278_hw.o
                0x08005c5c                SX1278_hw_DelayMs
 .text.SX1278_hw_Reset
                0x08005c60       0x2c build/SX1278_hw.o
                0x08005c60                SX1278_hw_Reset
 .text.SX1278_hw_init
                0x08005c8c       0x12 build/SX1278_hw.o
                0x08005c8c                SX1278_hw_init
 .text.SX1278_hw_GetDIO0
                0x08005c9e       0x12 build/SX1278_hw.o
                0x08005c9e                SX1278_hw_GetDIO0
 .text.BSP_W25Qx_GetStatus
                0x08005cb0       0x54 build/W25QXX.o
 .text.BSP_W25Qx_Init
                0x08005d04       0x40 build/W25QXX.o
                0x08005d04                BSP_W25Qx_Init
 .text.BSP_W25Qx_WriteEnable
                0x08005d44       0x54 build/W25QXX.o
                0x08005d44                BSP_W25Qx_WriteEnable
 .text.BSP_W25Qx_Read_ID
                0x08005d98       0x48 build/W25QXX.o
                0x08005d98                BSP_W25Qx_Read_ID
 .text.BSP_W25Qx_Read_JEDEC_ID
                0x08005de0       0x48 build/W25QXX.o
                0x08005de0                BSP_W25Qx_Read_JEDEC_ID
 .text.BSP_W25Qx_Read
                0x08005e28       0x64 build/W25QXX.o
                0x08005e28                BSP_W25Qx_Read
 .text.BSP_W25Qx_Write
                0x08005e8c       0xc0 build/W25QXX.o
                0x08005e8c                BSP_W25Qx_Write
 *fill*         0x08005f4c        0x4 
 .text.Flash_Test
                0x08005f50      0x130 build/W25QXX.o
                0x08005f50                Flash_Test
 .text.LED_Init
                0x08006080       0x58 build/led.o
                0x08006080                LED_Init
 .text.LED_On   0x080060d8        0xa build/led.o
                0x080060d8                LED_On
 .text.LED_Off  0x080060e2        0xa build/led.o
                0x080060e2                LED_Off
 .text.LED_Toggle
                0x080060ec        0x8 build/led.o
                0x080060ec                LED_Toggle
 .text.LED_Blink
                0x080060f4       0x26 build/led.o
                0x080060f4                LED_Blink
 *fill*         0x0800611a        0x2 
 .text.LED_Test
                0x0800611c       0xb4 build/led.o
                0x0800611c                LED_Test
 .text.RS485_SendData
                0x080061d0       0x2e build/rs485.o
                0x080061d0                RS485_SendData
 *fill*         0x080061fe        0x2 
 .text.RS485_Test
                0x08006200       0x28 build/rs485.o
                0x08006200                RS485_Test
 .text.atgm_io_init
                0x08006228       0x44 build/ATGM332D.o
                0x08006228                atgm_io_init
 .text.atgm_open
                0x0800626c       0x20 build/ATGM332D.o
                0x0800626c                atgm_open
 .text.atgm_read
                0x0800628c       0x2c build/ATGM332D.o
                0x0800628c                atgm_read
 .text.BDS_Test
                0x080062b8       0x7c build/ATGM332D.o
                0x080062b8                BDS_Test
 .text.atgm_handler
                0x08006334       0x20 build/ATGM332D.o
                0x08006334                atgm_handler
 .text.ec2x_io_init
                0x08006354       0x90 build/EC2x.o
                0x08006354                ec2x_io_init
 .text.ec2x_write
                0x080063e4       0x28 build/EC2x.o
                0x080063e4                ec2x_write
 .text.ec2x_read
                0x0800640c       0x6c build/EC2x.o
                0x0800640c                ec2x_read
 .text.ec2x_handler
                0x08006478       0x80 build/EC2x.o
                0x08006478                ec2x_handler
 .text.ec2x_replymatch
                0x080064f8       0x38 build/EC2x.o
                0x080064f8                ec2x_replymatch
 .text.ec2x_cmd_send
                0x08006530       0x70 build/EC2x.o
 .text.ec2x_reset.constprop.0
                0x080065a0       0x4c build/EC2x.o
 .text.ec2x_tcp_connect
                0x080065ec       0xd4 build/EC2x.o
                0x080065ec                ec2x_tcp_connect
 .text.EC2x_Test
                0x080066c0       0xbc build/EC2x.o
                0x080066c0                EC2x_Test
 .text.ec2x_open
                0x0800677c       0x48 build/EC2x.o
                0x0800677c                ec2x_open
 .text.SX1278_SPIBurstWrite.part.0
                0x080067c4       0x38 build/SX1278.o
 .text.SX1278_SPIRead
                0x080067fc       0x1e build/SX1278.o
                0x080067fc                SX1278_SPIRead
 .text.SX1278_SPIWrite
                0x0800681a       0x2e build/SX1278.o
                0x0800681a                SX1278_SPIWrite
 .text.SX1278_SPIBurstRead
                0x08006848       0x42 build/SX1278.o
                0x08006848                SX1278_SPIBurstRead
 .text.SX1278_SPIBurstWrite
                0x0800688a        0xa build/SX1278.o
                0x0800688a                SX1278_SPIBurstWrite
 .text.SX1278_standby
                0x08006894       0x12 build/SX1278.o
                0x08006894                SX1278_standby
 .text.SX1278_sleep
                0x080068a6       0x12 build/SX1278.o
                0x080068a6                SX1278_sleep
 .text.SX1278_entryLoRa
                0x080068b8        0x8 build/SX1278.o
                0x080068b8                SX1278_entryLoRa
 .text.SX1278_config
                0x080068c0      0x154 build/SX1278.o
                0x080068c0                SX1278_config
 .text.SX1278_clearLoRaIrq
                0x08006a14        0x8 build/SX1278.o
                0x08006a14                SX1278_clearLoRaIrq
 .text.SX1278_LoRaEntryRx
                0x08006a1c       0x98 build/SX1278.o
                0x08006a1c                SX1278_LoRaEntryRx
 .text.SX1278_LoRaRxPacket
                0x08006ab4       0x98 build/SX1278.o
                0x08006ab4                SX1278_LoRaRxPacket
 .text.SX1278_DIO0IRQ_Handler
                0x08006b4c        0xc build/SX1278.o
                0x08006b4c                SX1278_DIO0IRQ_Handler
 .text.SX1278_LoRaEntryTx
                0x08006b58       0x80 build/SX1278.o
                0x08006b58                SX1278_LoRaEntryTx
 .text.SX1278_LoRaTxPacket
                0x08006bd8       0x5c build/SX1278.o
                0x08006bd8                SX1278_LoRaTxPacket
 .text.SX1278_init
                0x08006c34       0x50 build/SX1278.o
                0x08006c34                SX1278_init
 .text.SX1278_transmit
                0x08006c84       0x2a build/SX1278.o
                0x08006c84                SX1278_transmit
 .text.SX1278_receive
                0x08006cae        0x4 build/SX1278.o
                0x08006cae                SX1278_receive
 *fill*         0x08006cb2        0x2 
 .text.LORA_Send
                0x08006cb4       0x70 build/SX1278.o
                0x08006cb4                LORA_Send
 .text.Reset_Handler
                0x08006d24       0x50 build/startup_stm32l431xx.o
                0x08006d24                Reset_Handler
 .text.Default_Handler
                0x08006d74        0x2 build/startup_stm32l431xx.o
                0x08006d74                RTC_Alarm_IRQHandler
                0x08006d74                EXTI2_IRQHandler
                0x08006d74                TIM1_CC_IRQHandler
                0x08006d74                TSC_IRQHandler
                0x08006d74                TAMP_STAMP_IRQHandler
                0x08006d74                EXTI3_IRQHandler
                0x08006d74                LPTIM2_IRQHandler
                0x08006d74                I2C3_ER_IRQHandler
                0x08006d74                EXTI0_IRQHandler
                0x08006d74                I2C2_EV_IRQHandler
                0x08006d74                CAN1_RX0_IRQHandler
                0x08006d74                FPU_IRQHandler
                0x08006d74                TIM1_UP_TIM16_IRQHandler
                0x08006d74                SPI1_IRQHandler
                0x08006d74                TIM6_DAC_IRQHandler
                0x08006d74                DMA2_Channel2_IRQHandler
                0x08006d74                DMA1_Channel4_IRQHandler
                0x08006d74                ADC1_IRQHandler
                0x08006d74                DMA1_Channel7_IRQHandler
                0x08006d74                CAN1_RX1_IRQHandler
                0x08006d74                DMA2_Channel1_IRQHandler
                0x08006d74                QUADSPI_IRQHandler
                0x08006d74                I2C1_EV_IRQHandler
                0x08006d74                DMA1_Channel6_IRQHandler
                0x08006d74                DMA2_Channel4_IRQHandler
                0x08006d74                RCC_IRQHandler
                0x08006d74                TIM1_TRG_COM_IRQHandler
                0x08006d74                DMA1_Channel1_IRQHandler
                0x08006d74                Default_Handler
                0x08006d74                DMA2_Channel7_IRQHandler
                0x08006d74                EXTI15_10_IRQHandler
                0x08006d74                TIM7_IRQHandler
                0x08006d74                SDMMC1_IRQHandler
                0x08006d74                I2C3_EV_IRQHandler
                0x08006d74                RTC_WKUP_IRQHandler
                0x08006d74                PVD_PVM_IRQHandler
                0x08006d74                CAN1_TX_IRQHandler
                0x08006d74                DMA2_Channel5_IRQHandler
                0x08006d74                CRS_IRQHandler
                0x08006d74                DMA1_Channel5_IRQHandler
                0x08006d74                EXTI4_IRQHandler
                0x08006d74                RNG_IRQHandler
                0x08006d74                DMA1_Channel3_IRQHandler
                0x08006d74                COMP_IRQHandler
                0x08006d74                WWDG_IRQHandler
                0x08006d74                LPUART1_IRQHandler
                0x08006d74                DMA2_Channel6_IRQHandler
                0x08006d74                TIM2_IRQHandler
                0x08006d74                EXTI1_IRQHandler
                0x08006d74                I2C2_ER_IRQHandler
                0x08006d74                DMA1_Channel2_IRQHandler
                0x08006d74                CAN1_SCE_IRQHandler
                0x08006d74                FLASH_IRQHandler
                0x08006d74                I2C1_ER_IRQHandler
                0x08006d74                SWPMI1_IRQHandler
                0x08006d74                LPTIM1_IRQHandler
                0x08006d74                SAI1_IRQHandler
                0x08006d74                DMA2_Channel3_IRQHandler
                0x08006d74                TIM1_BRK_TIM15_IRQHandler
 *fill*         0x08006d76        0x2 
 .text.__libc_init_array
                0x08006d78       0x48 e:/gcc-arm-none-eabi-10.3-2021.10-win32/gcc-arm-none-eabi-10.3-2021.10/bin/../lib/gcc/arm-none-eabi/10.3.1/../../../../arm-none-eabi/lib/thumb/v7e-m+fp/hard\libc_nano.a(lib_a-init.o)
                0x08006d78                __libc_init_array
 .text.malloc   0x08006dc0       0x10 e:/gcc-arm-none-eabi-10.3-2021.10-win32/gcc-arm-none-eabi-10.3-2021.10/bin/../lib/gcc/arm-none-eabi/10.3.1/../../../../arm-none-eabi/lib/thumb/v7e-m+fp/hard\libc_nano.a(lib_a-malloc.o)
                0x08006dc0                malloc
 .text.free     0x08006dd0       0x10 e:/gcc-arm-none-eabi-10.3-2021.10-win32/gcc-arm-none-eabi-10.3-2021.10/bin/../lib/gcc/arm-none-eabi/10.3.1/../../../../arm-none-eabi/lib/thumb/v7e-m+fp/hard\libc_nano.a(lib_a-malloc.o)
                0x08006dd0                free
 .text.memcpy   0x08006de0       0x1c e:/gcc-arm-none-eabi-10.3-2021.10-win32/gcc-arm-none-eabi-10.3-2021.10/bin/../lib/gcc/arm-none-eabi/10.3.1/../../../../arm-none-eabi/lib/thumb/v7e-m+fp/hard\libc_nano.a(lib_a-memcpy-stub.o)
                0x08006de0                memcpy
 .text.memset   0x08006dfc       0x10 e:/gcc-arm-none-eabi-10.3-2021.10-win32/gcc-arm-none-eabi-10.3-2021.10/bin/../lib/gcc/arm-none-eabi/10.3.1/../../../../arm-none-eabi/lib/thumb/v7e-m+fp/hard\libc_nano.a(lib_a-memset.o)
                0x08006dfc                memset
 .text._free_r  0x08006e0c       0x98 e:/gcc-arm-none-eabi-10.3-2021.10-win32/gcc-arm-none-eabi-10.3-2021.10/bin/../lib/gcc/arm-none-eabi/10.3.1/../../../../arm-none-eabi/lib/thumb/v7e-m+fp/hard\libc_nano.a(lib_a-nano-freer.o)
                0x08006e0c                _free_r
 .text.sbrk_aligned
                0x08006ea4       0x40 e:/gcc-arm-none-eabi-10.3-2021.10-win32/gcc-arm-none-eabi-10.3-2021.10/bin/../lib/gcc/arm-none-eabi/10.3.1/../../../../arm-none-eabi/lib/thumb/v7e-m+fp/hard\libc_nano.a(lib_a-nano-mallocr.o)
 .text._malloc_r
                0x08006ee4       0xe8 e:/gcc-arm-none-eabi-10.3-2021.10-win32/gcc-arm-none-eabi-10.3-2021.10/bin/../lib/gcc/arm-none-eabi/10.3.1/../../../../arm-none-eabi/lib/thumb/v7e-m+fp/hard\libc_nano.a(lib_a-nano-mallocr.o)
                0x08006ee4                _malloc_r
 .text._sbrk_r  0x08006fcc       0x20 e:/gcc-arm-none-eabi-10.3-2021.10-win32/gcc-arm-none-eabi-10.3-2021.10/bin/../lib/gcc/arm-none-eabi/10.3.1/../../../../arm-none-eabi/lib/thumb/v7e-m+fp/hard\libc_nano.a(lib_a-sbrkr.o)
                0x08006fcc                _sbrk_r
 .text.strncmp  0x08006fec       0x28 e:/gcc-arm-none-eabi-10.3-2021.10-win32/gcc-arm-none-eabi-10.3-2021.10/bin/../lib/gcc/arm-none-eabi/10.3.1/../../../../arm-none-eabi/lib/thumb/v7e-m+fp/hard\libc_nano.a(lib_a-strncmp.o)
                0x08006fec                strncmp
 .text.strstr   0x08007014       0x2c e:/gcc-arm-none-eabi-10.3-2021.10-win32/gcc-arm-none-eabi-10.3-2021.10/bin/../lib/gcc/arm-none-eabi/10.3.1/../../../../arm-none-eabi/lib/thumb/v7e-m+fp/hard\libc_nano.a(lib_a-strstr.o)
                0x08007014                strstr
 .text._vsnprintf_r
                0x08007040       0x56 e:/gcc-arm-none-eabi-10.3-2021.10-win32/gcc-arm-none-eabi-10.3-2021.10/bin/../lib/gcc/arm-none-eabi/10.3.1/../../../../arm-none-eabi/lib/thumb/v7e-m+fp/hard\libc_nano.a(lib_a-vsnprintf.o)
                0x08007040                _vsniprintf_r
                0x08007040                _vsnprintf_r
 *fill*         0x08007096        0x2 
 .text.vsnprintf
                0x08007098       0x1c e:/gcc-arm-none-eabi-10.3-2021.10-win32/gcc-arm-none-eabi-10.3-2021.10/bin/../lib/gcc/arm-none-eabi/10.3.1/../../../../arm-none-eabi/lib/thumb/v7e-m+fp/hard\libc_nano.a(lib_a-vsnprintf.o)
                0x08007098                vsniprintf
                0x08007098                vsnprintf
 .text.__malloc_lock
                0x080070b4        0xc e:/gcc-arm-none-eabi-10.3-2021.10-win32/gcc-arm-none-eabi-10.3-2021.10/bin/../lib/gcc/arm-none-eabi/10.3.1/../../../../arm-none-eabi/lib/thumb/v7e-m+fp/hard\libc_nano.a(lib_a-mlock.o)
                0x080070b4                __malloc_lock
 .text.__malloc_unlock
                0x080070c0        0xc e:/gcc-arm-none-eabi-10.3-2021.10-win32/gcc-arm-none-eabi-10.3-2021.10/bin/../lib/gcc/arm-none-eabi/10.3.1/../../../../arm-none-eabi/lib/thumb/v7e-m+fp/hard\libc_nano.a(lib_a-mlock.o)
                0x080070c0                __malloc_unlock
 .text.__ssputs_r
                0x080070cc       0xb6 e:/gcc-arm-none-eabi-10.3-2021.10-win32/gcc-arm-none-eabi-10.3-2021.10/bin/../lib/gcc/arm-none-eabi/10.3.1/../../../../arm-none-eabi/lib/thumb/v7e-m+fp/hard\libc_nano.a(lib_a-nano-svfprintf.o)
                0x080070cc                __ssputs_r
 *fill*         0x08007182        0x2 
 .text._svfprintf_r
                0x08007184      0x200 e:/gcc-arm-none-eabi-10.3-2021.10-win32/gcc-arm-none-eabi-10.3-2021.10/bin/../lib/gcc/arm-none-eabi/10.3.1/../../../../arm-none-eabi/lib/thumb/v7e-m+fp/hard\libc_nano.a(lib_a-nano-svfprintf.o)
                0x08007184                _svfiprintf_r
                0x08007184                _svfprintf_r
 .text._printf_common
                0x08007384       0xda e:/gcc-arm-none-eabi-10.3-2021.10-win32/gcc-arm-none-eabi-10.3-2021.10/bin/../lib/gcc/arm-none-eabi/10.3.1/../../../../arm-none-eabi/lib/thumb/v7e-m+fp/hard\libc_nano.a(lib_a-nano-vfprintf_i.o)
                0x08007384                _printf_common
 *fill*         0x0800745e        0x2 
 .text._printf_i
                0x08007460      0x24c e:/gcc-arm-none-eabi-10.3-2021.10-win32/gcc-arm-none-eabi-10.3-2021.10/bin/../lib/gcc/arm-none-eabi/10.3.1/../../../../arm-none-eabi/lib/thumb/v7e-m+fp/hard\libc_nano.a(lib_a-nano-vfprintf_i.o)
                0x08007460                _printf_i
 .text.__retarget_lock_acquire_recursive
                0x080076ac        0x2 e:/gcc-arm-none-eabi-10.3-2021.10-win32/gcc-arm-none-eabi-10.3-2021.10/bin/../lib/gcc/arm-none-eabi/10.3.1/../../../../arm-none-eabi/lib/thumb/v7e-m+fp/hard\libc_nano.a(lib_a-lock.o)
                0x080076ac                __retarget_lock_acquire_recursive
 .text.__retarget_lock_release_recursive
                0x080076ae        0x2 e:/gcc-arm-none-eabi-10.3-2021.10-win32/gcc-arm-none-eabi-10.3-2021.10/bin/../lib/gcc/arm-none-eabi/10.3.1/../../../../arm-none-eabi/lib/thumb/v7e-m+fp/hard\libc_nano.a(lib_a-lock.o)
                0x080076ae                __retarget_lock_release_recursive
 .text.memmove  0x080076b0       0x34 e:/gcc-arm-none-eabi-10.3-2021.10-win32/gcc-arm-none-eabi-10.3-2021.10/bin/../lib/gcc/arm-none-eabi/10.3.1/../../../../arm-none-eabi/lib/thumb/v7e-m+fp/hard\libc_nano.a(lib_a-memmove.o)
                0x080076b0                memmove
 .text._realloc_r
                0x080076e4       0x5e e:/gcc-arm-none-eabi-10.3-2021.10-win32/gcc-arm-none-eabi-10.3-2021.10/bin/../lib/gcc/arm-none-eabi/10.3.1/../../../../arm-none-eabi/lib/thumb/v7e-m+fp/hard\libc_nano.a(lib_a-nano-reallocr.o)
                0x080076e4                _realloc_r
 .text._malloc_usable_size_r
                0x08007742       0x10 e:/gcc-arm-none-eabi-10.3-2021.10-win32/gcc-arm-none-eabi-10.3-2021.10/bin/../lib/gcc/arm-none-eabi/10.3.1/../../../../arm-none-eabi/lib/thumb/v7e-m+fp/hard\libc_nano.a(lib_a-nano-msizer.o)
                0x08007742                _malloc_usable_size_r
 *fill*         0x08007752        0x6 
 .text.pow      0x08007758       0xf0 e:/gcc-arm-none-eabi-10.3-2021.10-win32/gcc-arm-none-eabi-10.3-2021.10/bin/../lib/gcc/arm-none-eabi/10.3.1/../../../../arm-none-eabi/lib/thumb/v7e-m+fp/hard\libm.a(lib_a-w_pow.o)
                0x08007758                pow
 .text.__ieee754_pow
                0x08007848      0xb74 e:/gcc-arm-none-eabi-10.3-2021.10-win32/gcc-arm-none-eabi-10.3-2021.10/bin/../lib/gcc/arm-none-eabi/10.3.1/../../../../arm-none-eabi/lib/thumb/v7e-m+fp/hard\libm.a(lib_a-e_pow.o)
                0x08007848                __ieee754_pow
 .text.__ieee754_sqrt
                0x080083bc      0x198 e:/gcc-arm-none-eabi-10.3-2021.10-win32/gcc-arm-none-eabi-10.3-2021.10/bin/../lib/gcc/arm-none-eabi/10.3.1/../../../../arm-none-eabi/lib/thumb/v7e-m+fp/hard\libm.a(lib_a-e_sqrt.o)
                0x080083bc                __ieee754_sqrt
 .text.with_errno
                0x08008554       0x18 e:/gcc-arm-none-eabi-10.3-2021.10-win32/gcc-arm-none-eabi-10.3-2021.10/bin/../lib/gcc/arm-none-eabi/10.3.1/../../../../arm-none-eabi/lib/thumb/v7e-m+fp/hard\libm.a(lib_a-math_err.o)
 .text.xflow    0x0800856c       0x2c e:/gcc-arm-none-eabi-10.3-2021.10-win32/gcc-arm-none-eabi-10.3-2021.10/bin/../lib/gcc/arm-none-eabi/10.3.1/../../../../arm-none-eabi/lib/thumb/v7e-m+fp/hard\libm.a(lib_a-math_err.o)
 .text.__math_uflow
                0x08008598       0x14 e:/gcc-arm-none-eabi-10.3-2021.10-win32/gcc-arm-none-eabi-10.3-2021.10/bin/../lib/gcc/arm-none-eabi/10.3.1/../../../../arm-none-eabi/lib/thumb/v7e-m+fp/hard\libm.a(lib_a-math_err.o)
                0x08008598                __math_uflow
 .text.__math_oflow
                0x080085ac       0x14 e:/gcc-arm-none-eabi-10.3-2021.10-win32/gcc-arm-none-eabi-10.3-2021.10/bin/../lib/gcc/arm-none-eabi/10.3.1/../../../../arm-none-eabi/lib/thumb/v7e-m+fp/hard\libm.a(lib_a-math_err.o)
                0x080085ac                __math_oflow
 .text.fabs     0x080085c0       0x14 e:/gcc-arm-none-eabi-10.3-2021.10-win32/gcc-arm-none-eabi-10.3-2021.10/bin/../lib/gcc/arm-none-eabi/10.3.1/../../../../arm-none-eabi/lib/thumb/v7e-m+fp/hard\libm.a(lib_a-s_fabs.o)
                0x080085c0                fabs
 .text.finite   0x080085d4       0x18 e:/gcc-arm-none-eabi-10.3-2021.10-win32/gcc-arm-none-eabi-10.3-2021.10/bin/../lib/gcc/arm-none-eabi/10.3.1/../../../../arm-none-eabi/lib/thumb/v7e-m+fp/hard\libm.a(lib_a-s_finite.o)
                0x080085d4                finite
 *fill*         0x080085ec        0x4 
 .text.scalbn   0x080085f0      0x124 e:/gcc-arm-none-eabi-10.3-2021.10-win32/gcc-arm-none-eabi-10.3-2021.10/bin/../lib/gcc/arm-none-eabi/10.3.1/../../../../arm-none-eabi/lib/thumb/v7e-m+fp/hard\libm.a(lib_a-s_scalbn.o)
                0x080085f0                scalbn
 .text._sbrk    0x08008714       0x1c e:/gcc-arm-none-eabi-10.3-2021.10-win32/gcc-arm-none-eabi-10.3-2021.10/bin/../lib/gcc/arm-none-eabi/10.3.1/../../../../arm-none-eabi/lib/thumb/v7e-m+fp/hard\libnosys.a(sbrk.o)
                0x08008714                _sbrk
 .text.__errno  0x08008730        0xc e:/gcc-arm-none-eabi-10.3-2021.10-win32/gcc-arm-none-eabi-10.3-2021.10/bin/../lib/gcc/arm-none-eabi/10.3.1/../../../../arm-none-eabi/lib/thumb/v7e-m+fp/hard\libc_nano.a(lib_a-errno.o)
                0x08008730                __errno
 *(.glue_7)
 .glue_7        0x0800873c        0x0 linker stubs
 *(.glue_7t)
 .glue_7t       0x0800873c        0x0 linker stubs
 *(.eh_frame)
 .eh_frame      0x0800873c        0x0 e:/gcc-arm-none-eabi-10.3-2021.10-win32/gcc-arm-none-eabi-10.3-2021.10/bin/../lib/gcc/arm-none-eabi/10.3.1/thumb/v7e-m+fp/hard/crtbegin.o
 *(.init)
 .init          0x0800873c        0x4 e:/gcc-arm-none-eabi-10.3-2021.10-win32/gcc-arm-none-eabi-10.3-2021.10/bin/../lib/gcc/arm-none-eabi/10.3.1/thumb/v7e-m+fp/hard/crti.o
                0x0800873c                _init
 .init          0x08008740        0x8 e:/gcc-arm-none-eabi-10.3-2021.10-win32/gcc-arm-none-eabi-10.3-2021.10/bin/../lib/gcc/arm-none-eabi/10.3.1/thumb/v7e-m+fp/hard/crtn.o
 *(.fini)
 .fini          0x08008748        0x4 e:/gcc-arm-none-eabi-10.3-2021.10-win32/gcc-arm-none-eabi-10.3-2021.10/bin/../lib/gcc/arm-none-eabi/10.3.1/thumb/v7e-m+fp/hard/crti.o
                0x08008748                _fini
 .fini          0x0800874c        0x8 e:/gcc-arm-none-eabi-10.3-2021.10-win32/gcc-arm-none-eabi-10.3-2021.10/bin/../lib/gcc/arm-none-eabi/10.3.1/thumb/v7e-m+fp/hard/crtn.o
                0x08008758                . = ALIGN (0x8)
 *fill*         0x08008754        0x4 
                0x08008758                _etext = .

.vfp11_veneer   0x08008758        0x0
 .vfp11_veneer  0x08008758        0x0 linker stubs

.v4_bx          0x08008758        0x0
 .v4_bx         0x08008758        0x0 linker stubs

.iplt           0x08008758        0x0
 .iplt          0x08008758        0x0 e:/gcc-arm-none-eabi-10.3-2021.10-win32/gcc-arm-none-eabi-10.3-2021.10/bin/../lib/gcc/arm-none-eabi/10.3.1/thumb/v7e-m+fp/hard/crtbegin.o

.rodata         0x08008758      0xb40
                0x08008758                . = ALIGN (0x8)
 *(.rodata)
 .rodata        0x08008758        0x3 build/W25QXX.o
 *(.rodata*)
 .rodata.Test_All.str1.1
                0x0800875b       0x54 build/main.o
 .rodata.DeviceID_Print.str1.1
                0x080087af        0xa build/main.o
                                  0xd (size before relaxing)
 .rodata.main.str1.1
                0x080087b9       0x54 build/main.o
 .rodata.shellCmdmac_print
                0x0800880d        0xa build/main.o
                0x0800880d                shellCmdmac_print
 .rodata.shellCmdtest_all
                0x08008817        0x9 build/main.o
                0x08008817                shellCmdtest_all
 .rodata.shellDescmac_print
                0x08008820        0xe build/main.o
                0x08008820                shellDescmac_print
 .rodata.shellDesctest_all
                0x0800882e       0x10 build/main.o
                0x0800882e                shellDesctest_all
 .rodata.CSWTCH.53
                0x0800883e        0x3 build/stm32l4xx_hal_uart.o
 .rodata.CSWTCH.54
                0x08008841        0xd build/stm32l4xx_hal_uart.o
 .rodata.AHBPrescTable
                0x0800884e       0x10 build/system_stm32l4xx.o
                0x0800884e                AHBPrescTable
 .rodata.APBPrescTable
                0x0800885e        0x8 build/system_stm32l4xx.o
                0x0800885e                APBPrescTable
 *fill*         0x08008866        0x2 
 .rodata.MSIRangeTable
                0x08008868       0x30 build/system_stm32l4xx.o
                0x08008868                MSIRangeTable
 .rodata.CSWTCH.13
                0x08008898        0x3 build/shell_ext.o
 .rodata.CSWTCH.14
                0x0800889b        0x3 build/shell_ext.o
 .rodata.shellClear.str1.1
                0x0800889e        0x9 build/shell.o
 .rodata.shellWritePrompt.constprop.0.str1.1
                0x080088a7       0x1c build/shell.o
                                 0x21 (size before relaxing)
 .rodata.shellWriteReturnValue.str1.1
                0x080088c3       0x1a build/shell.o
 .rodata.shellListItem.str1.1
                0x080088dd       0x20 build/shell.o
 .rodata.shellListCommand.str1.1
                0x080088fd       0x12 build/shell.o
 .rodata.shellListVar.str1.1
                0x0800890f        0xe build/shell.o
 .rodata.shellListUser.str1.1
                0x0800891d        0xf build/shell.o
 .rodata.shellListKey.str1.1
                0x0800892c        0xe build/shell.o
 .rodata.shellDeleteCommandLine.str1.1
                0x0800893a        0x4 build/shell.o
 .rodata.shellInsertByte.str1.1
                0x0800893e       0x21 build/shell.o
 .rodata.shellHelp.str1.1
                0x0800895f       0x25 build/shell.o
 .rodata.shellShowVar.str1.1
                0x08008984        0x6 build/shell.o
 .rodata.shellSetVarValue.str1.1
                0x0800898a       0x2e build/shell.o
 .rodata.shellSetVar.str1.1
                0x080089b8       0x20 build/shell.o
 .rodata.shellSetUser.str1.1
                0x080089d8      0x158 build/shell.o
 .rodata.shellInit.str1.1
                0x08008b30        0x7 build/shell.o
 .rodata.shellExec.str1.1
                0x08008b37       0x13 build/shell.o
 .rodata.shellCmdDefaultUser
                0x08008b4a        0x7 build/shell.o
                0x08008b4a                shellCmdDefaultUser
 .rodata.shellCmdclear
                0x08008b51        0x6 build/shell.o
                0x08008b51                shellCmdclear
 .rodata.shellCmdcmds
                0x08008b57        0x5 build/shell.o
                0x08008b57                shellCmdcmds
 .rodata.shellCmdhelp
                0x08008b5c        0x5 build/shell.o
                0x08008b5c                shellCmdhelp
 .rodata.shellCmdkeys
                0x08008b61        0x5 build/shell.o
                0x08008b61                shellCmdkeys
 .rodata.shellCmdsetVar
                0x08008b66        0x7 build/shell.o
                0x08008b66                shellCmdsetVar
 .rodata.shellCmdusers
                0x08008b6d        0x6 build/shell.o
                0x08008b6d                shellCmdusers
 .rodata.shellCmdvars
                0x08008b73        0x5 build/shell.o
                0x08008b73                shellCmdvars
 .rodata.shellDesDefaultUser
                0x08008b78        0xd build/shell.o
                0x08008b78                shellDesDefaultUser
 .rodata.shellDesc0x08000000
                0x08008b85        0xa build/shell.o
                0x08008b85                shellDesc0x08000000
 .rodata.shellDesc0x09000000
                0x08008b8f        0x4 build/shell.o
                0x08008b8f                shellDesc0x09000000
 .rodata.shellDesc0x0A000000
                0x08008b93        0x6 build/shell.o
                0x08008b93                shellDesc0x0A000000
 .rodata.shellDesc0x0D000000
                0x08008b99        0x6 build/shell.o
                0x08008b99                shellDesc0x0D000000
 .rodata.shellDesc0x1B5B337E
                0x08008b9f        0x7 build/shell.o
                0x08008b9f                shellDesc0x1B5B337E
 .rodata.shellDesc0x1B5B4100
                0x08008ba6        0x3 build/shell.o
                0x08008ba6                shellDesc0x1B5B4100
 .rodata.shellDesc0x1B5B4200
                0x08008ba9        0x5 build/shell.o
                0x08008ba9                shellDesc0x1B5B4200
 .rodata.shellDesc0x1B5B4300
                0x08008bae        0x6 build/shell.o
                0x08008bae                shellDesc0x1B5B4300
 .rodata.shellDesc0x1B5B4400
                0x08008bb4        0x5 build/shell.o
                0x08008bb4                shellDesc0x1B5B4400
 .rodata.shellDesc0x7F000000
                0x08008bb9        0xa build/shell.o
                0x08008bb9                shellDesc0x7F000000
 .rodata.shellDescclear
                0x08008bc3        0xe build/shell.o
                0x08008bc3                shellDescclear
 .rodata.shellDesccmds
                0x08008bd1        0xd build/shell.o
                0x08008bd1                shellDesccmds
 .rodata.shellDeschelp
                0x08008bde       0x1e build/shell.o
                0x08008bde                shellDeschelp
 .rodata.shellDesckeys
                0x08008bfc        0xd build/shell.o
                0x08008bfc                shellDesckeys
 .rodata.shellDescsetVar
                0x08008c09        0x8 build/shell.o
                0x08008c09                shellDescsetVar
 .rodata.shellDescusers
                0x08008c11        0xe build/shell.o
                0x08008c11                shellDescusers
 .rodata.shellDescvars
                0x08008c1f        0xd build/shell.o
                0x08008c1f                shellDescvars
 .rodata.shellPasswordDefaultUser
                0x08008c2c        0x1 build/shell.o
                0x08008c2c                shellPasswordDefaultUser
 .rodata.LDR_Value_Get.str1.1
                0x08008c2d       0x2e build/adc.o
 .rodata.Battery_Test.str1.1
                0x08008c5b       0x49 build/adc.o
 .rodata.shellCmdbattery_test
                0x08008ca4        0xd build/adc.o
                0x08008ca4                shellCmdbattery_test
 .rodata.shellCmdldr_test
                0x08008cb1        0x9 build/adc.o
                0x08008cb1                shellCmdldr_test
 .rodata.shellDescbattery_test
                0x08008cba       0x1a build/adc.o
                0x08008cba                shellDescbattery_test
 .rodata.shellDescldr_test
                0x08008cd4        0xe build/adc.o
                0x08008cd4                shellDescldr_test
 .rodata.Flash_Test.str1.1
                0x08008ce2       0x9f build/W25QXX.o
 .rodata.shellCmdflash_test
                0x08008d81        0xb build/W25QXX.o
                0x08008d81                shellCmdflash_test
 .rodata.shellDescflash_test
                0x08008d8c       0x1d build/W25QXX.o
                0x08008d8c                shellDescflash_test
 .rodata.LED_Test.str1.1
                0x08008da9       0x3c build/led.o
 .rodata.shellCmdled_test
                0x08008de5        0x9 build/led.o
                0x08008de5                shellCmdled_test
 .rodata.shellDescled_test
                0x08008dee        0xe build/led.o
                0x08008dee                shellDescled_test
 .rodata.shellCmdrs485_test
                0x08008dfc        0xb build/rs485.o
                0x08008dfc                shellCmdrs485_test
 .rodata.shellDescrs485_test
                0x08008e07       0x10 build/rs485.o
                0x08008e07                shellDescrs485_test
 .rodata.BDS_Test.str1.1
                0x08008e17       0x2a build/ATGM332D.o
                                 0x2f (size before relaxing)
 .rodata.shellCmdbds_test
                0x08008e41        0x9 build/ATGM332D.o
                0x08008e41                shellCmdbds_test
 .rodata.shellDescbds_test
                0x08008e4a        0xd build/ATGM332D.o
                0x08008e4a                shellDescbds_test
 .rodata.ec2x_handler.str1.1
                0x08008e57        0x3 build/EC2x.o
 .rodata.ec2x_reset.constprop.0.str1.1
                0x08008e5a        0x6 build/EC2x.o
 .rodata.ec2x_tcp_connect.str1.1
                0x08008e60       0x50 build/EC2x.o
 .rodata.EC2x_Test.str1.1
                0x08008eb0       0x36 build/EC2x.o
 .rodata.ec2x_open.str1.1
                0x08008ee6       0x2c build/EC2x.o
 .rodata.str1.1
                0x08008f12       0x8f build/EC2x.o
                                 0x92 (size before relaxing)
 .rodata.shellCmdec2x_connect
                0x08008fa1        0xd build/EC2x.o
                0x08008fa1                shellCmdec2x_connect
 .rodata.shellCmdec2x_test
                0x08008fae        0xa build/EC2x.o
                0x08008fae                shellCmdec2x_test
 .rodata.shellDescec2x_connect
                0x08008fb8       0x11 build/EC2x.o
                0x08008fb8                shellDescec2x_connect
 .rodata.shellDescec2x_test
                0x08008fc9       0x20 build/EC2x.o
                0x08008fc9                shellDescec2x_test
 .rodata.SX1278_LoRaRxPacket.str1.1
                0x08008fe9       0x3d build/SX1278.o
 .rodata.LORA_Send.str1.1
                0x08009026       0x2e build/SX1278.o
 .rodata.SX1278_CRC_Sum
                0x08009054        0x2 build/SX1278.o
 .rodata.SX1278_CodingRate
                0x08009056        0x4 build/SX1278.o
 .rodata.SX1278_LoRaBandwidth
                0x0800905a        0xa build/SX1278.o
 .rodata.SX1278_Power
                0x08009064        0x4 build/SX1278.o
 .rodata.SX1278_SpreadFactor
                0x08009068        0x7 build/SX1278.o
 .rodata.shellCmdlora_test
                0x0800906f        0xa build/SX1278.o
                0x0800906f                shellCmdlora_test
 .rodata.shellDesclora_test
                0x08009079       0x16 build/SX1278.o
                0x08009079                shellDesclora_test
 .rodata._svfprintf_r.str1.1
                0x0800908f       0x11 e:/gcc-arm-none-eabi-10.3-2021.10-win32/gcc-arm-none-eabi-10.3-2021.10/bin/../lib/gcc/arm-none-eabi/10.3.1/../../../../arm-none-eabi/lib/thumb/v7e-m+fp/hard\libc_nano.a(lib_a-nano-svfprintf.o)
 .rodata._printf_i.str1.1
                0x080090a0       0x22 e:/gcc-arm-none-eabi-10.3-2021.10-win32/gcc-arm-none-eabi-10.3-2021.10/bin/../lib/gcc/arm-none-eabi/10.3.1/../../../../arm-none-eabi/lib/thumb/v7e-m+fp/hard\libc_nano.a(lib_a-nano-vfprintf_i.o)
                0x080090c8                . = ALIGN (0x8)
 *fill*         0x080090c2        0x6 
                0x080090c8                _shell_command_start = .
 *(shellCommand)
 shellCommand   0x080090c8       0x20 build/main.o
                0x080090c8                shellCommandmac_print
                0x080090d8                shellCommandtest_all
 shellCommand   0x080090e8      0x120 build/shell.o
                0x080090e8                shellCommandclear
                0x080090f8                shellCommandkeys
                0x08009108                shellCommandvars
                0x08009118                shellCommandcmds
                0x08009128                shellCommandusers
                0x08009138                shellCommandhelp
                0x08009148                shellKey0x0D000000
                0x08009158                shellKey0x0A000000
                0x08009168                shellKey0x1B5B337E
                0x08009178                shellKey0x7F000000
                0x08009188                shellKey0x08000000
                0x08009198                shellKey0x09000000
                0x080091a8                shellKey0x1B5B4400
                0x080091b8                shellKey0x1B5B4300
                0x080091c8                shellKey0x1B5B4200
                0x080091d8                shellKey0x1B5B4100
                0x080091e8                shellCommandsetVar
                0x080091f8                shellUserDefault
 shellCommand   0x08009208       0x20 build/adc.o
                0x08009208                shellCommandbattery_test
                0x08009218                shellCommandldr_test
 shellCommand   0x08009228       0x10 build/W25QXX.o
                0x08009228                shellCommandflash_test
 shellCommand   0x08009238       0x10 build/led.o
                0x08009238                shellCommandled_test
 shellCommand   0x08009248       0x10 build/rs485.o
                0x08009248                shellCommandrs485_test
 shellCommand   0x08009258       0x10 build/ATGM332D.o
                0x08009258                shellCommandbds_test
 shellCommand   0x08009268       0x20 build/EC2x.o
                0x08009268                shellCommandec2x_connect
                0x08009278                shellCommandec2x_test
 shellCommand   0x08009288       0x10 build/SX1278.o
                0x08009288                shellCommandlora_test
                0x08009298                _shell_command_end = .

.ARM.extab      0x08009298        0x0
                0x08009298                . = ALIGN (0x8)
 *(.ARM.extab* .gnu.linkonce.armextab.*)
                0x08009298                . = ALIGN (0x8)

.ARM            0x08009298        0x8
                0x08009298                . = ALIGN (0x8)
                0x08009298                __exidx_start = .
 *(.ARM.exidx*)
 .ARM.exidx     0x08009298        0x8 e:/gcc-arm-none-eabi-10.3-2021.10-win32/gcc-arm-none-eabi-10.3-2021.10/bin/../lib/gcc/arm-none-eabi/10.3.1/thumb/v7e-m+fp/hard\libgcc.a(_udivmoddi4.o)
                0x080092a0                __exidx_end = .
                0x080092a0                . = ALIGN (0x8)

.rel.dyn        0x080092a0        0x0
 .rel.iplt      0x080092a0        0x0 e:/gcc-arm-none-eabi-10.3-2021.10-win32/gcc-arm-none-eabi-10.3-2021.10/bin/../lib/gcc/arm-none-eabi/10.3.1/thumb/v7e-m+fp/hard/crtbegin.o

.preinit_array  0x080092a0        0x0
                0x080092a0                . = ALIGN (0x8)
                0x080092a0                PROVIDE (__preinit_array_start = .)
 *(.preinit_array*)
                0x080092a0                PROVIDE (__preinit_array_end = .)
                0x080092a0                . = ALIGN (0x8)

.init_array     0x080092a0        0x8
                0x080092a0                . = ALIGN (0x8)
                0x080092a0                PROVIDE (__init_array_start = .)
 *(SORT_BY_NAME(.init_array.*))
 *(.init_array*)
 .init_array    0x080092a0        0x4 e:/gcc-arm-none-eabi-10.3-2021.10-win32/gcc-arm-none-eabi-10.3-2021.10/bin/../lib/gcc/arm-none-eabi/10.3.1/thumb/v7e-m+fp/hard/crtbegin.o
                0x080092a4                PROVIDE (__init_array_end = .)
                0x080092a8                . = ALIGN (0x8)
 *fill*         0x080092a4        0x4 

.fini_array     0x080092a8        0x8
                0x080092a8                . = ALIGN (0x8)
                [!provide]                PROVIDE (__fini_array_start = .)
 *(SORT_BY_NAME(.fini_array.*))
 *(.fini_array*)
 .fini_array    0x080092a8        0x4 e:/gcc-arm-none-eabi-10.3-2021.10-win32/gcc-arm-none-eabi-10.3-2021.10/bin/../lib/gcc/arm-none-eabi/10.3.1/thumb/v7e-m+fp/hard/crtbegin.o
                [!provide]                PROVIDE (__fini_array_end = .)
                0x080092b0                . = ALIGN (0x8)
 *fill*         0x080092ac        0x4 
                0x080092b0                _sidata = LOADADDR (.data)

.data           0x20000000      0x598 load address 0x080092b0
                0x20000000                . = ALIGN (0x8)
                0x20000000                _sdata = .
 *(.data)
 *(.data*)
 .data.uwTickFreq
                0x20000000        0x1 build/stm32l4xx_hal.o
                0x20000000                uwTickFreq
 *fill*         0x20000001        0x3 
 .data.uwTickPrio
                0x20000004        0x4 build/stm32l4xx_hal.o
                0x20000004                uwTickPrio
 .data.SystemCoreClock
                0x20000008        0x4 build/system_stm32l4xx.o
                0x20000008                SystemCoreClock
 .data.lora_dev_hw
                0x2000000c       0x48 build/SX1278_hw.o
                0x2000000c                lora_dev_hw
 .data.dev_led  0x20000054       0x10 build/led.o
                0x20000054                dev_led
 .data.dev_rs485
                0x20000064        0xc build/rs485.o
                0x20000064                dev_rs485
 .data.atgm_dev
                0x20000070       0x24 build/ATGM332D.o
                0x20000070                atgm_dev
 .data.bds_dev  0x20000094        0x4 build/ATGM332D.o
                0x20000094                bds_dev
 .data.dev0_buff
                0x20000098       0xc8 build/ATGM332D.o
                0x20000098                dev0_buff
 .data.connectmsg_queue
                0x20000160       0x6c build/EC2x.o
                0x20000160                connectmsg_queue
 .data.ec2x_buff
                0x200001cc       0xc8 build/EC2x.o
                0x200001cc                ec2x_buff
 .data.ec2x_dev
                0x20000294       0x3c build/EC2x.o
                0x20000294                ec2x_dev
 .data.tcp_connect
                0x200002d0       0x30 build/EC2x.o
                0x200002d0                tcp_connect
 .data.Lora_dev
                0x20000300      0x230 build/SX1278.o
                0x20000300                Lora_dev
 .data._impure_ptr
                0x20000530        0x4 e:/gcc-arm-none-eabi-10.3-2021.10-win32/gcc-arm-none-eabi-10.3-2021.10/bin/../lib/gcc/arm-none-eabi/10.3.1/../../../../arm-none-eabi/lib/thumb/v7e-m+fp/hard\libc_nano.a(lib_a-impure.o)
                0x20000530                _impure_ptr
 .data.impure_data
                0x20000534       0x60 e:/gcc-arm-none-eabi-10.3-2021.10-win32/gcc-arm-none-eabi-10.3-2021.10/bin/../lib/gcc/arm-none-eabi/10.3.1/../../../../arm-none-eabi/lib/thumb/v7e-m+fp/hard\libc_nano.a(lib_a-impure.o)
                0x20000598                . = ALIGN (0x8)
 *fill*         0x20000594        0x4 
                0x20000598                _edata = .

.igot.plt       0x20000598        0x0 load address 0x08009848
 .igot.plt      0x20000598        0x0 e:/gcc-arm-none-eabi-10.3-2021.10-win32/gcc-arm-none-eabi-10.3-2021.10/bin/../lib/gcc/arm-none-eabi/10.3.1/thumb/v7e-m+fp/hard/crtbegin.o
                0x20000598                . = ALIGN (0x4)

.bss            0x20000598      0x5e4 load address 0x08009848
                0x20000598                _sbss = .
                0x20000598                __bss_start__ = _sbss
 *(.bss)
 .bss           0x20000598       0x1c e:/gcc-arm-none-eabi-10.3-2021.10-win32/gcc-arm-none-eabi-10.3-2021.10/bin/../lib/gcc/arm-none-eabi/10.3.1/thumb/v7e-m+fp/hard/crtbegin.o
 *(.bss*)
 .bss.uwTick    0x200005b4        0x4 build/stm32l4xx_hal.o
                0x200005b4                uwTick
 .bss.shell     0x200005b8       0x6c build/shell_port.o
                0x200005b8                shell
 .bss.shell_buffer
                0x20000624       0xc8 build/shell_port.o
                0x20000624                shell_buffer
 .bss.test_error_cnt
                0x200006ec        0x1 build/shell_port.o
                0x200006ec                test_error_cnt
 .bss.test_ok_cnt
                0x200006ed        0x1 build/shell_port.o
                0x200006ed                test_ok_cnt
 .bss.buffer.0  0x200006ee        0x9 build/shell.o
 *fill*         0x200006f7        0x1 
 .bss.shellList
                0x200006f8       0x14 build/shell.o
 .bss.shellidle_cnt
                0x2000070c        0x2 build/shell.o
                0x2000070c                shellidle_cnt
 *fill*         0x2000070e        0x2 
 .bss.hadc1     0x20000710       0x64 build/adc.o
                0x20000710                hadc1
 .bss.hspi2     0x20000774       0x64 build/spi.o
                0x20000774                hspi2
 .bss.hspi3     0x200007d8       0x64 build/spi.o
                0x200007d8                hspi3
 .bss.huart1    0x2000083c       0x84 build/usart.o
                0x2000083c                huart1
 .bss.huart2    0x200008c0       0x84 build/usart.o
                0x200008c0                huart2
 .bss.huart3    0x20000944       0x84 build/usart.o
                0x20000944                huart3
 .bss.u1_cache  0x200009c8       0xc8 build/usart.o
                0x200009c8                u1_cache
 .bss.u2_cache  0x20000a90       0xc8 build/usart.o
                0x20000a90                u2_cache
 .bss.u3_cache  0x20000b58        0x1 build/usart.o
                0x20000b58                u3_cache
 *fill*         0x20000b59        0x3 
 .bss.base_tick
                0x20000b5c        0x4 build/timer.o
                0x20000b5c                base_tick
 .bss.timer_list
                0x20000b60        0x4 build/timer.o
                0x20000b60                timer_list
 .bss.reset_times
                0x20000b64        0x1 build/EC2x.o
 .bss.retry.0   0x20000b65        0x1 build/EC2x.o
 .bss.step.1    0x20000b66        0x1 build/EC2x.o
 *fill*         0x20000b67        0x1 
 .bss.__malloc_free_list
                0x20000b68        0x4 e:/gcc-arm-none-eabi-10.3-2021.10-win32/gcc-arm-none-eabi-10.3-2021.10/bin/../lib/gcc/arm-none-eabi/10.3.1/../../../../arm-none-eabi/lib/thumb/v7e-m+fp/hard\libc_nano.a(lib_a-nano-mallocr.o)
                0x20000b68                __malloc_free_list
 .bss.__malloc_sbrk_start
                0x20000b6c        0x4 e:/gcc-arm-none-eabi-10.3-2021.10-win32/gcc-arm-none-eabi-10.3-2021.10/bin/../lib/gcc/arm-none-eabi/10.3.1/../../../../arm-none-eabi/lib/thumb/v7e-m+fp/hard\libc_nano.a(lib_a-nano-mallocr.o)
                0x20000b6c                __malloc_sbrk_start
 .bss.errno     0x20000b70        0x4 e:/gcc-arm-none-eabi-10.3-2021.10-win32/gcc-arm-none-eabi-10.3-2021.10/bin/../lib/gcc/arm-none-eabi/10.3.1/../../../../arm-none-eabi/lib/thumb/v7e-m+fp/hard\libc_nano.a(lib_a-reent.o)
                0x20000b70                errno
 .bss.__lock___malloc_recursive_mutex
                0x20000b74        0x1 e:/gcc-arm-none-eabi-10.3-2021.10-win32/gcc-arm-none-eabi-10.3-2021.10/bin/../lib/gcc/arm-none-eabi/10.3.1/../../../../arm-none-eabi/lib/thumb/v7e-m+fp/hard\libc_nano.a(lib_a-lock.o)
                0x20000b74                __lock___malloc_recursive_mutex
 *fill*         0x20000b75        0x3 
 .bss.heap_end.0
                0x20000b78        0x4 e:/gcc-arm-none-eabi-10.3-2021.10-win32/gcc-arm-none-eabi-10.3-2021.10/bin/../lib/gcc/arm-none-eabi/10.3.1/../../../../arm-none-eabi/lib/thumb/v7e-m+fp/hard\libnosys.a(sbrk.o)
 *(COMMON)
                0x20000b7c                . = ALIGN (0x4)
                0x20000b7c                _ebss = .
                0x20000b7c                __bss_end__ = _ebss

._user_heap_stack
                0x20000b7c      0xa04 load address 0x08009848
                0x20000b80                . = ALIGN (0x8)
 *fill*         0x20000b7c        0x4 
                0x20000b80                PROVIDE (end = .)
                [!provide]                PROVIDE (_end = .)
                0x20001180                . = (. + _Min_Heap_Size)
 *fill*         0x20000b80      0x600 
                0x20001580                . = (. + _Min_Stack_Size)
 *fill*         0x20001180      0x400 
                0x20001580                . = ALIGN (0x8)

/DISCARD/
 libc.a(*)
 libm.a(*)
 libgcc.a(*)

.ARM.attributes
                0x00000000       0x30
 *(.ARM.attributes)
 .ARM.attributes
                0x00000000       0x1e e:/gcc-arm-none-eabi-10.3-2021.10-win32/gcc-arm-none-eabi-10.3-2021.10/bin/../lib/gcc/arm-none-eabi/10.3.1/thumb/v7e-m+fp/hard/crti.o
 .ARM.attributes
                0x0000001e       0x34 e:/gcc-arm-none-eabi-10.3-2021.10-win32/gcc-arm-none-eabi-10.3-2021.10/bin/../lib/gcc/arm-none-eabi/10.3.1/thumb/v7e-m+fp/hard/crtbegin.o
 .ARM.attributes
                0x00000052       0x34 build/main.o
 .ARM.attributes
                0x00000086       0x34 build/stm32l4xx_it.o
 .ARM.attributes
                0x000000ba       0x34 build/stm32l4xx_hal_msp.o
 .ARM.attributes
                0x000000ee       0x34 build/stm32l4xx_hal_adc.o
 .ARM.attributes
                0x00000122       0x34 build/stm32l4xx_hal_adc_ex.o
 .ARM.attributes
                0x00000156       0x34 build/stm32l4xx_hal.o
 .ARM.attributes
                0x0000018a       0x34 build/stm32l4xx_hal_rcc.o
 .ARM.attributes
                0x000001be       0x34 build/stm32l4xx_hal_rcc_ex.o
 .ARM.attributes
                0x000001f2       0x34 build/stm32l4xx_hal_gpio.o
 .ARM.attributes
                0x00000226       0x34 build/stm32l4xx_hal_dma.o
 .ARM.attributes
                0x0000025a       0x34 build/stm32l4xx_hal_pwr_ex.o
 .ARM.attributes
                0x0000028e       0x34 build/stm32l4xx_hal_cortex.o
 .ARM.attributes
                0x000002c2       0x34 build/stm32l4xx_hal_spi.o
 .ARM.attributes
                0x000002f6       0x34 build/stm32l4xx_hal_uart.o
 .ARM.attributes
                0x0000032a       0x34 build/stm32l4xx_hal_uart_ex.o
 .ARM.attributes
                0x0000035e       0x34 build/system_stm32l4xx.o
 .ARM.attributes
                0x00000392       0x34 build/shell_ext.o
 .ARM.attributes
                0x000003c6       0x34 build/shell_port.o
 .ARM.attributes
                0x000003fa       0x34 build/shell.o
 .ARM.attributes
                0x0000042e       0x34 build/gpio.o
 .ARM.attributes
                0x00000462       0x34 build/adc.o
 .ARM.attributes
                0x00000496       0x34 build/spi.o
 .ARM.attributes
                0x000004ca       0x34 build/usart.o
 .ARM.attributes
                0x000004fe       0x34 build/timer.o
 .ARM.attributes
                0x00000532       0x34 build/SX1278_hw.o
 .ARM.attributes
                0x00000566       0x34 build/W25QXX.o
 .ARM.attributes
                0x0000059a       0x34 build/led.o
 .ARM.attributes
                0x000005ce       0x34 build/rs485.o
 .ARM.attributes
                0x00000602       0x34 build/ATGM332D.o
 .ARM.attributes
                0x00000636       0x34 build/EC2x.o
 .ARM.attributes
                0x0000066a       0x34 build/SX1278.o
 .ARM.attributes
                0x0000069e       0x21 build/startup_stm32l431xx.o
 .ARM.attributes
                0x000006bf       0x34 e:/gcc-arm-none-eabi-10.3-2021.10-win32/gcc-arm-none-eabi-10.3-2021.10/bin/../lib/gcc/arm-none-eabi/10.3.1/../../../../arm-none-eabi/lib/thumb/v7e-m+fp/hard\libc_nano.a(lib_a-impure.o)
 .ARM.attributes
                0x000006f3       0x34 e:/gcc-arm-none-eabi-10.3-2021.10-win32/gcc-arm-none-eabi-10.3-2021.10/bin/../lib/gcc/arm-none-eabi/10.3.1/../../../../arm-none-eabi/lib/thumb/v7e-m+fp/hard\libc_nano.a(lib_a-init.o)
 .ARM.attributes
                0x00000727       0x34 e:/gcc-arm-none-eabi-10.3-2021.10-win32/gcc-arm-none-eabi-10.3-2021.10/bin/../lib/gcc/arm-none-eabi/10.3.1/../../../../arm-none-eabi/lib/thumb/v7e-m+fp/hard\libc_nano.a(lib_a-malloc.o)
 .ARM.attributes
                0x0000075b       0x34 e:/gcc-arm-none-eabi-10.3-2021.10-win32/gcc-arm-none-eabi-10.3-2021.10/bin/../lib/gcc/arm-none-eabi/10.3.1/../../../../arm-none-eabi/lib/thumb/v7e-m+fp/hard\libc_nano.a(lib_a-memcpy-stub.o)
 .ARM.attributes
                0x0000078f       0x34 e:/gcc-arm-none-eabi-10.3-2021.10-win32/gcc-arm-none-eabi-10.3-2021.10/bin/../lib/gcc/arm-none-eabi/10.3.1/../../../../arm-none-eabi/lib/thumb/v7e-m+fp/hard\libc_nano.a(lib_a-memset.o)
 .ARM.attributes
                0x000007c3       0x34 e:/gcc-arm-none-eabi-10.3-2021.10-win32/gcc-arm-none-eabi-10.3-2021.10/bin/../lib/gcc/arm-none-eabi/10.3.1/../../../../arm-none-eabi/lib/thumb/v7e-m+fp/hard\libc_nano.a(lib_a-nano-freer.o)
 .ARM.attributes
                0x000007f7       0x34 e:/gcc-arm-none-eabi-10.3-2021.10-win32/gcc-arm-none-eabi-10.3-2021.10/bin/../lib/gcc/arm-none-eabi/10.3.1/../../../../arm-none-eabi/lib/thumb/v7e-m+fp/hard\libc_nano.a(lib_a-nano-mallocr.o)
 .ARM.attributes
                0x0000082b       0x34 e:/gcc-arm-none-eabi-10.3-2021.10-win32/gcc-arm-none-eabi-10.3-2021.10/bin/../lib/gcc/arm-none-eabi/10.3.1/../../../../arm-none-eabi/lib/thumb/v7e-m+fp/hard\libc_nano.a(lib_a-sbrkr.o)
 .ARM.attributes
                0x0000085f       0x1c e:/gcc-arm-none-eabi-10.3-2021.10-win32/gcc-arm-none-eabi-10.3-2021.10/bin/../lib/gcc/arm-none-eabi/10.3.1/../../../../arm-none-eabi/lib/thumb/v7e-m+fp/hard\libc_nano.a(lib_a-strcmp.o)
 .ARM.attributes
                0x0000087b       0x17 e:/gcc-arm-none-eabi-10.3-2021.10-win32/gcc-arm-none-eabi-10.3-2021.10/bin/../lib/gcc/arm-none-eabi/10.3.1/../../../../arm-none-eabi/lib/thumb/v7e-m+fp/hard\libc_nano.a(lib_a-strlen.o)
 .ARM.attributes
                0x00000892       0x34 e:/gcc-arm-none-eabi-10.3-2021.10-win32/gcc-arm-none-eabi-10.3-2021.10/bin/../lib/gcc/arm-none-eabi/10.3.1/../../../../arm-none-eabi/lib/thumb/v7e-m+fp/hard\libc_nano.a(lib_a-strncmp.o)
 .ARM.attributes
                0x000008c6       0x34 e:/gcc-arm-none-eabi-10.3-2021.10-win32/gcc-arm-none-eabi-10.3-2021.10/bin/../lib/gcc/arm-none-eabi/10.3.1/../../../../arm-none-eabi/lib/thumb/v7e-m+fp/hard\libc_nano.a(lib_a-strstr.o)
 .ARM.attributes
                0x000008fa       0x34 e:/gcc-arm-none-eabi-10.3-2021.10-win32/gcc-arm-none-eabi-10.3-2021.10/bin/../lib/gcc/arm-none-eabi/10.3.1/../../../../arm-none-eabi/lib/thumb/v7e-m+fp/hard\libc_nano.a(lib_a-vsnprintf.o)
 .ARM.attributes
                0x0000092e       0x34 e:/gcc-arm-none-eabi-10.3-2021.10-win32/gcc-arm-none-eabi-10.3-2021.10/bin/../lib/gcc/arm-none-eabi/10.3.1/../../../../arm-none-eabi/lib/thumb/v7e-m+fp/hard\libc_nano.a(lib_a-mlock.o)
 .ARM.attributes
                0x00000962       0x34 e:/gcc-arm-none-eabi-10.3-2021.10-win32/gcc-arm-none-eabi-10.3-2021.10/bin/../lib/gcc/arm-none-eabi/10.3.1/../../../../arm-none-eabi/lib/thumb/v7e-m+fp/hard\libc_nano.a(lib_a-nano-svfprintf.o)
 .ARM.attributes
                0x00000996       0x34 e:/gcc-arm-none-eabi-10.3-2021.10-win32/gcc-arm-none-eabi-10.3-2021.10/bin/../lib/gcc/arm-none-eabi/10.3.1/../../../../arm-none-eabi/lib/thumb/v7e-m+fp/hard\libc_nano.a(lib_a-nano-vfprintf_i.o)
 .ARM.attributes
                0x000009ca       0x34 e:/gcc-arm-none-eabi-10.3-2021.10-win32/gcc-arm-none-eabi-10.3-2021.10/bin/../lib/gcc/arm-none-eabi/10.3.1/../../../../arm-none-eabi/lib/thumb/v7e-m+fp/hard\libc_nano.a(lib_a-reent.o)
 .ARM.attributes
                0x000009fe       0x34 e:/gcc-arm-none-eabi-10.3-2021.10-win32/gcc-arm-none-eabi-10.3-2021.10/bin/../lib/gcc/arm-none-eabi/10.3.1/../../../../arm-none-eabi/lib/thumb/v7e-m+fp/hard\libc_nano.a(lib_a-lock.o)
 .ARM.attributes
                0x00000a32       0x1c e:/gcc-arm-none-eabi-10.3-2021.10-win32/gcc-arm-none-eabi-10.3-2021.10/bin/../lib/gcc/arm-none-eabi/10.3.1/../../../../arm-none-eabi/lib/thumb/v7e-m+fp/hard\libc_nano.a(lib_a-memchr.o)
 .ARM.attributes
                0x00000a4e       0x34 e:/gcc-arm-none-eabi-10.3-2021.10-win32/gcc-arm-none-eabi-10.3-2021.10/bin/../lib/gcc/arm-none-eabi/10.3.1/../../../../arm-none-eabi/lib/thumb/v7e-m+fp/hard\libc_nano.a(lib_a-memmove.o)
 .ARM.attributes
                0x00000a82       0x34 e:/gcc-arm-none-eabi-10.3-2021.10-win32/gcc-arm-none-eabi-10.3-2021.10/bin/../lib/gcc/arm-none-eabi/10.3.1/../../../../arm-none-eabi/lib/thumb/v7e-m+fp/hard\libc_nano.a(lib_a-nano-reallocr.o)
 .ARM.attributes
                0x00000ab6       0x34 e:/gcc-arm-none-eabi-10.3-2021.10-win32/gcc-arm-none-eabi-10.3-2021.10/bin/../lib/gcc/arm-none-eabi/10.3.1/../../../../arm-none-eabi/lib/thumb/v7e-m+fp/hard\libc_nano.a(lib_a-nano-msizer.o)
 .ARM.attributes
                0x00000aea       0x34 e:/gcc-arm-none-eabi-10.3-2021.10-win32/gcc-arm-none-eabi-10.3-2021.10/bin/../lib/gcc/arm-none-eabi/10.3.1/../../../../arm-none-eabi/lib/thumb/v7e-m+fp/hard\libm.a(lib_a-w_pow.o)
 .ARM.attributes
                0x00000b1e       0x34 e:/gcc-arm-none-eabi-10.3-2021.10-win32/gcc-arm-none-eabi-10.3-2021.10/bin/../lib/gcc/arm-none-eabi/10.3.1/../../../../arm-none-eabi/lib/thumb/v7e-m+fp/hard\libm.a(lib_a-e_pow.o)
 .ARM.attributes
                0x00000b52       0x34 e:/gcc-arm-none-eabi-10.3-2021.10-win32/gcc-arm-none-eabi-10.3-2021.10/bin/../lib/gcc/arm-none-eabi/10.3.1/../../../../arm-none-eabi/lib/thumb/v7e-m+fp/hard\libm.a(lib_a-e_sqrt.o)
 .ARM.attributes
                0x00000b86       0x34 e:/gcc-arm-none-eabi-10.3-2021.10-win32/gcc-arm-none-eabi-10.3-2021.10/bin/../lib/gcc/arm-none-eabi/10.3.1/../../../../arm-none-eabi/lib/thumb/v7e-m+fp/hard\libm.a(lib_a-math_err.o)
 .ARM.attributes
                0x00000bba       0x34 e:/gcc-arm-none-eabi-10.3-2021.10-win32/gcc-arm-none-eabi-10.3-2021.10/bin/../lib/gcc/arm-none-eabi/10.3.1/../../../../arm-none-eabi/lib/thumb/v7e-m+fp/hard\libm.a(lib_a-s_fabs.o)
 .ARM.attributes
                0x00000bee       0x34 e:/gcc-arm-none-eabi-10.3-2021.10-win32/gcc-arm-none-eabi-10.3-2021.10/bin/../lib/gcc/arm-none-eabi/10.3.1/../../../../arm-none-eabi/lib/thumb/v7e-m+fp/hard\libm.a(lib_a-s_finite.o)
 .ARM.attributes
                0x00000c22       0x34 e:/gcc-arm-none-eabi-10.3-2021.10-win32/gcc-arm-none-eabi-10.3-2021.10/bin/../lib/gcc/arm-none-eabi/10.3.1/../../../../arm-none-eabi/lib/thumb/v7e-m+fp/hard\libm.a(lib_a-s_scalbn.o)
 .ARM.attributes
                0x00000c56       0x34 e:/gcc-arm-none-eabi-10.3-2021.10-win32/gcc-arm-none-eabi-10.3-2021.10/bin/../lib/gcc/arm-none-eabi/10.3.1/../../../../arm-none-eabi/lib/thumb/v7e-m+fp/hard\libnosys.a(sbrk.o)
 .ARM.attributes
                0x00000c8a       0x1e e:/gcc-arm-none-eabi-10.3-2021.10-win32/gcc-arm-none-eabi-10.3-2021.10/bin/../lib/gcc/arm-none-eabi/10.3.1/thumb/v7e-m+fp/hard\libgcc.a(_arm_addsubdf3.o)
 .ARM.attributes
                0x00000ca8       0x1e e:/gcc-arm-none-eabi-10.3-2021.10-win32/gcc-arm-none-eabi-10.3-2021.10/bin/../lib/gcc/arm-none-eabi/10.3.1/thumb/v7e-m+fp/hard\libgcc.a(_arm_muldivdf3.o)
 .ARM.attributes
                0x00000cc6       0x1e e:/gcc-arm-none-eabi-10.3-2021.10-win32/gcc-arm-none-eabi-10.3-2021.10/bin/../lib/gcc/arm-none-eabi/10.3.1/thumb/v7e-m+fp/hard\libgcc.a(_arm_cmpdf2.o)
 .ARM.attributes
                0x00000ce4       0x1e e:/gcc-arm-none-eabi-10.3-2021.10-win32/gcc-arm-none-eabi-10.3-2021.10/bin/../lib/gcc/arm-none-eabi/10.3.1/thumb/v7e-m+fp/hard\libgcc.a(_arm_unorddf2.o)
 .ARM.attributes
                0x00000d02       0x1e e:/gcc-arm-none-eabi-10.3-2021.10-win32/gcc-arm-none-eabi-10.3-2021.10/bin/../lib/gcc/arm-none-eabi/10.3.1/thumb/v7e-m+fp/hard\libgcc.a(_arm_fixunsdfsi.o)
 .ARM.attributes
                0x00000d20       0x1e e:/gcc-arm-none-eabi-10.3-2021.10-win32/gcc-arm-none-eabi-10.3-2021.10/bin/../lib/gcc/arm-none-eabi/10.3.1/thumb/v7e-m+fp/hard\libgcc.a(_arm_truncdfsf2.o)
 .ARM.attributes
                0x00000d3e       0x1e e:/gcc-arm-none-eabi-10.3-2021.10-win32/gcc-arm-none-eabi-10.3-2021.10/bin/../lib/gcc/arm-none-eabi/10.3.1/thumb/v7e-m+fp/hard\libgcc.a(_aeabi_uldivmod.o)
 .ARM.attributes
                0x00000d5c       0x34 e:/gcc-arm-none-eabi-10.3-2021.10-win32/gcc-arm-none-eabi-10.3-2021.10/bin/../lib/gcc/arm-none-eabi/10.3.1/thumb/v7e-m+fp/hard\libgcc.a(_udivmoddi4.o)
 .ARM.attributes
                0x00000d90       0x1e e:/gcc-arm-none-eabi-10.3-2021.10-win32/gcc-arm-none-eabi-10.3-2021.10/bin/../lib/gcc/arm-none-eabi/10.3.1/thumb/v7e-m+fp/hard\libgcc.a(_dvmd_tls.o)
 .ARM.attributes
                0x00000dae       0x34 e:/gcc-arm-none-eabi-10.3-2021.10-win32/gcc-arm-none-eabi-10.3-2021.10/bin/../lib/gcc/arm-none-eabi/10.3.1/../../../../arm-none-eabi/lib/thumb/v7e-m+fp/hard\libc_nano.a(lib_a-errno.o)
 .ARM.attributes
                0x00000de2       0x1e e:/gcc-arm-none-eabi-10.3-2021.10-win32/gcc-arm-none-eabi-10.3-2021.10/bin/../lib/gcc/arm-none-eabi/10.3.1/thumb/v7e-m+fp/hard/crtn.o
OUTPUT(build/DD_Gateway_FactoryTest.elf elf32-littlearm)
LOAD linker stubs
LOAD e:/gcc-arm-none-eabi-10.3-2021.10-win32/gcc-arm-none-eabi-10.3-2021.10/bin/../lib/gcc/arm-none-eabi/10.3.1/../../../../arm-none-eabi/lib/thumb/v7e-m+fp/hard\libc.a
LOAD e:/gcc-arm-none-eabi-10.3-2021.10-win32/gcc-arm-none-eabi-10.3-2021.10/bin/../lib/gcc/arm-none-eabi/10.3.1/../../../../arm-none-eabi/lib/thumb/v7e-m+fp/hard\libm.a
LOAD e:/gcc-arm-none-eabi-10.3-2021.10-win32/gcc-arm-none-eabi-10.3-2021.10/bin/../lib/gcc/arm-none-eabi/10.3.1/thumb/v7e-m+fp/hard\libgcc.a

.debug_info     0x00000000    0x29763
 .debug_info    0x00000000     0x141c build/main.o
 .debug_info    0x0000141c     0x10e3 build/stm32l4xx_it.o
 .debug_info    0x000024ff      0x393 build/stm32l4xx_hal_msp.o
 .debug_info    0x00002892     0x2e89 build/stm32l4xx_hal_adc.o
 .debug_info    0x0000571b     0x23c8 build/stm32l4xx_hal_adc_ex.o
 .debug_info    0x00007ae3      0xd53 build/stm32l4xx_hal.o
 .debug_info    0x00008836     0x1076 build/stm32l4xx_hal_rcc.o
 .debug_info    0x000098ac     0x1358 build/stm32l4xx_hal_rcc_ex.o
 .debug_info    0x0000ac04      0x918 build/stm32l4xx_hal_gpio.o
 .debug_info    0x0000b51c      0x8fc build/stm32l4xx_hal_dma.o
 .debug_info    0x0000be18      0xb0c build/stm32l4xx_hal_pwr_ex.o
 .debug_info    0x0000c924     0x1105 build/stm32l4xx_hal_cortex.o
 .debug_info    0x0000da29     0x2389 build/stm32l4xx_hal_spi.o
 .debug_info    0x0000fdb2     0x5334 build/stm32l4xx_hal_uart.o
 .debug_info    0x000150e6     0x112d build/stm32l4xx_hal_uart_ex.o
 .debug_info    0x00016213      0x683 build/system_stm32l4xx.o
 .debug_info    0x00016896      0xce6 build/shell_ext.o
 .debug_info    0x0001757c      0xe65 build/shell_port.o
 .debug_info    0x000183e1     0x3111 build/shell.o
 .debug_info    0x0001b4f2      0x885 build/gpio.o
 .debug_info    0x0001bd77     0x18fa build/adc.o
 .debug_info    0x0001d671      0xe67 build/spi.o
 .debug_info    0x0001e4d8     0x1ada build/usart.o
 .debug_info    0x0001ffb2      0x328 build/timer.o
 .debug_info    0x000202da      0xb33 build/SX1278_hw.o
 .debug_info    0x00020e0d     0x1824 build/W25QXX.o
 .debug_info    0x00022631      0xed9 build/led.o
 .debug_info    0x0002350a     0x134c build/rs485.o
 .debug_info    0x00024856     0x1504 build/ATGM332D.o
 .debug_info    0x00025d5a     0x1d47 build/EC2x.o
 .debug_info    0x00027aa1     0x1ca0 build/SX1278.o
 .debug_info    0x00029741       0x22 build/startup_stm32l431xx.o

.debug_abbrev   0x00000000     0x5e2b
 .debug_abbrev  0x00000000      0x38e build/main.o
 .debug_abbrev  0x0000038e      0x2b2 build/stm32l4xx_it.o
 .debug_abbrev  0x00000640       0xf1 build/stm32l4xx_hal_msp.o
 .debug_abbrev  0x00000731      0x34b build/stm32l4xx_hal_adc.o
 .debug_abbrev  0x00000a7c      0x3d7 build/stm32l4xx_hal_adc_ex.o
 .debug_abbrev  0x00000e53      0x2ff build/stm32l4xx_hal.o
 .debug_abbrev  0x00001152      0x2bd build/stm32l4xx_hal_rcc.o
 .debug_abbrev  0x0000140f      0x36d build/stm32l4xx_hal_rcc_ex.o