Archive member included to satisfy reference by file (symbol)

e:/gcc-arm-none-eabi-10.3-2021.10-win32/gcc-arm-none-eabi-10.3-2021.10/bin/../lib/gcc/arm-none-eabi/10.3.1/../../../../arm-none-eabi/lib/thumb/v7e-m+fp/hard\libc_nano.a(lib_a-exit.o)
                              e:/gcc-arm-none-eabi-10.3-2021.10-win32/gcc-arm-none-eabi-10.3-2021.10/bin/../lib/gcc/arm-none-eabi/10.3.1/../../../../arm-none-eabi/lib/thumb/v7e-m+fp/hard/crt0.o (exit)
e:/gcc-arm-none-eabi-10.3-2021.10-win32/gcc-arm-none-eabi-10.3-2021.10/bin/../lib/gcc/arm-none-eabi/10.3.1/../../../../arm-none-eabi/lib/thumb/v7e-m+fp/hard\libc_nano.a(lib_a-impure.o)
                              e:/gcc-arm-none-eabi-10.3-2021.10-win32/gcc-arm-none-eabi-10.3-2021.10/bin/../lib/gcc/arm-none-eabi/10.3.1/../../../../arm-none-eabi/lib/thumb/v7e-m+fp/hard\libc_nano.a(lib_a-exit.o) (_global_impure_ptr)
e:/gcc-arm-none-eabi-10.3-2021.10-win32/gcc-arm-none-eabi-10.3-2021.10/bin/../lib/gcc/arm-none-eabi/10.3.1/../../../../arm-none-eabi/lib/thumb/v7e-m+fp/hard\libc_nano.a(lib_a-init.o)
                              e:/gcc-arm-none-eabi-10.3-2021.10-win32/gcc-arm-none-eabi-10.3-2021.10/bin/../lib/gcc/arm-none-eabi/10.3.1/../../../../arm-none-eabi/lib/thumb/v7e-m+fp/hard/crt0.o (__libc_init_array)
e:/gcc-arm-none-eabi-10.3-2021.10-win32/gcc-arm-none-eabi-10.3-2021.10/bin/../lib/gcc/arm-none-eabi/10.3.1/../../../../arm-none-eabi/lib/thumb/v7e-m+fp/hard\libc_nano.a(lib_a-malloc.o)
                              build/timer.o (malloc)
e:/gcc-arm-none-eabi-10.3-2021.10-win32/gcc-arm-none-eabi-10.3-2021.10/bin/../lib/gcc/arm-none-eabi/10.3.1/../../../../arm-none-eabi/lib/thumb/v7e-m+fp/hard\libc_nano.a(lib_a-memcpy-stub.o)
                              build/ATGM332D.o (memcpy)
e:/gcc-arm-none-eabi-10.3-2021.10-win32/gcc-arm-none-eabi-10.3-2021.10/bin/../lib/gcc/arm-none-eabi/10.3.1/../../../../arm-none-eabi/lib/thumb/v7e-m+fp/hard\libc_nano.a(lib_a-memset.o)
                              e:/gcc-arm-none-eabi-10.3-2021.10-win32/gcc-arm-none-eabi-10.3-2021.10/bin/../lib/gcc/arm-none-eabi/10.3.1/../../../../arm-none-eabi/lib/thumb/v7e-m+fp/hard/crt0.o (memset)
e:/gcc-arm-none-eabi-10.3-2021.10-win32/gcc-arm-none-eabi-10.3-2021.10/bin/../lib/gcc/arm-none-eabi/10.3.1/../../../../arm-none-eabi/lib/thumb/v7e-m+fp/hard\libc_nano.a(lib_a-nano-freer.o)
                              e:/gcc-arm-none-eabi-10.3-2021.10-win32/gcc-arm-none-eabi-10.3-2021.10/bin/../lib/gcc/arm-none-eabi/10.3.1/../../../../arm-none-eabi/lib/thumb/v7e-m+fp/hard\libc_nano.a(lib_a-malloc.o) (_free_r)
e:/gcc-arm-none-eabi-10.3-2021.10-win32/gcc-arm-none-eabi-10.3-2021.10/bin/../lib/gcc/arm-none-eabi/10.3.1/../../../../arm-none-eabi/lib/thumb/v7e-m+fp/hard\libc_nano.a(lib_a-nano-mallocr.o)
                              e:/gcc-arm-none-eabi-10.3-2021.10-win32/gcc-arm-none-eabi-10.3-2021.10/bin/../lib/gcc/arm-none-eabi/10.3.1/../../../../arm-none-eabi/lib/thumb/v7e-m+fp/hard\libc_nano.a(lib_a-malloc.o) (_malloc_r)
e:/gcc-arm-none-eabi-10.3-2021.10-win32/gcc-arm-none-eabi-10.3-2021.10/bin/../lib/gcc/arm-none-eabi/10.3.1/../../../../arm-none-eabi/lib/thumb/v7e-m+fp/hard\libc_nano.a(lib_a-nano-vfprintf_float.o)
                              (_printf_float)
e:/gcc-arm-none-eabi-10.3-2021.10-win32/gcc-arm-none-eabi-10.3-2021.10/bin/../lib/gcc/arm-none-eabi/10.3.1/../../../../arm-none-eabi/lib/thumb/v7e-m+fp/hard\libc_nano.a(lib_a-nano-vfprintf_i.o)
                              e:/gcc-arm-none-eabi-10.3-2021.10-win32/gcc-arm-none-eabi-10.3-2021.10/bin/../lib/gcc/arm-none-eabi/10.3.1/../../../../arm-none-eabi/lib/thumb/v7e-m+fp/hard\libc_nano.a(lib_a-nano-vfprintf_float.o) (_printf_common)
e:/gcc-arm-none-eabi-10.3-2021.10-win32/gcc-arm-none-eabi-10.3-2021.10/bin/../lib/gcc/arm-none-eabi/10.3.1/../../../../arm-none-eabi/lib/thumb/v7e-m+fp/hard\libc_nano.a(lib_a-sbrkr.o)
                              e:/gcc-arm-none-eabi-10.3-2021.10-win32/gcc-arm-none-eabi-10.3-2021.10/bin/../lib/gcc/arm-none-eabi/10.3.1/../../../../arm-none-eabi/lib/thumb/v7e-m+fp/hard\libc_nano.a(lib_a-nano-mallocr.o) (_sbrk_r)
e:/gcc-arm-none-eabi-10.3-2021.10-win32/gcc-arm-none-eabi-10.3-2021.10/bin/../lib/gcc/arm-none-eabi/10.3.1/../../../../arm-none-eabi/lib/thumb/v7e-m+fp/hard\libc_nano.a(lib_a-strcmp.o)
                              build/main.o (strcmp)
e:/gcc-arm-none-eabi-10.3-2021.10-win32/gcc-arm-none-eabi-10.3-2021.10/bin/../lib/gcc/arm-none-eabi/10.3.1/../../../../arm-none-eabi/lib/thumb/v7e-m+fp/hard\libc_nano.a(lib_a-strlen.o)
                              build/main.o (strlen)
e:/gcc-arm-none-eabi-10.3-2021.10-win32/gcc-arm-none-eabi-10.3-2021.10/bin/../lib/gcc/arm-none-eabi/10.3.1/../../../../arm-none-eabi/lib/thumb/v7e-m+fp/hard\libc_nano.a(lib_a-strncmp.o)
                              build/shell.o (strncmp)
e:/gcc-arm-none-eabi-10.3-2021.10-win32/gcc-arm-none-eabi-10.3-2021.10/bin/../lib/gcc/arm-none-eabi/10.3.1/../../../../arm-none-eabi/lib/thumb/v7e-m+fp/hard\libc_nano.a(lib_a-strstr.o)
[...]
Memory Configuration

Name             Origin             Length             Attributes
RAM              0x20000000         0x00010000         xrw
RAM2             0x10000000         0x00004000         xrw
FLASH            0x08000000         0x00020000         xr
*default*        0x00000000         0xffffffff

Linker script and memory map

LOAD e:/gcc-arm-none-eabi-10.3-2021.10-win32/gcc-arm-none-eabi-10.3-2021.10/bin/../lib/gcc/arm-none-eabi/10.3.1/thumb/v7e-m+fp/hard/crti.o
LOAD e:/gcc-arm-none-eabi-10.3-2021.10-win32/gcc-arm-none-eabi-10.3-2021.10/bin/../lib/gcc/arm-none-eabi/10.3.1/thumb/v7e-m+fp/hard/crtbegin.o
LOAD e:/gcc-arm-none-eabi-10.3-2021.10-win32/gcc-arm-none-eabi-10.3-2021.10/bin/../lib/gcc/arm-none-eabi/10.3.1/../../../../arm-none-eabi/lib/thumb/v7e-m+fp/hard/crt0.o
LOAD build/main.o
LOAD build/stm32l4xx_it.o
LOAD build/stm32l4xx_hal_msp.o
LOAD build/stm32l4xx_hal_adc.o
LOAD build/stm32l4xx_hal_adc_ex.o
LOAD build/stm32l4xx_hal.o
LOAD build/stm32l4xx_hal_i2c.o
LOAD build/stm32l4xx_hal_i2c_ex.o
LOAD build/stm32l4xx_hal_rcc.o
LOAD build/stm32l4xx_hal_rcc_ex.o
LOAD build/stm32l4xx_hal_flash.o
LOAD build/stm32l4xx_hal_flash_ex.o
LOAD build/stm32l4xx_hal_flash_ramfunc.o
LOAD build/stm32l4xx_hal_gpio.o
LOAD build/stm32l4xx_hal_dma.o
LOAD build/stm32l4xx_hal_dma_ex.o
LOAD build/stm32l4xx_hal_pwr.o
LOAD build/stm32l4xx_hal_pwr_ex.o
LOAD build/stm32l4xx_hal_cortex.o
LOAD build/stm32l4xx_hal_exti.o
LOAD build/stm32l4xx_hal_spi.o
LOAD build/stm32l4xx_hal_spi_ex.o
LOAD build/stm32l4xx_hal_tim.o
LOAD build/stm32l4xx_hal_tim_ex.o
LOAD build/stm32l4xx_hal_uart.o
LOAD build/stm32l4xx_hal_uart_ex.o
LOAD build/system_stm32l4xx.o
LOAD build/shell_cmd_list.o
LOAD build/shell_companion.o
LOAD build/shell_ext.o
LOAD build/shell_port.o
LOAD build/shell.o
LOAD build/fsm.o
LOAD build/gpio.o
LOAD build/adc.o
LOAD build/spi.o
LOAD build/usart.o
LOAD build/timer.o
LOAD build/queue.o
LOAD build/SX1278_hw.o
LOAD build/W25QXX.o
LOAD build/led.o
LOAD build/rs485.o
LOAD build/ATGM332D.o
LOAD build/EC2x.o
LOAD build/SX1278.o
LOAD build/startup_stm32l431xx.o
LOAD e:/gcc-arm-none-eabi-10.3-2021.10-win32/gcc-arm-none-eabi-10.3-2021.10/bin/../lib/gcc/arm-none-eabi/10.3.1/../../../../arm-none-eabi/lib/thumb/v7e-m+fp/hard\libc_nano.a
LOAD e:/gcc-arm-none-eabi-10.3-2021.10-win32/gcc-arm-none-eabi-10.3-2021.10/bin/../lib/gcc/arm-none-eabi/10.3.1/../../../../arm-none-eabi/lib/thumb/v7e-m+fp/hard\libm.a
LOAD e:/gcc-arm-none-eabi-10.3-2021.10-win32/gcc-arm-none-eabi-10.3-2021.10/bin/../lib/gcc/arm-none-eabi/10.3.1/../../../../arm-none-eabi/lib/thumb/v7e-m+fp/hard\libnosys.a
START GROUP
LOAD e:/gcc-arm-none-eabi-10.3-2021.10-win32/gcc-arm-none-eabi-10.3-2021.10/bin/../lib/gcc/arm-none-eabi/10.3.1/thumb/v7e-m+fp/hard\libgcc.a
LOAD e:/gcc-arm-none-eabi-10.3-2021.10-win32/gcc-arm-none-eabi-10.3-2021.10/bin/../lib/gcc/arm-none-eabi/10.3.1/../../../../arm-none-eabi/lib/thumb/v7e-m+fp/hard\libc_nano.a
END GROUP
START GROUP
LOAD e:/gcc-arm-none-eabi-10.3-2021.10-win32/gcc-arm-none-eabi-10.3-2021.10/bin/../lib/gcc/arm-none-eabi/10.3.1/thumb/v7e-m+fp/hard\libgcc.a
LOAD e:/gcc-arm-none-eabi-10.3-2021.10-win32/gcc-arm-none-eabi-10.3-2021.10/bin/../lib/gcc/arm-none-eabi/10.3.1/../../../../arm-none-eabi/lib/thumb/v7e-m+fp/hard\libc_nano.a
END GROUP
LOAD e:/gcc-arm-none-eabi-10.3-2021.10-win32/gcc-arm-none-eabi-10.3-2021.10/bin/../lib/gcc/arm-none-eabi/10.3.1/thumb/v7e-m+fp/hard/crtend.o
LOAD e:/gcc-arm-none-eabi-10.3-2021.10-win32/gcc-arm-none-eabi-10.3-2021.10/bin/../lib/gcc/arm-none-eabi/10.3.1/thumb/v7e-m+fp/hard/crtn.o
                0x20010000                _estack = 0x20010000
                0x00000600                _Min_Heap_Size = 0x600
                0x00000400                _Min_Stack_Size = 0x400

.isr_vector     0x08000000      0x190
                0x08000000                . = ALIGN (0x8)
 *(.isr_vector)
 .isr_vector    0x08000000      0x18c build/startup_stm32l431xx.o
                0x08000000                g_pfnVectors
                0x08000190                . = ALIGN (0x8)
 *fill*         0x0800018c        0x4 

.text           0x08000190     0xb718
                0x08000190                . = ALIGN (0x8)
 *(.text)
 .text          0x08000190       0x40 e:/gcc-arm-none-eabi-10.3-2021.10-win32/gcc-arm-none-eabi-10.3-2021.10/bin/../lib/gcc/arm-none-eabi/10.3.1/thumb/v7e-m+fp/hard/crtbegin.o
 .text          0x080001d0       0x14 e:/gcc-arm-none-eabi-10.3-2021.10-win32/gcc-arm-none-eabi-10.3-2021.10/bin/../lib/gcc/arm-none-eabi/10.3.1/../../../../arm-none-eabi/lib/thumb/v7e-m+fp/hard\libc_nano.a(lib_a-strcmp.o)
                0x080001d0                strcmp
 .text          0x080001e4       0x10 e:/gcc-arm-none-eabi-10.3-2021.10-win32/gcc-arm-none-eabi-10.3-2021.10/bin/../lib/gcc/arm-none-eabi/10.3.1/../../../../arm-none-eabi/lib/thumb/v7e-m+fp/hard\libc_nano.a(lib_a-strlen.o)
                0x080001e4                strlen
 *fill*         0x080001f4        0xc 
 .text          0x08000200       0xa0 e:/gcc-arm-none-eabi-10.3-2021.10-win32/gcc-arm-none-eabi-10.3-2021.10/bin/../lib/gcc/arm-none-eabi/10.3.1/../../../../arm-none-eabi/lib/thumb/v7e-m+fp/hard\libc_nano.a(lib_a-memchr.o)
                0x08000200                memchr
 .text          0x080002a0      0x378 e:/gcc-arm-none-eabi-10.3-2021.10-win32/gcc-arm-none-eabi-10.3-2021.10/bin/../lib/gcc/arm-none-eabi/10.3.1/thumb/v7e-m+fp/hard\libgcc.a(_arm_addsubdf3.o)
                0x080002a0                __aeabi_drsub
                0x080002a8                __aeabi_dsub
                0x080002a8                __subdf3
                0x080002ac                __aeabi_dadd
                0x080002ac                __adddf3
                0x08000524                __floatunsidf
                0x08000524                __aeabi_ui2d
                0x08000544                __floatsidf
                0x08000544                __aeabi_i2d
                0x08000568                __aeabi_f2d
                0x08000568                __extendsfdf2
                0x080005ac                __floatundidf
                0x080005ac                __aeabi_ul2d
                0x080005bc                __floatdidf
                0x080005bc                __aeabi_l2d
 .text          0x08000618      0x424 e:/gcc-arm-none-eabi-10.3-2021.10-win32/gcc-arm-none-eabi-10.3-2021.10/bin/../lib/gcc/arm-none-eabi/10.3.1/thumb/v7e-m+fp/hard\libgcc.a(_arm_muldivdf3.o)
                0x08000618                __aeabi_dmul
                0x08000618                __muldf3
                0x0800086c                __divdf3
                0x0800086c                __aeabi_ddiv
 .text          0x08000a3c      0x110 e:/gcc-arm-none-eabi-10.3-2021.10-win32/gcc-arm-none-eabi-10.3-2021.10/bin/../lib/gcc/arm-none-eabi/10.3.1/thumb/v7e-m+fp/hard\libgcc.a(_arm_cmpdf2.o)
                0x08000a3c                __gtdf2
                0x08000a3c                __gedf2
                0x08000a44                __ltdf2
                0x08000a44                __ledf2
                0x08000a4c                __nedf2
                0x08000a4c                __eqdf2
                0x08000a4c                __cmpdf2
                0x08000ac8                __aeabi_cdrcmple
                0x08000ad8                __aeabi_cdcmpeq
                0x08000ad8                __aeabi_cdcmple
                0x08000ae8                __aeabi_dcmpeq
                0x08000afc                __aeabi_dcmplt
                0x08000b10                __aeabi_dcmple
                0x08000b24                __aeabi_dcmpge
                0x08000b38                __aeabi_dcmpgt
 .text          0x08000b4c       0x2c e:/gcc-arm-none-eabi-10.3-2021.10-win32/gcc-arm-none-eabi-10.3-2021.10/bin/../lib/gcc/arm-none-eabi/10.3.1/thumb/v7e-m+fp/hard\libgcc.a(_arm_unorddf2.o)
                0x08000b4c                __unorddf2
                0x08000b4c                __aeabi_dcmpun
 .text          0x08000b78       0x50 e:/gcc-arm-none-eabi-10.3-2021.10-win32/gcc-arm-none-eabi-10.3-2021.10/bin/../lib/gcc/arm-none-eabi/10.3.1/thumb/v7e-m+fp/hard\libgcc.a(_arm_fixdfsi.o)
                0x08000b78                __aeabi_d2iz
                0x08000b78                __fixdfsi
 .text          0x08000bc8       0x40 e:/gcc-arm-none-eabi-10.3-2021.10-win32/gcc-arm-none-eabi-10.3-2021.10/bin/../lib/gcc/arm-none-eabi/10.3.1/thumb/v7e-m+fp/hard\libgcc.a(_arm_fixunsdfsi.o)
                0x08000bc8                __aeabi_d2uiz
                0x08000bc8                __fixunsdfsi
 .text          0x08000c08       0xa0 e:/gcc-arm-none-eabi-10.3-2021.10-win32/gcc-arm-none-eabi-10.3-2021.10/bin/../lib/gcc/arm-none-eabi/10.3.1/thumb/v7e-m+fp/hard\libgcc.a(_arm_truncdfsf2.o)
                0x08000c08                __truncdfsf2
                0x08000c08                __aeabi_d2f
 .text          0x08000ca8       0x30 e:/gcc-arm-none-eabi-10.3-2021.10-win32/gcc-arm-none-eabi-10.3-2021.10/bin/../lib/gcc/arm-none-eabi/10.3.1/thumb/v7e-m+fp/hard\libgcc.a(_aeabi_uldivmod.o)
                0x08000ca8                __aeabi_uldivmod
 .text          0x08000cd8      0x2d0 e:/gcc-arm-none-eabi-10.3-2021.10-win32/gcc-arm-none-eabi-10.3-2021.10/bin/../lib/gcc/arm-none-eabi/10.3.1/thumb/v7e-m+fp/hard\libgcc.a(_udivmoddi4.o)
                0x08000cd8                __udivmoddi4
 .text          0x08000fa8        0x4 e:/gcc-arm-none-eabi-10.3-2021.10-win32/gcc-arm-none-eabi-10.3-2021.10/bin/../lib/gcc/arm-none-eabi/10.3.1/thumb/v7e-m+fp/hard\libgcc.a(_dvmd_tls.o)
                0x08000fa8                __aeabi_idiv0
                0x08000fa8                __aeabi_ldiv0
 *(.text*)
 .text.LED_Test
                0x08000fac       0xc4 build/main.o
                0x08000fac                LED_Test
 .text.RS485_Test
                0x08001070       0x18 build/main.o
                0x08001070                RS485_Test
 .text.Flash_Test
                0x08001088       0xbc build/main.o
                0x08001088                Flash_Test
 .text.BDS_Test
                0x08001144       0x58 build/main.o
                0x08001144                BDS_Test
 .text.LDR_Value_Get
                0x0800119c       0x44 build/main.o
                0x0800119c                LDR_Value_Get
 .text.agencyLDR_Value_Get
                0x080011e0        0xe build/main.o
                0x080011e0                agencyLDR_Value_Get
 *fill*         0x080011ee        0x2 
 .text.Battery_Test
                0x080011f0       0x64 build/main.o
                0x080011f0                Battery_Test
 .text.agencyBattery_Test
                0x08001254        0x8 build/main.o
                0x08001254                agencyBattery_Test
 .text.Error_Handler
                0x0800125c        0x4 build/main.o
                0x0800125c                Error_Handler
 .text.SystemClock_Config
                0x08001260       0x78 build/main.o
                0x08001260                SystemClock_Config
 .text.main     0x080012d8       0xf8 build/main.o
                0x080012d8                main
 .text.NMI_Handler
                0x080013d0        0x2 build/stm32l4xx_it.o
                0x080013d0                NMI_Handler
 .text.HardFault_Handler
                0x080013d2        0x2 build/stm32l4xx_it.o
                0x080013d2                HardFault_Handler
 .text.MemManage_Handler
                0x080013d4        0x2 build/stm32l4xx_it.o
                0x080013d4                MemManage_Handler
 .text.BusFault_Handler
                0x080013d6        0x2 build/stm32l4xx_it.o
                0x080013d6                BusFault_Handler
 .text.UsageFault_Handler
                0x080013d8        0x2 build/stm32l4xx_it.o
                0x080013d8                UsageFault_Handler
 .text.SVC_Handler
                0x080013da        0x2 build/stm32l4xx_it.o
                0x080013da                SVC_Handler
 .text.DebugMon_Handler
                0x080013dc        0x2 build/stm32l4xx_it.o
                0x080013dc                DebugMon_Handler
 .text.PendSV_Handler
                0x080013de        0x2 build/stm32l4xx_it.o
                0x080013de                PendSV_Handler
 .text.SysTick_Handler
                0x080013e0        0x8 build/stm32l4xx_it.o
                0x080013e0                SysTick_Handler
 .text.SPI2_IRQHandler
                0x080013e8       0x10 build/stm32l4xx_it.o
                0x080013e8                SPI2_IRQHandler
 .text.USART1_IRQHandler
                0x080013f8       0x10 build/stm32l4xx_it.o
                0x080013f8                USART1_IRQHandler
 .text.USART2_IRQHandler
                0x08001408       0x10 build/stm32l4xx_it.o
                0x08001408                USART2_IRQHandler
 .text.USART3_IRQHandler
                0x08001418       0x10 build/stm32l4xx_it.o
                0x08001418                USART3_IRQHandler
 .text.SPI3_IRQHandler
                0x08001428       0x10 build/stm32l4xx_it.o
                0x08001428                SPI3_IRQHandler
 .text.EXTI9_5_IRQHandler
                0x08001438       0x68 build/stm32l4xx_it.o
                0x08001438                EXTI9_5_IRQHandler
 .text.HAL_MspInit
                0x080014a0       0x3c build/stm32l4xx_hal_msp.o
                0x080014a0                HAL_MspInit
 .text.HAL_ADC_Init
                0x080014dc      0x1dc build/stm32l4xx_hal_adc.o
                0x080014dc                HAL_ADC_Init
 .text.HAL_ADC_PollForConversion
                0x080016b8       0xb4 build/stm32l4xx_hal_adc.o
                0x080016b8                HAL_ADC_PollForConversion
 .text.HAL_ADC_GetValue
                0x0800176c        0x6 build/stm32l4xx_hal_adc.o
                0x0800176c                HAL_ADC_GetValue
 *fill*         0x08001772        0x2 
 .text.HAL_ADC_ConfigChannel
                0x08001774      0x4a0 build/stm32l4xx_hal_adc.o
                0x08001774                HAL_ADC_ConfigChannel
 .text.HAL_ADC_GetState
                0x08001c14        0x4 build/stm32l4xx_hal_adc.o
                0x08001c14                HAL_ADC_GetState
 .text.ADC_ConversionStop
                0x08001c18      0x100 build/stm32l4xx_hal_adc.o
                0x08001c18                ADC_ConversionStop
 .text.ADC_Enable
                0x08001d18       0xdc build/stm32l4xx_hal_adc.o
                0x08001d18                ADC_Enable
 .text.HAL_ADC_Start
                0x08001df4       0x8c build/stm32l4xx_hal_adc.o
                0x08001df4                HAL_ADC_Start
 .text.ADC_Disable
                0x08001e80       0x94 build/stm32l4xx_hal_adc.o
                0x08001e80                ADC_Disable
 .text.HAL_ADC_Stop
                0x08001f14       0x42 build/stm32l4xx_hal_adc.o
                0x08001f14                HAL_ADC_Stop
 .text.HAL_ADCEx_Calibration_Start
                0x08001f56       0x98 build/stm32l4xx_hal_adc_ex.o
                0x08001f56                HAL_ADCEx_Calibration_Start
 *fill*         0x08001fee        0x2 
 .text.HAL_InitTick
                0x08001ff0       0x50 build/stm32l4xx_hal.o
                0x08001ff0                HAL_InitTick
 .text.HAL_Init
                0x08002040       0x1e build/stm32l4xx_hal.o
                0x08002040                HAL_Init
 *fill*         0x0800205e        0x2 
 .text.HAL_IncTick
                0x08002060       0x18 build/stm32l4xx_hal.o
                0x08002060                HAL_IncTick
 .text.HAL_GetTick
                0x08002078        0xc build/stm32l4xx_hal.o
                0x08002078                HAL_GetTick
 .text.HAL_Delay
                0x08002084        0x2 build/stm32l4xx_hal.o
                0x08002084                HAL_Delay
 .text.Delay_us
                0x08002086       0x2e build/stm32l4xx_hal.o
                0x08002086                Delay_us
 .text.Delay_ms
                0x080020b4       0x18 build/stm32l4xx_hal.o
                0x080020b4                Delay_ms
 .text.RCC_SetFlashLatencyFromMSIRange
                0x080020cc       0x90 build/stm32l4xx_hal_rcc.o
 .text.HAL_RCC_GetSysClockFreq
                0x0800215c       0xb4 build/stm32l4xx_hal_rcc.o
                0x0800215c                HAL_RCC_GetSysClockFreq
 .text.HAL_RCC_OscConfig
                0x08002210      0x66c build/stm32l4xx_hal_rcc.o
                0x08002210                HAL_RCC_OscConfig
 .text.HAL_RCC_ClockConfig
                0x0800287c      0x184 build/stm32l4xx_hal_rcc.o
                0x0800287c                HAL_RCC_ClockConfig
 .text.HAL_RCC_GetHCLKFreq
                0x08002a00        0xc build/stm32l4xx_hal_rcc.o
                0x08002a00                HAL_RCC_GetHCLKFreq
 .text.HAL_RCC_GetPCLK1Freq
                0x08002a0c       0x24 build/stm32l4xx_hal_rcc.o
                0x08002a0c                HAL_RCC_GetPCLK1Freq
 .text.HAL_RCC_GetPCLK2Freq
                0x08002a30       0x24 build/stm32l4xx_hal_rcc.o
                0x08002a30                HAL_RCC_GetPCLK2Freq
 .text.RCCEx_PLLSAI1_Config
                0x08002a54      0x16c build/stm32l4xx_hal_rcc_ex.o
 .text.HAL_RCCEx_PeriphCLKConfig
                0x08002bc0      0x31c build/stm32l4xx_hal_rcc_ex.o
                0x08002bc0                HAL_RCCEx_PeriphCLKConfig
 .text.HAL_GPIO_Init
                0x08002edc      0x1c8 build/stm32l4xx_hal_gpio.o
                0x08002edc                HAL_GPIO_Init
 .text.HAL_GPIO_ReadPin
                0x080030a4        0xe build/stm32l4xx_hal_gpio.o
                0x080030a4                HAL_GPIO_ReadPin
 .text.HAL_GPIO_WritePin
                0x080030b2        0xa build/stm32l4xx_hal_gpio.o
                0x080030b2                HAL_GPIO_WritePin
 .text.HAL_GPIO_TogglePin
                0x080030bc       0x12 build/stm32l4xx_hal_gpio.o
                0x080030bc                HAL_GPIO_TogglePin
 .text.HAL_DMA_Abort
                0x080030ce       0x4a build/stm32l4xx_hal_dma.o
                0x080030ce                HAL_DMA_Abort
 .text.HAL_DMA_Abort_IT
                0x08003118       0x50 build/stm32l4xx_hal_dma.o
                0x08003118                HAL_DMA_Abort_IT
 .text.HAL_PWREx_GetVoltageRange
                0x08003168       0x10 build/stm32l4xx_hal_pwr_ex.o
                0x08003168                HAL_PWREx_GetVoltageRange
 .text.HAL_PWREx_ControlVoltageScaling
                0x08003178       0x90 build/stm32l4xx_hal_pwr_ex.o
                0x08003178                HAL_PWREx_ControlVoltageScaling
 .text.HAL_NVIC_SetPriorityGrouping
                0x08003208       0x24 build/stm32l4xx_hal_cortex.o
                0x08003208                HAL_NVIC_SetPriorityGrouping
 .text.HAL_NVIC_SetPriority
                0x0800322c       0x70 build/stm32l4xx_hal_cortex.o
                0x0800322c                HAL_NVIC_SetPriority
 .text.HAL_NVIC_EnableIRQ
                0x0800329c       0x1c build/stm32l4xx_hal_cortex.o
                0x0800329c                HAL_NVIC_EnableIRQ
 .text.HAL_SYSTICK_Config
                0x080032b8       0x28 build/stm32l4xx_hal_cortex.o
                0x080032b8                HAL_SYSTICK_Config
 .text.SPI_WaitFlagStateUntilTimeout
                0x080032e0       0xd4 build/stm32l4xx_hal_spi.o
 .text.SPI_WaitFifoStateUntilTimeout
                0x080033b4       0xf4 build/stm32l4xx_hal_spi.o
 .text.SPI_EndRxTxTransaction
                0x080034a8       0x62 build/stm32l4xx_hal_spi.o
 .text.SPI_EndRxTransaction
                0x0800350a       0x82 build/stm32l4xx_hal_spi.o
 .text.HAL_SPI_Init
                0x0800358c       0xde build/stm32l4xx_hal_spi.o
                0x0800358c                HAL_SPI_Init
 .text.HAL_SPI_Transmit
                0x0800366a      0x202 build/stm32l4xx_hal_spi.o
                0x0800366a                HAL_SPI_Transmit
 .text.HAL_SPI_TransmitReceive
                0x0800386c      0x2de build/stm32l4xx_hal_spi.o
                0x0800386c                HAL_SPI_TransmitReceive
 .text.HAL_SPI_Receive
                0x08003b4a      0x1aa build/stm32l4xx_hal_spi.o
                0x08003b4a                HAL_SPI_Receive
 .text.HAL_SPI_ErrorCallback
                0x08003cf4        0x2 build/stm32l4xx_hal_spi.o
                0x08003cf4                HAL_SPI_ErrorCallback
 *fill*         0x08003cf6        0x2 
 .text.HAL_SPI_IRQHandler
                0x08003cf8      0x124 build/stm32l4xx_hal_spi.o
                0x08003cf8                HAL_SPI_IRQHandler
 .text.SPI_DMAAbortOnError
                0x08003e1c       0x12 build/stm32l4xx_hal_spi.o
 .text.HAL_SPI_GetState
                0x08003e2e        0x6 build/stm32l4xx_hal_spi.o
                0x08003e2e                HAL_SPI_GetState
 .text.UART_EndRxTransfer
                0x08003e34       0x50 build/stm32l4xx_hal_uart.o
 .text.UART_TxISR_8BIT
                0x08003e84       0x54 build/stm32l4xx_hal_uart.o
 .text.UART_TxISR_16BIT
                0x08003ed8       0x58 build/stm32l4xx_hal_uart.o
 .text.HAL_UART_Transmit_IT
                0x08003f30       0x80 build/stm32l4xx_hal_uart.o
                0x08003f30                HAL_UART_Transmit_IT
 .text.UART_EndTransmit_IT
                0x08003fb0       0x22 build/stm32l4xx_hal_uart.o
 .text.UART_DMAAbortOnError
                0x08003fd2       0x14 build/stm32l4xx_hal_uart.o
 *fill*         0x08003fe6        0x2 
 .text.HAL_UART_IRQHandler
                0x08003fe8      0x2e4 build/stm32l4xx_hal_uart.o
                0x08003fe8                HAL_UART_IRQHandler
 .text.UART_RxISR_8BIT
                0x080042cc       0xb0 build/stm32l4xx_hal_uart.o
 .text.UART_RxISR_16BIT
                0x0800437c       0xae build/stm32l4xx_hal_uart.o
 *fill*         0x0800442a        0x2 
 .text.UART_SetConfig
                0x0800442c      0x2a0 build/stm32l4xx_hal_uart.o
                0x0800442c                UART_SetConfig
 .text.UART_AdvFeatureConfig
                0x080046cc       0xca build/stm32l4xx_hal_uart.o
                0x080046cc                UART_AdvFeatureConfig
 .text.UART_WaitOnFlagUntilTimeout
                0x08004796       0xd4 build/stm32l4xx_hal_uart.o
                0x08004796                UART_WaitOnFlagUntilTimeout
 .text.HAL_UART_Transmit
                0x0800486a       0xd8 build/stm32l4xx_hal_uart.o
                0x0800486a                HAL_UART_Transmit
 .text.UART_CheckIdleState
                0x08004942       0x70 build/stm32l4xx_hal_uart.o
                0x08004942                UART_CheckIdleState
 .text.HAL_UART_Init
                0x080049b2       0x62 build/stm32l4xx_hal_uart.o
                0x080049b2                HAL_UART_Init
 .text.UART_Start_Receive_IT
                0x08004a14       0xd8 build/stm32l4xx_hal_uart.o
                0x08004a14                UART_Start_Receive_IT
 .text.HAL_UART_Receive_IT
                0x08004aec       0x5c build/stm32l4xx_hal_uart.o
                0x08004aec                HAL_UART_Receive_IT
 .text.HAL_UARTEx_WakeupCallback
                0x08004b48        0x2 build/stm32l4xx_hal_uart_ex.o
                0x08004b48                HAL_UARTEx_WakeupCallback
 .text.HAL_UARTEx_ReceiveToIdle_IT
                0x08004b4a       0x58 build/stm32l4xx_hal_uart_ex.o
                0x08004b4a                HAL_UARTEx_ReceiveToIdle_IT
 *fill*         0x08004ba2        0x2 
 .text.SystemInit
                0x08004ba4       0x14 build/system_stm32l4xx.o
                0x08004ba4                SystemInit
 .text.shellExtNumType
                0x08004bb8       0x58 build/shell_ext.o
 .text.shellExtToNum
                0x08004c10       0x2e build/shell_ext.o
 *fill*         0x08004c3e        0x2 
 .text.shellExtParseChar
                0x08004c40       0x94 build/shell_ext.o
 .text.shellExtParseString
                0x08004cd4       0x40 build/shell_ext.o
 .text.shellExtParseNumber
                0x08004d14       0xb0 build/shell_ext.o
 .text.shellExtParseVar
                0x08004dc4       0x1e build/shell_ext.o
 .text.shellExtParsePara
                0x08004de2       0x78 build/shell_ext.o
                0x08004de2                shellExtParsePara
 .text.shellExtRun
                0x08004e5a       0xf4 build/shell_ext.o
                0x08004e5a                shellExtRun
 *fill*         0x08004f4e        0x2 
 .text.User_Shell_Write
                0x08004f50       0x30 build/shell_port.o
                0x08004f50                User_Shell_Write
 .text.User_Shell_Init
                0x08004f80       0x20 build/shell_port.o
                0x08004f80                User_Shell_Init
 .text.shellAdd
                0x08004fa0       0x24 build/shell.o
 .text.shellWriteByte
                0x08004fc4       0x18 build/shell.o
 .text.shellWriteCommandDesc
                0x08004fdc       0x4c build/shell.o
 .text.shellStringCopy
                0x08005028       0x16 build/shell.o
 .text.shellStringCompare
                0x0800503e       0x2e build/shell.o
 .text.shellGetCommandDesc
                0x0800506c       0x22 build/shell.o
 .text.shellParserParam
                0x0800508e       0x92 build/shell.o
 .text.shellRight
                0x08005120       0x1a build/shell.o
                0x08005120                shellRight
 .text.shellLeft
                0x0800513a       0x18 build/shell.o
                0x0800513a                shellLeft
 .text.shellHistoryAdd
                0x08005152       0x70 build/shell.o
 .text.shellRemoveParamQuotes
                0x080051c2       0x54 build/shell.o
 *fill*         0x08005216        0x2 
 .text.shellGetCurrent
                0x08005218       0x2c build/shell.o
                0x08005218                shellGetCurrent
 .text.shellWriteString
                0x08005244       0x26 build/shell.o
                0x08005244                shellWriteString
 *fill*         0x0800526a        0x2 
 .text.shellWritePrompt
                0x0800526c       0x60 build/shell.o
 .text.shellCheckPassword
                0x080052cc       0x40 build/shell.o
 .text.shellClear
                0x0800530c       0x14 build/shell.o
                0x0800530c                shellClear
 .text.shellPrint
                0x08005320       0x38 build/shell.o
                0x08005320                shellPrint
 .text.shellCheckPermission
                0x08005358       0x44 build/shell.o
                0x08005358                shellCheckPermission
 .text.shellToHex
                0x0800539c       0x28 build/shell.o
                0x0800539c                shellToHex
 .text.shellGetCommandName
                0x080053c4       0x44 build/shell.o
 .text.shellToDec
                0x08005408       0x60 build/shell.o
                0x08005408                shellToDec
 .text.shellWriteReturnValue
                0x08005468       0x80 build/shell.o
 .text.shellListItem
                0x080054e8       0xe0 build/shell.o
                0x080054e8                shellListItem
 .text.shellListCommand
                0x080055c8       0x48 build/shell.o
                0x080055c8                shellListCommand
 .text.shellCmds
                0x08005610        0xe build/shell.o
                0x08005610                shellCmds
 *fill*         0x0800561e        0x2 
 .text.shellListVar
                0x08005620       0x4c build/shell.o
                0x08005620                shellListVar
 .text.shellVars
                0x0800566c        0xe build/shell.o
                0x0800566c                shellVars
 *fill*         0x0800567a        0x2 
 .text.shellListUser
                0x0800567c       0x48 build/shell.o
                0x0800567c                shellListUser
 .text.shellUsers
                0x080056c4        0xe build/shell.o
                0x080056c4                shellUsers
 *fill*         0x080056d2        0x2 
 .text.shellListKey
                0x080056d4       0x48 build/shell.o
                0x080056d4                shellListKey
 .text.shellKeys
                0x0800571c        0xe build/shell.o
                0x0800571c                shellKeys
 .text.shellListAll
                0x0800572a        0x8 build/shell.o
                0x0800572a                shellListAll
 *fill*         0x08005732        0x2 
 .text.shellDeleteCommandLine
                0x08005734       0x20 build/shell.o
                0x08005734                shellDeleteCommandLine
 .text.shellClearCommandLine
                0x08005754       0x28 build/shell.o
                0x08005754                shellClearCommandLine
 .text.shellHistory
                0x0800577c       0x98 build/shell.o
 .text.shellUp  0x08005814        0xa build/shell.o
                0x08005814                shellUp
 .text.shellDown
                0x0800581e        0xc build/shell.o
                0x0800581e                shellDown
 *fill*         0x0800582a        0x2 
 .text.shellTab
                0x0800582c      0x114 build/shell.o
                0x0800582c                shellTab
 .text.shellInsertByte
                0x08005940       0xbc build/shell.o
                0x08005940                shellInsertByte
 .text.shellDeleteByte
                0x080059fc       0xc4 build/shell.o
                0x080059fc                shellDeleteByte
 .text.shellBackspace
                0x08005ac0        0xa build/shell.o
                0x08005ac0                shellBackspace
 .text.shellDelete
                0x08005aca        0xc build/shell.o
                0x08005aca                shellDelete
 .text.shellSeekCommand
                0x08005ad6       0x72 build/shell.o
                0x08005ad6                shellSeekCommand
 .text.shellWriteCommandHelp
                0x08005b48       0x60 build/shell.o
 .text.shellHelp
                0x08005ba8       0x24 build/shell.o
                0x08005ba8                shellHelp
 .text.shellGetVarValue
                0x08005bcc       0x44 build/shell.o
                0x08005bcc                shellGetVarValue
 .text.shellShowVar
                0x08005c10       0xc0 build/shell.o
 .text.shellSetVarValue
                0x08005cd0       0x78 build/shell.o
                0x08005cd0                shellSetVarValue
 .text.shellSetVar
                0x08005d48       0x64 build/shell.o
                0x08005d48                shellSetVar
 .text.shellSetUser
                0x08005dac       0x60 build/shell.o
                0x08005dac                shellSetUser
 .text.shellInit
                0x08005e0c       0x90 build/shell.o
                0x08005e0c                shellInit
 .text.shellRunCommand
                0x08005e9c       0x94 build/shell.o
                0x08005e9c                shellRunCommand
 .text.shellNormalInput
                0x08005f30       0x14 build/shell.o
                0x08005f30                shellNormalInput
 .text.shellExec
                0x08005f44       0x68 build/shell.o
                0x08005f44                shellExec
 .text.shellEnter
                0x08005fac       0x12 build/shell.o
                0x08005fac                shellEnter
 *fill*         0x08005fbe        0x2 
 .text.shellHandler
                0x08005fc0       0xd8 build/shell.o
                0x08005fc0                shellHandler
 .text.MX_GPIO_Init
                0x08006098      0x124 build/gpio.o
                0x08006098                MX_GPIO_Init
 .text.MX_ADC1_Init
                0x080061bc       0x8c build/adc.o
                0x080061bc                MX_ADC1_Init
 .text.HAL_ADC_MspInit
                0x08006248       0xa4 build/adc.o
                0x08006248                HAL_ADC_MspInit
 .text.ADC_Average_Get
                0x080062ec       0x8c build/adc.o
                0x080062ec                ADC_Average_Get
 .text.MX_SPI2_Init
                0x08006378       0x4c build/spi.o
                0x08006378                MX_SPI2_Init
 .text.MX_SPI3_Init
                0x080063c4       0x4c build/spi.o
                0x080063c4                MX_SPI3_Init
 .text.HAL_SPI_MspInit
                0x08006410       0xb8 build/spi.o
                0x08006410                HAL_SPI_MspInit
 .text.MX_USART1_UART_Init
                0x080064c8       0x48 build/usart.o
                0x080064c8                MX_USART1_UART_Init
 .text.MX_USART2_UART_Init
                0x08006510       0x48 build/usart.o
                0x08006510                MX_USART2_UART_Init
 .text.MX_USART3_UART_Init
                0x08006558       0x48 build/usart.o
                0x08006558                MX_USART3_UART_Init
 .text.HAL_UART_MspInit
                0x080065a0      0x180 build/usart.o
                0x080065a0                HAL_UART_MspInit
 .text.HAL_UART_RxCpltCallback
                0x08006720       0x34 build/usart.o
                0x08006720                HAL_UART_RxCpltCallback
 .text.HAL_UART_TxCpltCallback
                0x08006754       0x24 build/usart.o
                0x08006754                HAL_UART_TxCpltCallback
 .text.HAL_UARTEx_RxEventCallback
                0x08006778       0x6c build/usart.o
                0x08006778                HAL_UARTEx_RxEventCallback
 .text.HAL_UART_ErrorCallback
                0x080067e4       0x44 build/usart.o
                0x080067e4                HAL_UART_ErrorCallback
 .text.timer_init
                0x08006828       0x18 build/timer.o
                0x08006828                timer_init
 .text.timer_insert
                0x08006840       0x44 build/timer.o
                0x08006840                timer_insert
 .text.SX1278_hw_SetNSS
                0x08006884       0x14 build/SX1278_hw.o
                0x08006884                SX1278_hw_SetNSS
 .text.SX1278_hw_SPICommand
                0x08006898       0x2e build/SX1278_hw.o
                0x08006898                SX1278_hw_SPICommand
 .text.SX1278_hw_SPIReadByte
                0x080068c6       0x3c build/SX1278_hw.o
                0x080068c6                SX1278_hw_SPIReadByte
 .text.SX1278_hw_DelayMs
                0x08006902        0x8 build/SX1278_hw.o
                0x08006902                SX1278_hw_DelayMs
 .text.SX1278_hw_Reset
                0x0800690a       0x2c build/SX1278_hw.o
                0x0800690a                SX1278_hw_Reset
 .text.SX1278_hw_init
                0x08006936       0x12 build/SX1278_hw.o
                0x08006936                SX1278_hw_init
 .text.SX1278_hw_GetDIO0
                0x08006948       0x14 build/SX1278_hw.o
                0x08006948                SX1278_hw_GetDIO0
 .text.BSP_W25Qx_Reset
                0x0800695c       0x3c build/W25QXX.o
 .text.BSP_W25Qx_GetStatus
                0x08006998       0x58 build/W25QXX.o
 .text.BSP_W25Qx_Init
                0x080069f0        0xc build/W25QXX.o
                0x080069f0                BSP_W25Qx_Init
 .text.BSP_W25Qx_Read_ID
                0x080069fc       0x4c build/W25QXX.o
                0x080069fc                BSP_W25Qx_Read_ID
 .text.BSP_W25Qx_Read_JEDEC_ID
                0x08006a48       0x48 build/W25QXX.o
                0x08006a48                BSP_W25Qx_Read_JEDEC_ID
 .text.LED_Init
                0x08006a90       0x5c build/led.o
                0x08006a90                LED_Init
 .text.LED_On   0x08006aec        0xe build/led.o
                0x08006aec                LED_On
 .text.LED_Off  0x08006afa        0xe build/led.o
                0x08006afa                LED_Off
 .text.LED_Toggle
                0x08006b08        0xc build/led.o
                0x08006b08                LED_Toggle
 .text.LED_Blink
                0x08006b14       0x26 build/led.o
                0x08006b14                LED_Blink
 .text.RS485_SendData
                0x08006b3a       0x2c build/rs485.o
                0x08006b3a                RS485_SendData
 *fill*         0x08006b66        0x2 
 .text.atgm_io_init
                0x08006b68       0x48 build/ATGM332D.o
                0x08006b68                atgm_io_init
 .text.atgm_open
                0x08006bb0       0x40 build/ATGM332D.o
                0x08006bb0                atgm_open
 .text.atgm_read
                0x08006bf0       0x4c build/ATGM332D.o
                0x08006bf0                atgm_read
 .text.atgm_handler
                0x08006c3c       0x60 build/ATGM332D.o
                0x08006c3c                atgm_handler
 .text.ec2x_io_init
                0x08006c9c       0x94 build/EC2x.o
                0x08006c9c                ec2x_io_init
 .text.ec2x_open
                0x08006d30       0x40 build/EC2x.o
                0x08006d30                ec2x_open
 .text.ec2x_write
                0x08006d70       0x40 build/EC2x.o
                0x08006d70                ec2x_write
 .text.ec2x_read
                0x08006db0       0xac build/EC2x.o
                0x08006db0                ec2x_read
 .text.ec2x_handler
                0x08006e5c       0xec build/EC2x.o
                0x08006e5c                ec2x_handler
 .text.ec2x_replymatch
                0x08006f48       0x3a build/EC2x.o
                0x08006f48                ec2x_replymatch
 *fill*         0x08006f82        0x2 
 .text.ec2x_cmd_send
                0x08006f84       0x7c build/EC2x.o
 .text.ec2x_reset
                0x08007000       0x40 build/EC2x.o
 .text.ec2x_tcp_connect
                0x08007040      0x2b0 build/EC2x.o
                0x08007040                ec2x_tcp_connect
 .text.EC2x_Test
                0x080072f0       0xc0 build/EC2x.o
                0x080072f0                EC2x_Test
 .text.SX1278_SPIRead
                0x080073b0       0x1e build/SX1278.o
                0x080073b0                SX1278_SPIRead
 .text.SX1278_SPIWrite
                0x080073ce       0x2c build/SX1278.o
                0x080073ce                SX1278_SPIWrite
 .text.SX1278_SPIBurstRead
                0x080073fa       0x3e build/SX1278.o
                0x080073fa                SX1278_SPIBurstRead
 .text.SX1278_SPIBurstWrite
                0x08007438       0x40 build/SX1278.o
                0x08007438                SX1278_SPIBurstWrite
 .text.SX1278_standby
                0x08007478       0x12 build/SX1278.o
                0x08007478                SX1278_standby
 .text.SX1278_sleep
                0x0800748a       0x12 build/SX1278.o
                0x0800748a                SX1278_sleep
 .text.SX1278_entryLoRa
                0x0800749c        0xc build/SX1278.o
                0x0800749c                SX1278_entryLoRa
 .text.SX1278_config
                0x080074a8      0x18c build/SX1278.o
                0x080074a8                SX1278_config
 .text.SX1278_clearLoRaIrq
                0x08007634        0xc build/SX1278.o
                0x08007634                SX1278_clearLoRaIrq
 .text.SX1278_LoRaEntryRx
                0x08007640       0x9a build/SX1278.o
                0x08007640                SX1278_LoRaEntryRx
 *fill*         0x080076da        0x2 
 .text.SX1278_LoRaRxPacket
                0x080076dc       0x94 build/SX1278.o
                0x080076dc                SX1278_LoRaRxPacket
 .text.SX1278_LoRaEntryTx
                0x08007770       0x80 build/SX1278.o
                0x08007770                SX1278_LoRaEntryTx
 .text.SX1278_LoRaTxPacket
                0x080077f0       0x5a build/SX1278.o
                0x080077f0                SX1278_LoRaTxPacket
 .text.SX1278_init
                0x0800784a       0x3e build/SX1278.o
                0x0800784a                SX1278_init
 .text.SX1278_transmit
                0x08007888       0x24 build/SX1278.o
                0x08007888                SX1278_transmit
 .text.SX1278_receive
                0x080078ac        0x8 build/SX1278.o
                0x080078ac                SX1278_receive
 .text.LORA_Send
                0x080078b4       0x68 build/SX1278.o
                0x080078b4                LORA_Send
 .text.Reset_Handler
                0x0800791c       0x50 build/startup_stm32l431xx.o
                0x0800791c                Reset_Handler
 .text.Default_Handler
                0x0800796c        0x2 build/startup_stm32l431xx.o
                0x0800796c                RTC_Alarm_IRQHandler
                0x0800796c                EXTI2_IRQHandler
                0x0800796c                TIM1_CC_IRQHandler
                0x0800796c                TSC_IRQHandler
                0x0800796c                TAMP_STAMP_IRQHandler
                0x0800796c                EXTI3_IRQHandler
                0x0800796c                LPTIM2_IRQHandler
                0x0800796c                I2C3_ER_IRQHandler
                0x0800796c                EXTI0_IRQHandler
                0x0800796c                I2C2_EV_IRQHandler
                0x0800796c                CAN1_RX0_IRQHandler
                0x0800796c                FPU_IRQHandler
                0x0800796c                TIM1_UP_TIM16_IRQHandler
                0x0800796c                SPI1_IRQHandler
                0x0800796c                TIM6_DAC_IRQHandler
                0x0800796c                DMA2_Channel2_IRQHandler
                0x0800796c                DMA1_Channel4_IRQHandler
                0x0800796c                ADC1_IRQHandler
                0x0800796c                DMA1_Channel7_IRQHandler
                0x0800796c                CAN1_RX1_IRQHandler
                0x0800796c                DMA2_Channel1_IRQHandler
                0x0800796c                QUADSPI_IRQHandler
                0x0800796c                I2C1_EV_IRQHandler
                0x0800796c                DMA1_Channel6_IRQHandler
                0x0800796c                DMA2_Channel4_IRQHandler
                0x0800796c                RCC_IRQHandler
                0x0800796c                TIM1_TRG_COM_IRQHandler
                0x0800796c                DMA1_Channel1_IRQHandler
                0x0800796c                Default_Handler
                0x0800796c                DMA2_Channel7_IRQHandler
                0x0800796c                EXTI15_10_IRQHandler
                0x0800796c                TIM7_IRQHandler
                0x0800796c                SDMMC1_IRQHandler
                0x0800796c                I2C3_EV_IRQHandler
                0x0800796c                RTC_WKUP_IRQHandler
                0x0800796c                PVD_PVM_IRQHandler
                0x0800796c                CAN1_TX_IRQHandler
                0x0800796c                DMA2_Channel5_IRQHandler
                0x0800796c                CRS_IRQHandler
                0x0800796c                DMA1_Channel5_IRQHandler
                0x0800796c                EXTI4_IRQHandler
                0x0800796c                RNG_IRQHandler
                0x0800796c                DMA1_Channel3_IRQHandler
                0x0800796c                COMP_IRQHandler
                0x0800796c                WWDG_IRQHandler
                0x0800796c                LPUART1_IRQHandler
                0x0800796c                DMA2_Channel6_IRQHandler
                0x0800796c                TIM2_IRQHandler
                0x0800796c                EXTI1_IRQHandler
                0x0800796c                I2C2_ER_IRQHandler
                0x0800796c                DMA1_Channel2_IRQHandler
                0x0800796c                CAN1_SCE_IRQHandler
                0x0800796c                FLASH_IRQHandler
                0x0800796c                I2C1_ER_IRQHandler
                0x0800796c                SWPMI1_IRQHandler
                0x0800796c                LPTIM1_IRQHandler
                0x0800796c                SAI1_IRQHandler
                0x0800796c                DMA2_Channel3_IRQHandler
                0x0800796c                TIM1_BRK_TIM15_IRQHandler
 *fill*         0x0800796e        0x2 
 .text.__libc_init_array
                0x08007970       0x48 e:/gcc-arm-none-eabi-10.3-2021.10-win32/gcc-arm-none-eabi-10.3-2021.10/bin/../lib/gcc/arm-none-eabi/10.3.1/../../../../arm-none-eabi/lib/thumb/v7e-m+fp/hard\libc_nano.a(lib_a-init.o)
                0x08007970                __libc_init_array
 .text.malloc   0x080079b8       0x10 e:/gcc-arm-none-eabi-10.3-2021.10-win32/gcc-arm-none-eabi-10.3-2021.10/bin/../lib/gcc/arm-none-eabi/10.3.1/../../../../arm-none-eabi/lib/thumb/v7e-m+fp/hard\libc_nano.a(lib_a-malloc.o)
                0x080079b8                malloc
 .text.free     0x080079c8       0x10 e:/gcc-arm-none-eabi-10.3-2021.10-win32/gcc-arm-none-eabi-10.3-2021.10/bin/../lib/gcc/arm-none-eabi/10.3.1/../../../../arm-none-eabi/lib/thumb/v7e-m+fp/hard\libc_nano.a(lib_a-malloc.o)
                0x080079c8                free
 .text.memcpy   0x080079d8       0x1c e:/gcc-arm-none-eabi-10.3-2021.10-win32/gcc-arm-none-eabi-10.3-2021.10/bin/../lib/gcc/arm-none-eabi/10.3.1/../../../../arm-none-eabi/lib/thumb/v7e-m+fp/hard\libc_nano.a(lib_a-memcpy-stub.o)
                0x080079d8                memcpy
 .text.memset   0x080079f4       0x10 e:/gcc-arm-none-eabi-10.3-2021.10-win32/gcc-arm-none-eabi-10.3-2021.10/bin/../lib/gcc/arm-none-eabi/10.3.1/../../../../arm-none-eabi/lib/thumb/v7e-m+fp/hard\libc_nano.a(lib_a-memset.o)
                0x080079f4                memset
 .text._free_r  0x08007a04       0x98 e:/gcc-arm-none-eabi-10.3-2021.10-win32/gcc-arm-none-eabi-10.3-2021.10/bin/../lib/gcc/arm-none-eabi/10.3.1/../../../../arm-none-eabi/lib/thumb/v7e-m+fp/hard\libc_nano.a(lib_a-nano-freer.o)
                0x08007a04                _free_r
 .text.sbrk_aligned
                0x08007a9c       0x40 e:/gcc-arm-none-eabi-10.3-2021.10-win32/gcc-arm-none-eabi-10.3-2021.10/bin/../lib/gcc/arm-none-eabi/10.3.1/../../../../arm-none-eabi/lib/thumb/v7e-m+fp/hard\libc_nano.a(lib_a-nano-mallocr.o)
 .text._malloc_r
                0x08007adc       0xe8 e:/gcc-arm-none-eabi-10.3-2021.10-win32/gcc-arm-none-eabi-10.3-2021.10/bin/../lib/gcc/arm-none-eabi/10.3.1/../../../../arm-none-eabi/lib/thumb/v7e-m+fp/hard\libc_nano.a(lib_a-nano-mallocr.o)
                0x08007adc                _malloc_r
 .text.__cvt    0x08007bc4       0xc4 e:/gcc-arm-none-eabi-10.3-2021.10-win32/gcc-arm-none-eabi-10.3-2021.10/bin/../lib/gcc/arm-none-eabi/10.3.1/../../../../arm-none-eabi/lib/thumb/v7e-m+fp/hard\libc_nano.a(lib_a-nano-vfprintf_float.o)
                0x08007bc4                __cvt
 .text.__exponent
                0x08007c88       0x7c e:/gcc-arm-none-eabi-10.3-2021.10-win32/gcc-arm-none-eabi-10.3-2021.10/bin/../lib/gcc/arm-none-eabi/10.3.1/../../../../arm-none-eabi/lib/thumb/v7e-m+fp/hard\libc_nano.a(lib_a-nano-vfprintf_float.o)
                0x08007c88                __exponent
 .text._printf_float
                0x08007d04      0x46c e:/gcc-arm-none-eabi-10.3-2021.10-win32/gcc-arm-none-eabi-10.3-2021.10/bin/../lib/gcc/arm-none-eabi/10.3.1/../../../../arm-none-eabi/lib/thumb/v7e-m+fp/hard\libc_nano.a(lib_a-nano-vfprintf_float.o)
                0x08007d04                _printf_float
 .text._printf_common
                0x08008170       0xda e:/gcc-arm-none-eabi-10.3-2021.10-win32/gcc-arm-none-eabi-10.3-2021.10/bin/../lib/gcc/arm-none-eabi/10.3.1/../../../../arm-none-eabi/lib/thumb/v7e-m+fp/hard\libc_nano.a(lib_a-nano-vfprintf_i.o)
                0x08008170                _printf_common
 *fill*         0x0800824a        0x2 
 .text._printf_i
                0x0800824c      0x24c e:/gcc-arm-none-eabi-10.3-2021.10-win32/gcc-arm-none-eabi-10.3-2021.10/bin/../lib/gcc/arm-none-eabi/10.3.1/../../../../arm-none-eabi/lib/thumb/v7e-m+fp/hard\libc_nano.a(lib_a-nano-vfprintf_i.o)
                0x0800824c                _printf_i
 .text._sbrk_r  0x08008498       0x20 e:/gcc-arm-none-eabi-10.3-2021.10-win32/gcc-arm-none-eabi-10.3-2021.10/bin/../lib/gcc/arm-none-eabi/10.3.1/../../../../arm-none-eabi/lib/thumb/v7e-m+fp/hard\libc_nano.a(lib_a-sbrkr.o)
                0x08008498                _sbrk_r
 .text.strncmp  0x080084b8       0x28 e:/gcc-arm-none-eabi-10.3-2021.10-win32/gcc-arm-none-eabi-10.3-2021.10/bin/../lib/gcc/arm-none-eabi/10.3.1/../../../../arm-none-eabi/lib/thumb/v7e-m+fp/hard\libc_nano.a(lib_a-strncmp.o)
                0x080084b8                strncmp
 .text.strstr   0x080084e0       0x2c e:/gcc-arm-none-eabi-10.3-2021.10-win32/gcc-arm-none-eabi-10.3-2021.10/bin/../lib/gcc/arm-none-eabi/10.3.1/../../../../arm-none-eabi/lib/thumb/v7e-m+fp/hard\libc_nano.a(lib_a-strstr.o)
                0x080084e0                strstr
 .text._vsnprintf_r
                0x0800850c       0x56 e:/gcc-arm-none-eabi-10.3-2021.10-win32/gcc-arm-none-eabi-10.3-2021.10/bin/../lib/gcc/arm-none-eabi/10.3.1/../../../../arm-none-eabi/lib/thumb/v7e-m+fp/hard\libc_nano.a(lib_a-vsnprintf.o)
                0x0800850c                _vsniprintf_r
                0x0800850c                _vsnprintf_r
 *fill*         0x08008562        0x2 
 .text.vsnprintf
                0x08008564       0x1c e:/gcc-arm-none-eabi-10.3-2021.10-win32/gcc-arm-none-eabi-10.3-2021.10/bin/../lib/gcc/arm-none-eabi/10.3.1/../../../../arm-none-eabi/lib/thumb/v7e-m+fp/hard\libc_nano.a(lib_a-vsnprintf.o)
                0x08008564                vsniprintf
                0x08008564                vsnprintf
 .text.quorem   0x08008580      0x116 e:/gcc-arm-none-eabi-10.3-2021.10-win32/gcc-arm-none-eabi-10.3-2021.10/bin/../lib/gcc/arm-none-eabi/10.3.1/../../../../arm-none-eabi/lib/thumb/v7e-m+fp/hard\libc_nano.a(lib_a-dtoa.o)
 *fill*         0x08008696        0x2 
 .text._dtoa_r  0x08008698      0xbdc e:/gcc-arm-none-eabi-10.3-2021.10-win32/gcc-arm-none-eabi-10.3-2021.10/bin/../lib/gcc/arm-none-eabi/10.3.1/../../../../arm-none-eabi/lib/thumb/v7e-m+fp/hard\libc_nano.a(lib_a-dtoa.o)
                0x08008698                _dtoa_r
 .text._localeconv_r
                0x08009274        0x8 e:/gcc-arm-none-eabi-10.3-2021.10-win32/gcc-arm-none-eabi-10.3-2021.10/bin/../lib/gcc/arm-none-eabi/10.3.1/../../../../arm-none-eabi/lib/thumb/v7e-m+fp/hard\libc_nano.a(lib_a-localeconv.o)
                0x08009274                _localeconv_r
 .text.__malloc_lock
                0x0800927c        0xc e:/gcc-arm-none-eabi-10.3-2021.10-win32/gcc-arm-none-eabi-10.3-2021.10/bin/../lib/gcc/arm-none-eabi/10.3.1/../../../../arm-none-eabi/lib/thumb/v7e-m+fp/hard\libc_nano.a(lib_a-mlock.o)
                0x0800927c                __malloc_lock
 .text.__malloc_unlock
                0x08009288        0xc e:/gcc-arm-none-eabi-10.3-2021.10-win32/gcc-arm-none-eabi-10.3-2021.10/bin/../lib/gcc/arm-none-eabi/10.3.1/../../../../arm-none-eabi/lib/thumb/v7e-m+fp/hard\libc_nano.a(lib_a-mlock.o)
                0x08009288                __malloc_unlock
 .text._Balloc  0x08009294       0x80 e:/gcc-arm-none-eabi-10.3-2021.10-win32/gcc-arm-none-eabi-10.3-2021.10/bin/../lib/gcc/arm-none-eabi/10.3.1/../../../../arm-none-eabi/lib/thumb/v7e-m+fp/hard\libc_nano.a(lib_a-mprec.o)
                0x08009294                _Balloc
 .text._Bfree   0x08009314       0x44 e:/gcc-arm-none-eabi-10.3-2021.10-win32/gcc-arm-none-eabi-10.3-2021.10/bin/../lib/gcc/arm-none-eabi/10.3.1/../../../../arm-none-eabi/lib/thumb/v7e-m+fp/hard\libc_nano.a(lib_a-mprec.o)
                0x08009314                _Bfree
 .text.__multadd
                0x08009358       0x8c e:/gcc-arm-none-eabi-10.3-2021.10-win32/gcc-arm-none-eabi-10.3-2021.10/bin/../lib/gcc/arm-none-eabi/10.3.1/../../../../arm-none-eabi/lib/thumb/v7e-m+fp/hard\libc_nano.a(lib_a-mprec.o)
                0x08009358                __multadd
 .text.__hi0bits
                0x080093e4       0x40 e:/gcc-arm-none-eabi-10.3-2021.10-win32/gcc-arm-none-eabi-10.3-2021.10/bin/../lib/gcc/arm-none-eabi/10.3.1/../../../../arm-none-eabi/lib/thumb/v7e-m+fp/hard\libc_nano.a(lib_a-mprec.o)
                0x080093e4                __hi0bits
 .text.__lo0bits
                0x08009424       0x5e e:/gcc-arm-none-eabi-10.3-2021.10-win32/gcc-arm-none-eabi-10.3-2021.10/bin/../lib/gcc/arm-none-eabi/10.3.1/../../../../arm-none-eabi/lib/thumb/v7e-m+fp/hard\libc_nano.a(lib_a-mprec.o)
                0x08009424                __lo0bits
 *fill*         0x08009482        0x2 
 .text.__i2b    0x08009484       0x2c e:/gcc-arm-none-eabi-10.3-2021.10-win32/gcc-arm-none-eabi-10.3-2021.10/bin/../lib/gcc/arm-none-eabi/10.3.1/../../../../arm-none-eabi/lib/thumb/v7e-m+fp/hard\libc_nano.a(lib_a-mprec.o)
                0x08009484                __i2b
 .text.__multiply
                0x080094b0      0x154 e:/gcc-arm-none-eabi-10.3-2021.10-win32/gcc-arm-none-eabi-10.3-2021.10/bin/../lib/gcc/arm-none-eabi/10.3.1/../../../../arm-none-eabi/lib/thumb/v7e-m+fp/hard\libc_nano.a(lib_a-mprec.o)
                0x080094b0                __multiply
 .text.__pow5mult
                0x08009604       0xb4 e:/gcc-arm-none-eabi-10.3-2021.10-win32/gcc-arm-none-eabi-10.3-2021.10/bin/../lib/gcc/arm-none-eabi/10.3.1/../../../../arm-none-eabi/lib/thumb/v7e-m+fp/hard\libc_nano.a(lib_a-mprec.o)
                0x08009604                __pow5mult
 .text.__lshift
                0x080096b8       0xe0 e:/gcc-arm-none-eabi-10.3-2021.10-win32/gcc-arm-none-eabi-10.3-2021.10/bin/../lib/gcc/arm-none-eabi/10.3.1/../../../../arm-none-eabi/lib/thumb/v7e-m+fp/hard\libc_nano.a(lib_a-mprec.o)
                0x080096b8                __lshift
 .text.__mcmp   0x08009798       0x38 e:/gcc-arm-none-eabi-10.3-2021.10-win32/gcc-arm-none-eabi-10.3-2021.10/bin/../lib/gcc/arm-none-eabi/10.3.1/../../../../arm-none-eabi/lib/thumb/v7e-m+fp/hard\libc_nano.a(lib_a-mprec.o)
                0x08009798                __mcmp
 .text.__mdiff  0x080097d0      0x114 e:/gcc-arm-none-eabi-10.3-2021.10-win32/gcc-arm-none-eabi-10.3-2021.10/bin/../lib/gcc/arm-none-eabi/10.3.1/../../../../arm-none-eabi/lib/thumb/v7e-m+fp/hard\libc_nano.a(lib_a-mprec.o)
                0x080097d0                __mdiff
 .text.__d2b    0x080098e4       0xb8 e:/gcc-arm-none-eabi-10.3-2021.10-win32/gcc-arm-none-eabi-10.3-2021.10/bin/../lib/gcc/arm-none-eabi/10.3.1/../../../../arm-none-eabi/lib/thumb/v7e-m+fp/hard\libc_nano.a(lib_a-mprec.o)
                0x080098e4                __d2b
 .text._calloc_r
                0x0800999c       0x2c e:/gcc-arm-none-eabi-10.3-2021.10-win32/gcc-arm-none-eabi-10.3-2021.10/bin/../lib/gcc/arm-none-eabi/10.3.1/../../../../arm-none-eabi/lib/thumb/v7e-m+fp/hard\libc_nano.a(lib_a-nano-callocr.o)
                0x0800999c                _calloc_r
 .text.__ssputs_r
                0x080099c8       0xb6 e:/gcc-arm-none-eabi-10.3-2021.10-win32/gcc-arm-none-eabi-10.3-2021.10/bin/../lib/gcc/arm-none-eabi/10.3.1/../../../../arm-none-eabi/lib/thumb/v7e-m+fp/hard\libc_nano.a(lib_a-nano-svfprintf.o)
                0x080099c8                __ssputs_r
 *fill*         0x08009a7e        0x2 
 .text._svfprintf_r
                0x08009a80      0x200 e:/gcc-arm-none-eabi-10.3-2021.10-win32/gcc-arm-none-eabi-10.3-2021.10/bin/../lib/gcc/arm-none-eabi/10.3.1/../../../../arm-none-eabi/lib/thumb/v7e-m+fp/hard\libc_nano.a(lib_a-nano-svfprintf.o)
                0x08009a80                _svfiprintf_r
                0x08009a80                _svfprintf_r
 .text.__assert_func
                0x08009c80       0x3c e:/gcc-arm-none-eabi-10.3-2021.10-win32/gcc-arm-none-eabi-10.3-2021.10/bin/../lib/gcc/arm-none-eabi/10.3.1/../../../../arm-none-eabi/lib/thumb/v7e-m+fp/hard\libc_nano.a(lib_a-assert.o)
                0x08009c80                __assert_func
 .text.fprintf  0x08009cbc       0x24 e:/gcc-arm-none-eabi-10.3-2021.10-win32/gcc-arm-none-eabi-10.3-2021.10/bin/../lib/gcc/arm-none-eabi/10.3.1/../../../../arm-none-eabi/lib/thumb/v7e-m+fp/hard\libc_nano.a(lib_a-fprintf.o)
                0x08009cbc                fiprintf
                0x08009cbc                fprintf
 .text.__retarget_lock_init_recursive
                0x08009ce0        0x2 e:/gcc-arm-none-eabi-10.3-2021.10-win32/gcc-arm-none-eabi-10.3-2021.10/bin/../lib/gcc/arm-none-eabi/10.3.1/../../../../arm-none-eabi/lib/thumb/v7e-m+fp/hard\libc_nano.a(lib_a-lock.o)
                0x08009ce0                __retarget_lock_init_recursive
 .text.__retarget_lock_acquire_recursive
                0x08009ce2        0x2 e:/gcc-arm-none-eabi-10.3-2021.10-win32/gcc-arm-none-eabi-10.3-2021.10/bin/../lib/gcc/arm-none-eabi/10.3.1/../../../../arm-none-eabi/lib/thumb/v7e-m+fp/hard\libc_nano.a(lib_a-lock.o)
                0x08009ce2                __retarget_lock_acquire_recursive
 .text.__retarget_lock_release_recursive
                0x08009ce4        0x2 e:/gcc-arm-none-eabi-10.3-2021.10-win32/gcc-arm-none-eabi-10.3-2021.10/bin/../lib/gcc/arm-none-eabi/10.3.1/../../../../arm-none-eabi/lib/thumb/v7e-m+fp/hard\libc_nano.a(lib_a-lock.o)
                0x08009ce4                __retarget_lock_release_recursive
 .text.__ascii_mbtowc
                0x08009ce6       0x24 e:/gcc-arm-none-eabi-10.3-2021.10-win32/gcc-arm-none-eabi-10.3-2021.10/bin/../lib/gcc/arm-none-eabi/10.3.1/../../../../arm-none-eabi/lib/thumb/v7e-m+fp/hard\libc_nano.a(lib_a-mbtowc_r.o)
                0x08009ce6                __ascii_mbtowc
 .text.memmove  0x08009d0a       0x34 e:/gcc-arm-none-eabi-10.3-2021.10-win32/gcc-arm-none-eabi-10.3-2021.10/bin/../lib/gcc/arm-none-eabi/10.3.1/../../../../arm-none-eabi/lib/thumb/v7e-m+fp/hard\libc_nano.a(lib_a-memmove.o)
                0x08009d0a                memmove
 .text._realloc_r
                0x08009d3e       0x5e e:/gcc-arm-none-eabi-10.3-2021.10-win32/gcc-arm-none-eabi-10.3-2021.10/bin/../lib/gcc/arm-none-eabi/10.3.1/../../../../arm-none-eabi/lib/thumb/v7e-m+fp/hard\libc_nano.a(lib_a-nano-reallocr.o)
                0x08009d3e                _realloc_r
 .text.__sfputc_r
                0x08009d9c       0x2e e:/gcc-arm-none-eabi-10.3-2021.10-win32/gcc-arm-none-eabi-10.3-2021.10/bin/../lib/gcc/arm-none-eabi/10.3.1/../../../../arm-none-eabi/lib/thumb/v7e-m+fp/hard\libc_nano.a(lib_a-nano-vfprintf.o)
 .text.__sfputs_r
                0x08009dca       0x24 e:/gcc-arm-none-eabi-10.3-2021.10-win32/gcc-arm-none-eabi-10.3-2021.10/bin/../lib/gcc/arm-none-eabi/10.3.1/../../../../arm-none-eabi/lib/thumb/v7e-m+fp/hard\libc_nano.a(lib_a-nano-vfprintf.o)
                0x08009dca                __sfputs_r
 *fill*         0x08009dee        0x2 
 .text._vfprintf_r
                0x08009df0      0x260 e:/gcc-arm-none-eabi-10.3-2021.10-win32/gcc-arm-none-eabi-10.3-2021.10/bin/../lib/gcc/arm-none-eabi/10.3.1/../../../../arm-none-eabi/lib/thumb/v7e-m+fp/hard\libc_nano.a(lib_a-nano-vfprintf.o)
                0x08009df0                _vfprintf_r
                0x08009df0                _vfiprintf_r
 .text.__swbuf_r
                0x0800a050       0xa4 e:/gcc-arm-none-eabi-10.3-2021.10-win32/gcc-arm-none-eabi-10.3-2021.10/bin/../lib/gcc/arm-none-eabi/10.3.1/../../../../arm-none-eabi/lib/thumb/v7e-m+fp/hard\libc_nano.a(lib_a-wbuf.o)
                0x0800a050                __swbuf_r
 .text.__ascii_wctomb
                0x0800a0f4       0x1a e:/gcc-arm-none-eabi-10.3-2021.10-win32/gcc-arm-none-eabi-10.3-2021.10/bin/../lib/gcc/arm-none-eabi/10.3.1/../../../../arm-none-eabi/lib/thumb/v7e-m+fp/hard\libc_nano.a(lib_a-wctomb_r.o)
                0x0800a0f4                __ascii_wctomb
 *fill*         0x0800a10e        0x2 
 .text.__swsetup_r
                0x0800a110       0xdc e:/gcc-arm-none-eabi-10.3-2021.10-win32/gcc-arm-none-eabi-10.3-2021.10/bin/../lib/gcc/arm-none-eabi/10.3.1/../../../../arm-none-eabi/lib/thumb/v7e-m+fp/hard\libc_nano.a(lib_a-wsetup.o)
                0x0800a110                __swsetup_r
 .text.abort    0x0800a1ec        0xe e:/gcc-arm-none-eabi-10.3-2021.10-win32/gcc-arm-none-eabi-10.3-2021.10/bin/../lib/gcc/arm-none-eabi/10.3.1/../../../../arm-none-eabi/lib/thumb/v7e-m+fp/hard\libc_nano.a(lib_a-abort.o)
                0x0800a1ec                abort
 *fill*         0x0800a1fa        0x2 
 .text.__sflush_r
                0x0800a1fc      0x10c e:/gcc-arm-none-eabi-10.3-2021.10-win32/gcc-arm-none-eabi-10.3-2021.10/bin/../lib/gcc/arm-none-eabi/10.3.1/../../../../arm-none-eabi/lib/thumb/v7e-m+fp/hard\libc_nano.a(lib_a-fflush.o)
                0x0800a1fc                __sflush_r
 .text._fflush_r
                0x0800a308       0x78 e:/gcc-arm-none-eabi-10.3-2021.10-win32/gcc-arm-none-eabi-10.3-2021.10/bin/../lib/gcc/arm-none-eabi/10.3.1/../../../../arm-none-eabi/lib/thumb/v7e-m+fp/hard\libc_nano.a(lib_a-fflush.o)
                0x0800a308                _fflush_r
 .text.std      0x0800a380       0x48 e:/gcc-arm-none-eabi-10.3-2021.10-win32/gcc-arm-none-eabi-10.3-2021.10/bin/../lib/gcc/arm-none-eabi/10.3.1/../../../../arm-none-eabi/lib/thumb/v7e-m+fp/hard\libc_nano.a(lib_a-findfp.o)
 .text._cleanup_r
                0x0800a3c8        0xc e:/gcc-arm-none-eabi-10.3-2021.10-win32/gcc-arm-none-eabi-10.3-2021.10/bin/../lib/gcc/arm-none-eabi/10.3.1/../../../../arm-none-eabi/lib/thumb/v7e-m+fp/hard\libc_nano.a(lib_a-findfp.o)
                0x0800a3c8                _cleanup_r
 .text.__sfmoreglue
                0x0800a3d4       0x2c e:/gcc-arm-none-eabi-10.3-2021.10-win32/gcc-arm-none-eabi-10.3-2021.10/bin/../lib/gcc/arm-none-eabi/10.3.1/../../../../arm-none-eabi/lib/thumb/v7e-m+fp/hard\libc_nano.a(lib_a-findfp.o)
                0x0800a3d4                __sfmoreglue
 .text.__sfp_lock_acquire
                0x0800a400        0xc e:/gcc-arm-none-eabi-10.3-2021.10-win32/gcc-arm-none-eabi-10.3-2021.10/bin/../lib/gcc/arm-none-eabi/10.3.1/../../../../arm-none-eabi/lib/thumb/v7e-m+fp/hard\libc_nano.a(lib_a-findfp.o)
                0x0800a400                __sfp_lock_acquire
 .text.__sfp_lock_release
                0x0800a40c        0xc e:/gcc-arm-none-eabi-10.3-2021.10-win32/gcc-arm-none-eabi-10.3-2021.10/bin/../lib/gcc/arm-none-eabi/10.3.1/../../../../arm-none-eabi/lib/thumb/v7e-m+fp/hard\libc_nano.a(lib_a-findfp.o)
                0x0800a40c                __sfp_lock_release
 .text.__sinit_lock_acquire
                0x0800a418        0xc e:/gcc-arm-none-eabi-10.3-2021.10-win32/gcc-arm-none-eabi-10.3-2021.10/bin/../lib/gcc/arm-none-eabi/10.3.1/../../../../arm-none-eabi/lib/thumb/v7e-m+fp/hard\libc_nano.a(lib_a-findfp.o)
                0x0800a418                __sinit_lock_acquire
 .text.__sinit_lock_release
                0x0800a424        0xc e:/gcc-arm-none-eabi-10.3-2021.10-win32/gcc-arm-none-eabi-10.3-2021.10/bin/../lib/gcc/arm-none-eabi/10.3.1/../../../../arm-none-eabi/lib/thumb/v7e-m+fp/hard\libc_nano.a(lib_a-findfp.o)
                0x0800a424                __sinit_lock_release
 .text.__sinit  0x0800a430       0x70 e:/gcc-arm-none-eabi-10.3-2021.10-win32/gcc-arm-none-eabi-10.3-2021.10/bin/../lib/gcc/arm-none-eabi/10.3.1/../../../../arm-none-eabi/lib/thumb/v7e-m+fp/hard\libc_nano.a(lib_a-findfp.o)
                0x0800a430                __sinit
 .text.__sfp    0x0800a4a0       0x8c e:/gcc-arm-none-eabi-10.3-2021.10-win32/gcc-arm-none-eabi-10.3-2021.10/bin/../lib/gcc/arm-none-eabi/10.3.1/../../../../arm-none-eabi/lib/thumb/v7e-m+fp/hard\libc_nano.a(lib_a-findfp.o)
                0x0800a4a0                __sfp
 .text._fwalk_reent
                0x0800a52c       0x3e e:/gcc-arm-none-eabi-10.3-2021.10-win32/gcc-arm-none-eabi-10.3-2021.10/bin/../lib/gcc/arm-none-eabi/10.3.1/../../../../arm-none-eabi/lib/thumb/v7e-m+fp/hard\libc_nano.a(lib_a-fwalk.o)
                0x0800a52c                _fwalk_reent
 .text.__swhatbuf_r
                0x0800a56a       0x4a e:/gcc-arm-none-eabi-10.3-2021.10-win32/gcc-arm-none-eabi-10.3-2021.10/bin/../lib/gcc/arm-none-eabi/10.3.1/../../../../arm-none-eabi/lib/thumb/v7e-m+fp/hard\libc_nano.a(lib_a-makebuf.o)
                0x0800a56a                __swhatbuf_r
 .text.__smakebuf_r
                0x0800a5b4       0x80 e:/gcc-arm-none-eabi-10.3-2021.10-win32/gcc-arm-none-eabi-10.3-2021.10/bin/../lib/gcc/arm-none-eabi/10.3.1/../../../../arm-none-eabi/lib/thumb/v7e-m+fp/hard\libc_nano.a(lib_a-makebuf.o)
                0x0800a5b4                __smakebuf_r
 .text._malloc_usable_size_r
                0x0800a634       0x10 e:/gcc-arm-none-eabi-10.3-2021.10-win32/gcc-arm-none-eabi-10.3-2021.10/bin/../lib/gcc/arm-none-eabi/10.3.1/../../../../arm-none-eabi/lib/thumb/v7e-m+fp/hard\libc_nano.a(lib_a-nano-msizer.o)
                0x0800a634                _malloc_usable_size_r
 .text._raise_r
                0x0800a644       0x50 e:/gcc-arm-none-eabi-10.3-2021.10-win32/gcc-arm-none-eabi-10.3-2021.10/bin/../lib/gcc/arm-none-eabi/10.3.1/../../../../arm-none-eabi/lib/thumb/v7e-m+fp/hard\libc_nano.a(lib_a-signal.o)
                0x0800a644                _raise_r
 .text.raise    0x0800a694       0x10 e:/gcc-arm-none-eabi-10.3-2021.10-win32/gcc-arm-none-eabi-10.3-2021.10/bin/../lib/gcc/arm-none-eabi/10.3.1/../../../../arm-none-eabi/lib/thumb/v7e-m+fp/hard\libc_nano.a(lib_a-signal.o)
                0x0800a694                raise
 .text._kill_r  0x0800a6a4       0x24 e:/gcc-arm-none-eabi-10.3-2021.10-win32/gcc-arm-none-eabi-10.3-2021.10/bin/../lib/gcc/arm-none-eabi/10.3.1/../../../../arm-none-eabi/lib/thumb/v7e-m+fp/hard\libc_nano.a(lib_a-signalr.o)
                0x0800a6a4                _kill_r
 .text._getpid_r
                0x0800a6c8        0x4 e:/gcc-arm-none-eabi-10.3-2021.10-win32/gcc-arm-none-eabi-10.3-2021.10/bin/../lib/gcc/arm-none-eabi/10.3.1/../../../../arm-none-eabi/lib/thumb/v7e-m+fp/hard\libc_nano.a(lib_a-signalr.o)
                0x0800a6c8                _getpid_r
 .text.__sread  0x0800a6cc       0x22 e:/gcc-arm-none-eabi-10.3-2021.10-win32/gcc-arm-none-eabi-10.3-2021.10/bin/../lib/gcc/arm-none-eabi/10.3.1/../../../../arm-none-eabi/lib/thumb/v7e-m+fp/hard\libc_nano.a(lib_a-stdio.o)
                0x0800a6cc                __sread
 .text.__swrite
                0x0800a6ee       0x38 e:/gcc-arm-none-eabi-10.3-2021.10-win32/gcc-arm-none-eabi-10.3-2021.10/bin/../lib/gcc/arm-none-eabi/10.3.1/../../../../arm-none-eabi/lib/thumb/v7e-m+fp/hard\libc_nano.a(lib_a-stdio.o)
                0x0800a6ee                __swrite
 .text.__sseek  0x0800a726       0x24 e:/gcc-arm-none-eabi-10.3-2021.10-win32/gcc-arm-none-eabi-10.3-2021.10/bin/../lib/gcc/arm-none-eabi/10.3.1/../../../../arm-none-eabi/lib/thumb/v7e-m+fp/hard\libc_nano.a(lib_a-stdio.o)
                0x0800a726                __sseek
 .text.__sclose
                0x0800a74a        0x8 e:/gcc-arm-none-eabi-10.3-2021.10-win32/gcc-arm-none-eabi-10.3-2021.10/bin/../lib/gcc/arm-none-eabi/10.3.1/../../../../arm-none-eabi/lib/thumb/v7e-m+fp/hard\libc_nano.a(lib_a-stdio.o)
                0x0800a74a                __sclose
 *fill*         0x0800a752        0x2 
 .text._write_r
                0x0800a754       0x24 e:/gcc-arm-none-eabi-10.3-2021.10-win32/gcc-arm-none-eabi-10.3-2021.10/bin/../lib/gcc/arm-none-eabi/10.3.1/../../../../arm-none-eabi/lib/thumb/v7e-m+fp/hard\libc_nano.a(lib_a-writer.o)
                0x0800a754                _write_r
 .text._close_r
                0x0800a778       0x20 e:/gcc-arm-none-eabi-10.3-2021.10-win32/gcc-arm-none-eabi-10.3-2021.10/bin/../lib/gcc/arm-none-eabi/10.3.1/../../../../arm-none-eabi/lib/thumb/v7e-m+fp/hard\libc_nano.a(lib_a-closer.o)
                0x0800a778                _close_r
 .text._fstat_r
                0x0800a798       0x24 e:/gcc-arm-none-eabi-10.3-2021.10-win32/gcc-arm-none-eabi-10.3-2021.10/bin/../lib/gcc/arm-none-eabi/10.3.1/../../../../arm-none-eabi/lib/thumb/v7e-m+fp/hard\libc_nano.a(lib_a-fstatr.o)
                0x0800a798                _fstat_r
 .text._isatty_r
                0x0800a7bc       0x20 e:/gcc-arm-none-eabi-10.3-2021.10-win32/gcc-arm-none-eabi-10.3-2021.10/bin/../lib/gcc/arm-none-eabi/10.3.1/../../../../arm-none-eabi/lib/thumb/v7e-m+fp/hard\libc_nano.a(lib_a-isattyr.o)
                0x0800a7bc                _isatty_r
 .text._lseek_r
                0x0800a7dc       0x24 e:/gcc-arm-none-eabi-10.3-2021.10-win32/gcc-arm-none-eabi-10.3-2021.10/bin/../lib/gcc/arm-none-eabi/10.3.1/../../../../arm-none-eabi/lib/thumb/v7e-m+fp/hard\libc_nano.a(lib_a-lseekr.o)
                0x0800a7dc                _lseek_r
 .text._read_r  0x0800a800       0x24 e:/gcc-arm-none-eabi-10.3-2021.10-win32/gcc-arm-none-eabi-10.3-2021.10/bin/../lib/gcc/arm-none-eabi/10.3.1/../../../../arm-none-eabi/lib/thumb/v7e-m+fp/hard\libc_nano.a(lib_a-readr.o)
                0x0800a800                _read_r
 *fill*         0x0800a824        0x4 
 .text.pow      0x0800a828       0xf0 e:/gcc-arm-none-eabi-10.3-2021.10-win32/gcc-arm-none-eabi-10.3-2021.10/bin/../lib/gcc/arm-none-eabi/10.3.1/../../../../arm-none-eabi/lib/thumb/v7e-m+fp/hard\libm.a(lib_a-w_pow.o)
                0x0800a828                pow
 .text.__ieee754_pow
                0x0800a918      0xb74 e:/gcc-arm-none-eabi-10.3-2021.10-win32/gcc-arm-none-eabi-10.3-2021.10/bin/../lib/gcc/arm-none-eabi/10.3.1/../../../../arm-none-eabi/lib/thumb/v7e-m+fp/hard\libm.a(lib_a-e_pow.o)
                0x0800a918                __ieee754_pow
 .text.__ieee754_sqrt
                0x0800b48c      0x198 e:/gcc-arm-none-eabi-10.3-2021.10-win32/gcc-arm-none-eabi-10.3-2021.10/bin/../lib/gcc/arm-none-eabi/10.3.1/../../../../arm-none-eabi/lib/thumb/v7e-m+fp/hard\libm.a(lib_a-e_sqrt.o)
                0x0800b48c                __ieee754_sqrt
 .text.with_errno
                0x0800b624       0x18 e:/gcc-arm-none-eabi-10.3-2021.10-win32/gcc-arm-none-eabi-10.3-2021.10/bin/../lib/gcc/arm-none-eabi/10.3.1/../../../../arm-none-eabi/lib/thumb/v7e-m+fp/hard\libm.a(lib_a-math_err.o)
 .text.xflow    0x0800b63c       0x2c e:/gcc-arm-none-eabi-10.3-2021.10-win32/gcc-arm-none-eabi-10.3-2021.10/bin/../lib/gcc/arm-none-eabi/10.3.1/../../../../arm-none-eabi/lib/thumb/v7e-m+fp/hard\libm.a(lib_a-math_err.o)
 .text.__math_uflow
                0x0800b668       0x14 e:/gcc-arm-none-eabi-10.3-2021.10-win32/gcc-arm-none-eabi-10.3-2021.10/bin/../lib/gcc/arm-none-eabi/10.3.1/../../../../arm-none-eabi/lib/thumb/v7e-m+fp/hard\libm.a(lib_a-math_err.o)
                0x0800b668                __math_uflow
 .text.__math_oflow
                0x0800b67c       0x14 e:/gcc-arm-none-eabi-10.3-2021.10-win32/gcc-arm-none-eabi-10.3-2021.10/bin/../lib/gcc/arm-none-eabi/10.3.1/../../../../arm-none-eabi/lib/thumb/v7e-m+fp/hard\libm.a(lib_a-math_err.o)
                0x0800b67c                __math_oflow
 .text.fabs     0x0800b690       0x14 e:/gcc-arm-none-eabi-10.3-2021.10-win32/gcc-arm-none-eabi-10.3-2021.10/bin/../lib/gcc/arm-none-eabi/10.3.1/../../../../arm-none-eabi/lib/thumb/v7e-m+fp/hard\libm.a(lib_a-s_fabs.o)
                0x0800b690                fabs
 .text.finite   0x0800b6a4       0x18 e:/gcc-arm-none-eabi-10.3-2021.10-win32/gcc-arm-none-eabi-10.3-2021.10/bin/../lib/gcc/arm-none-eabi/10.3.1/../../../../arm-none-eabi/lib/thumb/v7e-m+fp/hard\libm.a(lib_a-s_finite.o)
                0x0800b6a4                finite
 *fill*         0x0800b6bc        0x4 
 .text.scalbn   0x0800b6c0      0x124 e:/gcc-arm-none-eabi-10.3-2021.10-win32/gcc-arm-none-eabi-10.3-2021.10/bin/../lib/gcc/arm-none-eabi/10.3.1/../../../../arm-none-eabi/lib/thumb/v7e-m+fp/hard\libm.a(lib_a-s_scalbn.o)
                0x0800b6c0                scalbn
 .text._close   0x0800b7e4       0x10 e:/gcc-arm-none-eabi-10.3-2021.10-win32/gcc-arm-none-eabi-10.3-2021.10/bin/../lib/gcc/arm-none-eabi/10.3.1/../../../../arm-none-eabi/lib/thumb/v7e-m+fp/hard\libnosys.a(close.o)
                0x0800b7e4                _close
 .text._fstat   0x0800b7f4       0x10 e:/gcc-arm-none-eabi-10.3-2021.10-win32/gcc-arm-none-eabi-10.3-2021.10/bin/../lib/gcc/arm-none-eabi/10.3.1/../../../../arm-none-eabi/lib/thumb/v7e-m+fp/hard\libnosys.a(fstat.o)
                0x0800b7f4                _fstat
 .text._getpid  0x0800b804       0x10 e:/gcc-arm-none-eabi-10.3-2021.10-win32/gcc-arm-none-eabi-10.3-2021.10/bin/../lib/gcc/arm-none-eabi/10.3.1/../../../../arm-none-eabi/lib/thumb/v7e-m+fp/hard\libnosys.a(getpid.o)
                0x0800b804                _getpid
 .text._isatty  0x0800b814       0x10 e:/gcc-arm-none-eabi-10.3-2021.10-win32/gcc-arm-none-eabi-10.3-2021.10/bin/../lib/gcc/arm-none-eabi/10.3.1/../../../../arm-none-eabi/lib/thumb/v7e-m+fp/hard\libnosys.a(isatty.o)
                0x0800b814                _isatty
 .text._kill    0x0800b824       0x10 e:/gcc-arm-none-eabi-10.3-2021.10-win32/gcc-arm-none-eabi-10.3-2021.10/bin/../lib/gcc/arm-none-eabi/10.3.1/../../../../arm-none-eabi/lib/thumb/v7e-m+fp/hard\libnosys.a(kill.o)
                0x0800b824                _kill
 .text._lseek   0x0800b834       0x10 e:/gcc-arm-none-eabi-10.3-2021.10-win32/gcc-arm-none-eabi-10.3-2021.10/bin/../lib/gcc/arm-none-eabi/10.3.1/../../../../arm-none-eabi/lib/thumb/v7e-m+fp/hard\libnosys.a(lseek.o)
                0x0800b834                _lseek
 .text._read    0x0800b844       0x10 e:/gcc-arm-none-eabi-10.3-2021.10-win32/gcc-arm-none-eabi-10.3-2021.10/bin/../lib/gcc/arm-none-eabi/10.3.1/../../../../arm-none-eabi/lib/thumb/v7e-m+fp/hard\libnosys.a(read.o)
                0x0800b844                _read
 .text._sbrk    0x0800b854       0x1c e:/gcc-arm-none-eabi-10.3-2021.10-win32/gcc-arm-none-eabi-10.3-2021.10/bin/../lib/gcc/arm-none-eabi/10.3.1/../../../../arm-none-eabi/lib/thumb/v7e-m+fp/hard\libnosys.a(sbrk.o)
                0x0800b854                _sbrk
 .text._write   0x0800b870       0x10 e:/gcc-arm-none-eabi-10.3-2021.10-win32/gcc-arm-none-eabi-10.3-2021.10/bin/../lib/gcc/arm-none-eabi/10.3.1/../../../../arm-none-eabi/lib/thumb/v7e-m+fp/hard\libnosys.a(write.o)
                0x0800b870                _write
 .text._exit    0x0800b880        0x4 e:/gcc-arm-none-eabi-10.3-2021.10-win32/gcc-arm-none-eabi-10.3-2021.10/bin/../lib/gcc/arm-none-eabi/10.3.1/../../../../arm-none-eabi/lib/thumb/v7e-m+fp/hard\libnosys.a(_exit.o)
                0x0800b880                _exit
 .text.__errno  0x0800b884        0xc e:/gcc-arm-none-eabi-10.3-2021.10-win32/gcc-arm-none-eabi-10.3-2021.10/bin/../lib/gcc/arm-none-eabi/10.3.1/../../../../arm-none-eabi/lib/thumb/v7e-m+fp/hard\libc_nano.a(lib_a-errno.o)
                0x0800b884                __errno
 *(.glue_7)
 .glue_7        0x0800b890        0x0 linker stubs
 *(.glue_7t)
 .glue_7t       0x0800b890        0x0 linker stubs
 *(.eh_frame)
 .eh_frame      0x0800b890        0x0 e:/gcc-arm-none-eabi-10.3-2021.10-win32/gcc-arm-none-eabi-10.3-2021.10/bin/../lib/gcc/arm-none-eabi/10.3.1/thumb/v7e-m+fp/hard/crtbegin.o
 *(.init)
 .init          0x0800b890        0x4 e:/gcc-arm-none-eabi-10.3-2021.10-win32/gcc-arm-none-eabi-10.3-2021.10/bin/../lib/gcc/arm-none-eabi/10.3.1/thumb/v7e-m+fp/hard/crti.o
                0x0800b890                _init
 .init          0x0800b894        0x8 e:/gcc-arm-none-eabi-10.3-2021.10-win32/gcc-arm-none-eabi-10.3-2021.10/bin/../lib/gcc/arm-none-eabi/10.3.1/thumb/v7e-m+fp/hard/crtn.o
 *(.fini)
 .fini          0x0800b89c        0x4 e:/gcc-arm-none-eabi-10.3-2021.10-win32/gcc-arm-none-eabi-10.3-2021.10/bin/../lib/gcc/arm-none-eabi/10.3.1/thumb/v7e-m+fp/hard/crti.o
                0x0800b89c                _fini
 .fini          0x0800b8a0        0x8 e:/gcc-arm-none-eabi-10.3-2021.10-win32/gcc-arm-none-eabi-10.3-2021.10/bin/../lib/gcc/arm-none-eabi/10.3.1/thumb/v7e-m+fp/hard/crtn.o
                0x0800b8a8                . = ALIGN (0x8)
                0x0800b8a8                _etext = .

.vfp11_veneer   0x0800b8a8        0x0
 .vfp11_veneer  0x0800b8a8        0x0 linker stubs

.v4_bx          0x0800b8a8        0x0
 .v4_bx         0x0800b8a8        0x0 linker stubs

.iplt           0x0800b8a8        0x0
 .iplt          0x0800b8a8        0x0 e:/gcc-arm-none-eabi-10.3-2021.10-win32/gcc-arm-none-eabi-10.3-2021.10/bin/../lib/gcc/arm-none-eabi/10.3.1/thumb/v7e-m+fp/hard/crtbegin.o

.rodata         0x0800b8a8      0xd60
                0x0800b8a8                . = ALIGN (0x8)
 *(.rodata)
 .rodata        0x0800b8a8        0x3 build/main.o
 *(.rodata*)
 *fill*         0x0800b8ab        0x1 
 .rodata.LED_Test.str1.4
                0x0800b8ac       0x45 build/main.o
 *fill*         0x0800b8f1        0x3 
 .rodata.Flash_Test.str1.4
                0x0800b8f4       0x6f build/main.o
 *fill*         0x0800b963        0x1 
 .rodata.BDS_Test.str1.4
                0x0800b964        0x5 build/main.o
 *fill*         0x0800b969        0x3 
 .rodata.LDR_Value_Get.str1.4
                0x0800b96c       0x47 build/main.o
 *fill*         0x0800b9b3        0x1 
 .rodata.Battery_Test.str1.4
                0x0800b9b4       0x10 build/main.o
 .rodata.main.str1.4
                0x0800b9c4       0x19 build/main.o
 *fill*         0x0800b9dd        0x3 
 .rodata.shellCmdLDR_Get
                0x0800b9e0        0x8 build/main.o
                0x0800b9e0                shellCmdLDR_Get
 .rodata.shellCmdbattery
                0x0800b9e8        0x8 build/main.o
                0x0800b9e8                shellCmdbattery
 .rodata.shellCmdbds_test
                0x0800b9f0        0x9 build/main.o
                0x0800b9f0                shellCmdbds_test
 *fill*         0x0800b9f9        0x3 
 .rodata.shellCmdflash_test
                0x0800b9fc        0xb build/main.o
                0x0800b9fc                shellCmdflash_test
 *fill*         0x0800ba07        0x1 
 .rodata.shellCmdled
                0x0800ba08        0x4 build/main.o
                0x0800ba08                shellCmdled
 .rodata.shellCmdrs485_send
                0x0800ba0c        0xb build/main.o
                0x0800ba0c                shellCmdrs485_send
 *fill*         0x0800ba17        0x1 
 .rodata.shellDescLDR_Get
                0x0800ba18        0xe build/main.o
                0x0800ba18                shellDescLDR_Get
 *fill*         0x0800ba26        0x2 
 .rodata.shellDescbattery
                0x0800ba28       0x1a build/main.o
                0x0800ba28                shellDescbattery
 *fill*         0x0800ba42        0x2 
 .rodata.shellDescbds_test
                0x0800ba44        0xd build/main.o
                0x0800ba44                shellDescbds_test
 *fill*         0x0800ba51        0x3 
 .rodata.shellDescflash_test
                0x0800ba54       0x10 build/main.o
                0x0800ba54                shellDescflash_test
 .rodata.shellDescled
                0x0800ba64        0xe build/main.o
                0x0800ba64                shellDescled
 *fill*         0x0800ba72        0x2 
 .rodata.shellDescrs485_send
                0x0800ba74       0x10 build/main.o
                0x0800ba74                shellDescrs485_send
 .rodata.AHBPrescTable
                0x0800ba84       0x10 build/system_stm32l4xx.o
                0x0800ba84                AHBPrescTable
 .rodata.APBPrescTable
                0x0800ba94        0x8 build/system_stm32l4xx.o
                0x0800ba94                APBPrescTable
 .rodata.MSIRangeTable
                0x0800ba9c       0x30 build/system_stm32l4xx.o
                0x0800ba9c                MSIRangeTable
 .rodata.shellWriteCommandDesc.str1.4
                0x0800bacc        0x4 build/shell.o
 .rodata.shellWritePrompt.str1.4
                0x0800bad0       0x23 build/shell.o
                                 0x27 (size before relaxing)
 *fill*         0x0800baf3        0x1 
 .rodata.shellCheckPassword.str1.4
                0x0800baf4      0x16f build/shell.o
 *fill*         0x0800bc63        0x1 
 .rodata.shellClear.str1.4
                0x0800bc64        0x9 build/shell.o
 *fill*         0x0800bc6d        0x3 
 .rodata.shellWriteReturnValue.str1.4
                0x0800bc70       0x20 build/shell.o
 .rodata.shellListItem.str1.4
                0x0800bc90       0x2b build/shell.o
 *fill*         0x0800bcbb        0x1 
 .rodata.shellListCommand.str1.4
                0x0800bcbc       0x12 build/shell.o
 *fill*         0x0800bcce        0x2 
 .rodata.shellListVar.str1.4
                0x0800bcd0        0xe build/shell.o
 *fill*         0x0800bcde        0x2 
 .rodata.shellListUser.str1.4
                0x0800bce0        0xf build/shell.o
 *fill*         0x0800bcef        0x1 
 .rodata.shellListKey.str1.4
                0x0800bcf0        0xe build/shell.o
 *fill*         0x0800bcfe        0x2 
 .rodata.shellDeleteCommandLine.str1.4
                0x0800bd00        0x4 build/shell.o
 .rodata.shellInsertByte.str1.4
                0x0800bd04       0x21 build/shell.o
 *fill*         0x0800bd25        0x3 
 .rodata.shellWriteCommandHelp.str1.4
                0x0800bd28       0x28 build/shell.o
 .rodata.shellShowVar.str1.4
                0x0800bd50        0x6 build/shell.o
 *fill*         0x0800bd56        0x2 
 .rodata.shellSetVarValue.str1.4
                0x0800bd58       0x30 build/shell.o
 .rodata.shellSetVar.str1.4
                0x0800bd88       0x20 build/shell.o
 .rodata.shellInit.str1.4
                0x0800bda8        0x7 build/shell.o
 *fill*         0x0800bdaf        0x1 
 .rodata.shellCmdDefaultUser
                0x0800bdb0        0x7 build/shell.o
                0x0800bdb0                shellCmdDefaultUser
 *fill*         0x0800bdb7        0x1 
 .rodata.shellCmdclear
                0x0800bdb8        0x6 build/shell.o
                0x0800bdb8                shellCmdclear
 *fill*         0x0800bdbe        0x2 
 .rodata.shellCmdcmds
                0x0800bdc0        0x5 build/shell.o
                0x0800bdc0                shellCmdcmds
 *fill*         0x0800bdc5        0x3 
 .rodata.shellCmdhelp
                0x0800bdc8        0x5 build/shell.o
                0x0800bdc8                shellCmdhelp
 *fill*         0x0800bdcd        0x3 
 .rodata.shellCmdkeys
                0x0800bdd0        0x5 build/shell.o
                0x0800bdd0                shellCmdkeys
 *fill*         0x0800bdd5        0x3 
 .rodata.shellCmdsetVar
                0x0800bdd8        0x7 build/shell.o
                0x0800bdd8                shellCmdsetVar
 *fill*         0x0800bddf        0x1 
 .rodata.shellCmdusers
                0x0800bde0        0x6 build/shell.o
                0x0800bde0                shellCmdusers
 *fill*         0x0800bde6        0x2 
 .rodata.shellCmdvars
                0x0800bde8        0x5 build/shell.o
                0x0800bde8                shellCmdvars
 *fill*         0x0800bded        0x3 
 .rodata.shellDesDefaultUser
                0x0800bdf0        0xd build/shell.o
                0x0800bdf0                shellDesDefaultUser
 *fill*         0x0800bdfd        0x3 
 .rodata.shellDesc0x08000000
                0x0800be00        0xa build/shell.o
                0x0800be00                shellDesc0x08000000
 *fill*         0x0800be0a        0x2 
 .rodata.shellDesc0x09000000
                0x0800be0c        0x4 build/shell.o
                0x0800be0c                shellDesc0x09000000
 .rodata.shellDesc0x0A000000
                0x0800be10        0x6 build/shell.o
                0x0800be10                shellDesc0x0A000000
 *fill*         0x0800be16        0x2 
 .rodata.shellDesc0x0D000000
                0x0800be18        0x6 build/shell.o
                0x0800be18                shellDesc0x0D000000
 *fill*         0x0800be1e        0x2 
 .rodata.shellDesc0x1B5B337E
                0x0800be20        0x7 build/shell.o
                0x0800be20                shellDesc0x1B5B337E
 *fill*         0x0800be27        0x1 
 .rodata.shellDesc0x1B5B4100
                0x0800be28        0x3 build/shell.o
                0x0800be28                shellDesc0x1B5B4100
 *fill*         0x0800be2b        0x1 
 .rodata.shellDesc0x1B5B4200
                0x0800be2c        0x5 build/shell.o
                0x0800be2c                shellDesc0x1B5B4200
 *fill*         0x0800be31        0x3 
 .rodata.shellDesc0x1B5B4300
                0x0800be34        0x6 build/shell.o
                0x0800be34                shellDesc0x1B5B4300
 *fill*         0x0800be3a        0x2 
 .rodata.shellDesc0x1B5B4400
                0x0800be3c        0x5 build/shell.o
                0x0800be3c                shellDesc0x1B5B4400
 *fill*         0x0800be41        0x3 
 .rodata.shellDesc0x7F000000
                0x0800be44        0xa build/shell.o
                0x0800be44                shellDesc0x7F000000
 *fill*         0x0800be4e        0x2 
 .rodata.shellDescclear
                0x0800be50        0xe build/shell.o
                0x0800be50                shellDescclear
 *fill*         0x0800be5e        0x2 
 .rodata.shellDesccmds
                0x0800be60        0xd build/shell.o
                0x0800be60                shellDesccmds
 *fill*         0x0800be6d        0x3 
 .rodata.shellDeschelp
                0x0800be70       0x1e build/shell.o
                0x0800be70                shellDeschelp
 *fill*         0x0800be8e        0x2 
 .rodata.shellDesckeys
                0x0800be90        0xd build/shell.o
                0x0800be90                shellDesckeys
 *fill*         0x0800be9d        0x3 
 .rodata.shellDescsetVar
                0x0800bea0        0x8 build/shell.o
                0x0800bea0                shellDescsetVar
 .rodata.shellDescusers
                0x0800bea8        0xe build/shell.o
                0x0800bea8                shellDescusers
 *fill*         0x0800beb6        0x2 
 .rodata.shellDescvars
                0x0800beb8        0xd build/shell.o
                0x0800beb8                shellDescvars
 *fill*         0x0800bec5        0x3 
 .rodata.shellPasswordDefaultUser
                0x0800bec8        0x1 build/shell.o
                0x0800bec8                shellPasswordDefaultUser
 *fill*         0x0800bec9        0x3 
 .rodata.HAL_UART_TxCpltCallback.str1.4
                0x0800becc       0x12 build/usart.o
 *fill*         0x0800bede        0x2 
 .rodata.ec2x_handler.str1.4
                0x0800bee0        0x3 build/EC2x.o
 *fill*         0x0800bee3        0x1 
 .rodata.ec2x_reset.str1.4
                0x0800bee4        0x8 build/EC2x.o
 .rodata.ec2x_tcp_connect.str1.4
                0x0800beec       0x16 build/EC2x.o
 *fill*         0x0800bf02        0x2 
 .rodata.EC2x_Test.str1.4
                0x0800bf04       0x15 build/EC2x.o
                                 0x21 (size before relaxing)
 *fill*         0x0800bf19        0x3 
 .rodata.str1.4
                0x0800bf1c       0x99 build/EC2x.o
 *fill*         0x0800bfb5        0x3 
 .rodata.shellCmdec2x_send
                0x0800bfb8        0xa build/EC2x.o
                0x0800bfb8                shellCmdec2x_send
 *fill*         0x0800bfc2        0x2 
 .rodata.shellDescec2x_send
                0x0800bfc4        0xa build/EC2x.o
                0x0800bfc4                shellDescec2x_send
 *fill*         0x0800bfce        0x2 
 .rodata.SX1278_LoRaRxPacket.str1.4
                0x0800bfd0       0x1e build/SX1278.o
 *fill*         0x0800bfee        0x2 
 .rodata.LORA_Send.str1.4
                0x0800bff0       0x1b build/SX1278.o
 *fill*         0x0800c00b        0x1 
 .rodata.SX1278_CRC_Sum
                0x0800c00c        0x2 build/SX1278.o
 *fill*         0x0800c00e        0x2 
 .rodata.SX1278_CodingRate
                0x0800c010        0x4 build/SX1278.o
 .rodata.SX1278_LoRaBandwidth
                0x0800c014        0xa build/SX1278.o
 *fill*         0x0800c01e        0x2 
 .rodata.SX1278_Power
                0x0800c020        0x4 build/SX1278.o
 .rodata.SX1278_SpreadFactor
                0x0800c024        0x7 build/SX1278.o
 *fill*         0x0800c02b        0x1 
 .rodata.shellCmdlora_send
                0x0800c02c        0xa build/SX1278.o
                0x0800c02c                shellCmdlora_send
 *fill*         0x0800c036        0x2 
 .rodata.shellDesclora_send
                0x0800c038        0xa build/SX1278.o
                0x0800c038                shellDesclora_send
 *fill*         0x0800c042        0x2 
 .rodata._global_impure_ptr
                0x0800c044        0x4 e:/gcc-arm-none-eabi-10.3-2021.10-win32/gcc-arm-none-eabi-10.3-2021.10/bin/../lib/gcc/arm-none-eabi/10.3.1/../../../../arm-none-eabi/lib/thumb/v7e-m+fp/hard\libc_nano.a(lib_a-impure.o)
                0x0800c044                _global_impure_ptr
 .rodata._printf_float.str1.1
                0x0800c048       0x12 e:/gcc-arm-none-eabi-10.3-2021.10-win32/gcc-arm-none-eabi-10.3-2021.10/bin/../lib/gcc/arm-none-eabi/10.3.1/../../../../arm-none-eabi/lib/thumb/v7e-m+fp/hard\libc_nano.a(lib_a-nano-vfprintf_float.o)
 .rodata._printf_i.str1.1
                0x0800c05a       0x22 e:/gcc-arm-none-eabi-10.3-2021.10-win32/gcc-arm-none-eabi-10.3-2021.10/bin/../lib/gcc/arm-none-eabi/10.3.1/../../../../arm-none-eabi/lib/thumb/v7e-m+fp/hard\libc_nano.a(lib_a-nano-vfprintf_i.o)
 .rodata._dtoa_r.str1.1
                0x0800c07c       0xb3 e:/gcc-arm-none-eabi-10.3-2021.10-win32/gcc-arm-none-eabi-10.3-2021.10/bin/../lib/gcc/arm-none-eabi/10.3.1/../../../../arm-none-eabi/lib/thumb/v7e-m+fp/hard\libc_nano.a(lib_a-dtoa.o)
                                 0xb5 (size before relaxing)
 .rodata._Balloc.str1.1
                0x0800c12f       0x7f e:/gcc-arm-none-eabi-10.3-2021.10-win32/gcc-arm-none-eabi-10.3-2021.10/bin/../lib/gcc/arm-none-eabi/10.3.1/../../../../arm-none-eabi/lib/thumb/v7e-m+fp/hard\libc_nano.a(lib_a-mprec.o)
                                 0x96 (size before relaxing)
 .rodata.__multadd.str1.1
                0x0800c1ae       0x11 e:/gcc-arm-none-eabi-10.3-2021.10-win32/gcc-arm-none-eabi-10.3-2021.10/bin/../lib/gcc/arm-none-eabi/10.3.1/../../../../arm-none-eabi/lib/thumb/v7e-m+fp/hard\libc_nano.a(lib_a-mprec.o)
 *fill*         0x0800c1ae        0x2 
 .rodata.__mprec_bigtens
                0x0800c1b0       0x28 e:/gcc-arm-none-eabi-10.3-2021.10-win32/gcc-arm-none-eabi-10.3-2021.10/bin/../lib/gcc/arm-none-eabi/10.3.1/../../../../arm-none-eabi/lib/thumb/v7e-m+fp/hard\libc_nano.a(lib_a-mprec.o)
                0x0800c1b0                __mprec_bigtens
 .rodata.__mprec_tens
                0x0800c1d8       0xc8 e:/gcc-arm-none-eabi-10.3-2021.10-win32/gcc-arm-none-eabi-10.3-2021.10/bin/../lib/gcc/arm-none-eabi/10.3.1/../../../../arm-none-eabi/lib/thumb/v7e-m+fp/hard\libc_nano.a(lib_a-mprec.o)
                0x0800c1d8                __mprec_tens
 .rodata.p05.0  0x0800c2a0        0xc e:/gcc-arm-none-eabi-10.3-2021.10-win32/gcc-arm-none-eabi-10.3-2021.10/bin/../lib/gcc/arm-none-eabi/10.3.1/../../../../arm-none-eabi/lib/thumb/v7e-m+fp/hard\libc_nano.a(lib_a-mprec.o)
 .rodata._svfprintf_r.str1.1
                0x0800c2ac       0x11 e:/gcc-arm-none-eabi-10.3-2021.10-win32/gcc-arm-none-eabi-10.3-2021.10/bin/../lib/gcc/arm-none-eabi/10.3.1/../../../../arm-none-eabi/lib/thumb/v7e-m+fp/hard\libc_nano.a(lib_a-nano-svfprintf.o)
 .rodata.__assert_func.str1.1
                0x0800c2bd       0x3c e:/gcc-arm-none-eabi-10.3-2021.10-win32/gcc-arm-none-eabi-10.3-2021.10/bin/../lib/gcc/arm-none-eabi/10.3.1/../../../../arm-none-eabi/lib/thumb/v7e-m+fp/hard\libc_nano.a(lib_a-assert.o)
                                 0x3d (size before relaxing)
 .rodata._setlocale_r.str1.1
                0x0800c2f9        0x8 e:/gcc-arm-none-eabi-10.3-2021.10-win32/gcc-arm-none-eabi-10.3-2021.10/bin/../lib/gcc/arm-none-eabi/10.3.1/../../../../arm-none-eabi/lib/thumb/v7e-m+fp/hard\libc_nano.a(lib_a-locale.o)
                                  0x9 (size before relaxing)
 .rodata.str1.1
                0x0800c301        0x2 e:/gcc-arm-none-eabi-10.3-2021.10-win32/gcc-arm-none-eabi-10.3-2021.10/bin/../lib/gcc/arm-none-eabi/10.3.1/../../../../arm-none-eabi/lib/thumb/v7e-m+fp/hard\libc_nano.a(lib_a-locale.o)
 .rodata._vfprintf_r.str1.1
                0x0800c303       0x11 e:/gcc-arm-none-eabi-10.3-2021.10-win32/gcc-arm-none-eabi-10.3-2021.10/bin/../lib/gcc/arm-none-eabi/10.3.1/../../../../arm-none-eabi/lib/thumb/v7e-m+fp/hard\libc_nano.a(lib_a-nano-vfprintf.o)
 .rodata._ctype_
                0x0800c303      0x101 e:/gcc-arm-none-eabi-10.3-2021.10-win32/gcc-arm-none-eabi-10.3-2021.10/bin/../lib/gcc/arm-none-eabi/10.3.1/../../../../arm-none-eabi/lib/thumb/v7e-m+fp/hard\libc_nano.a(lib_a-ctype_.o)
                0x0800c303                _ctype_
 .rodata.__sf_fake_stderr
                0x0800c404       0x20 e:/gcc-arm-none-eabi-10.3-2021.10-win32/gcc-arm-none-eabi-10.3-2021.10/bin/../lib/gcc/arm-none-eabi/10.3.1/../../../../arm-none-eabi/lib/thumb/v7e-m+fp/hard\libc_nano.a(lib_a-findfp.o)
                0x0800c404                __sf_fake_stderr
 .rodata.__sf_fake_stdin
                0x0800c424       0x20 e:/gcc-arm-none-eabi-10.3-2021.10-win32/gcc-arm-none-eabi-10.3-2021.10/bin/../lib/gcc/arm-none-eabi/10.3.1/../../../../arm-none-eabi/lib/thumb/v7e-m+fp/hard\libc_nano.a(lib_a-findfp.o)
                0x0800c424                __sf_fake_stdin
 .rodata.__sf_fake_stdout
                0x0800c444       0x20 e:/gcc-arm-none-eabi-10.3-2021.10-win32/gcc-arm-none-eabi-10.3-2021.10/bin/../lib/gcc/arm-none-eabi/10.3.1/../../../../arm-none-eabi/lib/thumb/v7e-m+fp/hard\libc_nano.a(lib_a-findfp.o)
                0x0800c444                __sf_fake_stdout
                0x0800c468                . = ALIGN (0x8)
 *fill*         0x0800c464        0x4 
                0x0800c468                _shell_command_start = .
 *(shellCommand)
 shellCommand   0x0800c468       0x60 build/main.o
                0x0800c468                shellCommandbds_test
                0x0800c478                shellCommandflash_test
                0x0800c488                shellCommandrs485_send
                0x0800c498                shellCommandbattery
                0x0800c4a8                shellCommandled
                0x0800c4b8                shellCommandLDR_Get
 shellCommand   0x0800c4c8      0x120 build/shell.o
                0x0800c4c8                shellCommandclear
                0x0800c4d8                shellCommandkeys
                0x0800c4e8                shellCommandvars
                0x0800c4f8                shellCommandcmds
                0x0800c508                shellCommandusers
                0x0800c518                shellCommandhelp
                0x0800c528                shellKey0x0D000000
                0x0800c538                shellKey0x0A000000
                0x0800c548                shellKey0x1B5B337E
                0x0800c558                shellKey0x7F000000
                0x0800c568                shellKey0x08000000
                0x0800c578                shellKey0x09000000
                0x0800c588                shellKey0x1B5B4400
                0x0800c598                shellKey0x1B5B4300
                0x0800c5a8                shellKey0x1B5B4200
                0x0800c5b8                shellKey0x1B5B4100
                0x0800c5c8                shellCommandsetVar
                0x0800c5d8                shellUserDefault
 shellCommand   0x0800c5e8       0x10 build/EC2x.o
                0x0800c5e8                shellCommandec2x_send
 shellCommand   0x0800c5f8       0x10 build/SX1278.o
                0x0800c5f8                shellCommandlora_send
                0x0800c608                _shell_command_end = .

.ARM.extab      0x0800c608        0x0
                0x0800c608                . = ALIGN (0x8)
 *(.ARM.extab* .gnu.linkonce.armextab.*)
                0x0800c608                . = ALIGN (0x8)

.ARM            0x0800c608        0x8
                0x0800c608                . = ALIGN (0x8)
                0x0800c608                __exidx_start = .
 *(.ARM.exidx*)