Archive member included to satisfy reference by file (symbol)

e:/gcc-arm-none-eabi-10.3-2021.10-win32/gcc-arm-none-eabi-10.3-2021.10/bin/../lib/gcc/arm-none-eabi/10.3.1/../../../../arm-none-eabi/lib/thumb/v7e-m+fp/hard\libc_nano.a(lib_a-exit.o)
                              e:/gcc-arm-none-eabi-10.3-2021.10-win32/gcc-arm-none-eabi-10.3-2021.10/bin/../lib/gcc/arm-none-eabi/10.3.1/../../../../arm-none-eabi/lib/thumb/v7e-m+fp/hard/crt0.o (exit)
e:/gcc-arm-none-eabi-10.3-2021.10-win32/gcc-arm-none-eabi-10.3-2021.10/bin/../lib/gcc/arm-none-eabi/10.3.1/../../../../arm-none-eabi/lib/thumb/v7e-m+fp/hard\libc_nano.a(lib_a-impure.o)
                              e:/gcc-arm-none-eabi-10.3-2021.10-win32/gcc-arm-none-eabi-10.3-2021.10/bin/../lib/gcc/arm-none-eabi/10.3.1/../../../../arm-none-eabi/lib/thumb/v7e-m+fp/hard\libc_nano.a(lib_a-exit.o) (_global_impure_ptr)
e:/gcc-arm-none-eabi-10.3-2021.10-win32/gcc-arm-none-eabi-10.3-2021.10/bin/../lib/gcc/arm-none-eabi/10.3.1/../../../../arm-none-eabi/lib/thumb/v7e-m+fp/hard\libc_nano.a(lib_a-init.o)
                              e:/gcc-arm-none-eabi-10.3-2021.10-win32/gcc-arm-none-eabi-10.3-2021.10/bin/../lib/gcc/arm-none-eabi/10.3.1/../../../../arm-none-eabi/lib/thumb/v7e-m+fp/hard/crt0.o (__libc_init_array)
e:/gcc-arm-none-eabi-10.3-2021.10-win32/gcc-arm-none-eabi-10.3-2021.10/bin/../lib/gcc/arm-none-eabi/10.3.1/../../../../arm-none-eabi/lib/thumb/v7e-m+fp/hard\libc_nano.a(lib_a-malloc.o)
                              build/timer.o (malloc)
e:/gcc-arm-none-eabi-10.3-2021.10-win32/gcc-arm-none-eabi-10.3-2021.10/bin/../lib/gcc/arm-none-eabi/10.3.1/../../../../arm-none-eabi/lib/thumb/v7e-m+fp/hard\libc_nano.a(lib_a-memcpy-stub.o)
                              build/ATGM332D.o (memcpy)
e:/gcc-arm-none-eabi-10.3-2021.10-win32/gcc-arm-none-eabi-10.3-2021.10/bin/../lib/gcc/arm-none-eabi/10.3.1/../../../../arm-none-eabi/lib/thumb/v7e-m+fp/hard\libc_nano.a(lib_a-memset.o)
                              e:/gcc-arm-none-eabi-10.3-2021.10-win32/gcc-arm-none-eabi-10.3-2021.10/bin/../lib/gcc/arm-none-eabi/10.3.1/../../../../arm-none-eabi/lib/thumb/v7e-m+fp/hard/crt0.o (memset)
e:/gcc-arm-none-eabi-10.3-2021.10-win32/gcc-arm-none-eabi-10.3-2021.10/bin/../lib/gcc/arm-none-eabi/10.3.1/../../../../arm-none-eabi/lib/thumb/v7e-m+fp/hard\libc_nano.a(lib_a-nano-freer.o)
                              e:/gcc-arm-none-eabi-10.3-2021.10-win32/gcc-arm-none-eabi-10.3-2021.10/bin/../lib/gcc/arm-none-eabi/10.3.1/../../../../arm-none-eabi/lib/thumb/v7e-m+fp/hard\libc_nano.a(lib_a-malloc.o) (_free_r)
e:/gcc-arm-none-eabi-10.3-2021.10-win32/gcc-arm-none-eabi-10.3-2021.10/bin/../lib/gcc/arm-none-eabi/10.3.1/../../../../arm-none-eabi/lib/thumb/v7e-m+fp/hard\libc_nano.a(lib_a-nano-mallocr.o)
                              e:/gcc-arm-none-eabi-10.3-2021.10-win32/gcc-arm-none-eabi-10.3-2021.10/bin/../lib/gcc/arm-none-eabi/10.3.1/../../../../arm-none-eabi/lib/thumb/v7e-m+fp/hard\libc_nano.a(lib_a-malloc.o) (_malloc_r)
e:/gcc-arm-none-eabi-10.3-2021.10-win32/gcc-arm-none-eabi-10.3-2021.10/bin/../lib/gcc/arm-none-eabi/10.3.1/../../../../arm-none-eabi/lib/thumb/v7e-m+fp/hard\libc_nano.a(lib_a-nano-vfprintf_float.o)
                              (_printf_float)
e:/gcc-arm-none-eabi-10.3-2021.10-win32/gcc-arm-none-eabi-10.3-2021.10/bin/../lib/gcc/arm-none-eabi/10.3.1/../../../../arm-none-eabi/lib/thumb/v7e-m+fp/hard\libc_nano.a(lib_a-nano-vfprintf_i.o)
                              e:/gcc-arm-none-eabi-10.3-2021.10-win32/gcc-arm-none-eabi-10.3-2021.10/bin/../lib/gcc/arm-none-eabi/10.3.1/../../../../arm-none-eabi/lib/thumb/v7e-m+fp/hard\libc_nano.a(lib_a-nano-vfprintf_float.o) (_printf_common)
e:/gcc-arm-none-eabi-10.3-2021.10-win32/gcc-arm-none-eabi-10.3-2021.10/bin/../lib/gcc/arm-none-eabi/10.3.1/../../../../arm-none-eabi/lib/thumb/v7e-m+fp/hard\libc_nano.a(lib_a-sbrkr.o)
                              e:/gcc-arm-none-eabi-10.3-2021.10-win32/gcc-arm-none-eabi-10.3-2021.10/bin/../lib/gcc/arm-none-eabi/10.3.1/../../../../arm-none-eabi/lib/thumb/v7e-m+fp/hard\libc_nano.a(lib_a-nano-mallocr.o) (_sbrk_r)
e:/gcc-arm-none-eabi-10.3-2021.10-win32/gcc-arm-none-eabi-10.3-2021.10/bin/../lib/gcc/arm-none-eabi/10.3.1/../../../../arm-none-eabi/lib/thumb/v7e-m+fp/hard\libc_nano.a(lib_a-strcmp.o)
                              build/shell.o (strcmp)
e:/gcc-arm-none-eabi-10.3-2021.10-win32/gcc-arm-none-eabi-10.3-2021.10/bin/../lib/gcc/arm-none-eabi/10.3.1/../../../../arm-none-eabi/lib/thumb/v7e-m+fp/hard\libc_nano.a(lib_a-strlen.o)
                              build/shell.o (strlen)
e:/gcc-arm-none-eabi-10.3-2021.10-win32/gcc-arm-none-eabi-10.3-2021.10/bin/../lib/gcc/arm-none-eabi/10.3.1/../../../../arm-none-eabi/lib/thumb/v7e-m+fp/hard\libc_nano.a(lib_a-strncmp.o)
                              build/shell.o (strncmp)
e:/gcc-arm-none-eabi-10.3-2021.10-win32/gcc-arm-none-eabi-10.3-2021.10/bin/../lib/gcc/arm-none-eabi/10.3.1/../../../../arm-none-eabi/lib/thumb/v7e-m+fp/hard\libc_nano.a(lib_a-strstr.o)
[...]
Memory Configuration

Name             Origin             Length             Attributes
RAM              0x20000000         0x00010000         xrw
RAM2             0x10000000         0x00004000         xrw
FLASH            0x08000000         0x00020000         xr
*default*        0x00000000         0xffffffff

Linker script and memory map

LOAD e:/gcc-arm-none-eabi-10.3-2021.10-win32/gcc-arm-none-eabi-10.3-2021.10/bin/../lib/gcc/arm-none-eabi/10.3.1/thumb/v7e-m+fp/hard/crti.o
LOAD e:/gcc-arm-none-eabi-10.3-2021.10-win32/gcc-arm-none-eabi-10.3-2021.10/bin/../lib/gcc/arm-none-eabi/10.3.1/thumb/v7e-m+fp/hard/crtbegin.o
LOAD e:/gcc-arm-none-eabi-10.3-2021.10-win32/gcc-arm-none-eabi-10.3-2021.10/bin/../lib/gcc/arm-none-eabi/10.3.1/../../../../arm-none-eabi/lib/thumb/v7e-m+fp/hard/crt0.o
LOAD build/main.o
LOAD build/stm32l4xx_it.o
LOAD build/stm32l4xx_hal_msp.o
LOAD build/stm32l4xx_hal_adc.o
LOAD build/stm32l4xx_hal_adc_ex.o
LOAD build/stm32l4xx_hal.o
LOAD build/stm32l4xx_hal_i2c.o
LOAD build/stm32l4xx_hal_i2c_ex.o
LOAD build/stm32l4xx_hal_rcc.o
LOAD build/stm32l4xx_hal_rcc_ex.o
LOAD build/stm32l4xx_hal_flash.o
LOAD build/stm32l4xx_hal_flash_ex.o
LOAD build/stm32l4xx_hal_flash_ramfunc.o
LOAD build/stm32l4xx_hal_gpio.o
LOAD build/stm32l4xx_hal_dma.o
LOAD build/stm32l4xx_hal_dma_ex.o
LOAD build/stm32l4xx_hal_pwr.o
LOAD build/stm32l4xx_hal_pwr_ex.o
LOAD build/stm32l4xx_hal_cortex.o
LOAD build/stm32l4xx_hal_exti.o
LOAD build/stm32l4xx_hal_spi.o
LOAD build/stm32l4xx_hal_spi_ex.o
LOAD build/stm32l4xx_hal_tim.o
LOAD build/stm32l4xx_hal_tim_ex.o
LOAD build/stm32l4xx_hal_uart.o
LOAD build/stm32l4xx_hal_uart_ex.o
LOAD build/system_stm32l4xx.o
LOAD build/shell_cmd_list.o
LOAD build/shell_companion.o
LOAD build/shell_ext.o
LOAD build/shell_port.o
LOAD build/shell.o
LOAD build/fsm.o
LOAD build/gpio.o
LOAD build/adc.o
LOAD build/spi.o
LOAD build/usart.o
LOAD build/timer.o
LOAD build/queue.o
LOAD build/SX1278_hw.o
LOAD build/W25QXX.o
LOAD build/led.o
LOAD build/rs485.o
LOAD build/ATGM332D.o
LOAD build/EC2x.o
LOAD build/SX1278.o
LOAD build/startup_stm32l431xx.o
LOAD e:/gcc-arm-none-eabi-10.3-2021.10-win32/gcc-arm-none-eabi-10.3-2021.10/bin/../lib/gcc/arm-none-eabi/10.3.1/../../../../arm-none-eabi/lib/thumb/v7e-m+fp/hard\libc_nano.a
LOAD e:/gcc-arm-none-eabi-10.3-2021.10-win32/gcc-arm-none-eabi-10.3-2021.10/bin/../lib/gcc/arm-none-eabi/10.3.1/../../../../arm-none-eabi/lib/thumb/v7e-m+fp/hard\libm.a
LOAD e:/gcc-arm-none-eabi-10.3-2021.10-win32/gcc-arm-none-eabi-10.3-2021.10/bin/../lib/gcc/arm-none-eabi/10.3.1/../../../../arm-none-eabi/lib/thumb/v7e-m+fp/hard\libnosys.a
START GROUP
LOAD e:/gcc-arm-none-eabi-10.3-2021.10-win32/gcc-arm-none-eabi-10.3-2021.10/bin/../lib/gcc/arm-none-eabi/10.3.1/thumb/v7e-m+fp/hard\libgcc.a
LOAD e:/gcc-arm-none-eabi-10.3-2021.10-win32/gcc-arm-none-eabi-10.3-2021.10/bin/../lib/gcc/arm-none-eabi/10.3.1/../../../../arm-none-eabi/lib/thumb/v7e-m+fp/hard\libc_nano.a
END GROUP
START GROUP
LOAD e:/gcc-arm-none-eabi-10.3-2021.10-win32/gcc-arm-none-eabi-10.3-2021.10/bin/../lib/gcc/arm-none-eabi/10.3.1/thumb/v7e-m+fp/hard\libgcc.a
LOAD e:/gcc-arm-none-eabi-10.3-2021.10-win32/gcc-arm-none-eabi-10.3-2021.10/bin/../lib/gcc/arm-none-eabi/10.3.1/../../../../arm-none-eabi/lib/thumb/v7e-m+fp/hard\libc_nano.a
END GROUP
LOAD e:/gcc-arm-none-eabi-10.3-2021.10-win32/gcc-arm-none-eabi-10.3-2021.10/bin/../lib/gcc/arm-none-eabi/10.3.1/thumb/v7e-m+fp/hard/crtend.o
LOAD e:/gcc-arm-none-eabi-10.3-2021.10-win32/gcc-arm-none-eabi-10.3-2021.10/bin/../lib/gcc/arm-none-eabi/10.3.1/thumb/v7e-m+fp/hard/crtn.o
                0x20010000                _estack = 0x20010000
                0x00000600                _Min_Heap_Size = 0x600
                0x00000400                _Min_Stack_Size = 0x400

.isr_vector     0x08000000      0x190
                0x08000000                . = ALIGN (0x8)
 *(.isr_vector)
 .isr_vector    0x08000000      0x18c build/startup_stm32l431xx.o
                0x08000000                g_pfnVectors
                0x08000190                . = ALIGN (0x8)
 *fill*         0x0800018c        0x4 

.text           0x08000190     0xfd40
                0x08000190                . = ALIGN (0x8)
 *(.text)
 .text          0x08000190       0x40 e:/gcc-arm-none-eabi-10.3-2021.10-win32/gcc-arm-none-eabi-10.3-2021.10/bin/../lib/gcc/arm-none-eabi/10.3.1/thumb/v7e-m+fp/hard/crtbegin.o
 .text          0x080001d0       0x14 e:/gcc-arm-none-eabi-10.3-2021.10-win32/gcc-arm-none-eabi-10.3-2021.10/bin/../lib/gcc/arm-none-eabi/10.3.1/../../../../arm-none-eabi/lib/thumb/v7e-m+fp/hard\libc_nano.a(lib_a-strcmp.o)
                0x080001d0                strcmp
 .text          0x080001e4       0x10 e:/gcc-arm-none-eabi-10.3-2021.10-win32/gcc-arm-none-eabi-10.3-2021.10/bin/../lib/gcc/arm-none-eabi/10.3.1/../../../../arm-none-eabi/lib/thumb/v7e-m+fp/hard\libc_nano.a(lib_a-strlen.o)
                0x080001e4                strlen
 *fill*         0x080001f4        0xc 
 .text          0x08000200       0xa0 e:/gcc-arm-none-eabi-10.3-2021.10-win32/gcc-arm-none-eabi-10.3-2021.10/bin/../lib/gcc/arm-none-eabi/10.3.1/../../../../arm-none-eabi/lib/thumb/v7e-m+fp/hard\libc_nano.a(lib_a-memchr.o)
                0x08000200                memchr
 .text          0x080002a0      0x378 e:/gcc-arm-none-eabi-10.3-2021.10-win32/gcc-arm-none-eabi-10.3-2021.10/bin/../lib/gcc/arm-none-eabi/10.3.1/thumb/v7e-m+fp/hard\libgcc.a(_arm_addsubdf3.o)
                0x080002a0                __aeabi_drsub
                0x080002a8                __aeabi_dsub
                0x080002a8                __subdf3
                0x080002ac                __aeabi_dadd
                0x080002ac                __adddf3
                0x08000524                __floatunsidf
                0x08000524                __aeabi_ui2d
                0x08000544                __floatsidf
                0x08000544                __aeabi_i2d
                0x08000568                __aeabi_f2d
                0x08000568                __extendsfdf2
                0x080005ac                __floatundidf
                0x080005ac                __aeabi_ul2d
                0x080005bc                __floatdidf
                0x080005bc                __aeabi_l2d
 .text          0x08000618      0x424 e:/gcc-arm-none-eabi-10.3-2021.10-win32/gcc-arm-none-eabi-10.3-2021.10/bin/../lib/gcc/arm-none-eabi/10.3.1/thumb/v7e-m+fp/hard\libgcc.a(_arm_muldivdf3.o)
                0x08000618                __aeabi_dmul
                0x08000618                __muldf3
                0x0800086c                __divdf3
                0x0800086c                __aeabi_ddiv
 .text          0x08000a3c      0x110 e:/gcc-arm-none-eabi-10.3-2021.10-win32/gcc-arm-none-eabi-10.3-2021.10/bin/../lib/gcc/arm-none-eabi/10.3.1/thumb/v7e-m+fp/hard\libgcc.a(_arm_cmpdf2.o)
                0x08000a3c                __gtdf2
                0x08000a3c                __gedf2
                0x08000a44                __ltdf2
                0x08000a44                __ledf2
                0x08000a4c                __nedf2
                0x08000a4c                __eqdf2
                0x08000a4c                __cmpdf2
                0x08000ac8                __aeabi_cdrcmple
                0x08000ad8                __aeabi_cdcmpeq
                0x08000ad8                __aeabi_cdcmple
                0x08000ae8                __aeabi_dcmpeq
                0x08000afc                __aeabi_dcmplt
                0x08000b10                __aeabi_dcmple
                0x08000b24                __aeabi_dcmpge
                0x08000b38                __aeabi_dcmpgt
 .text          0x08000b4c       0x2c e:/gcc-arm-none-eabi-10.3-2021.10-win32/gcc-arm-none-eabi-10.3-2021.10/bin/../lib/gcc/arm-none-eabi/10.3.1/thumb/v7e-m+fp/hard\libgcc.a(_arm_unorddf2.o)
                0x08000b4c                __unorddf2
                0x08000b4c                __aeabi_dcmpun
 .text          0x08000b78       0x50 e:/gcc-arm-none-eabi-10.3-2021.10-win32/gcc-arm-none-eabi-10.3-2021.10/bin/../lib/gcc/arm-none-eabi/10.3.1/thumb/v7e-m+fp/hard\libgcc.a(_arm_fixdfsi.o)
                0x08000b78                __aeabi_d2iz
                0x08000b78                __fixdfsi
 .text          0x08000bc8       0x40 e:/gcc-arm-none-eabi-10.3-2021.10-win32/gcc-arm-none-eabi-10.3-2021.10/bin/../lib/gcc/arm-none-eabi/10.3.1/thumb/v7e-m+fp/hard\libgcc.a(_arm_fixunsdfsi.o)
                0x08000bc8                __aeabi_d2uiz
                0x08000bc8                __fixunsdfsi
 .text          0x08000c08       0xa0 e:/gcc-arm-none-eabi-10.3-2021.10-win32/gcc-arm-none-eabi-10.3-2021.10/bin/../lib/gcc/arm-none-eabi/10.3.1/thumb/v7e-m+fp/hard\libgcc.a(_arm_truncdfsf2.o)
                0x08000c08                __truncdfsf2
                0x08000c08                __aeabi_d2f
 .text          0x08000ca8       0x30 e:/gcc-arm-none-eabi-10.3-2021.10-win32/gcc-arm-none-eabi-10.3-2021.10/bin/../lib/gcc/arm-none-eabi/10.3.1/thumb/v7e-m+fp/hard\libgcc.a(_aeabi_uldivmod.o)
                0x08000ca8                __aeabi_uldivmod
 .text          0x08000cd8      0x2d0 e:/gcc-arm-none-eabi-10.3-2021.10-win32/gcc-arm-none-eabi-10.3-2021.10/bin/../lib/gcc/arm-none-eabi/10.3.1/thumb/v7e-m+fp/hard\libgcc.a(_udivmoddi4.o)
                0x08000cd8                __udivmoddi4
 .text          0x08000fa8        0x4 e:/gcc-arm-none-eabi-10.3-2021.10-win32/gcc-arm-none-eabi-10.3-2021.10/bin/../lib/gcc/arm-none-eabi/10.3.1/thumb/v7e-m+fp/hard\libgcc.a(_dvmd_tls.o)
                0x08000fa8                __aeabi_idiv0
                0x08000fa8                __aeabi_ldiv0
 *(.text*)
 .text.main     0x08000fac      0x14c build/main.o
                0x08000fac                main
 .text.SystemClock_Config
                0x080010f8       0x9e build/main.o
                0x080010f8                SystemClock_Config
 .text.Error_Handler
                0x08001196        0xa build/main.o
                0x08001196                Error_Handler
 .text.NMI_Handler
                0x080011a0        0x6 build/stm32l4xx_it.o
                0x080011a0                NMI_Handler
 .text.HardFault_Handler
                0x080011a6        0x6 build/stm32l4xx_it.o
                0x080011a6                HardFault_Handler
 .text.MemManage_Handler
                0x080011ac        0x6 build/stm32l4xx_it.o
                0x080011ac                MemManage_Handler
 .text.BusFault_Handler
                0x080011b2        0x6 build/stm32l4xx_it.o
                0x080011b2                BusFault_Handler
 .text.UsageFault_Handler
                0x080011b8        0x6 build/stm32l4xx_it.o
                0x080011b8                UsageFault_Handler
 .text.SVC_Handler
                0x080011be        0xe build/stm32l4xx_it.o
                0x080011be                SVC_Handler
 .text.DebugMon_Handler
                0x080011cc        0xe build/stm32l4xx_it.o
                0x080011cc                DebugMon_Handler
 .text.PendSV_Handler
                0x080011da        0xe build/stm32l4xx_it.o
                0x080011da                PendSV_Handler
 .text.SysTick_Handler
                0x080011e8       0x10 build/stm32l4xx_it.o
                0x080011e8                SysTick_Handler
 .text.SPI2_IRQHandler
                0x080011f8       0x14 build/stm32l4xx_it.o
                0x080011f8                SPI2_IRQHandler
 .text.USART1_IRQHandler
                0x0800120c       0x14 build/stm32l4xx_it.o
                0x0800120c                USART1_IRQHandler
 .text.USART2_IRQHandler
                0x08001220       0x14 build/stm32l4xx_it.o
                0x08001220                USART2_IRQHandler
 .text.USART3_IRQHandler
                0x08001234       0x14 build/stm32l4xx_it.o
                0x08001234                USART3_IRQHandler
 .text.SPI3_IRQHandler
                0x08001248       0x14 build/stm32l4xx_it.o
                0x08001248                SPI3_IRQHandler
 .text.EXTI9_5_IRQHandler
                0x0800125c       0x6c build/stm32l4xx_it.o
                0x0800125c                EXTI9_5_IRQHandler
 .text.HAL_MspInit
                0x080012c8       0x48 build/stm32l4xx_hal_msp.o
                0x080012c8                HAL_MspInit
 .text.LL_ADC_SetCommonClock
                0x08001310       0x26 build/stm32l4xx_hal_adc.o
 .text.LL_ADC_SetCommonPathInternalCh
                0x08001336       0x26 build/stm32l4xx_hal_adc.o
 .text.LL_ADC_GetCommonPathInternalCh
                0x0800135c       0x1c build/stm32l4xx_hal_adc.o
 .text.LL_ADC_SetOffset
                0x08001378       0x48 build/stm32l4xx_hal_adc.o
 .text.LL_ADC_GetOffsetChannel
                0x080013c0       0x2c build/stm32l4xx_hal_adc.o
 .text.LL_ADC_SetOffsetState
                0x080013ec       0x36 build/stm32l4xx_hal_adc.o
 .text.LL_ADC_REG_IsTriggerSourceSWStart
                0x08001422       0x26 build/stm32l4xx_hal_adc.o
 .text.LL_ADC_REG_SetSequencerRanks
                0x08001448       0x58 build/stm32l4xx_hal_adc.o
 .text.LL_ADC_SetChannelSamplingTime
                0x080014a0       0x56 build/stm32l4xx_hal_adc.o
 *fill*         0x080014f6        0x2 
 .text.LL_ADC_SetChannelSingleDiff
                0x080014f8       0x48 build/stm32l4xx_hal_adc.o
 .text.LL_ADC_DisableDeepPowerDown
                0x08001540       0x24 build/stm32l4xx_hal_adc.o
 .text.LL_ADC_IsDeepPowerDownEnabled
                0x08001564       0x28 build/stm32l4xx_hal_adc.o
 .text.LL_ADC_EnableInternalRegulator
                0x0800158c       0x28 build/stm32l4xx_hal_adc.o
 .text.LL_ADC_IsInternalRegulatorEnabled
                0x080015b4       0x28 build/stm32l4xx_hal_adc.o
 .text.LL_ADC_Enable
                0x080015dc       0x28 build/stm32l4xx_hal_adc.o
 .text.LL_ADC_Disable
                0x08001604       0x28 build/stm32l4xx_hal_adc.o
 .text.LL_ADC_IsEnabled
                0x0800162c       0x26 build/stm32l4xx_hal_adc.o
 .text.LL_ADC_IsDisableOngoing
                0x08001652       0x26 build/stm32l4xx_hal_adc.o
 .text.LL_ADC_REG_StartConversion
                0x08001678       0x28 build/stm32l4xx_hal_adc.o
 .text.LL_ADC_REG_StopConversion
                0x080016a0       0x28 build/stm32l4xx_hal_adc.o
 .text.LL_ADC_REG_IsConversionOngoing
                0x080016c8       0x26 build/stm32l4xx_hal_adc.o
 .text.LL_ADC_INJ_StopConversion
                0x080016ee       0x28 build/stm32l4xx_hal_adc.o
 .text.LL_ADC_INJ_IsConversionOngoing
                0x08001716       0x26 build/stm32l4xx_hal_adc.o
 .text.HAL_ADC_Init
                0x0800173c      0x290 build/stm32l4xx_hal_adc.o
                0x0800173c                HAL_ADC_Init
 .text.HAL_ADC_Start
                0x080019cc       0xc6 build/stm32l4xx_hal_adc.o
                0x080019cc                HAL_ADC_Start
 .text.HAL_ADC_Stop
                0x08001a92       0x66 build/stm32l4xx_hal_adc.o
                0x08001a92                HAL_ADC_Stop
 .text.HAL_ADC_PollForConversion
                0x08001af8      0x11e build/stm32l4xx_hal_adc.o
                0x08001af8                HAL_ADC_PollForConversion
 .text.HAL_ADC_GetValue
                0x08001c16       0x1a build/stm32l4xx_hal_adc.o
                0x08001c16                HAL_ADC_GetValue
 .text.HAL_ADC_ConfigChannel
                0x08001c30      0x7c0 build/stm32l4xx_hal_adc.o
                0x08001c30                HAL_ADC_ConfigChannel
 .text.HAL_ADC_GetState
                0x080023f0       0x18 build/stm32l4xx_hal_adc.o
                0x080023f0                HAL_ADC_GetState
 .text.ADC_ConversionStop
                0x08002408      0x178 build/stm32l4xx_hal_adc.o
                0x08002408                ADC_ConversionStop
 .text.ADC_Enable
                0x08002580      0x10c build/stm32l4xx_hal_adc.o
                0x08002580                ADC_Enable
 .text.ADC_Disable
                0x0800268c       0xbe build/stm32l4xx_hal_adc.o
                0x0800268c                ADC_Disable
 .text.LL_ADC_StartCalibration
                0x0800274a       0x32 build/stm32l4xx_hal_adc_ex.o
 .text.LL_ADC_IsCalibrationOnGoing
                0x0800277c       0x28 build/stm32l4xx_hal_adc_ex.o
 .text.HAL_ADCEx_Calibration_Start
                0x080027a4       0xc0 build/stm32l4xx_hal_adc_ex.o
                0x080027a4                HAL_ADCEx_Calibration_Start
 .text.HAL_Init
                0x08002864       0x30 build/stm32l4xx_hal.o
                0x08002864                HAL_Init
 .text.HAL_InitTick
                0x08002894       0x78 build/stm32l4xx_hal.o
                0x08002894                HAL_InitTick
 .text.HAL_IncTick
                0x0800290c       0x28 build/stm32l4xx_hal.o
                0x0800290c                HAL_IncTick
 .text.HAL_GetTick
                0x08002934       0x18 build/stm32l4xx_hal.o
                0x08002934                HAL_GetTick
 .text.Delay_us
                0x0800294c       0x58 build/stm32l4xx_hal.o
                0x0800294c                Delay_us
 .text.Delay_ms
                0x080029a4       0x32 build/stm32l4xx_hal.o
                0x080029a4                Delay_ms
 *fill*         0x080029d6        0x2 
 .text.HAL_RCC_OscConfig
                0x080029d8      0x828 build/stm32l4xx_hal_rcc.o
                0x080029d8                HAL_RCC_OscConfig
 .text.HAL_RCC_ClockConfig
                0x08003200      0x1f8 build/stm32l4xx_hal_rcc.o
                0x08003200                HAL_RCC_ClockConfig
 .text.HAL_RCC_GetSysClockFreq
                0x080033f8      0x118 build/stm32l4xx_hal_rcc.o
                0x080033f8                HAL_RCC_GetSysClockFreq
 .text.HAL_RCC_GetHCLKFreq
                0x08003510       0x18 build/stm32l4xx_hal_rcc.o
                0x08003510                HAL_RCC_GetHCLKFreq
 .text.HAL_RCC_GetPCLK1Freq
                0x08003528       0x2c build/stm32l4xx_hal_rcc.o
                0x08003528                HAL_RCC_GetPCLK1Freq
 .text.HAL_RCC_GetPCLK2Freq
                0x08003554       0x2c build/stm32l4xx_hal_rcc.o
                0x08003554                HAL_RCC_GetPCLK2Freq
 .text.RCC_SetFlashLatencyFromMSIRange
                0x08003580       0xc0 build/stm32l4xx_hal_rcc.o
 .text.HAL_RCCEx_PeriphCLKConfig
                0x08003640      0x430 build/stm32l4xx_hal_rcc_ex.o
                0x08003640                HAL_RCCEx_PeriphCLKConfig
 .text.RCCEx_PLLSAI1_Config
                0x08003a70      0x1e4 build/stm32l4xx_hal_rcc_ex.o
 .text.HAL_GPIO_Init
                0x08003c54      0x2f4 build/stm32l4xx_hal_gpio.o
                0x08003c54                HAL_GPIO_Init
 .text.HAL_GPIO_ReadPin
                0x08003f48       0x30 build/stm32l4xx_hal_gpio.o
                0x08003f48                HAL_GPIO_ReadPin
 .text.HAL_GPIO_WritePin
                0x08003f78       0x30 build/stm32l4xx_hal_gpio.o
                0x08003f78                HAL_GPIO_WritePin
 .text.HAL_GPIO_TogglePin
                0x08003fa8       0x34 build/stm32l4xx_hal_gpio.o
                0x08003fa8                HAL_GPIO_TogglePin
 .text.HAL_DMA_Abort
                0x08003fdc       0x7c build/stm32l4xx_hal_dma.o
                0x08003fdc                HAL_DMA_Abort
 .text.HAL_DMA_Abort_IT
                0x08004058       0x82 build/stm32l4xx_hal_dma.o
                0x08004058                HAL_DMA_Abort_IT
 *fill*         0x080040da        0x2 
 .text.HAL_PWREx_GetVoltageRange
                0x080040dc       0x1c build/stm32l4xx_hal_pwr_ex.o
                0x080040dc                HAL_PWREx_GetVoltageRange
 .text.HAL_PWREx_ControlVoltageScaling
                0x080040f8       0xac build/stm32l4xx_hal_pwr_ex.o
                0x080040f8                HAL_PWREx_ControlVoltageScaling
 .text.__NVIC_SetPriorityGrouping
                0x080041a4       0x48 build/stm32l4xx_hal_cortex.o
 .text.__NVIC_GetPriorityGrouping
                0x080041ec       0x1c build/stm32l4xx_hal_cortex.o
 .text.__NVIC_EnableIRQ
                0x08004208       0x3c build/stm32l4xx_hal_cortex.o
 .text.__NVIC_SetPriority
                0x08004244       0x54 build/stm32l4xx_hal_cortex.o
 .text.NVIC_EncodePriority
                0x08004298       0x66 build/stm32l4xx_hal_cortex.o
 *fill*         0x080042fe        0x2 
 .text.SysTick_Config
                0x08004300       0x44 build/stm32l4xx_hal_cortex.o
 .text.HAL_NVIC_SetPriorityGrouping
                0x08004344       0x16 build/stm32l4xx_hal_cortex.o
                0x08004344                HAL_NVIC_SetPriorityGrouping
 .text.HAL_NVIC_SetPriority
                0x0800435a       0x38 build/stm32l4xx_hal_cortex.o
                0x0800435a                HAL_NVIC_SetPriority
 .text.HAL_NVIC_EnableIRQ
                0x08004392       0x1c build/stm32l4xx_hal_cortex.o
                0x08004392                HAL_NVIC_EnableIRQ
 .text.HAL_SYSTICK_Config
                0x080043ae       0x18 build/stm32l4xx_hal_cortex.o
                0x080043ae                HAL_SYSTICK_Config
 .text.HAL_SPI_Init
                0x080043c6      0x146 build/stm32l4xx_hal_spi.o
                0x080043c6                HAL_SPI_Init
 .text.HAL_SPI_Transmit
                0x0800450c      0x2dc build/stm32l4xx_hal_spi.o
                0x0800450c                HAL_SPI_Transmit
 .text.HAL_SPI_Receive
                0x080047e8      0x260 build/stm32l4xx_hal_spi.o
                0x080047e8                HAL_SPI_Receive
 .text.HAL_SPI_TransmitReceive
                0x08004a48      0x426 build/stm32l4xx_hal_spi.o
                0x08004a48                HAL_SPI_TransmitReceive
 *fill*         0x08004e6e        0x2 
 .text.HAL_SPI_IRQHandler
                0x08004e70      0x200 build/stm32l4xx_hal_spi.o
                0x08004e70                HAL_SPI_IRQHandler
 .text.HAL_SPI_ErrorCallback
                0x08005070       0x14 build/stm32l4xx_hal_spi.o
                0x08005070                HAL_SPI_ErrorCallback
 .text.HAL_SPI_GetState
                0x08005084       0x1c build/stm32l4xx_hal_spi.o
                0x08005084                HAL_SPI_GetState
 .text.SPI_DMAAbortOnError
                0x080050a0       0x2a build/stm32l4xx_hal_spi.o
 *fill*         0x080050ca        0x2 
 .text.SPI_WaitFlagStateUntilTimeout
                0x080050cc      0x110 build/stm32l4xx_hal_spi.o
 .text.SPI_WaitFifoStateUntilTimeout
                0x080051dc      0x12c build/stm32l4xx_hal_spi.o
 .text.SPI_EndRxTransaction
                0x08005308       0xb0 build/stm32l4xx_hal_spi.o
 .text.SPI_EndRxTxTransaction
                0x080053b8       0x8c build/stm32l4xx_hal_spi.o
 .text.HAL_UART_Init
                0x08005444       0x9c build/stm32l4xx_hal_uart.o
                0x08005444                HAL_UART_Init
 .text.HAL_UART_Transmit
                0x080054e0      0x128 build/stm32l4xx_hal_uart.o
                0x080054e0                HAL_UART_Transmit
 .text.HAL_UART_Transmit_IT
                0x08005608       0xdc build/stm32l4xx_hal_uart.o
                0x08005608                HAL_UART_Transmit_IT
 .text.HAL_UART_Receive_IT
                0x080056e4       0xac build/stm32l4xx_hal_uart.o
                0x080056e4                HAL_UART_Receive_IT
 .text.HAL_UART_IRQHandler
                0x08005790      0x5c4 build/stm32l4xx_hal_uart.o
                0x08005790                HAL_UART_IRQHandler
 .text.UART_SetConfig
                0x08005d54      0x4b4 build/stm32l4xx_hal_uart.o
                0x08005d54                UART_SetConfig
 .text.UART_AdvFeatureConfig
                0x08006208      0x144 build/stm32l4xx_hal_uart.o
                0x08006208                UART_AdvFeatureConfig
 .text.UART_CheckIdleState
                0x0800634c       0x92 build/stm32l4xx_hal_uart.o
                0x0800634c                UART_CheckIdleState
 .text.UART_WaitOnFlagUntilTimeout
                0x080063de      0x188 build/stm32l4xx_hal_uart.o
                0x080063de                UART_WaitOnFlagUntilTimeout
 *fill*         0x08006566        0x2 
 .text.UART_Start_Receive_IT
                0x08006568      0x194 build/stm32l4xx_hal_uart.o
                0x08006568                UART_Start_Receive_IT
 .text.UART_EndRxTransfer
                0x080066fc       0xc6 build/stm32l4xx_hal_uart.o
 .text.UART_DMAAbortOnError
                0x080067c2       0x2c build/stm32l4xx_hal_uart.o
 .text.UART_TxISR_8BIT
                0x080067ee       0xb8 build/stm32l4xx_hal_uart.o
 .text.UART_TxISR_16BIT
                0x080068a6       0xc0 build/stm32l4xx_hal_uart.o
 .text.UART_EndTransmit_IT
                0x08006966       0x54 build/stm32l4xx_hal_uart.o
 .text.UART_RxISR_8BIT
                0x080069ba      0x160 build/stm32l4xx_hal_uart.o
 .text.UART_RxISR_16BIT
                0x08006b1a      0x160 build/stm32l4xx_hal_uart.o
 .text.HAL_UARTEx_WakeupCallback
                0x08006c7a       0x14 build/stm32l4xx_hal_uart_ex.o
                0x08006c7a                HAL_UARTEx_WakeupCallback
 .text.HAL_UARTEx_ReceiveToIdle_IT
                0x08006c8e       0xb6 build/stm32l4xx_hal_uart_ex.o
                0x08006c8e                HAL_UARTEx_ReceiveToIdle_IT
 .text.SystemInit
                0x08006d44       0x24 build/system_stm32l4xx.o
                0x08006d44                SystemInit
 .text.shellExtNumType
                0x08006d68       0x94 build/shell_ext.o
 .text.shellExtToNum
                0x08006dfc       0x54 build/shell_ext.o
 .text.shellExtParseChar
                0x08006e50       0xd0 build/shell_ext.o
 .text.shellExtParseString
                0x08006f20       0x90 build/shell_ext.o
 .text.shellExtParseNumber
                0x08006fb0      0x146 build/shell_ext.o
 .text.shellExtParseVar
                0x080070f6       0x38 build/shell_ext.o
 .text.shellExtParsePara
                0x0800712e       0xbc build/shell_ext.o
                0x0800712e                shellExtParsePara
 *fill*         0x080071ea        0x2 
 .text.shellExtRun
                0x080071ec      0x1b0 build/shell_ext.o
                0x080071ec                shellExtRun
 .text.User_Shell_Write
                0x0800739c       0x44 build/shell_port.o
                0x0800739c                User_Shell_Write
 .text.User_Shell_Init
                0x080073e0       0x24 build/shell_port.o
                0x080073e0                User_Shell_Init
 .text.shellInit
                0x08007404       0xf0 build/shell.o
                0x08007404                shellInit
 .text.shellAdd
                0x080074f4       0x4c build/shell.o
 .text.shellGetCurrent
                0x08007540       0x64 build/shell.o
                0x08007540                shellGetCurrent
 .text.shellWriteByte
                0x080075a4       0x20 build/shell.o
 .text.shellWriteString
                0x080075c4       0x48 build/shell.o
                0x080075c4                shellWriteString
 .text.shellWriteCommandDesc
                0x0800760c       0x84 build/shell.o
 .text.shellWritePrompt
                0x08007690       0x8c build/shell.o
 .text.shellPrint
                0x0800771c       0x8a build/shell.o
                0x0800771c                shellPrint
 .text.shellCheckPermission
                0x080077a6       0x6c build/shell.o
                0x080077a6                shellCheckPermission
 .text.shellToHex
                0x08007812       0x66 build/shell.o
                0x08007812                shellToHex
 .text.shellToDec
                0x08007878       0xb0 build/shell.o
                0x08007878                shellToDec
 .text.shellStringCopy
                0x08007928       0x4a build/shell.o
 .text.shellStringCompare
                0x08007972       0x5e build/shell.o
 .text.shellGetCommandName
                0x080079d0       0x78 build/shell.o
 .text.shellGetCommandDesc
                0x08007a48       0x54 build/shell.o
 .text.shellListItem
                0x08007a9c      0x144 build/shell.o
                0x08007a9c                shellListItem
 .text.shellListCommand
                0x08007be0       0x88 build/shell.o
                0x08007be0                shellListCommand
 .text.shellListVar
                0x08007c68       0xa0 build/shell.o
                0x08007c68                shellListVar
 .text.shellListUser
                0x08007d08       0xa0 build/shell.o
                0x08007d08                shellListUser
 .text.shellListKey
                0x08007da8       0xa0 build/shell.o
                0x08007da8                shellListKey
 .text.shellListAll
                0x08007e48       0x16 build/shell.o
                0x08007e48                shellListAll
 *fill*         0x08007e5e        0x2 
 .text.shellDeleteCommandLine
                0x08007e60       0x30 build/shell.o
                0x08007e60                shellDeleteCommandLine
 .text.shellClearCommandLine
                0x08007e90       0x4a build/shell.o
                0x08007e90                shellClearCommandLine
 *fill*         0x08007eda        0x2 
 .text.shellInsertByte
                0x08007edc      0x180 build/shell.o
                0x08007edc                shellInsertByte
 .text.shellDeleteByte
                0x0800805c      0x186 build/shell.o
                0x0800805c                shellDeleteByte
 .text.shellParserParam
                0x080081e2      0x10a build/shell.o
 .text.shellRemoveParamQuotes
                0x080082ec       0xa8 build/shell.o
 .text.shellSeekCommand
                0x08008394       0xb8 build/shell.o
                0x08008394                shellSeekCommand
 .text.shellGetVarValue
                0x0800844c       0x94 build/shell.o
                0x0800844c                shellGetVarValue
 .text.shellSetVarValue
                0x080084e0       0xe8 build/shell.o
                0x080084e0                shellSetVarValue
 .text.shellShowVar
                0x080085c8       0xf0 build/shell.o
 .text.shellSetVar
                0x080086b8       0x8c build/shell.o
                0x080086b8                shellSetVar
 .text.shellRunCommand
                0x08008744       0xea build/shell.o
                0x08008744                shellRunCommand
 *fill*         0x0800882e        0x2 
 .text.shellCheckPassword
                0x08008830       0x60 build/shell.o
 .text.shellSetUser
                0x08008890       0x90 build/shell.o
                0x08008890                shellSetUser
 .text.shellWriteReturnValue
                0x08008920       0xa8 build/shell.o
 .text.shellHistoryAdd
                0x080089c8       0xbc build/shell.o
 .text.shellHistory
                0x08008a84      0x128 build/shell.o
 .text.shellNormalInput
                0x08008bac       0x2c build/shell.o
                0x08008bac                shellNormalInput
 .text.shellExec
                0x08008bd8       0xa4 build/shell.o
                0x08008bd8                shellExec
 .text.shellUp  0x08008c7c       0x18 build/shell.o
                0x08008c7c                shellUp
 .text.shellDown
                0x08008c94       0x1a build/shell.o
                0x08008c94                shellDown
 .text.shellRight
                0x08008cae       0x38 build/shell.o
                0x08008cae                shellRight
 .text.shellLeft
                0x08008ce6       0x2c build/shell.o
                0x08008ce6                shellLeft
 *fill*         0x08008d12        0x2 
 .text.shellTab
                0x08008d14      0x1a8 build/shell.o
                0x08008d14                shellTab
 .text.shellBackspace
                0x08008ebc       0x18 build/shell.o
                0x08008ebc                shellBackspace
 .text.shellDelete
                0x08008ed4       0x1a build/shell.o
                0x08008ed4                shellDelete
 .text.shellEnter
                0x08008eee       0x1e build/shell.o
                0x08008eee                shellEnter
 .text.shellWriteCommandHelp
                0x08008f0c       0x7c build/shell.o
 .text.shellHelp
                0x08008f88       0x42 build/shell.o
                0x08008f88                shellHelp
 *fill*         0x08008fca        0x2 
 .text.shellHandler
                0x08008fcc      0x174 build/shell.o
                0x08008fcc                shellHandler
 .text.shellUsers
                0x08009140       0x20 build/shell.o
                0x08009140                shellUsers
 .text.shellCmds
                0x08009160       0x20 build/shell.o
                0x08009160                shellCmds
 .text.shellVars
                0x08009180       0x20 build/shell.o
                0x08009180                shellVars
 .text.shellKeys
                0x080091a0       0x20 build/shell.o
                0x080091a0                shellKeys
 .text.shellClear
                0x080091c0       0x2c build/shell.o
                0x080091c0                shellClear
 .text.MX_GPIO_Init
                0x080091ec      0x16c build/gpio.o
                0x080091ec                MX_GPIO_Init
 .text.MX_ADC1_Init
                0x08009358       0xd0 build/adc.o
                0x08009358                MX_ADC1_Init
 .text.HAL_ADC_MspInit
                0x08009428       0xc8 build/adc.o
                0x08009428                HAL_ADC_MspInit
 .text.ADC_Average_Get
                0x080094f0       0xc8 build/adc.o
                0x080094f0                ADC_Average_Get
 .text.LDR_Value_Get
                0x080095b8       0x30 build/adc.o
                0x080095b8                LDR_Value_Get
 .text.Battery_Test
                0x080095e8       0x84 build/adc.o
                0x080095e8                Battery_Test
 .text.MX_SPI2_Init
                0x0800966c       0x7c build/spi.o
                0x0800966c                MX_SPI2_Init
 .text.MX_SPI3_Init
                0x080096e8       0x7c build/spi.o
                0x080096e8                MX_SPI3_Init
 .text.HAL_SPI_MspInit
                0x08009764       0xe8 build/spi.o
                0x08009764                HAL_SPI_MspInit
 .text.MX_USART1_UART_Init
                0x0800984c       0x6c build/usart.o
                0x0800984c                MX_USART1_UART_Init
 .text.MX_USART2_UART_Init
                0x080098b8       0x6c build/usart.o
                0x080098b8                MX_USART2_UART_Init
 .text.MX_USART3_UART_Init
                0x08009924       0x6c build/usart.o
                0x08009924                MX_USART3_UART_Init
 .text.HAL_UART_MspInit
                0x08009990      0x1f8 build/usart.o
                0x08009990                HAL_UART_MspInit
 .text.HAL_UART_RxCpltCallback
                0x08009b88       0x40 build/usart.o
                0x08009b88                HAL_UART_RxCpltCallback
 .text.HAL_UART_TxCpltCallback
                0x08009bc8       0x14 build/usart.o
                0x08009bc8                HAL_UART_TxCpltCallback
 .text.HAL_UARTEx_RxEventCallback
                0x08009bdc       0x88 build/usart.o
                0x08009bdc                HAL_UARTEx_RxEventCallback
 .text.HAL_UART_ErrorCallback
                0x08009c64       0x5c build/usart.o
                0x08009c64                HAL_UART_ErrorCallback
 .text.timer_init
                0x08009cc0       0x2c build/timer.o
                0x08009cc0                timer_init
 .text.timer_update
                0x08009cec      0x10c build/timer.o
                0x08009cec                timer_update
 .text.SX1278_hw_init
                0x08009df8       0x1e build/SX1278_hw.o
                0x08009df8                SX1278_hw_init
 .text.SX1278_hw_SetNSS
                0x08009e16       0x2e build/SX1278_hw.o
                0x08009e16                SX1278_hw_SetNSS
 .text.SX1278_hw_Reset
                0x08009e44       0x48 build/SX1278_hw.o
                0x08009e44                SX1278_hw_Reset
 .text.SX1278_hw_SPICommand
                0x08009e8c       0x40 build/SX1278_hw.o
                0x08009e8c                SX1278_hw_SPICommand
 .text.SX1278_hw_SPIReadByte
                0x08009ecc       0x4c build/SX1278_hw.o
                0x08009ecc                SX1278_hw_SPIReadByte
 .text.SX1278_hw_DelayMs
                0x08009f18       0x16 build/SX1278_hw.o
                0x08009f18                SX1278_hw_DelayMs
 .text.SX1278_hw_GetDIO0
                0x08009f2e       0x2e build/SX1278_hw.o
                0x08009f2e                SX1278_hw_GetDIO0
 .text.BSP_W25Qx_Init
                0x08009f5c       0x12 build/W25QXX.o
                0x08009f5c                BSP_W25Qx_Init
 *fill*         0x08009f6e        0x2 
 .text.BSP_W25Qx_Reset
                0x08009f70       0x40 build/W25QXX.o
 .text.BSP_W25Qx_GetStatus
                0x08009fb0       0x5c build/W25QXX.o
 .text.BSP_W25Qx_WriteEnable
                0x0800a00c       0x64 build/W25QXX.o
                0x0800a00c                BSP_W25Qx_WriteEnable
 .text.BSP_W25Qx_Read_ID
                0x0800a070       0x50 build/W25QXX.o
                0x0800a070                BSP_W25Qx_Read_ID
 .text.BSP_W25Qx_Read_JEDEC_ID
                0x0800a0c0       0x50 build/W25QXX.o
                0x0800a0c0                BSP_W25Qx_Read_JEDEC_ID
 .text.BSP_W25Qx_Read
                0x0800a110       0x78 build/W25QXX.o
                0x0800a110                BSP_W25Qx_Read
 .text.BSP_W25Qx_Write
                0x0800a188      0x114 build/W25QXX.o
                0x0800a188                BSP_W25Qx_Write
 *fill*         0x0800a29c        0x4 
 .text.Flash_Test
                0x0800a2a0      0x168 build/W25QXX.o
                0x0800a2a0                Flash_Test
 .text.LED_Init
                0x0800a408       0x88 build/led.o
                0x0800a408                LED_Init
 .text.LED_On   0x0800a490       0x20 build/led.o
                0x0800a490                LED_On
 .text.LED_Off  0x0800a4b0       0x20 build/led.o
                0x0800a4b0                LED_Off
 .text.LED_Toggle
                0x0800a4d0       0x20 build/led.o
                0x0800a4d0                LED_Toggle
 .text.LED_Blink
                0x0800a4f0       0x48 build/led.o
                0x0800a4f0                LED_Blink
 .text.LED_Test
                0x0800a538      0x100 build/led.o
                0x0800a538                LED_Test
 .text.RS485_SendData
                0x0800a638       0x46 build/rs485.o
                0x0800a638                RS485_SendData
 *fill*         0x0800a67e        0x2 
 .text.RS485_Test
                0x0800a680       0x28 build/rs485.o
                0x0800a680                RS485_Test
 .text.atgm_io_init
                0x0800a6a8       0x70 build/ATGM332D.o
                0x0800a6a8                atgm_io_init
 .text.atgm_open
                0x0800a718       0x64 build/ATGM332D.o
                0x0800a718                atgm_open
 .text.atgm_read
                0x0800a77c       0x78 build/ATGM332D.o
                0x0800a77c                atgm_read
 .text.atgm_handler
                0x0800a7f4       0x84 build/ATGM332D.o
                0x0800a7f4                atgm_handler
 .text.BDS_Test
                0x0800a878       0xb0 build/ATGM332D.o
                0x0800a878                BDS_Test
 .text.ec2x_io_init
                0x0800a928       0xec build/EC2x.o
                0x0800a928                ec2x_io_init
 .text.ec2x_reset
                0x0800aa14       0x7c build/EC2x.o
 .text.ec2x_open
                0x0800aa90       0x90 build/EC2x.o
                0x0800aa90                ec2x_open
 .text.ec2x_write
                0x0800ab20       0x7c build/EC2x.o
                0x0800ab20                ec2x_write
 .text.ec2x_read
                0x0800ab9c       0xc8 build/EC2x.o
                0x0800ab9c                ec2x_read
 .text.ec2x_handler
                0x0800ac64      0x114 build/EC2x.o
                0x0800ac64                ec2x_handler
 .text.ec2x_replymatch
                0x0800ad78       0x5a build/EC2x.o
                0x0800ad78                ec2x_replymatch
 *fill*         0x0800add2        0x2 
 .text.ec2x_cmd_send
                0x0800add4       0xfc build/EC2x.o
 .text.ec2x_tcp_connect
                0x0800aed0      0x724 build/EC2x.o
                0x0800aed0                ec2x_tcp_connect
 .text.EC2x_Test
                0x0800b5f4      0x100 build/EC2x.o
                0x0800b5f4                EC2x_Test
 .text.SX1278_SPIRead
                0x0800b6f4       0x3e build/SX1278.o
                0x0800b6f4                SX1278_SPIRead
 .text.SX1278_SPIWrite
                0x0800b732       0x52 build/SX1278.o
                0x0800b732                SX1278_SPIWrite
 .text.SX1278_SPIBurstRead
                0x0800b784       0x72 build/SX1278.o
                0x0800b784                SX1278_SPIBurstRead
 .text.SX1278_SPIBurstWrite
                0x0800b7f6       0x76 build/SX1278.o
                0x0800b7f6                SX1278_SPIBurstWrite
 .text.SX1278_config
                0x0800b86c      0x208 build/SX1278.o
                0x0800b86c                SX1278_config
 .text.SX1278_standby
                0x0800ba74       0x20 build/SX1278.o
                0x0800ba74                SX1278_standby
 .text.SX1278_sleep
                0x0800ba94       0x20 build/SX1278.o
                0x0800ba94                SX1278_sleep
 .text.SX1278_entryLoRa
                0x0800bab4       0x1a build/SX1278.o
                0x0800bab4                SX1278_entryLoRa
 .text.SX1278_clearLoRaIrq
                0x0800bace       0x1a build/SX1278.o
                0x0800bace                SX1278_clearLoRaIrq
 .text.SX1278_LoRaEntryRx
                0x0800bae8       0xca build/SX1278.o
                0x0800bae8                SX1278_LoRaEntryRx
 .text.SX1278_DIO0IRQ_Handler
                0x0800bbb2       0x28 build/SX1278.o
                0x0800bbb2                SX1278_DIO0IRQ_Handler
 *fill*         0x0800bbda        0x2 
 .text.SX1278_LoRaRxPacket
                0x0800bbdc       0xcc build/SX1278.o
                0x0800bbdc                SX1278_LoRaRxPacket
 .text.SX1278_LoRaEntryTx
                0x0800bca8       0xb0 build/SX1278.o
                0x0800bca8                SX1278_LoRaEntryTx
 .text.SX1278_LoRaTxPacket
                0x0800bd58       0x86 build/SX1278.o
                0x0800bd58                SX1278_LoRaTxPacket
 .text.SX1278_init
                0x0800bdde       0x5a build/SX1278.o
                0x0800bdde                SX1278_init
 .text.SX1278_transmit
                0x0800be38       0x3c build/SX1278.o
                0x0800be38                SX1278_transmit
 .text.SX1278_receive
                0x0800be74       0x24 build/SX1278.o
                0x0800be74                SX1278_receive
 .text.LORA_Send
                0x0800be98       0xa8 build/SX1278.o
                0x0800be98                LORA_Send
 .text.Reset_Handler
                0x0800bf40       0x50 build/startup_stm32l431xx.o
                0x0800bf40                Reset_Handler
 .text.Default_Handler
                0x0800bf90        0x2 build/startup_stm32l431xx.o
                0x0800bf90                RTC_Alarm_IRQHandler
                0x0800bf90                EXTI2_IRQHandler
                0x0800bf90                TIM1_CC_IRQHandler
                0x0800bf90                TSC_IRQHandler
                0x0800bf90                TAMP_STAMP_IRQHandler
                0x0800bf90                EXTI3_IRQHandler
                0x0800bf90                LPTIM2_IRQHandler
                0x0800bf90                I2C3_ER_IRQHandler
                0x0800bf90                EXTI0_IRQHandler
                0x0800bf90                I2C2_EV_IRQHandler
                0x0800bf90                CAN1_RX0_IRQHandler
                0x0800bf90                FPU_IRQHandler
                0x0800bf90                TIM1_UP_TIM16_IRQHandler
                0x0800bf90                SPI1_IRQHandler
                0x0800bf90                TIM6_DAC_IRQHandler
                0x0800bf90                DMA2_Channel2_IRQHandler
                0x0800bf90                DMA1_Channel4_IRQHandler
                0x0800bf90                ADC1_IRQHandler
                0x0800bf90                DMA1_Channel7_IRQHandler
                0x0800bf90                CAN1_RX1_IRQHandler
                0x0800bf90                DMA2_Channel1_IRQHandler
                0x0800bf90                QUADSPI_IRQHandler
                0x0800bf90                I2C1_EV_IRQHandler
                0x0800bf90                DMA1_Channel6_IRQHandler
                0x0800bf90                DMA2_Channel4_IRQHandler
                0x0800bf90                RCC_IRQHandler
                0x0800bf90                TIM1_TRG_COM_IRQHandler
                0x0800bf90                DMA1_Channel1_IRQHandler
                0x0800bf90                Default_Handler
                0x0800bf90                DMA2_Channel7_IRQHandler
                0x0800bf90                EXTI15_10_IRQHandler
                0x0800bf90                TIM7_IRQHandler
                0x0800bf90                SDMMC1_IRQHandler
                0x0800bf90                I2C3_EV_IRQHandler
                0x0800bf90                RTC_WKUP_IRQHandler
                0x0800bf90                PVD_PVM_IRQHandler
                0x0800bf90                CAN1_TX_IRQHandler
                0x0800bf90                DMA2_Channel5_IRQHandler
                0x0800bf90                CRS_IRQHandler
                0x0800bf90                DMA1_Channel5_IRQHandler
                0x0800bf90                EXTI4_IRQHandler
                0x0800bf90                RNG_IRQHandler
                0x0800bf90                DMA1_Channel3_IRQHandler
                0x0800bf90                COMP_IRQHandler
                0x0800bf90                WWDG_IRQHandler
                0x0800bf90                LPUART1_IRQHandler
                0x0800bf90                DMA2_Channel6_IRQHandler
                0x0800bf90                TIM2_IRQHandler
                0x0800bf90                EXTI1_IRQHandler
                0x0800bf90                I2C2_ER_IRQHandler
                0x0800bf90                DMA1_Channel2_IRQHandler
                0x0800bf90                CAN1_SCE_IRQHandler
                0x0800bf90                FLASH_IRQHandler
                0x0800bf90                I2C1_ER_IRQHandler
                0x0800bf90                SWPMI1_IRQHandler
                0x0800bf90                LPTIM1_IRQHandler
                0x0800bf90                SAI1_IRQHandler
                0x0800bf90                DMA2_Channel3_IRQHandler
                0x0800bf90                TIM1_BRK_TIM15_IRQHandler
 *fill*         0x0800bf92        0x2 
 .text.__libc_init_array
                0x0800bf94       0x48 e:/gcc-arm-none-eabi-10.3-2021.10-win32/gcc-arm-none-eabi-10.3-2021.10/bin/../lib/gcc/arm-none-eabi/10.3.1/../../../../arm-none-eabi/lib/thumb/v7e-m+fp/hard\libc_nano.a(lib_a-init.o)
                0x0800bf94                __libc_init_array
 .text.malloc   0x0800bfdc       0x10 e:/gcc-arm-none-eabi-10.3-2021.10-win32/gcc-arm-none-eabi-10.3-2021.10/bin/../lib/gcc/arm-none-eabi/10.3.1/../../../../arm-none-eabi/lib/thumb/v7e-m+fp/hard\libc_nano.a(lib_a-malloc.o)
                0x0800bfdc                malloc
 .text.free     0x0800bfec       0x10 e:/gcc-arm-none-eabi-10.3-2021.10-win32/gcc-arm-none-eabi-10.3-2021.10/bin/../lib/gcc/arm-none-eabi/10.3.1/../../../../arm-none-eabi/lib/thumb/v7e-m+fp/hard\libc_nano.a(lib_a-malloc.o)
                0x0800bfec                free
 .text.memcpy   0x0800bffc       0x1c e:/gcc-arm-none-eabi-10.3-2021.10-win32/gcc-arm-none-eabi-10.3-2021.10/bin/../lib/gcc/arm-none-eabi/10.3.1/../../../../arm-none-eabi/lib/thumb/v7e-m+fp/hard\libc_nano.a(lib_a-memcpy-stub.o)
                0x0800bffc                memcpy
 .text.memset   0x0800c018       0x10 e:/gcc-arm-none-eabi-10.3-2021.10-win32/gcc-arm-none-eabi-10.3-2021.10/bin/../lib/gcc/arm-none-eabi/10.3.1/../../../../arm-none-eabi/lib/thumb/v7e-m+fp/hard\libc_nano.a(lib_a-memset.o)
                0x0800c018                memset
 .text._free_r  0x0800c028       0x98 e:/gcc-arm-none-eabi-10.3-2021.10-win32/gcc-arm-none-eabi-10.3-2021.10/bin/../lib/gcc/arm-none-eabi/10.3.1/../../../../arm-none-eabi/lib/thumb/v7e-m+fp/hard\libc_nano.a(lib_a-nano-freer.o)
                0x0800c028                _free_r
 .text.sbrk_aligned
                0x0800c0c0       0x40 e:/gcc-arm-none-eabi-10.3-2021.10-win32/gcc-arm-none-eabi-10.3-2021.10/bin/../lib/gcc/arm-none-eabi/10.3.1/../../../../arm-none-eabi/lib/thumb/v7e-m+fp/hard\libc_nano.a(lib_a-nano-mallocr.o)
 .text._malloc_r
                0x0800c100       0xe8 e:/gcc-arm-none-eabi-10.3-2021.10-win32/gcc-arm-none-eabi-10.3-2021.10/bin/../lib/gcc/arm-none-eabi/10.3.1/../../../../arm-none-eabi/lib/thumb/v7e-m+fp/hard\libc_nano.a(lib_a-nano-mallocr.o)
                0x0800c100                _malloc_r
 .text.__cvt    0x0800c1e8       0xc4 e:/gcc-arm-none-eabi-10.3-2021.10-win32/gcc-arm-none-eabi-10.3-2021.10/bin/../lib/gcc/arm-none-eabi/10.3.1/../../../../arm-none-eabi/lib/thumb/v7e-m+fp/hard\libc_nano.a(lib_a-nano-vfprintf_float.o)
                0x0800c1e8                __cvt
 .text.__exponent
                0x0800c2ac       0x7c e:/gcc-arm-none-eabi-10.3-2021.10-win32/gcc-arm-none-eabi-10.3-2021.10/bin/../lib/gcc/arm-none-eabi/10.3.1/../../../../arm-none-eabi/lib/thumb/v7e-m+fp/hard\libc_nano.a(lib_a-nano-vfprintf_float.o)
                0x0800c2ac                __exponent
 .text._printf_float
                0x0800c328      0x46c e:/gcc-arm-none-eabi-10.3-2021.10-win32/gcc-arm-none-eabi-10.3-2021.10/bin/../lib/gcc/arm-none-eabi/10.3.1/../../../../arm-none-eabi/lib/thumb/v7e-m+fp/hard\libc_nano.a(lib_a-nano-vfprintf_float.o)
                0x0800c328                _printf_float
 .text._printf_common
                0x0800c794       0xda e:/gcc-arm-none-eabi-10.3-2021.10-win32/gcc-arm-none-eabi-10.3-2021.10/bin/../lib/gcc/arm-none-eabi/10.3.1/../../../../arm-none-eabi/lib/thumb/v7e-m+fp/hard\libc_nano.a(lib_a-nano-vfprintf_i.o)
                0x0800c794                _printf_common
 *fill*         0x0800c86e        0x2 
 .text._printf_i
                0x0800c870      0x24c e:/gcc-arm-none-eabi-10.3-2021.10-win32/gcc-arm-none-eabi-10.3-2021.10/bin/../lib/gcc/arm-none-eabi/10.3.1/../../../../arm-none-eabi/lib/thumb/v7e-m+fp/hard\libc_nano.a(lib_a-nano-vfprintf_i.o)
                0x0800c870                _printf_i
 .text._sbrk_r  0x0800cabc       0x20 e:/gcc-arm-none-eabi-10.3-2021.10-win32/gcc-arm-none-eabi-10.3-2021.10/bin/../lib/gcc/arm-none-eabi/10.3.1/../../../../arm-none-eabi/lib/thumb/v7e-m+fp/hard\libc_nano.a(lib_a-sbrkr.o)
                0x0800cabc                _sbrk_r
 .text.strncmp  0x0800cadc       0x28 e:/gcc-arm-none-eabi-10.3-2021.10-win32/gcc-arm-none-eabi-10.3-2021.10/bin/../lib/gcc/arm-none-eabi/10.3.1/../../../../arm-none-eabi/lib/thumb/v7e-m+fp/hard\libc_nano.a(lib_a-strncmp.o)
                0x0800cadc                strncmp
 .text.strstr   0x0800cb04       0x2c e:/gcc-arm-none-eabi-10.3-2021.10-win32/gcc-arm-none-eabi-10.3-2021.10/bin/../lib/gcc/arm-none-eabi/10.3.1/../../../../arm-none-eabi/lib/thumb/v7e-m+fp/hard\libc_nano.a(lib_a-strstr.o)
                0x0800cb04                strstr
 .text._vsnprintf_r
                0x0800cb30       0x56 e:/gcc-arm-none-eabi-10.3-2021.10-win32/gcc-arm-none-eabi-10.3-2021.10/bin/../lib/gcc/arm-none-eabi/10.3.1/../../../../arm-none-eabi/lib/thumb/v7e-m+fp/hard\libc_nano.a(lib_a-vsnprintf.o)
                0x0800cb30                _vsniprintf_r
                0x0800cb30                _vsnprintf_r
 *fill*         0x0800cb86        0x2 
 .text.vsnprintf
                0x0800cb88       0x1c e:/gcc-arm-none-eabi-10.3-2021.10-win32/gcc-arm-none-eabi-10.3-2021.10/bin/../lib/gcc/arm-none-eabi/10.3.1/../../../../arm-none-eabi/lib/thumb/v7e-m+fp/hard\libc_nano.a(lib_a-vsnprintf.o)
                0x0800cb88                vsniprintf
                0x0800cb88                vsnprintf
 .text.quorem   0x0800cba4      0x116 e:/gcc-arm-none-eabi-10.3-2021.10-win32/gcc-arm-none-eabi-10.3-2021.10/bin/../lib/gcc/arm-none-eabi/10.3.1/../../../../arm-none-eabi/lib/thumb/v7e-m+fp/hard\libc_nano.a(lib_a-dtoa.o)
 *fill*         0x0800ccba        0x6 
 .text._dtoa_r  0x0800ccc0      0xbdc e:/gcc-arm-none-eabi-10.3-2021.10-win32/gcc-arm-none-eabi-10.3-2021.10/bin/../lib/gcc/arm-none-eabi/10.3.1/../../../../arm-none-eabi/lib/thumb/v7e-m+fp/hard\libc_nano.a(lib_a-dtoa.o)
                0x0800ccc0                _dtoa_r
 .text._localeconv_r
                0x0800d89c        0x8 e:/gcc-arm-none-eabi-10.3-2021.10-win32/gcc-arm-none-eabi-10.3-2021.10/bin/../lib/gcc/arm-none-eabi/10.3.1/../../../../arm-none-eabi/lib/thumb/v7e-m+fp/hard\libc_nano.a(lib_a-localeconv.o)
                0x0800d89c                _localeconv_r
 .text.__malloc_lock
                0x0800d8a4        0xc e:/gcc-arm-none-eabi-10.3-2021.10-win32/gcc-arm-none-eabi-10.3-2021.10/bin/../lib/gcc/arm-none-eabi/10.3.1/../../../../arm-none-eabi/lib/thumb/v7e-m+fp/hard\libc_nano.a(lib_a-mlock.o)
                0x0800d8a4                __malloc_lock
 .text.__malloc_unlock
                0x0800d8b0        0xc e:/gcc-arm-none-eabi-10.3-2021.10-win32/gcc-arm-none-eabi-10.3-2021.10/bin/../lib/gcc/arm-none-eabi/10.3.1/../../../../arm-none-eabi/lib/thumb/v7e-m+fp/hard\libc_nano.a(lib_a-mlock.o)
                0x0800d8b0                __malloc_unlock
 .text._Balloc  0x0800d8bc       0x80 e:/gcc-arm-none-eabi-10.3-2021.10-win32/gcc-arm-none-eabi-10.3-2021.10/bin/../lib/gcc/arm-none-eabi/10.3.1/../../../../arm-none-eabi/lib/thumb/v7e-m+fp/hard\libc_nano.a(lib_a-mprec.o)
                0x0800d8bc                _Balloc
 .text._Bfree   0x0800d93c       0x44 e:/gcc-arm-none-eabi-10.3-2021.10-win32/gcc-arm-none-eabi-10.3-2021.10/bin/../lib/gcc/arm-none-eabi/10.3.1/../../../../arm-none-eabi/lib/thumb/v7e-m+fp/hard\libc_nano.a(lib_a-mprec.o)
                0x0800d93c                _Bfree
 .text.__multadd
                0x0800d980       0x8c e:/gcc-arm-none-eabi-10.3-2021.10-win32/gcc-arm-none-eabi-10.3-2021.10/bin/../lib/gcc/arm-none-eabi/10.3.1/../../../../arm-none-eabi/lib/thumb/v7e-m+fp/hard\libc_nano.a(lib_a-mprec.o)
                0x0800d980                __multadd
 .text.__hi0bits
                0x0800da0c       0x40 e:/gcc-arm-none-eabi-10.3-2021.10-win32/gcc-arm-none-eabi-10.3-2021.10/bin/../lib/gcc/arm-none-eabi/10.3.1/../../../../arm-none-eabi/lib/thumb/v7e-m+fp/hard\libc_nano.a(lib_a-mprec.o)
                0x0800da0c                __hi0bits
 .text.__lo0bits
                0x0800da4c       0x5e e:/gcc-arm-none-eabi-10.3-2021.10-win32/gcc-arm-none-eabi-10.3-2021.10/bin/../lib/gcc/arm-none-eabi/10.3.1/../../../../arm-none-eabi/lib/thumb/v7e-m+fp/hard\libc_nano.a(lib_a-mprec.o)
                0x0800da4c                __lo0bits
 *fill*         0x0800daaa        0x2 
 .text.__i2b    0x0800daac       0x2c e:/gcc-arm-none-eabi-10.3-2021.10-win32/gcc-arm-none-eabi-10.3-2021.10/bin/../lib/gcc/arm-none-eabi/10.3.1/../../../../arm-none-eabi/lib/thumb/v7e-m+fp/hard\libc_nano.a(lib_a-mprec.o)
                0x0800daac                __i2b
 .text.__multiply
                0x0800dad8      0x154 e:/gcc-arm-none-eabi-10.3-2021.10-win32/gcc-arm-none-eabi-10.3-2021.10/bin/../lib/gcc/arm-none-eabi/10.3.1/../../../../arm-none-eabi/lib/thumb/v7e-m+fp/hard\libc_nano.a(lib_a-mprec.o)
                0x0800dad8                __multiply
 .text.__pow5mult
                0x0800dc2c       0xb4 e:/gcc-arm-none-eabi-10.3-2021.10-win32/gcc-arm-none-eabi-10.3-2021.10/bin/../lib/gcc/arm-none-eabi/10.3.1/../../../../arm-none-eabi/lib/thumb/v7e-m+fp/hard\libc_nano.a(lib_a-mprec.o)
                0x0800dc2c                __pow5mult
 .text.__lshift
                0x0800dce0       0xe0 e:/gcc-arm-none-eabi-10.3-2021.10-win32/gcc-arm-none-eabi-10.3-2021.10/bin/../lib/gcc/arm-none-eabi/10.3.1/../../../../arm-none-eabi/lib/thumb/v7e-m+fp/hard\libc_nano.a(lib_a-mprec.o)
                0x0800dce0                __lshift
 .text.__mcmp   0x0800ddc0       0x38 e:/gcc-arm-none-eabi-10.3-2021.10-win32/gcc-arm-none-eabi-10.3-2021.10/bin/../lib/gcc/arm-none-eabi/10.3.1/../../../../arm-none-eabi/lib/thumb/v7e-m+fp/hard\libc_nano.a(lib_a-mprec.o)
                0x0800ddc0                __mcmp
 .text.__mdiff  0x0800ddf8      0x114 e:/gcc-arm-none-eabi-10.3-2021.10-win32/gcc-arm-none-eabi-10.3-2021.10/bin/../lib/gcc/arm-none-eabi/10.3.1/../../../../arm-none-eabi/lib/thumb/v7e-m+fp/hard\libc_nano.a(lib_a-mprec.o)
                0x0800ddf8                __mdiff
 .text.__d2b    0x0800df0c       0xb8 e:/gcc-arm-none-eabi-10.3-2021.10-win32/gcc-arm-none-eabi-10.3-2021.10/bin/../lib/gcc/arm-none-eabi/10.3.1/../../../../arm-none-eabi/lib/thumb/v7e-m+fp/hard\libc_nano.a(lib_a-mprec.o)
                0x0800df0c                __d2b
 .text._calloc_r
                0x0800dfc4       0x2c e:/gcc-arm-none-eabi-10.3-2021.10-win32/gcc-arm-none-eabi-10.3-2021.10/bin/../lib/gcc/arm-none-eabi/10.3.1/../../../../arm-none-eabi/lib/thumb/v7e-m+fp/hard\libc_nano.a(lib_a-nano-callocr.o)
                0x0800dfc4                _calloc_r
 .text.__ssputs_r
                0x0800dff0       0xb6 e:/gcc-arm-none-eabi-10.3-2021.10-win32/gcc-arm-none-eabi-10.3-2021.10/bin/../lib/gcc/arm-none-eabi/10.3.1/../../../../arm-none-eabi/lib/thumb/v7e-m+fp/hard\libc_nano.a(lib_a-nano-svfprintf.o)
                0x0800dff0                __ssputs_r
 *fill*         0x0800e0a6        0x2 
 .text._svfprintf_r
                0x0800e0a8      0x200 e:/gcc-arm-none-eabi-10.3-2021.10-win32/gcc-arm-none-eabi-10.3-2021.10/bin/../lib/gcc/arm-none-eabi/10.3.1/../../../../arm-none-eabi/lib/thumb/v7e-m+fp/hard\libc_nano.a(lib_a-nano-svfprintf.o)
                0x0800e0a8                _svfiprintf_r
                0x0800e0a8                _svfprintf_r
 .text.__assert_func
                0x0800e2a8       0x3c e:/gcc-arm-none-eabi-10.3-2021.10-win32/gcc-arm-none-eabi-10.3-2021.10/bin/../lib/gcc/arm-none-eabi/10.3.1/../../../../arm-none-eabi/lib/thumb/v7e-m+fp/hard\libc_nano.a(lib_a-assert.o)
                0x0800e2a8                __assert_func
 .text.fprintf  0x0800e2e4       0x24 e:/gcc-arm-none-eabi-10.3-2021.10-win32/gcc-arm-none-eabi-10.3-2021.10/bin/../lib/gcc/arm-none-eabi/10.3.1/../../../../arm-none-eabi/lib/thumb/v7e-m+fp/hard\libc_nano.a(lib_a-fprintf.o)
                0x0800e2e4                fiprintf
                0x0800e2e4                fprintf
 .text.__retarget_lock_init_recursive
                0x0800e308        0x2 e:/gcc-arm-none-eabi-10.3-2021.10-win32/gcc-arm-none-eabi-10.3-2021.10/bin/../lib/gcc/arm-none-eabi/10.3.1/../../../../arm-none-eabi/lib/thumb/v7e-m+fp/hard\libc_nano.a(lib_a-lock.o)
                0x0800e308                __retarget_lock_init_recursive
 .text.__retarget_lock_acquire_recursive
                0x0800e30a        0x2 e:/gcc-arm-none-eabi-10.3-2021.10-win32/gcc-arm-none-eabi-10.3-2021.10/bin/../lib/gcc/arm-none-eabi/10.3.1/../../../../arm-none-eabi/lib/thumb/v7e-m+fp/hard\libc_nano.a(lib_a-lock.o)
                0x0800e30a                __retarget_lock_acquire_recursive
 .text.__retarget_lock_release_recursive
                0x0800e30c        0x2 e:/gcc-arm-none-eabi-10.3-2021.10-win32/gcc-arm-none-eabi-10.3-2021.10/bin/../lib/gcc/arm-none-eabi/10.3.1/../../../../arm-none-eabi/lib/thumb/v7e-m+fp/hard\libc_nano.a(lib_a-lock.o)
                0x0800e30c                __retarget_lock_release_recursive
 .text.__ascii_mbtowc
                0x0800e30e       0x24 e:/gcc-arm-none-eabi-10.3-2021.10-win32/gcc-arm-none-eabi-10.3-2021.10/bin/../lib/gcc/arm-none-eabi/10.3.1/../../../../arm-none-eabi/lib/thumb/v7e-m+fp/hard\libc_nano.a(lib_a-mbtowc_r.o)
                0x0800e30e                __ascii_mbtowc
 .text.memmove  0x0800e332       0x34 e:/gcc-arm-none-eabi-10.3-2021.10-win32/gcc-arm-none-eabi-10.3-2021.10/bin/../lib/gcc/arm-none-eabi/10.3.1/../../../../arm-none-eabi/lib/thumb/v7e-m+fp/hard\libc_nano.a(lib_a-memmove.o)
                0x0800e332                memmove
 .text._realloc_r
                0x0800e366       0x5e e:/gcc-arm-none-eabi-10.3-2021.10-win32/gcc-arm-none-eabi-10.3-2021.10/bin/../lib/gcc/arm-none-eabi/10.3.1/../../../../arm-none-eabi/lib/thumb/v7e-m+fp/hard\libc_nano.a(lib_a-nano-reallocr.o)
                0x0800e366                _realloc_r
 .text.__sfputc_r
                0x0800e3c4       0x2e e:/gcc-arm-none-eabi-10.3-2021.10-win32/gcc-arm-none-eabi-10.3-2021.10/bin/../lib/gcc/arm-none-eabi/10.3.1/../../../../arm-none-eabi/lib/thumb/v7e-m+fp/hard\libc_nano.a(lib_a-nano-vfprintf.o)
 .text.__sfputs_r
                0x0800e3f2       0x24 e:/gcc-arm-none-eabi-10.3-2021.10-win32/gcc-arm-none-eabi-10.3-2021.10/bin/../lib/gcc/arm-none-eabi/10.3.1/../../../../arm-none-eabi/lib/thumb/v7e-m+fp/hard\libc_nano.a(lib_a-nano-vfprintf.o)
                0x0800e3f2                __sfputs_r
 *fill*         0x0800e416        0x2 
 .text._vfprintf_r
                0x0800e418      0x260 e:/gcc-arm-none-eabi-10.3-2021.10-win32/gcc-arm-none-eabi-10.3-2021.10/bin/../lib/gcc/arm-none-eabi/10.3.1/../../../../arm-none-eabi/lib/thumb/v7e-m+fp/hard\libc_nano.a(lib_a-nano-vfprintf.o)
                0x0800e418                _vfprintf_r
                0x0800e418                _vfiprintf_r
 .text.__swbuf_r
                0x0800e678       0xa4 e:/gcc-arm-none-eabi-10.3-2021.10-win32/gcc-arm-none-eabi-10.3-2021.10/bin/../lib/gcc/arm-none-eabi/10.3.1/../../../../arm-none-eabi/lib/thumb/v7e-m+fp/hard\libc_nano.a(lib_a-wbuf.o)
                0x0800e678                __swbuf_r
 .text.__ascii_wctomb
                0x0800e71c       0x1a e:/gcc-arm-none-eabi-10.3-2021.10-win32/gcc-arm-none-eabi-10.3-2021.10/bin/../lib/gcc/arm-none-eabi/10.3.1/../../../../arm-none-eabi/lib/thumb/v7e-m+fp/hard\libc_nano.a(lib_a-wctomb_r.o)
                0x0800e71c                __ascii_wctomb
 *fill*         0x0800e736        0x2 
 .text.__swsetup_r
                0x0800e738       0xdc e:/gcc-arm-none-eabi-10.3-2021.10-win32/gcc-arm-none-eabi-10.3-2021.10/bin/../lib/gcc/arm-none-eabi/10.3.1/../../../../arm-none-eabi/lib/thumb/v7e-m+fp/hard\libc_nano.a(lib_a-wsetup.o)
                0x0800e738                __swsetup_r
 .text.abort    0x0800e814        0xe e:/gcc-arm-none-eabi-10.3-2021.10-win32/gcc-arm-none-eabi-10.3-2021.10/bin/../lib/gcc/arm-none-eabi/10.3.1/../../../../arm-none-eabi/lib/thumb/v7e-m+fp/hard\libc_nano.a(lib_a-abort.o)
                0x0800e814                abort
 *fill*         0x0800e822        0x2 
 .text.__sflush_r
                0x0800e824      0x10c e:/gcc-arm-none-eabi-10.3-2021.10-win32/gcc-arm-none-eabi-10.3-2021.10/bin/../lib/gcc/arm-none-eabi/10.3.1/../../../../arm-none-eabi/lib/thumb/v7e-m+fp/hard\libc_nano.a(lib_a-fflush.o)
                0x0800e824                __sflush_r
 .text._fflush_r
                0x0800e930       0x78 e:/gcc-arm-none-eabi-10.3-2021.10-win32/gcc-arm-none-eabi-10.3-2021.10/bin/../lib/gcc/arm-none-eabi/10.3.1/../../../../arm-none-eabi/lib/thumb/v7e-m+fp/hard\libc_nano.a(lib_a-fflush.o)
                0x0800e930                _fflush_r
 .text.std      0x0800e9a8       0x48 e:/gcc-arm-none-eabi-10.3-2021.10-win32/gcc-arm-none-eabi-10.3-2021.10/bin/../lib/gcc/arm-none-eabi/10.3.1/../../../../arm-none-eabi/lib/thumb/v7e-m+fp/hard\libc_nano.a(lib_a-findfp.o)
 .text._cleanup_r
                0x0800e9f0        0xc e:/gcc-arm-none-eabi-10.3-2021.10-win32/gcc-arm-none-eabi-10.3-2021.10/bin/../lib/gcc/arm-none-eabi/10.3.1/../../../../arm-none-eabi/lib/thumb/v7e-m+fp/hard\libc_nano.a(lib_a-findfp.o)
                0x0800e9f0                _cleanup_r
 .text.__sfmoreglue
                0x0800e9fc       0x2c e:/gcc-arm-none-eabi-10.3-2021.10-win32/gcc-arm-none-eabi-10.3-2021.10/bin/../lib/gcc/arm-none-eabi/10.3.1/../../../../arm-none-eabi/lib/thumb/v7e-m+fp/hard\libc_nano.a(lib_a-findfp.o)
                0x0800e9fc                __sfmoreglue
 .text.__sfp_lock_acquire
                0x0800ea28        0xc e:/gcc-arm-none-eabi-10.3-2021.10-win32/gcc-arm-none-eabi-10.3-2021.10/bin/../lib/gcc/arm-none-eabi/10.3.1/../../../../arm-none-eabi/lib/thumb/v7e-m+fp/hard\libc_nano.a(lib_a-findfp.o)
                0x0800ea28                __sfp_lock_acquire
 .text.__sfp_lock_release
                0x0800ea34        0xc e:/gcc-arm-none-eabi-10.3-2021.10-win32/gcc-arm-none-eabi-10.3-2021.10/bin/../lib/gcc/arm-none-eabi/10.3.1/../../../../arm-none-eabi/lib/thumb/v7e-m+fp/hard\libc_nano.a(lib_a-findfp.o)
                0x0800ea34                __sfp_lock_release
 .text.__sinit_lock_acquire
                0x0800ea40        0xc e:/gcc-arm-none-eabi-10.3-2021.10-win32/gcc-arm-none-eabi-10.3-2021.10/bin/../lib/gcc/arm-none-eabi/10.3.1/../../../../arm-none-eabi/lib/thumb/v7e-m+fp/hard\libc_nano.a(lib_a-findfp.o)
                0x0800ea40                __sinit_lock_acquire
 .text.__sinit_lock_release
                0x0800ea4c        0xc e:/gcc-arm-none-eabi-10.3-2021.10-win32/gcc-arm-none-eabi-10.3-2021.10/bin/../lib/gcc/arm-none-eabi/10.3.1/../../../../arm-none-eabi/lib/thumb/v7e-m+fp/hard\libc_nano.a(lib_a-findfp.o)
                0x0800ea4c                __sinit_lock_release
 .text.__sinit  0x0800ea58       0x70 e:/gcc-arm-none-eabi-10.3-2021.10-win32/gcc-arm-none-eabi-10.3-2021.10/bin/../lib/gcc/arm-none-eabi/10.3.1/../../../../arm-none-eabi/lib/thumb/v7e-m+fp/hard\libc_nano.a(lib_a-findfp.o)
                0x0800ea58                __sinit
 .text.__sfp    0x0800eac8       0x8c e:/gcc-arm-none-eabi-10.3-2021.10-win32/gcc-arm-none-eabi-10.3-2021.10/bin/../lib/gcc/arm-none-eabi/10.3.1/../../../../arm-none-eabi/lib/thumb/v7e-m+fp/hard\libc_nano.a(lib_a-findfp.o)
                0x0800eac8                __sfp
 .text._fwalk_reent
                0x0800eb54       0x3e e:/gcc-arm-none-eabi-10.3-2021.10-win32/gcc-arm-none-eabi-10.3-2021.10/bin/../lib/gcc/arm-none-eabi/10.3.1/../../../../arm-none-eabi/lib/thumb/v7e-m+fp/hard\libc_nano.a(lib_a-fwalk.o)
                0x0800eb54                _fwalk_reent
 .text.__swhatbuf_r
                0x0800eb92       0x4a e:/gcc-arm-none-eabi-10.3-2021.10-win32/gcc-arm-none-eabi-10.3-2021.10/bin/../lib/gcc/arm-none-eabi/10.3.1/../../../../arm-none-eabi/lib/thumb/v7e-m+fp/hard\libc_nano.a(lib_a-makebuf.o)
                0x0800eb92                __swhatbuf_r
 .text.__smakebuf_r
                0x0800ebdc       0x80 e:/gcc-arm-none-eabi-10.3-2021.10-win32/gcc-arm-none-eabi-10.3-2021.10/bin/../lib/gcc/arm-none-eabi/10.3.1/../../../../arm-none-eabi/lib/thumb/v7e-m+fp/hard\libc_nano.a(lib_a-makebuf.o)
                0x0800ebdc                __smakebuf_r
 .text._malloc_usable_size_r
                0x0800ec5c       0x10 e:/gcc-arm-none-eabi-10.3-2021.10-win32/gcc-arm-none-eabi-10.3-2021.10/bin/../lib/gcc/arm-none-eabi/10.3.1/../../../../arm-none-eabi/lib/thumb/v7e-m+fp/hard\libc_nano.a(lib_a-nano-msizer.o)
                0x0800ec5c                _malloc_usable_size_r
 .text._raise_r
                0x0800ec6c       0x50 e:/gcc-arm-none-eabi-10.3-2021.10-win32/gcc-arm-none-eabi-10.3-2021.10/bin/../lib/gcc/arm-none-eabi/10.3.1/../../../../arm-none-eabi/lib/thumb/v7e-m+fp/hard\libc_nano.a(lib_a-signal.o)
                0x0800ec6c                _raise_r
 .text.raise    0x0800ecbc       0x10 e:/gcc-arm-none-eabi-10.3-2021.10-win32/gcc-arm-none-eabi-10.3-2021.10/bin/../lib/gcc/arm-none-eabi/10.3.1/../../../../arm-none-eabi/lib/thumb/v7e-m+fp/hard\libc_nano.a(lib_a-signal.o)
                0x0800ecbc                raise
 .text._kill_r  0x0800eccc       0x24 e:/gcc-arm-none-eabi-10.3-2021.10-win32/gcc-arm-none-eabi-10.3-2021.10/bin/../lib/gcc/arm-none-eabi/10.3.1/../../../../arm-none-eabi/lib/thumb/v7e-m+fp/hard\libc_nano.a(lib_a-signalr.o)
                0x0800eccc                _kill_r
 .text._getpid_r
                0x0800ecf0        0x4 e:/gcc-arm-none-eabi-10.3-2021.10-win32/gcc-arm-none-eabi-10.3-2021.10/bin/../lib/gcc/arm-none-eabi/10.3.1/../../../../arm-none-eabi/lib/thumb/v7e-m+fp/hard\libc_nano.a(lib_a-signalr.o)
                0x0800ecf0                _getpid_r
 .text.__sread  0x0800ecf4       0x22 e:/gcc-arm-none-eabi-10.3-2021.10-win32/gcc-arm-none-eabi-10.3-2021.10/bin/../lib/gcc/arm-none-eabi/10.3.1/../../../../arm-none-eabi/lib/thumb/v7e-m+fp/hard\libc_nano.a(lib_a-stdio.o)
                0x0800ecf4                __sread
 .text.__swrite
                0x0800ed16       0x38 e:/gcc-arm-none-eabi-10.3-2021.10-win32/gcc-arm-none-eabi-10.3-2021.10/bin/../lib/gcc/arm-none-eabi/10.3.1/../../../../arm-none-eabi/lib/thumb/v7e-m+fp/hard\libc_nano.a(lib_a-stdio.o)
                0x0800ed16                __swrite
 .text.__sseek  0x0800ed4e       0x24 e:/gcc-arm-none-eabi-10.3-2021.10-win32/gcc-arm-none-eabi-10.3-2021.10/bin/../lib/gcc/arm-none-eabi/10.3.1/../../../../arm-none-eabi/lib/thumb/v7e-m+fp/hard\libc_nano.a(lib_a-stdio.o)
                0x0800ed4e                __sseek
 .text.__sclose
                0x0800ed72        0x8 e:/gcc-arm-none-eabi-10.3-2021.10-win32/gcc-arm-none-eabi-10.3-2021.10/bin/../lib/gcc/arm-none-eabi/10.3.1/../../../../arm-none-eabi/lib/thumb/v7e-m+fp/hard\libc_nano.a(lib_a-stdio.o)
                0x0800ed72                __sclose
 *fill*         0x0800ed7a        0x2 
 .text._write_r
                0x0800ed7c       0x24 e:/gcc-arm-none-eabi-10.3-2021.10-win32/gcc-arm-none-eabi-10.3-2021.10/bin/../lib/gcc/arm-none-eabi/10.3.1/../../../../arm-none-eabi/lib/thumb/v7e-m+fp/hard\libc_nano.a(lib_a-writer.o)
                0x0800ed7c                _write_r
 .text._close_r
                0x0800eda0       0x20 e:/gcc-arm-none-eabi-10.3-2021.10-win32/gcc-arm-none-eabi-10.3-2021.10/bin/../lib/gcc/arm-none-eabi/10.3.1/../../../../arm-none-eabi/lib/thumb/v7e-m+fp/hard\libc_nano.a(lib_a-closer.o)
                0x0800eda0                _close_r
 .text._fstat_r
                0x0800edc0       0x24 e:/gcc-arm-none-eabi-10.3-2021.10-win32/gcc-arm-none-eabi-10.3-2021.10/bin/../lib/gcc/arm-none-eabi/10.3.1/../../../../arm-none-eabi/lib/thumb/v7e-m+fp/hard\libc_nano.a(lib_a-fstatr.o)
                0x0800edc0                _fstat_r
 .text._isatty_r
                0x0800ede4       0x20 e:/gcc-arm-none-eabi-10.3-2021.10-win32/gcc-arm-none-eabi-10.3-2021.10/bin/../lib/gcc/arm-none-eabi/10.3.1/../../../../arm-none-eabi/lib/thumb/v7e-m+fp/hard\libc_nano.a(lib_a-isattyr.o)
                0x0800ede4                _isatty_r
 .text._lseek_r
                0x0800ee04       0x24 e:/gcc-arm-none-eabi-10.3-2021.10-win32/gcc-arm-none-eabi-10.3-2021.10/bin/../lib/gcc/arm-none-eabi/10.3.1/../../../../arm-none-eabi/lib/thumb/v7e-m+fp/hard\libc_nano.a(lib_a-lseekr.o)
                0x0800ee04                _lseek_r
 .text._read_r  0x0800ee28       0x24 e:/gcc-arm-none-eabi-10.3-2021.10-win32/gcc-arm-none-eabi-10.3-2021.10/bin/../lib/gcc/arm-none-eabi/10.3.1/../../../../arm-none-eabi/lib/thumb/v7e-m+fp/hard\libc_nano.a(lib_a-readr.o)
                0x0800ee28                _read_r
 *fill*         0x0800ee4c        0x4 
 .text.pow      0x0800ee50       0xf0 e:/gcc-arm-none-eabi-10.3-2021.10-win32/gcc-arm-none-eabi-10.3-2021.10/bin/../lib/gcc/arm-none-eabi/10.3.1/../../../../arm-none-eabi/lib/thumb/v7e-m+fp/hard\libm.a(lib_a-w_pow.o)
                0x0800ee50                pow
 .text.__ieee754_pow
                0x0800ef40      0xb74 e:/gcc-arm-none-eabi-10.3-2021.10-win32/gcc-arm-none-eabi-10.3-2021.10/bin/../lib/gcc/arm-none-eabi/10.3.1/../../../../arm-none-eabi/lib/thumb/v7e-m+fp/hard\libm.a(lib_a-e_pow.o)
                0x0800ef40                __ieee754_pow
 .text.__ieee754_sqrt
                0x0800fab4      0x198 e:/gcc-arm-none-eabi-10.3-2021.10-win32/gcc-arm-none-eabi-10.3-2021.10/bin/../lib/gcc/arm-none-eabi/10.3.1/../../../../arm-none-eabi/lib/thumb/v7e-m+fp/hard\libm.a(lib_a-e_sqrt.o)
                0x0800fab4                __ieee754_sqrt
 .text.with_errno
                0x0800fc4c       0x18 e:/gcc-arm-none-eabi-10.3-2021.10-win32/gcc-arm-none-eabi-10.3-2021.10/bin/../lib/gcc/arm-none-eabi/10.3.1/../../../../arm-none-eabi/lib/thumb/v7e-m+fp/hard\libm.a(lib_a-math_err.o)
 .text.xflow    0x0800fc64       0x2c e:/gcc-arm-none-eabi-10.3-2021.10-win32/gcc-arm-none-eabi-10.3-2021.10/bin/../lib/gcc/arm-none-eabi/10.3.1/../../../../arm-none-eabi/lib/thumb/v7e-m+fp/hard\libm.a(lib_a-math_err.o)
 .text.__math_uflow
                0x0800fc90       0x14 e:/gcc-arm-none-eabi-10.3-2021.10-win32/gcc-arm-none-eabi-10.3-2021.10/bin/../lib/gcc/arm-none-eabi/10.3.1/../../../../arm-none-eabi/lib/thumb/v7e-m+fp/hard\libm.a(lib_a-math_err.o)
                0x0800fc90                __math_uflow
 .text.__math_oflow
                0x0800fca4       0x14 e:/gcc-arm-none-eabi-10.3-2021.10-win32/gcc-arm-none-eabi-10.3-2021.10/bin/../lib/gcc/arm-none-eabi/10.3.1/../../../../arm-none-eabi/lib/thumb/v7e-m+fp/hard\libm.a(lib_a-math_err.o)
                0x0800fca4                __math_oflow
 .text.fabs     0x0800fcb8       0x14 e:/gcc-arm-none-eabi-10.3-2021.10-win32/gcc-arm-none-eabi-10.3-2021.10/bin/../lib/gcc/arm-none-eabi/10.3.1/../../../../arm-none-eabi/lib/thumb/v7e-m+fp/hard\libm.a(lib_a-s_fabs.o)
                0x0800fcb8                fabs
 .text.finite   0x0800fccc       0x18 e:/gcc-arm-none-eabi-10.3-2021.10-win32/gcc-arm-none-eabi-10.3-2021.10/bin/../lib/gcc/arm-none-eabi/10.3.1/../../../../arm-none-eabi/lib/thumb/v7e-m+fp/hard\libm.a(lib_a-s_finite.o)
                0x0800fccc                finite
 *fill*         0x0800fce4        0x4 
 .text.scalbn   0x0800fce8      0x124 e:/gcc-arm-none-eabi-10.3-2021.10-win32/gcc-arm-none-eabi-10.3-2021.10/bin/../lib/gcc/arm-none-eabi/10.3.1/../../../../arm-none-eabi/lib/thumb/v7e-m+fp/hard\libm.a(lib_a-s_scalbn.o)
                0x0800fce8                scalbn
 .text._close   0x0800fe0c       0x10 e:/gcc-arm-none-eabi-10.3-2021.10-win32/gcc-arm-none-eabi-10.3-2021.10/bin/../lib/gcc/arm-none-eabi/10.3.1/../../../../arm-none-eabi/lib/thumb/v7e-m+fp/hard\libnosys.a(close.o)
                0x0800fe0c                _close
 .text._fstat   0x0800fe1c       0x10 e:/gcc-arm-none-eabi-10.3-2021.10-win32/gcc-arm-none-eabi-10.3-2021.10/bin/../lib/gcc/arm-none-eabi/10.3.1/../../../../arm-none-eabi/lib/thumb/v7e-m+fp/hard\libnosys.a(fstat.o)
                0x0800fe1c                _fstat
 .text._getpid  0x0800fe2c       0x10 e:/gcc-arm-none-eabi-10.3-2021.10-win32/gcc-arm-none-eabi-10.3-2021.10/bin/../lib/gcc/arm-none-eabi/10.3.1/../../../../arm-none-eabi/lib/thumb/v7e-m+fp/hard\libnosys.a(getpid.o)
                0x0800fe2c                _getpid
 .text._isatty  0x0800fe3c       0x10 e:/gcc-arm-none-eabi-10.3-2021.10-win32/gcc-arm-none-eabi-10.3-2021.10/bin/../lib/gcc/arm-none-eabi/10.3.1/../../../../arm-none-eabi/lib/thumb/v7e-m+fp/hard\libnosys.a(isatty.o)
                0x0800fe3c                _isatty
 .text._kill    0x0800fe4c       0x10 e:/gcc-arm-none-eabi-10.3-2021.10-win32/gcc-arm-none-eabi-10.3-2021.10/bin/../lib/gcc/arm-none-eabi/10.3.1/../../../../arm-none-eabi/lib/thumb/v7e-m+fp/hard\libnosys.a(kill.o)
                0x0800fe4c                _kill
 .text._lseek   0x0800fe5c       0x10 e:/gcc-arm-none-eabi-10.3-2021.10-win32/gcc-arm-none-eabi-10.3-2021.10/bin/../lib/gcc/arm-none-eabi/10.3.1/../../../../arm-none-eabi/lib/thumb/v7e-m+fp/hard\libnosys.a(lseek.o)
                0x0800fe5c                _lseek
 .text._read    0x0800fe6c       0x10 e:/gcc-arm-none-eabi-10.3-2021.10-win32/gcc-arm-none-eabi-10.3-2021.10/bin/../lib/gcc/arm-none-eabi/10.3.1/../../../../arm-none-eabi/lib/thumb/v7e-m+fp/hard\libnosys.a(read.o)
                0x0800fe6c                _read
 .text._sbrk    0x0800fe7c       0x1c e:/gcc-arm-none-eabi-10.3-2021.10-win32/gcc-arm-none-eabi-10.3-2021.10/bin/../lib/gcc/arm-none-eabi/10.3.1/../../../../arm-none-eabi/lib/thumb/v7e-m+fp/hard\libnosys.a(sbrk.o)
                0x0800fe7c                _sbrk
 .text._write   0x0800fe98       0x10 e:/gcc-arm-none-eabi-10.3-2021.10-win32/gcc-arm-none-eabi-10.3-2021.10/bin/../lib/gcc/arm-none-eabi/10.3.1/../../../../arm-none-eabi/lib/thumb/v7e-m+fp/hard\libnosys.a(write.o)
                0x0800fe98                _write
 .text._exit    0x0800fea8        0x4 e:/gcc-arm-none-eabi-10.3-2021.10-win32/gcc-arm-none-eabi-10.3-2021.10/bin/../lib/gcc/arm-none-eabi/10.3.1/../../../../arm-none-eabi/lib/thumb/v7e-m+fp/hard\libnosys.a(_exit.o)
                0x0800fea8                _exit
 .text.__errno  0x0800feac        0xc e:/gcc-arm-none-eabi-10.3-2021.10-win32/gcc-arm-none-eabi-10.3-2021.10/bin/../lib/gcc/arm-none-eabi/10.3.1/../../../../arm-none-eabi/lib/thumb/v7e-m+fp/hard\libc_nano.a(lib_a-errno.o)
                0x0800feac                __errno
 *(.glue_7)
 .glue_7        0x0800feb8        0x0 linker stubs
 *(.glue_7t)
 .glue_7t       0x0800feb8        0x0 linker stubs
 *(.eh_frame)
 .eh_frame      0x0800feb8        0x0 e:/gcc-arm-none-eabi-10.3-2021.10-win32/gcc-arm-none-eabi-10.3-2021.10/bin/../lib/gcc/arm-none-eabi/10.3.1/thumb/v7e-m+fp/hard/crtbegin.o
 *(.init)
 .init          0x0800feb8        0x4 e:/gcc-arm-none-eabi-10.3-2021.10-win32/gcc-arm-none-eabi-10.3-2021.10/bin/../lib/gcc/arm-none-eabi/10.3.1/thumb/v7e-m+fp/hard/crti.o
                0x0800feb8                _init
 .init          0x0800febc        0x8 e:/gcc-arm-none-eabi-10.3-2021.10-win32/gcc-arm-none-eabi-10.3-2021.10/bin/../lib/gcc/arm-none-eabi/10.3.1/thumb/v7e-m+fp/hard/crtn.o
 *(.fini)
 .fini          0x0800fec4        0x4 e:/gcc-arm-none-eabi-10.3-2021.10-win32/gcc-arm-none-eabi-10.3-2021.10/bin/../lib/gcc/arm-none-eabi/10.3.1/thumb/v7e-m+fp/hard/crti.o
                0x0800fec4                _fini
 .fini          0x0800fec8        0x8 e:/gcc-arm-none-eabi-10.3-2021.10-win32/gcc-arm-none-eabi-10.3-2021.10/bin/../lib/gcc/arm-none-eabi/10.3.1/thumb/v7e-m+fp/hard/crtn.o
                0x0800fed0                . = ALIGN (0x8)
                0x0800fed0                _etext = .

.vfp11_veneer   0x0800fed0        0x0
 .vfp11_veneer  0x0800fed0        0x0 linker stubs

.v4_bx          0x0800fed0        0x0
 .v4_bx         0x0800fed0        0x0 linker stubs

.iplt           0x0800fed0        0x0
 .iplt          0x0800fed0        0x0 e:/gcc-arm-none-eabi-10.3-2021.10-win32/gcc-arm-none-eabi-10.3-2021.10/bin/../lib/gcc/arm-none-eabi/10.3.1/thumb/v7e-m+fp/hard/crtbegin.o

.rodata         0x0800fed0      0xe48
                0x0800fed0                . = ALIGN (0x8)
 *(.rodata)
 .rodata        0x0800fed0       0x5f build/main.o
 *fill*         0x0800ff2f        0x1 
 .rodata        0x0800ff30      0x2ed build/shell.o
 *fill*         0x0801021d        0x3 
 .rodata        0x08010220       0x1c build/adc.o
 .rodata        0x0801023c       0xa3 build/W25QXX.o
 *fill*         0x080102df        0x1 
 .rodata        0x080102e0       0x45 build/led.o
 *fill*         0x08010325        0x3 
 .rodata        0x08010328       0x33 build/ATGM332D.o
 *fill*         0x0801035b        0x1 
 .rodata        0x0801035c      0x127 build/EC2x.o
 *fill*         0x08010483        0x1 
 .rodata        0x08010484       0x71 build/SX1278.o
 *(.rodata*)
 *fill*         0x080104f5        0x3 
 .rodata.AHBPrescTable
                0x080104f8       0x10 build/system_stm32l4xx.o
                0x080104f8                AHBPrescTable
 .rodata.APBPrescTable
                0x08010508        0x8 build/system_stm32l4xx.o
                0x08010508                APBPrescTable
 .rodata.MSIRangeTable
                0x08010510       0x30 build/system_stm32l4xx.o
                0x08010510                MSIRangeTable
 .rodata.shellCmdDefaultUser
                0x08010540        0x7 build/shell.o
                0x08010540                shellCmdDefaultUser
 *fill*         0x08010547        0x1 
 .rodata.shellPasswordDefaultUser
                0x08010548        0x1 build/shell.o
                0x08010548                shellPasswordDefaultUser
 *fill*         0x08010549        0x3 
 .rodata.shellDesDefaultUser
                0x0801054c        0xd build/shell.o
                0x0801054c                shellDesDefaultUser
 *fill*         0x08010559        0x3 
 .rodata.shellCmdsetVar
                0x0801055c        0x7 build/shell.o
                0x0801055c                shellCmdsetVar
 *fill*         0x08010563        0x1 
 .rodata.shellDescsetVar
                0x08010564        0x8 build/shell.o
                0x08010564                shellDescsetVar
 .rodata.shellDesc0x1B5B4100
                0x0801056c        0x3 build/shell.o
                0x0801056c                shellDesc0x1B5B4100
 *fill*         0x0801056f        0x1 
 .rodata.shellDesc0x1B5B4200
                0x08010570        0x5 build/shell.o
                0x08010570                shellDesc0x1B5B4200
 *fill*         0x08010575        0x3 
 .rodata.shellDesc0x1B5B4300
                0x08010578        0x6 build/shell.o
                0x08010578                shellDesc0x1B5B4300
 *fill*         0x0801057e        0x2 
 .rodata.shellDesc0x1B5B4400
                0x08010580        0x5 build/shell.o
                0x08010580                shellDesc0x1B5B4400
 *fill*         0x08010585        0x3 
 .rodata.shellDesc0x09000000
                0x08010588        0x4 build/shell.o
                0x08010588                shellDesc0x09000000
 .rodata.shellDesc0x08000000
                0x0801058c        0xa build/shell.o
                0x0801058c                shellDesc0x08000000
 *fill*         0x08010596        0x2 
 .rodata.shellDesc0x7F000000
                0x08010598        0xa build/shell.o
                0x08010598                shellDesc0x7F000000
 *fill*         0x080105a2        0x2 
 .rodata.shellDesc0x1B5B337E
                0x080105a4        0x7 build/shell.o
                0x080105a4                shellDesc0x1B5B337E
 *fill*         0x080105ab        0x1 
 .rodata.shellDesc0x0A000000
                0x080105ac        0x6 build/shell.o
                0x080105ac                shellDesc0x0A000000
 *fill*         0x080105b2        0x2 
 .rodata.shellDesc0x0D000000
                0x080105b4        0x6 build/shell.o
                0x080105b4                shellDesc0x0D000000
 *fill*         0x080105ba        0x2 
 .rodata.shellCmdhelp
                0x080105bc        0x5 build/shell.o
                0x080105bc                shellCmdhelp
 *fill*         0x080105c1        0x3 
 .rodata.shellDeschelp
                0x080105c4       0x1e build/shell.o
                0x080105c4                shellDeschelp
 *fill*         0x080105e2        0x2 
 .rodata.shellCmdusers
                0x080105e4        0x6 build/shell.o
                0x080105e4                shellCmdusers
 *fill*         0x080105ea        0x2 
 .rodata.shellDescusers
                0x080105ec        0xe build/shell.o
                0x080105ec                shellDescusers
 *fill*         0x080105fa        0x2 
 .rodata.shellCmdcmds
                0x080105fc        0x5 build/shell.o
                0x080105fc                shellCmdcmds
 *fill*         0x08010601        0x3 
 .rodata.shellDesccmds
                0x08010604        0xd build/shell.o
                0x08010604                shellDesccmds
 *fill*         0x08010611        0x3 
 .rodata.shellCmdvars
                0x08010614        0x5 build/shell.o
                0x08010614                shellCmdvars
 *fill*         0x08010619        0x3 
 .rodata.shellDescvars
                0x0801061c        0xd build/shell.o
                0x0801061c                shellDescvars
 *fill*         0x08010629        0x3 
 .rodata.shellCmdkeys
                0x0801062c        0x5 build/shell.o
                0x0801062c                shellCmdkeys
 *fill*         0x08010631        0x3 
 .rodata.shellDesckeys
                0x08010634        0xd build/shell.o
                0x08010634                shellDesckeys
 *fill*         0x08010641        0x3 
 .rodata.shellCmdclear
                0x08010644        0x6 build/shell.o
                0x08010644                shellCmdclear
 *fill*         0x0801064a        0x2 
 .rodata.shellDescclear
                0x0801064c        0xe build/shell.o
                0x0801064c                shellDescclear
 *fill*         0x0801065a        0x2 
 .rodata.shellCmdLDR_Get
                0x0801065c        0x8 build/adc.o
                0x0801065c                shellCmdLDR_Get
 .rodata.shellDescLDR_Get
                0x08010664        0xe build/adc.o
                0x08010664                shellDescLDR_Get
 *fill*         0x08010672        0x2 
 .rodata.shellCmdbattery
                0x08010674        0x8 build/adc.o
                0x08010674                shellCmdbattery
 .rodata.shellDescbattery
                0x0801067c       0x1a build/adc.o
                0x0801067c                shellDescbattery
 *fill*         0x08010696        0x2 
 .rodata.shellCmdflash_test
                0x08010698        0xb build/W25QXX.o
                0x08010698                shellCmdflash_test
 *fill*         0x080106a3        0x1 
 .rodata.shellDescflash_test
                0x080106a4       0x10 build/W25QXX.o
                0x080106a4                shellDescflash_test
 .rodata.shellCmdled
                0x080106b4        0x4 build/led.o
                0x080106b4                shellCmdled
 .rodata.shellDescled
                0x080106b8        0xe build/led.o
                0x080106b8                shellDescled
 *fill*         0x080106c6        0x2 
 .rodata.shellCmdrs485_send
                0x080106c8        0xb build/rs485.o
                0x080106c8                shellCmdrs485_send
 *fill*         0x080106d3        0x1 
 .rodata.shellDescrs485_send
                0x080106d4       0x10 build/rs485.o
                0x080106d4                shellDescrs485_send
 .rodata.shellCmdbds_test
                0x080106e4        0x9 build/ATGM332D.o
                0x080106e4                shellCmdbds_test
 *fill*         0x080106ed        0x3 
 .rodata.shellDescbds_test
                0x080106f0        0xd build/ATGM332D.o
                0x080106f0                shellDescbds_test
 *fill*         0x080106fd        0x3 
 .rodata.shellCmdec2x_send
                0x08010700        0xa build/EC2x.o
                0x08010700                shellCmdec2x_send
 *fill*         0x0801070a        0x2 
 .rodata.shellDescec2x_send
                0x0801070c        0xa build/EC2x.o
                0x0801070c                shellDescec2x_send
 *fill*         0x08010716        0x2 
 .rodata.SX1278_Power
                0x08010718        0x4 build/SX1278.o
 .rodata.SX1278_SpreadFactor
                0x0801071c        0x7 build/SX1278.o
 *fill*         0x08010723        0x1 
 .rodata.SX1278_LoRaBandwidth
                0x08010724        0xa build/SX1278.o
 *fill*         0x0801072e        0x2 
 .rodata.SX1278_CodingRate
                0x08010730        0x4 build/SX1278.o
 .rodata.SX1278_CRC_Sum
                0x08010734        0x2 build/SX1278.o
 *fill*         0x08010736        0x2 
 .rodata.shellCmdlora_send
                0x08010738        0xa build/SX1278.o
                0x08010738                shellCmdlora_send
 *fill*         0x08010742        0x2 
 .rodata.shellDesclora_send
                0x08010744        0xa build/SX1278.o
                0x08010744                shellDesclora_send
 *fill*         0x0801074e        0x2 
 .rodata._global_impure_ptr
                0x08010750        0x4 e:/gcc-arm-none-eabi-10.3-2021.10-win32/gcc-arm-none-eabi-10.3-2021.10/bin/../lib/gcc/arm-none-eabi/10.3.1/../../../../arm-none-eabi/lib/thumb/v7e-m+fp/hard\libc_nano.a(lib_a-impure.o)
                0x08010750                _global_impure_ptr
 .rodata._printf_float.str1.1
                0x08010754       0x12 e:/gcc-arm-none-eabi-10.3-2021.10-win32/gcc-arm-none-eabi-10.3-2021.10/bin/../lib/gcc/arm-none-eabi/10.3.1/../../../../arm-none-eabi/lib/thumb/v7e-m+fp/hard\libc_nano.a(lib_a-nano-vfprintf_float.o)
 .rodata._printf_i.str1.1
                0x08010766       0x22 e:/gcc-arm-none-eabi-10.3-2021.10-win32/gcc-arm-none-eabi-10.3-2021.10/bin/../lib/gcc/arm-none-eabi/10.3.1/../../../../arm-none-eabi/lib/thumb/v7e-m+fp/hard\libc_nano.a(lib_a-nano-vfprintf_i.o)
 .rodata._dtoa_r.str1.1
                0x08010788       0xb3 e:/gcc-arm-none-eabi-10.3-2021.10-win32/gcc-arm-none-eabi-10.3-2021.10/bin/../lib/gcc/arm-none-eabi/10.3.1/../../../../arm-none-eabi/lib/thumb/v7e-m+fp/hard\libc_nano.a(lib_a-dtoa.o)
                                 0xb5 (size before relaxing)
 .rodata._Balloc.str1.1
                0x0801083b       0x7f e:/gcc-arm-none-eabi-10.3-2021.10-win32/gcc-arm-none-eabi-10.3-2021.10/bin/../lib/gcc/arm-none-eabi/10.3.1/../../../../arm-none-eabi/lib/thumb/v7e-m+fp/hard\libc_nano.a(lib_a-mprec.o)
                                 0x96 (size before relaxing)
 .rodata.__multadd.str1.1
                0x080108ba       0x11 e:/gcc-arm-none-eabi-10.3-2021.10-win32/gcc-arm-none-eabi-10.3-2021.10/bin/../lib/gcc/arm-none-eabi/10.3.1/../../../../arm-none-eabi/lib/thumb/v7e-m+fp/hard\libc_nano.a(lib_a-mprec.o)
 *fill*         0x080108ba        0x6 
 .rodata.__mprec_bigtens
                0x080108c0       0x28 e:/gcc-arm-none-eabi-10.3-2021.10-win32/gcc-arm-none-eabi-10.3-2021.10/bin/../lib/gcc/arm-none-eabi/10.3.1/../../../../arm-none-eabi/lib/thumb/v7e-m+fp/hard\libc_nano.a(lib_a-mprec.o)
                0x080108c0                __mprec_bigtens
 .rodata.__mprec_tens
                0x080108e8       0xc8 e:/gcc-arm-none-eabi-10.3-2021.10-win32/gcc-arm-none-eabi-10.3-2021.10/bin/../lib/gcc/arm-none-eabi/10.3.1/../../../../arm-none-eabi/lib/thumb/v7e-m+fp/hard\libc_nano.a(lib_a-mprec.o)
                0x080108e8                __mprec_tens
 .rodata.p05.0  0x080109b0        0xc e:/gcc-arm-none-eabi-10.3-2021.10-win32/gcc-arm-none-eabi-10.3-2021.10/bin/../lib/gcc/arm-none-eabi/10.3.1/../../../../arm-none-eabi/lib/thumb/v7e-m+fp/hard\libc_nano.a(lib_a-mprec.o)
 .rodata._svfprintf_r.str1.1
                0x080109bc       0x11 e:/gcc-arm-none-eabi-10.3-2021.10-win32/gcc-arm-none-eabi-10.3-2021.10/bin/../lib/gcc/arm-none-eabi/10.3.1/../../../../arm-none-eabi/lib/thumb/v7e-m+fp/hard\libc_nano.a(lib_a-nano-svfprintf.o)
 .rodata.__assert_func.str1.1
                0x080109cd       0x3c e:/gcc-arm-none-eabi-10.3-2021.10-win32/gcc-arm-none-eabi-10.3-2021.10/bin/../lib/gcc/arm-none-eabi/10.3.1/../../../../arm-none-eabi/lib/thumb/v7e-m+fp/hard\libc_nano.a(lib_a-assert.o)
                                 0x3d (size before relaxing)
 .rodata._setlocale_r.str1.1
                0x08010a09        0x8 e:/gcc-arm-none-eabi-10.3-2021.10-win32/gcc-arm-none-eabi-10.3-2021.10/bin/../lib/gcc/arm-none-eabi/10.3.1/../../../../arm-none-eabi/lib/thumb/v7e-m+fp/hard\libc_nano.a(lib_a-locale.o)
                                  0x9 (size before relaxing)
 .rodata.str1.1
                0x08010a11        0x2 e:/gcc-arm-none-eabi-10.3-2021.10-win32/gcc-arm-none-eabi-10.3-2021.10/bin/../lib/gcc/arm-none-eabi/10.3.1/../../../../arm-none-eabi/lib/thumb/v7e-m+fp/hard\libc_nano.a(lib_a-locale.o)
 .rodata._vfprintf_r.str1.1
                0x08010a13       0x11 e:/gcc-arm-none-eabi-10.3-2021.10-win32/gcc-arm-none-eabi-10.3-2021.10/bin/../lib/gcc/arm-none-eabi/10.3.1/../../../../arm-none-eabi/lib/thumb/v7e-m+fp/hard\libc_nano.a(lib_a-nano-vfprintf.o)
 .rodata._ctype_
                0x08010a13      0x101 e:/gcc-arm-none-eabi-10.3-2021.10-win32/gcc-arm-none-eabi-10.3-2021.10/bin/../lib/gcc/arm-none-eabi/10.3.1/../../../../arm-none-eabi/lib/thumb/v7e-m+fp/hard\libc_nano.a(lib_a-ctype_.o)
                0x08010a13                _ctype_
 .rodata.__sf_fake_stderr
                0x08010b14       0x20 e:/gcc-arm-none-eabi-10.3-2021.10-win32/gcc-arm-none-eabi-10.3-2021.10/bin/../lib/gcc/arm-none-eabi/10.3.1/../../../../arm-none-eabi/lib/thumb/v7e-m+fp/hard\libc_nano.a(lib_a-findfp.o)
                0x08010b14                __sf_fake_stderr
 .rodata.__sf_fake_stdin
                0x08010b34       0x20 e:/gcc-arm-none-eabi-10.3-2021.10-win32/gcc-arm-none-eabi-10.3-2021.10/bin/../lib/gcc/arm-none-eabi/10.3.1/../../../../arm-none-eabi/lib/thumb/v7e-m+fp/hard\libc_nano.a(lib_a-findfp.o)
                0x08010b34                __sf_fake_stdin
 .rodata.__sf_fake_stdout
                0x08010b54       0x20 e:/gcc-arm-none-eabi-10.3-2021.10-win32/gcc-arm-none-eabi-10.3-2021.10/bin/../lib/gcc/arm-none-eabi/10.3.1/../../../../arm-none-eabi/lib/thumb/v7e-m+fp/hard\libc_nano.a(lib_a-findfp.o)
                0x08010b54                __sf_fake_stdout
                0x08010b78                . = ALIGN (0x8)
 *fill*         0x08010b74        0x4 
                0x08010b78                _shell_command_start = .
 *(shellCommand)
 shellCommand   0x08010b78      0x120 build/shell.o
                0x08010b78                shellUserDefault
                0x08010b88                shellCommandsetVar
                0x08010b98                shellKey0x1B5B4100
                0x08010ba8                shellKey0x1B5B4200
                0x08010bb8                shellKey0x1B5B4300
                0x08010bc8                shellKey0x1B5B4400
                0x08010bd8                shellKey0x09000000
                0x08010be8                shellKey0x08000000
                0x08010bf8                shellKey0x7F000000
                0x08010c08                shellKey0x1B5B337E
                0x08010c18                shellKey0x0A000000
                0x08010c28                shellKey0x0D000000
                0x08010c38                shellCommandhelp
                0x08010c48                shellCommandusers
                0x08010c58                shellCommandcmds
                0x08010c68                shellCommandvars
                0x08010c78                shellCommandkeys
                0x08010c88                shellCommandclear
 shellCommand   0x08010c98       0x20 build/adc.o
                0x08010c98                shellCommandLDR_Get
                0x08010ca8                shellCommandbattery
 shellCommand   0x08010cb8       0x10 build/W25QXX.o
                0x08010cb8                shellCommandflash_test
 shellCommand   0x08010cc8       0x10 build/led.o
                0x08010cc8                shellCommandled
 shellCommand   0x08010cd8       0x10 build/rs485.o
                0x08010cd8                shellCommandrs485_send
 shellCommand   0x08010ce8       0x10 build/ATGM332D.o
                0x08010ce8                shellCommandbds_test
 shellCommand   0x08010cf8       0x10 build/EC2x.o
                0x08010cf8                shellCommandec2x_send
 shellCommand   0x08010d08       0x10 build/SX1278.o
                0x08010d08                shellCommandlora_send
                0x08010d18                _shell_command_end = .

.ARM.extab      0x08010d18        0x0
                0x08010d18                . = ALIGN (0x8)