Archive member included to satisfy reference by file (symbol)

e:/gcc-arm-none-eabi-10.3-2021.10-win32/gcc-arm-none-eabi-10.3-2021.10/bin/../lib/gcc/arm-none-eabi/10.3.1/../../../../arm-none-eabi/lib/thumb/v7e-m+fp/hard\libc_nano.a(lib_a-exit.o)
                              e:/gcc-arm-none-eabi-10.3-2021.10-win32/gcc-arm-none-eabi-10.3-2021.10/bin/../lib/gcc/arm-none-eabi/10.3.1/../../../../arm-none-eabi/lib/thumb/v7e-m+fp/hard/crt0.o (exit)
e:/gcc-arm-none-eabi-10.3-2021.10-win32/gcc-arm-none-eabi-10.3-2021.10/bin/../lib/gcc/arm-none-eabi/10.3.1/../../../../arm-none-eabi/lib/thumb/v7e-m+fp/hard\libc_nano.a(lib_a-impure.o)
                              e:/gcc-arm-none-eabi-10.3-2021.10-win32/gcc-arm-none-eabi-10.3-2021.10/bin/../lib/gcc/arm-none-eabi/10.3.1/../../../../arm-none-eabi/lib/thumb/v7e-m+fp/hard\libc_nano.a(lib_a-exit.o) (_global_impure_ptr)
e:/gcc-arm-none-eabi-10.3-2021.10-win32/gcc-arm-none-eabi-10.3-2021.10/bin/../lib/gcc/arm-none-eabi/10.3.1/../../../../arm-none-eabi/lib/thumb/v7e-m+fp/hard\libc_nano.a(lib_a-init.o)
                              e:/gcc-arm-none-eabi-10.3-2021.10-win32/gcc-arm-none-eabi-10.3-2021.10/bin/../lib/gcc/arm-none-eabi/10.3.1/../../../../arm-none-eabi/lib/thumb/v7e-m+fp/hard/crt0.o (__libc_init_array)
e:/gcc-arm-none-eabi-10.3-2021.10-win32/gcc-arm-none-eabi-10.3-2021.10/bin/../lib/gcc/arm-none-eabi/10.3.1/../../../../arm-none-eabi/lib/thumb/v7e-m+fp/hard\libc_nano.a(lib_a-memset.o)
                              e:/gcc-arm-none-eabi-10.3-2021.10-win32/gcc-arm-none-eabi-10.3-2021.10/bin/../lib/gcc/arm-none-eabi/10.3.1/../../../../arm-none-eabi/lib/thumb/v7e-m+fp/hard/crt0.o (memset)
e:/gcc-arm-none-eabi-10.3-2021.10-win32/gcc-arm-none-eabi-10.3-2021.10/bin/../lib/gcc/arm-none-eabi/10.3.1/../../../../arm-none-eabi/lib/thumb/v7e-m+fp/hard\libc_nano.a(lib_a-strcmp.o)
                              build/shell.o (strcmp)
e:/gcc-arm-none-eabi-10.3-2021.10-win32/gcc-arm-none-eabi-10.3-2021.10/bin/../lib/gcc/arm-none-eabi/10.3.1/../../../../arm-none-eabi/lib/thumb/v7e-m+fp/hard\libc_nano.a(lib_a-strlen.o)
                              build/shell.o (strlen)
e:/gcc-arm-none-eabi-10.3-2021.10-win32/gcc-arm-none-eabi-10.3-2021.10/bin/../lib/gcc/arm-none-eabi/10.3.1/../../../../arm-none-eabi/lib/thumb/v7e-m+fp/hard\libc_nano.a(lib_a-strncmp.o)
                              build/shell.o (strncmp)
e:/gcc-arm-none-eabi-10.3-2021.10-win32/gcc-arm-none-eabi-10.3-2021.10/bin/../lib/gcc/arm-none-eabi/10.3.1/../../../../arm-none-eabi/lib/thumb/v7e-m+fp/hard\libc_nano.a(lib_a-vsnprintf.o)
                              build/shell.o (vsnprintf)
e:/gcc-arm-none-eabi-10.3-2021.10-win32/gcc-arm-none-eabi-10.3-2021.10/bin/../lib/gcc/arm-none-eabi/10.3.1/../../../../arm-none-eabi/lib/thumb/v7e-m+fp/hard\libc_nano.a(lib_a-nano-svfprintf.o)
                              e:/gcc-arm-none-eabi-10.3-2021.10-win32/gcc-arm-none-eabi-10.3-2021.10/bin/../lib/gcc/arm-none-eabi/10.3.1/../../../../arm-none-eabi/lib/thumb/v7e-m+fp/hard\libc_nano.a(lib_a-vsnprintf.o) (_svfprintf_r)
e:/gcc-arm-none-eabi-10.3-2021.10-win32/gcc-arm-none-eabi-10.3-2021.10/bin/../lib/gcc/arm-none-eabi/10.3.1/../../../../arm-none-eabi/lib/thumb/v7e-m+fp/hard\libc_nano.a(lib_a-nano-vfprintf_i.o)
                              e:/gcc-arm-none-eabi-10.3-2021.10-win32/gcc-arm-none-eabi-10.3-2021.10/bin/../lib/gcc/arm-none-eabi/10.3.1/../../../../arm-none-eabi/lib/thumb/v7e-m+fp/hard\libc_nano.a(lib_a-nano-svfprintf.o) (_printf_i)
e:/gcc-arm-none-eabi-10.3-2021.10-win32/gcc-arm-none-eabi-10.3-2021.10/bin/../lib/gcc/arm-none-eabi/10.3.1/../../../../arm-none-eabi/lib/thumb/v7e-m+fp/hard\libc_nano.a(lib_a-memchr.o)
                              e:/gcc-arm-none-eabi-10.3-2021.10-win32/gcc-arm-none-eabi-10.3-2021.10/bin/../lib/gcc/arm-none-eabi/10.3.1/../../../../arm-none-eabi/lib/thumb/v7e-m+fp/hard\libc_nano.a(lib_a-nano-svfprintf.o) (memchr)
e:/gcc-arm-none-eabi-10.3-2021.10-win32/gcc-arm-none-eabi-10.3-2021.10/bin/../lib/gcc/arm-none-eabi/10.3.1/../../../../arm-none-eabi/lib/thumb/v7e-m+fp/hard\libc_nano.a(lib_a-memcpy-stub.o)
                              e:/gcc-arm-none-eabi-10.3-2021.10-win32/gcc-arm-none-eabi-10.3-2021.10/bin/../lib/gcc/arm-none-eabi/10.3.1/../../../../arm-none-eabi/lib/thumb/v7e-m+fp/hard\libc_nano.a(lib_a-nano-svfprintf.o) (memcpy)
e:/gcc-arm-none-eabi-10.3-2021.10-win32/gcc-arm-none-eabi-10.3-2021.10/bin/../lib/gcc/arm-none-eabi/10.3.1/../../../../arm-none-eabi/lib/thumb/v7e-m+fp/hard\libc_nano.a(lib_a-memmove.o)
                              e:/gcc-arm-none-eabi-10.3-2021.10-win32/gcc-arm-none-eabi-10.3-2021.10/bin/../lib/gcc/arm-none-eabi/10.3.1/../../../../arm-none-eabi/lib/thumb/v7e-m+fp/hard\libc_nano.a(lib_a-nano-svfprintf.o) (memmove)
e:/gcc-arm-none-eabi-10.3-2021.10-win32/gcc-arm-none-eabi-10.3-2021.10/bin/../lib/gcc/arm-none-eabi/10.3.1/../../../../arm-none-eabi/lib/thumb/v7e-m+fp/hard\libc_nano.a(lib_a-nano-freer.o)
[...]
Memory Configuration

Name             Origin             Length             Attributes
RAM              0x20000000         0x00010000         xrw
RAM2             0x10000000         0x00004000         xrw
FLASH            0x08000000         0x00020000         xr
*default*        0x00000000         0xffffffff

Linker script and memory map

LOAD e:/gcc-arm-none-eabi-10.3-2021.10-win32/gcc-arm-none-eabi-10.3-2021.10/bin/../lib/gcc/arm-none-eabi/10.3.1/thumb/v7e-m+fp/hard/crti.o
LOAD e:/gcc-arm-none-eabi-10.3-2021.10-win32/gcc-arm-none-eabi-10.3-2021.10/bin/../lib/gcc/arm-none-eabi/10.3.1/thumb/v7e-m+fp/hard/crtbegin.o
LOAD e:/gcc-arm-none-eabi-10.3-2021.10-win32/gcc-arm-none-eabi-10.3-2021.10/bin/../lib/gcc/arm-none-eabi/10.3.1/../../../../arm-none-eabi/lib/thumb/v7e-m+fp/hard/crt0.o
LOAD build/main.o
LOAD build/gpio.o
LOAD build/adc.o
LOAD build/spi.o
LOAD build/usart.o
LOAD build/stm32l4xx_it.o
LOAD build/stm32l4xx_hal_msp.o
LOAD build/stm32l4xx_hal_adc.o
LOAD build/stm32l4xx_hal_adc_ex.o
LOAD build/stm32l4xx_hal.o
LOAD build/stm32l4xx_hal_i2c.o
LOAD build/stm32l4xx_hal_i2c_ex.o
LOAD build/stm32l4xx_hal_rcc.o
LOAD build/stm32l4xx_hal_rcc_ex.o
LOAD build/stm32l4xx_hal_flash.o
LOAD build/stm32l4xx_hal_flash_ex.o
LOAD build/stm32l4xx_hal_flash_ramfunc.o
LOAD build/stm32l4xx_hal_gpio.o
LOAD build/stm32l4xx_hal_dma.o
LOAD build/stm32l4xx_hal_dma_ex.o
LOAD build/stm32l4xx_hal_pwr.o
LOAD build/stm32l4xx_hal_pwr_ex.o
LOAD build/stm32l4xx_hal_cortex.o
LOAD build/stm32l4xx_hal_exti.o
LOAD build/stm32l4xx_hal_spi.o
LOAD build/stm32l4xx_hal_spi_ex.o
LOAD build/stm32l4xx_hal_tim.o
LOAD build/stm32l4xx_hal_tim_ex.o
LOAD build/stm32l4xx_hal_uart.o
LOAD build/stm32l4xx_hal_uart_ex.o
LOAD build/system_stm32l4xx.o
LOAD build/shell_cmd_list.o
LOAD build/shell_companion.o
LOAD build/shell_ext.o
LOAD build/shell_port.o
LOAD build/shell.o
LOAD build/startup_stm32l431xx.o
LOAD e:/gcc-arm-none-eabi-10.3-2021.10-win32/gcc-arm-none-eabi-10.3-2021.10/bin/../lib/gcc/arm-none-eabi/10.3.1/../../../../arm-none-eabi/lib/thumb/v7e-m+fp/hard\libc_nano.a
LOAD e:/gcc-arm-none-eabi-10.3-2021.10-win32/gcc-arm-none-eabi-10.3-2021.10/bin/../lib/gcc/arm-none-eabi/10.3.1/../../../../arm-none-eabi/lib/thumb/v7e-m+fp/hard\libm.a
LOAD e:/gcc-arm-none-eabi-10.3-2021.10-win32/gcc-arm-none-eabi-10.3-2021.10/bin/../lib/gcc/arm-none-eabi/10.3.1/../../../../arm-none-eabi/lib/thumb/v7e-m+fp/hard\libnosys.a
START GROUP
LOAD e:/gcc-arm-none-eabi-10.3-2021.10-win32/gcc-arm-none-eabi-10.3-2021.10/bin/../lib/gcc/arm-none-eabi/10.3.1/thumb/v7e-m+fp/hard\libgcc.a
LOAD e:/gcc-arm-none-eabi-10.3-2021.10-win32/gcc-arm-none-eabi-10.3-2021.10/bin/../lib/gcc/arm-none-eabi/10.3.1/../../../../arm-none-eabi/lib/thumb/v7e-m+fp/hard\libc_nano.a
END GROUP
START GROUP
LOAD e:/gcc-arm-none-eabi-10.3-2021.10-win32/gcc-arm-none-eabi-10.3-2021.10/bin/../lib/gcc/arm-none-eabi/10.3.1/thumb/v7e-m+fp/hard\libgcc.a
LOAD e:/gcc-arm-none-eabi-10.3-2021.10-win32/gcc-arm-none-eabi-10.3-2021.10/bin/../lib/gcc/arm-none-eabi/10.3.1/../../../../arm-none-eabi/lib/thumb/v7e-m+fp/hard\libc_nano.a
END GROUP
LOAD e:/gcc-arm-none-eabi-10.3-2021.10-win32/gcc-arm-none-eabi-10.3-2021.10/bin/../lib/gcc/arm-none-eabi/10.3.1/thumb/v7e-m+fp/hard/crtend.o
LOAD e:/gcc-arm-none-eabi-10.3-2021.10-win32/gcc-arm-none-eabi-10.3-2021.10/bin/../lib/gcc/arm-none-eabi/10.3.1/thumb/v7e-m+fp/hard/crtn.o
                0x20010000                _estack = 0x20010000
                0x00000400                _Min_Heap_Size = 0x400
                0x00000400                _Min_Stack_Size = 0x400

.isr_vector     0x08000000      0x190
                0x08000000                . = ALIGN (0x8)
 *(.isr_vector)
 .isr_vector    0x08000000      0x18c build/startup_stm32l431xx.o
                0x08000000                g_pfnVectors
                0x08000190                . = ALIGN (0x8)
 *fill*         0x0800018c        0x4 

.text           0x08000190     0x56e0
                0x08000190                . = ALIGN (0x8)
 *(.text)
 .text          0x08000190       0x40 e:/gcc-arm-none-eabi-10.3-2021.10-win32/gcc-arm-none-eabi-10.3-2021.10/bin/../lib/gcc/arm-none-eabi/10.3.1/thumb/v7e-m+fp/hard/crtbegin.o
 .text          0x080001d0       0x14 e:/gcc-arm-none-eabi-10.3-2021.10-win32/gcc-arm-none-eabi-10.3-2021.10/bin/../lib/gcc/arm-none-eabi/10.3.1/../../../../arm-none-eabi/lib/thumb/v7e-m+fp/hard\libc_nano.a(lib_a-strcmp.o)
                0x080001d0                strcmp
 .text          0x080001e4       0x10 e:/gcc-arm-none-eabi-10.3-2021.10-win32/gcc-arm-none-eabi-10.3-2021.10/bin/../lib/gcc/arm-none-eabi/10.3.1/../../../../arm-none-eabi/lib/thumb/v7e-m+fp/hard\libc_nano.a(lib_a-strlen.o)
                0x080001e4                strlen
 *fill*         0x080001f4        0xc 
 .text          0x08000200       0xa0 e:/gcc-arm-none-eabi-10.3-2021.10-win32/gcc-arm-none-eabi-10.3-2021.10/bin/../lib/gcc/arm-none-eabi/10.3.1/../../../../arm-none-eabi/lib/thumb/v7e-m+fp/hard\libc_nano.a(lib_a-memchr.o)
                0x08000200                memchr
 .text          0x080002a0       0x30 e:/gcc-arm-none-eabi-10.3-2021.10-win32/gcc-arm-none-eabi-10.3-2021.10/bin/../lib/gcc/arm-none-eabi/10.3.1/thumb/v7e-m+fp/hard\libgcc.a(_aeabi_uldivmod.o)
                0x080002a0                __aeabi_uldivmod
 .text          0x080002d0      0x2d0 e:/gcc-arm-none-eabi-10.3-2021.10-win32/gcc-arm-none-eabi-10.3-2021.10/bin/../lib/gcc/arm-none-eabi/10.3.1/thumb/v7e-m+fp/hard\libgcc.a(_udivmoddi4.o)
                0x080002d0                __udivmoddi4
 .text          0x080005a0        0x4 e:/gcc-arm-none-eabi-10.3-2021.10-win32/gcc-arm-none-eabi-10.3-2021.10/bin/../lib/gcc/arm-none-eabi/10.3.1/thumb/v7e-m+fp/hard\libgcc.a(_dvmd_tls.o)
                0x080005a0                __aeabi_idiv0
                0x080005a0                __aeabi_ldiv0
 *(.text*)
 .text.LDR_Value_Get
                0x080005a4       0x20 build/main.o
                0x080005a4                LDR_Value_Get
 .text.Error_Handler
                0x080005c4        0x4 build/main.o
                0x080005c4                Error_Handler
 .text.SystemClock_Config
                0x080005c8       0x78 build/main.o
                0x080005c8                SystemClock_Config
 .text.main     0x08000640       0x32 build/main.o
                0x08000640                main
 *fill*         0x08000672        0x2 
 .text.MX_GPIO_Init
                0x08000674       0xc0 build/gpio.o
                0x08000674                MX_GPIO_Init
 .text.MX_ADC1_Init
                0x08000734       0x8c build/adc.o
                0x08000734                MX_ADC1_Init
 .text.HAL_ADC_MspInit
                0x080007c0       0xa4 build/adc.o
                0x080007c0                HAL_ADC_MspInit
 .text.ADC_Average_Get
                0x08000864       0x8c build/adc.o
                0x08000864                ADC_Average_Get
 .text.MX_SPI2_Init
                0x080008f0       0x4c build/spi.o
                0x080008f0                MX_SPI2_Init
 .text.MX_SPI3_Init
                0x0800093c       0x4c build/spi.o
                0x0800093c                MX_SPI3_Init
 .text.HAL_SPI_MspInit
                0x08000988      0x100 build/spi.o
                0x08000988                HAL_SPI_MspInit
 .text.MX_USART1_UART_Init
                0x08000a88       0x38 build/usart.o
                0x08000a88                MX_USART1_UART_Init
 .text.MX_USART2_UART_Init
                0x08000ac0       0x38 build/usart.o
                0x08000ac0                MX_USART2_UART_Init
 .text.MX_USART3_UART_Init
                0x08000af8       0x48 build/usart.o
                0x08000af8                MX_USART3_UART_Init
 .text.HAL_UART_MspInit
                0x08000b40      0x180 build/usart.o
                0x08000b40                HAL_UART_MspInit
 .text.HAL_UART_RxCpltCallback
                0x08000cc0       0x34 build/usart.o
                0x08000cc0                HAL_UART_RxCpltCallback
 .text.NMI_Handler
                0x08000cf4        0x2 build/stm32l4xx_it.o
                0x08000cf4                NMI_Handler
 .text.HardFault_Handler
                0x08000cf6        0x2 build/stm32l4xx_it.o
                0x08000cf6                HardFault_Handler
 .text.MemManage_Handler
                0x08000cf8        0x2 build/stm32l4xx_it.o
                0x08000cf8                MemManage_Handler
 .text.BusFault_Handler
                0x08000cfa        0x2 build/stm32l4xx_it.o
                0x08000cfa                BusFault_Handler
 .text.UsageFault_Handler
                0x08000cfc        0x2 build/stm32l4xx_it.o
                0x08000cfc                UsageFault_Handler
 .text.SVC_Handler
                0x08000cfe        0x2 build/stm32l4xx_it.o
                0x08000cfe                SVC_Handler
 .text.DebugMon_Handler
                0x08000d00        0x2 build/stm32l4xx_it.o
                0x08000d00                DebugMon_Handler
 .text.PendSV_Handler
                0x08000d02        0x2 build/stm32l4xx_it.o
                0x08000d02                PendSV_Handler
 .text.SysTick_Handler
                0x08000d04        0x8 build/stm32l4xx_it.o
                0x08000d04                SysTick_Handler
 .text.SPI2_IRQHandler
                0x08000d0c       0x10 build/stm32l4xx_it.o
                0x08000d0c                SPI2_IRQHandler
 .text.USART1_IRQHandler
                0x08000d1c       0x10 build/stm32l4xx_it.o
                0x08000d1c                USART1_IRQHandler
 .text.USART2_IRQHandler
                0x08000d2c       0x10 build/stm32l4xx_it.o
                0x08000d2c                USART2_IRQHandler
 .text.USART3_IRQHandler
                0x08000d3c       0x10 build/stm32l4xx_it.o
                0x08000d3c                USART3_IRQHandler
 .text.SPI3_IRQHandler
                0x08000d4c       0x10 build/stm32l4xx_it.o
                0x08000d4c                SPI3_IRQHandler
 .text.HAL_MspInit
                0x08000d5c       0x3c build/stm32l4xx_hal_msp.o
                0x08000d5c                HAL_MspInit
 .text.HAL_ADC_Init
                0x08000d98      0x1dc build/stm32l4xx_hal_adc.o
                0x08000d98                HAL_ADC_Init
 .text.HAL_ADC_PollForConversion
                0x08000f74       0xb4 build/stm32l4xx_hal_adc.o
                0x08000f74                HAL_ADC_PollForConversion
 .text.HAL_ADC_GetValue
                0x08001028        0x6 build/stm32l4xx_hal_adc.o
                0x08001028                HAL_ADC_GetValue
 *fill*         0x0800102e        0x2 
 .text.HAL_ADC_ConfigChannel
                0x08001030      0x4a0 build/stm32l4xx_hal_adc.o
                0x08001030                HAL_ADC_ConfigChannel
 .text.HAL_ADC_GetState
                0x080014d0        0x4 build/stm32l4xx_hal_adc.o
                0x080014d0                HAL_ADC_GetState
 .text.ADC_ConversionStop
                0x080014d4      0x100 build/stm32l4xx_hal_adc.o
                0x080014d4                ADC_ConversionStop
 .text.ADC_Enable
                0x080015d4       0xdc build/stm32l4xx_hal_adc.o
                0x080015d4                ADC_Enable
 .text.HAL_ADC_Start
                0x080016b0       0x8c build/stm32l4xx_hal_adc.o
                0x080016b0                HAL_ADC_Start
 .text.ADC_Disable
                0x0800173c       0x94 build/stm32l4xx_hal_adc.o
                0x0800173c                ADC_Disable
 .text.HAL_ADC_Stop
                0x080017d0       0x42 build/stm32l4xx_hal_adc.o
                0x080017d0                HAL_ADC_Stop
 .text.HAL_ADCEx_Calibration_Start
                0x08001812       0x98 build/stm32l4xx_hal_adc_ex.o
                0x08001812                HAL_ADCEx_Calibration_Start
 *fill*         0x080018aa        0x2 
 .text.HAL_InitTick
                0x080018ac       0x50 build/stm32l4xx_hal.o
                0x080018ac                HAL_InitTick
 .text.HAL_Init
                0x080018fc       0x1e build/stm32l4xx_hal.o
                0x080018fc                HAL_Init
 *fill*         0x0800191a        0x2 
 .text.HAL_IncTick
                0x0800191c       0x18 build/stm32l4xx_hal.o
                0x0800191c                HAL_IncTick
 .text.HAL_GetTick
                0x08001934        0xc build/stm32l4xx_hal.o
                0x08001934                HAL_GetTick
 .text.HAL_Delay
                0x08001940       0x28 build/stm32l4xx_hal.o
                0x08001940                HAL_Delay
 .text.RCC_SetFlashLatencyFromMSIRange
                0x08001968       0x90 build/stm32l4xx_hal_rcc.o
 .text.HAL_RCC_GetSysClockFreq
                0x080019f8       0xb4 build/stm32l4xx_hal_rcc.o
                0x080019f8                HAL_RCC_GetSysClockFreq
 .text.HAL_RCC_OscConfig
                0x08001aac      0x66c build/stm32l4xx_hal_rcc.o
                0x08001aac                HAL_RCC_OscConfig
 .text.HAL_RCC_ClockConfig
                0x08002118      0x188 build/stm32l4xx_hal_rcc.o
                0x08002118                HAL_RCC_ClockConfig
 .text.HAL_RCC_GetHCLKFreq
                0x080022a0        0xc build/stm32l4xx_hal_rcc.o
                0x080022a0                HAL_RCC_GetHCLKFreq
 .text.HAL_RCC_GetPCLK1Freq
                0x080022ac       0x24 build/stm32l4xx_hal_rcc.o
                0x080022ac                HAL_RCC_GetPCLK1Freq
 .text.HAL_RCC_GetPCLK2Freq
                0x080022d0       0x24 build/stm32l4xx_hal_rcc.o
                0x080022d0                HAL_RCC_GetPCLK2Freq
 .text.RCCEx_PLLSAI1_Config
                0x080022f4      0x16c build/stm32l4xx_hal_rcc_ex.o
 .text.HAL_RCCEx_PeriphCLKConfig
                0x08002460      0x31c build/stm32l4xx_hal_rcc_ex.o
                0x08002460                HAL_RCCEx_PeriphCLKConfig
 .text.HAL_GPIO_Init
                0x0800277c      0x1c8 build/stm32l4xx_hal_gpio.o
                0x0800277c                HAL_GPIO_Init
 .text.HAL_GPIO_WritePin
                0x08002944        0xa build/stm32l4xx_hal_gpio.o
                0x08002944                HAL_GPIO_WritePin
 .text.HAL_DMA_Abort
                0x0800294e       0x4a build/stm32l4xx_hal_dma.o
                0x0800294e                HAL_DMA_Abort
 .text.HAL_DMA_Abort_IT
                0x08002998       0x50 build/stm32l4xx_hal_dma.o
                0x08002998                HAL_DMA_Abort_IT
 .text.HAL_PWREx_GetVoltageRange
                0x080029e8       0x10 build/stm32l4xx_hal_pwr_ex.o
                0x080029e8                HAL_PWREx_GetVoltageRange
 .text.HAL_PWREx_ControlVoltageScaling
                0x080029f8       0x90 build/stm32l4xx_hal_pwr_ex.o
                0x080029f8                HAL_PWREx_ControlVoltageScaling
 .text.HAL_NVIC_SetPriorityGrouping
                0x08002a88       0x24 build/stm32l4xx_hal_cortex.o
                0x08002a88                HAL_NVIC_SetPriorityGrouping
 .text.HAL_NVIC_SetPriority
                0x08002aac       0x70 build/stm32l4xx_hal_cortex.o
                0x08002aac                HAL_NVIC_SetPriority
 .text.HAL_NVIC_EnableIRQ
                0x08002b1c       0x1c build/stm32l4xx_hal_cortex.o
                0x08002b1c                HAL_NVIC_EnableIRQ
 .text.HAL_SYSTICK_Config
                0x08002b38       0x28 build/stm32l4xx_hal_cortex.o
                0x08002b38                HAL_SYSTICK_Config
 .text.HAL_SPI_Init
                0x08002b60       0xde build/stm32l4xx_hal_spi.o
                0x08002b60                HAL_SPI_Init
 .text.HAL_SPI_ErrorCallback
                0x08002c3e        0x2 build/stm32l4xx_hal_spi.o
                0x08002c3e                HAL_SPI_ErrorCallback
 .text.HAL_SPI_IRQHandler
                0x08002c40      0x124 build/stm32l4xx_hal_spi.o
                0x08002c40                HAL_SPI_IRQHandler
 .text.SPI_DMAAbortOnError
                0x08002d64       0x12 build/stm32l4xx_hal_spi.o
 .text.UART_EndRxTransfer
                0x08002d76       0x50 build/stm32l4xx_hal_uart.o
 .text.HAL_UART_TxCpltCallback
                0x08002dc6        0x2 build/stm32l4xx_hal_uart.o
                0x08002dc6                HAL_UART_TxCpltCallback
 .text.UART_EndTransmit_IT
                0x08002dc8       0x22 build/stm32l4xx_hal_uart.o
 .text.HAL_UART_ErrorCallback
                0x08002dea        0x2 build/stm32l4xx_hal_uart.o
                0x08002dea                HAL_UART_ErrorCallback
 .text.UART_DMAAbortOnError
                0x08002dec       0x14 build/stm32l4xx_hal_uart.o
 .text.HAL_UARTEx_RxEventCallback
                0x08002e00        0x2 build/stm32l4xx_hal_uart.o
                0x08002e00                HAL_UARTEx_RxEventCallback
 *fill*         0x08002e02        0x2 
 .text.HAL_UART_IRQHandler
                0x08002e04      0x2e4 build/stm32l4xx_hal_uart.o
                0x08002e04                HAL_UART_IRQHandler
 .text.UART_RxISR_8BIT
                0x080030e8       0xb0 build/stm32l4xx_hal_uart.o
 .text.UART_RxISR_16BIT
                0x08003198       0xae build/stm32l4xx_hal_uart.o
 *fill*         0x08003246        0x2 
 .text.UART_SetConfig
                0x08003248      0x2a0 build/stm32l4xx_hal_uart.o
                0x08003248                UART_SetConfig
 .text.UART_AdvFeatureConfig
                0x080034e8       0xca build/stm32l4xx_hal_uart.o
                0x080034e8                UART_AdvFeatureConfig
 .text.UART_WaitOnFlagUntilTimeout
                0x080035b2       0xd4 build/stm32l4xx_hal_uart.o
                0x080035b2                UART_WaitOnFlagUntilTimeout
 .text.HAL_UART_Transmit
                0x08003686       0xd8 build/stm32l4xx_hal_uart.o
                0x08003686                HAL_UART_Transmit
 .text.UART_CheckIdleState
                0x0800375e       0x70 build/stm32l4xx_hal_uart.o
                0x0800375e                UART_CheckIdleState
 .text.HAL_UART_Init
                0x080037ce       0x62 build/stm32l4xx_hal_uart.o
                0x080037ce                HAL_UART_Init
 .text.UART_Start_Receive_IT
                0x08003830       0xd8 build/stm32l4xx_hal_uart.o
                0x08003830                UART_Start_Receive_IT
 .text.HAL_UART_Receive_IT
                0x08003908       0x5c build/stm32l4xx_hal_uart.o
                0x08003908                HAL_UART_Receive_IT
 .text.HAL_UARTEx_WakeupCallback
                0x08003964        0x2 build/stm32l4xx_hal_uart_ex.o
                0x08003964                HAL_UARTEx_WakeupCallback
 *fill*         0x08003966        0x2 
 .text.SystemInit
                0x08003968       0x14 build/system_stm32l4xx.o
                0x08003968                SystemInit
 .text.shellExtNumType
                0x0800397c       0x58 build/shell_ext.o
 .text.shellExtToNum
                0x080039d4       0x2e build/shell_ext.o
 *fill*         0x08003a02        0x2 
 .text.shellExtParseChar
                0x08003a04       0x94 build/shell_ext.o
 .text.shellExtParseString
                0x08003a98       0x40 build/shell_ext.o
 .text.shellExtParseNumber
                0x08003ad8       0xb0 build/shell_ext.o
 .text.shellExtParseVar
                0x08003b88       0x1e build/shell_ext.o
 .text.shellExtParsePara
                0x08003ba6       0x78 build/shell_ext.o
                0x08003ba6                shellExtParsePara
 .text.shellExtRun
                0x08003c1e       0xf4 build/shell_ext.o
                0x08003c1e                shellExtRun
 *fill*         0x08003d12        0x2 
 .text.User_Shell_Write
                0x08003d14       0x30 build/shell_port.o
                0x08003d14                User_Shell_Write
 .text.User_Shell_Init
                0x08003d44       0x20 build/shell_port.o
                0x08003d44                User_Shell_Init
 .text.shellAdd
                0x08003d64       0x24 build/shell.o
 .text.shellWriteByte
                0x08003d88       0x18 build/shell.o
 .text.shellWriteCommandDesc
                0x08003da0       0x4c build/shell.o
 .text.shellStringCopy
                0x08003dec       0x16 build/shell.o
 .text.shellStringCompare
                0x08003e02       0x2e build/shell.o
 .text.shellGetCommandDesc
                0x08003e30       0x22 build/shell.o
 .text.shellParserParam
                0x08003e52       0x92 build/shell.o
 .text.shellRight
                0x08003ee4       0x1a build/shell.o
                0x08003ee4                shellRight
 .text.shellLeft
                0x08003efe       0x18 build/shell.o
                0x08003efe                shellLeft
 .text.shellHistoryAdd
                0x08003f16       0x70 build/shell.o
 .text.shellRemoveParamQuotes
                0x08003f86       0x54 build/shell.o
 *fill*         0x08003fda        0x2 
 .text.shellGetCurrent
                0x08003fdc       0x2c build/shell.o
                0x08003fdc                shellGetCurrent
 .text.shellWriteString
                0x08004008       0x26 build/shell.o
                0x08004008                shellWriteString
 *fill*         0x0800402e        0x2 
 .text.shellWritePrompt
                0x08004030       0x60 build/shell.o
 .text.shellCheckPassword
                0x08004090       0x40 build/shell.o
 .text.shellClear
                0x080040d0       0x14 build/shell.o
                0x080040d0                shellClear
 .text.shellPrint
                0x080040e4       0x32 build/shell.o
                0x080040e4                shellPrint
 .text.shellCheckPermission
                0x08004116       0x44 build/shell.o
                0x08004116                shellCheckPermission
 .text.shellToHex
                0x0800415a       0x28 build/shell.o
                0x0800415a                shellToHex
 *fill*         0x08004182        0x2 
 .text.shellGetCommandName
                0x08004184       0x44 build/shell.o
 .text.shellToDec
                0x080041c8       0x60 build/shell.o
                0x080041c8                shellToDec
 .text.shellWriteReturnValue
                0x08004228       0x80 build/shell.o
 .text.shellListItem
                0x080042a8       0xe0 build/shell.o
                0x080042a8                shellListItem
 .text.shellListCommand
                0x08004388       0x48 build/shell.o
                0x08004388                shellListCommand
 .text.shellCmds
                0x080043d0        0xe build/shell.o
                0x080043d0                shellCmds
 *fill*         0x080043de        0x2 
 .text.shellListVar
                0x080043e0       0x4c build/shell.o
                0x080043e0                shellListVar
 .text.shellVars
                0x0800442c        0xe build/shell.o
                0x0800442c                shellVars
 *fill*         0x0800443a        0x2 
 .text.shellListUser
                0x0800443c       0x48 build/shell.o
                0x0800443c                shellListUser
 .text.shellUsers
                0x08004484        0xe build/shell.o
                0x08004484                shellUsers
 *fill*         0x08004492        0x2 
 .text.shellListKey
                0x08004494       0x48 build/shell.o
                0x08004494                shellListKey
 .text.shellKeys
                0x080044dc        0xe build/shell.o
                0x080044dc                shellKeys
 .text.shellListAll
                0x080044ea        0x8 build/shell.o
                0x080044ea                shellListAll
 *fill*         0x080044f2        0x2 
 .text.shellDeleteCommandLine
                0x080044f4       0x20 build/shell.o
                0x080044f4                shellDeleteCommandLine
 .text.shellClearCommandLine
                0x08004514       0x28 build/shell.o
                0x08004514                shellClearCommandLine
 .text.shellHistory
                0x0800453c       0x98 build/shell.o
 .text.shellUp  0x080045d4        0xa build/shell.o
                0x080045d4                shellUp
 .text.shellDown
                0x080045de        0xc build/shell.o
                0x080045de                shellDown
 *fill*         0x080045ea        0x2 
 .text.shellTab
                0x080045ec      0x114 build/shell.o
                0x080045ec                shellTab
 .text.shellInsertByte
                0x08004700       0xbc build/shell.o
                0x08004700                shellInsertByte
 .text.shellDeleteByte
                0x080047bc       0xc4 build/shell.o
                0x080047bc                shellDeleteByte
 .text.shellBackspace
                0x08004880        0xa build/shell.o
                0x08004880                shellBackspace
 .text.shellDelete
                0x0800488a        0xc build/shell.o
                0x0800488a                shellDelete
 .text.shellSeekCommand
                0x08004896       0x72 build/shell.o
                0x08004896                shellSeekCommand
 .text.shellWriteCommandHelp
                0x08004908       0x60 build/shell.o
 .text.shellHelp
                0x08004968       0x24 build/shell.o
                0x08004968                shellHelp
 .text.shellGetVarValue
                0x0800498c       0x44 build/shell.o
                0x0800498c                shellGetVarValue
 .text.shellShowVar
                0x080049d0       0xc0 build/shell.o
 .text.shellSetVarValue
                0x08004a90       0x78 build/shell.o
                0x08004a90                shellSetVarValue
 .text.shellSetVar
                0x08004b08       0x64 build/shell.o
                0x08004b08                shellSetVar
 .text.shellSetUser
                0x08004b6c       0x60 build/shell.o
                0x08004b6c                shellSetUser
 .text.shellInit
                0x08004bcc       0x90 build/shell.o
                0x08004bcc                shellInit
 .text.shellRunCommand
                0x08004c5c       0x94 build/shell.o
                0x08004c5c                shellRunCommand
 .text.shellNormalInput
                0x08004cf0       0x14 build/shell.o
                0x08004cf0                shellNormalInput
 .text.shellExec
                0x08004d04       0x68 build/shell.o
                0x08004d04                shellExec
 .text.shellEnter
                0x08004d6c       0x12 build/shell.o
                0x08004d6c                shellEnter
 *fill*         0x08004d7e        0x2 
 .text.shellHandler
                0x08004d80       0xd8 build/shell.o
                0x08004d80                shellHandler
 .text.Reset_Handler
                0x08004e58       0x50 build/startup_stm32l431xx.o
                0x08004e58                Reset_Handler
 .text.Default_Handler
                0x08004ea8        0x2 build/startup_stm32l431xx.o
                0x08004ea8                RTC_Alarm_IRQHandler
                0x08004ea8                EXTI2_IRQHandler
                0x08004ea8                TIM1_CC_IRQHandler
                0x08004ea8                TSC_IRQHandler
                0x08004ea8                TAMP_STAMP_IRQHandler
                0x08004ea8                EXTI3_IRQHandler
                0x08004ea8                LPTIM2_IRQHandler
                0x08004ea8                I2C3_ER_IRQHandler
                0x08004ea8                EXTI0_IRQHandler
                0x08004ea8                I2C2_EV_IRQHandler
                0x08004ea8                CAN1_RX0_IRQHandler
                0x08004ea8                FPU_IRQHandler
                0x08004ea8                TIM1_UP_TIM16_IRQHandler
                0x08004ea8                SPI1_IRQHandler
                0x08004ea8                TIM6_DAC_IRQHandler
                0x08004ea8                DMA2_Channel2_IRQHandler
                0x08004ea8                DMA1_Channel4_IRQHandler
                0x08004ea8                ADC1_IRQHandler
                0x08004ea8                DMA1_Channel7_IRQHandler
                0x08004ea8                CAN1_RX1_IRQHandler
                0x08004ea8                DMA2_Channel1_IRQHandler
                0x08004ea8                QUADSPI_IRQHandler
                0x08004ea8                I2C1_EV_IRQHandler
                0x08004ea8                DMA1_Channel6_IRQHandler
                0x08004ea8                DMA2_Channel4_IRQHandler
                0x08004ea8                RCC_IRQHandler
                0x08004ea8                TIM1_TRG_COM_IRQHandler
                0x08004ea8                DMA1_Channel1_IRQHandler
                0x08004ea8                Default_Handler
                0x08004ea8                DMA2_Channel7_IRQHandler
                0x08004ea8                EXTI15_10_IRQHandler
                0x08004ea8                TIM7_IRQHandler
                0x08004ea8                SDMMC1_IRQHandler
                0x08004ea8                I2C3_EV_IRQHandler
                0x08004ea8                EXTI9_5_IRQHandler
                0x08004ea8                RTC_WKUP_IRQHandler
                0x08004ea8                PVD_PVM_IRQHandler
                0x08004ea8                CAN1_TX_IRQHandler
                0x08004ea8                DMA2_Channel5_IRQHandler
                0x08004ea8                CRS_IRQHandler
                0x08004ea8                DMA1_Channel5_IRQHandler
                0x08004ea8                EXTI4_IRQHandler
                0x08004ea8                RNG_IRQHandler
                0x08004ea8                DMA1_Channel3_IRQHandler
                0x08004ea8                COMP_IRQHandler
                0x08004ea8                WWDG_IRQHandler
                0x08004ea8                LPUART1_IRQHandler
                0x08004ea8                DMA2_Channel6_IRQHandler
                0x08004ea8                TIM2_IRQHandler
                0x08004ea8                EXTI1_IRQHandler
                0x08004ea8                I2C2_ER_IRQHandler
                0x08004ea8                DMA1_Channel2_IRQHandler
                0x08004ea8                CAN1_SCE_IRQHandler
                0x08004ea8                FLASH_IRQHandler
                0x08004ea8                I2C1_ER_IRQHandler
                0x08004ea8                SWPMI1_IRQHandler
                0x08004ea8                LPTIM1_IRQHandler
                0x08004ea8                SAI1_IRQHandler
                0x08004ea8                DMA2_Channel3_IRQHandler
                0x08004ea8                TIM1_BRK_TIM15_IRQHandler
 *fill*         0x08004eaa        0x2 
 .text.__libc_init_array
                0x08004eac       0x48 e:/gcc-arm-none-eabi-10.3-2021.10-win32/gcc-arm-none-eabi-10.3-2021.10/bin/../lib/gcc/arm-none-eabi/10.3.1/../../../../arm-none-eabi/lib/thumb/v7e-m+fp/hard\libc_nano.a(lib_a-init.o)
                0x08004eac                __libc_init_array
 .text.memset   0x08004ef4       0x10 e:/gcc-arm-none-eabi-10.3-2021.10-win32/gcc-arm-none-eabi-10.3-2021.10/bin/../lib/gcc/arm-none-eabi/10.3.1/../../../../arm-none-eabi/lib/thumb/v7e-m+fp/hard\libc_nano.a(lib_a-memset.o)
                0x08004ef4                memset
 .text.strncmp  0x08004f04       0x28 e:/gcc-arm-none-eabi-10.3-2021.10-win32/gcc-arm-none-eabi-10.3-2021.10/bin/../lib/gcc/arm-none-eabi/10.3.1/../../../../arm-none-eabi/lib/thumb/v7e-m+fp/hard\libc_nano.a(lib_a-strncmp.o)
                0x08004f04                strncmp
 .text._vsnprintf_r
                0x08004f2c       0x56 e:/gcc-arm-none-eabi-10.3-2021.10-win32/gcc-arm-none-eabi-10.3-2021.10/bin/../lib/gcc/arm-none-eabi/10.3.1/../../../../arm-none-eabi/lib/thumb/v7e-m+fp/hard\libc_nano.a(lib_a-vsnprintf.o)
                0x08004f2c                _vsniprintf_r
                0x08004f2c                _vsnprintf_r
 *fill*         0x08004f82        0x2 
 .text.vsnprintf
                0x08004f84       0x1c e:/gcc-arm-none-eabi-10.3-2021.10-win32/gcc-arm-none-eabi-10.3-2021.10/bin/../lib/gcc/arm-none-eabi/10.3.1/../../../../arm-none-eabi/lib/thumb/v7e-m+fp/hard\libc_nano.a(lib_a-vsnprintf.o)
                0x08004f84                vsniprintf
                0x08004f84                vsnprintf
 .text.__ssputs_r
                0x08004fa0       0xb6 e:/gcc-arm-none-eabi-10.3-2021.10-win32/gcc-arm-none-eabi-10.3-2021.10/bin/../lib/gcc/arm-none-eabi/10.3.1/../../../../arm-none-eabi/lib/thumb/v7e-m+fp/hard\libc_nano.a(lib_a-nano-svfprintf.o)
                0x08004fa0                __ssputs_r
 *fill*         0x08005056        0x2 
 .text._svfprintf_r
                0x08005058      0x200 e:/gcc-arm-none-eabi-10.3-2021.10-win32/gcc-arm-none-eabi-10.3-2021.10/bin/../lib/gcc/arm-none-eabi/10.3.1/../../../../arm-none-eabi/lib/thumb/v7e-m+fp/hard\libc_nano.a(lib_a-nano-svfprintf.o)
                0x08005058                _svfiprintf_r
                0x08005058                _svfprintf_r
 .text._printf_common
                0x08005258       0xda e:/gcc-arm-none-eabi-10.3-2021.10-win32/gcc-arm-none-eabi-10.3-2021.10/bin/../lib/gcc/arm-none-eabi/10.3.1/../../../../arm-none-eabi/lib/thumb/v7e-m+fp/hard\libc_nano.a(lib_a-nano-vfprintf_i.o)
                0x08005258                _printf_common
 *fill*         0x08005332        0x2 
 .text._printf_i
                0x08005334      0x24c e:/gcc-arm-none-eabi-10.3-2021.10-win32/gcc-arm-none-eabi-10.3-2021.10/bin/../lib/gcc/arm-none-eabi/10.3.1/../../../../arm-none-eabi/lib/thumb/v7e-m+fp/hard\libc_nano.a(lib_a-nano-vfprintf_i.o)
                0x08005334                _printf_i
 .text.memcpy   0x08005580       0x1c e:/gcc-arm-none-eabi-10.3-2021.10-win32/gcc-arm-none-eabi-10.3-2021.10/bin/../lib/gcc/arm-none-eabi/10.3.1/../../../../arm-none-eabi/lib/thumb/v7e-m+fp/hard\libc_nano.a(lib_a-memcpy-stub.o)
                0x08005580                memcpy
 .text.memmove  0x0800559c       0x34 e:/gcc-arm-none-eabi-10.3-2021.10-win32/gcc-arm-none-eabi-10.3-2021.10/bin/../lib/gcc/arm-none-eabi/10.3.1/../../../../arm-none-eabi/lib/thumb/v7e-m+fp/hard\libc_nano.a(lib_a-memmove.o)
                0x0800559c                memmove
 .text._free_r  0x080055d0       0x98 e:/gcc-arm-none-eabi-10.3-2021.10-win32/gcc-arm-none-eabi-10.3-2021.10/bin/../lib/gcc/arm-none-eabi/10.3.1/../../../../arm-none-eabi/lib/thumb/v7e-m+fp/hard\libc_nano.a(lib_a-nano-freer.o)
                0x080055d0                _free_r
 .text.sbrk_aligned
                0x08005668       0x40 e:/gcc-arm-none-eabi-10.3-2021.10-win32/gcc-arm-none-eabi-10.3-2021.10/bin/../lib/gcc/arm-none-eabi/10.3.1/../../../../arm-none-eabi/lib/thumb/v7e-m+fp/hard\libc_nano.a(lib_a-nano-mallocr.o)
 .text._malloc_r
                0x080056a8       0xe8 e:/gcc-arm-none-eabi-10.3-2021.10-win32/gcc-arm-none-eabi-10.3-2021.10/bin/../lib/gcc/arm-none-eabi/10.3.1/../../../../arm-none-eabi/lib/thumb/v7e-m+fp/hard\libc_nano.a(lib_a-nano-mallocr.o)
                0x080056a8                _malloc_r
 .text._realloc_r
                0x08005790       0x5e e:/gcc-arm-none-eabi-10.3-2021.10-win32/gcc-arm-none-eabi-10.3-2021.10/bin/../lib/gcc/arm-none-eabi/10.3.1/../../../../arm-none-eabi/lib/thumb/v7e-m+fp/hard\libc_nano.a(lib_a-nano-reallocr.o)
                0x08005790                _realloc_r
 *fill*         0x080057ee        0x2 
 .text._sbrk_r  0x080057f0       0x20 e:/gcc-arm-none-eabi-10.3-2021.10-win32/gcc-arm-none-eabi-10.3-2021.10/bin/../lib/gcc/arm-none-eabi/10.3.1/../../../../arm-none-eabi/lib/thumb/v7e-m+fp/hard\libc_nano.a(lib_a-sbrkr.o)
                0x080057f0                _sbrk_r
 .text.__malloc_lock
                0x08005810        0xc e:/gcc-arm-none-eabi-10.3-2021.10-win32/gcc-arm-none-eabi-10.3-2021.10/bin/../lib/gcc/arm-none-eabi/10.3.1/../../../../arm-none-eabi/lib/thumb/v7e-m+fp/hard\libc_nano.a(lib_a-mlock.o)
                0x08005810                __malloc_lock
 .text.__malloc_unlock
                0x0800581c        0xc e:/gcc-arm-none-eabi-10.3-2021.10-win32/gcc-arm-none-eabi-10.3-2021.10/bin/../lib/gcc/arm-none-eabi/10.3.1/../../../../arm-none-eabi/lib/thumb/v7e-m+fp/hard\libc_nano.a(lib_a-mlock.o)
                0x0800581c                __malloc_unlock
 .text._malloc_usable_size_r
                0x08005828       0x10 e:/gcc-arm-none-eabi-10.3-2021.10-win32/gcc-arm-none-eabi-10.3-2021.10/bin/../lib/gcc/arm-none-eabi/10.3.1/../../../../arm-none-eabi/lib/thumb/v7e-m+fp/hard\libc_nano.a(lib_a-nano-msizer.o)
                0x08005828                _malloc_usable_size_r
 .text.__retarget_lock_acquire_recursive
                0x08005838        0x2 e:/gcc-arm-none-eabi-10.3-2021.10-win32/gcc-arm-none-eabi-10.3-2021.10/bin/../lib/gcc/arm-none-eabi/10.3.1/../../../../arm-none-eabi/lib/thumb/v7e-m+fp/hard\libc_nano.a(lib_a-lock.o)
                0x08005838                __retarget_lock_acquire_recursive
 .text.__retarget_lock_release_recursive
                0x0800583a        0x2 e:/gcc-arm-none-eabi-10.3-2021.10-win32/gcc-arm-none-eabi-10.3-2021.10/bin/../lib/gcc/arm-none-eabi/10.3.1/../../../../arm-none-eabi/lib/thumb/v7e-m+fp/hard\libc_nano.a(lib_a-lock.o)
                0x0800583a                __retarget_lock_release_recursive
 .text._sbrk    0x0800583c       0x1c e:/gcc-arm-none-eabi-10.3-2021.10-win32/gcc-arm-none-eabi-10.3-2021.10/bin/../lib/gcc/arm-none-eabi/10.3.1/../../../../arm-none-eabi/lib/thumb/v7e-m+fp/hard\libnosys.a(sbrk.o)
                0x0800583c                _sbrk
 *(.glue_7)
 .glue_7        0x08005858        0x0 linker stubs
 *(.glue_7t)
 .glue_7t       0x08005858        0x0 linker stubs
 *(.eh_frame)
 .eh_frame      0x08005858        0x0 e:/gcc-arm-none-eabi-10.3-2021.10-win32/gcc-arm-none-eabi-10.3-2021.10/bin/../lib/gcc/arm-none-eabi/10.3.1/thumb/v7e-m+fp/hard/crtbegin.o
 *(.init)
 .init          0x08005858        0x4 e:/gcc-arm-none-eabi-10.3-2021.10-win32/gcc-arm-none-eabi-10.3-2021.10/bin/../lib/gcc/arm-none-eabi/10.3.1/thumb/v7e-m+fp/hard/crti.o
                0x08005858                _init
 .init          0x0800585c        0x8 e:/gcc-arm-none-eabi-10.3-2021.10-win32/gcc-arm-none-eabi-10.3-2021.10/bin/../lib/gcc/arm-none-eabi/10.3.1/thumb/v7e-m+fp/hard/crtn.o
 *(.fini)
 .fini          0x08005864        0x4 e:/gcc-arm-none-eabi-10.3-2021.10-win32/gcc-arm-none-eabi-10.3-2021.10/bin/../lib/gcc/arm-none-eabi/10.3.1/thumb/v7e-m+fp/hard/crti.o
                0x08005864                _fini
 .fini          0x08005868        0x8 e:/gcc-arm-none-eabi-10.3-2021.10-win32/gcc-arm-none-eabi-10.3-2021.10/bin/../lib/gcc/arm-none-eabi/10.3.1/thumb/v7e-m+fp/hard/crtn.o
                0x08005870                . = ALIGN (0x8)
                0x08005870                _etext = .

.vfp11_veneer   0x08005870        0x0
 .vfp11_veneer  0x08005870        0x0 linker stubs

.v4_bx          0x08005870        0x0
 .v4_bx         0x08005870        0x0 linker stubs

.iplt           0x08005870        0x0
 .iplt          0x08005870        0x0 e:/gcc-arm-none-eabi-10.3-2021.10-win32/gcc-arm-none-eabi-10.3-2021.10/bin/../lib/gcc/arm-none-eabi/10.3.1/thumb/v7e-m+fp/hard/crtbegin.o

.rodata         0x08005870      0x5d8
                0x08005870                . = ALIGN (0x8)
 *(.rodata)
 *(.rodata*)
 .rodata.LDR_Value_Get.str1.4
                0x08005870       0x18 build/main.o
 .rodata.shellCmdLDR_Get
                0x08005888        0x8 build/main.o
                0x08005888                shellCmdLDR_Get
 .rodata.shellDescLDR_Get
                0x08005890        0xe build/main.o
                0x08005890                shellDescLDR_Get
 *fill*         0x0800589e        0x2 
 .rodata.AHBPrescTable
                0x080058a0       0x10 build/system_stm32l4xx.o
                0x080058a0                AHBPrescTable
 .rodata.APBPrescTable
                0x080058b0        0x8 build/system_stm32l4xx.o
                0x080058b0                APBPrescTable
 .rodata.MSIRangeTable
                0x080058b8       0x30 build/system_stm32l4xx.o
                0x080058b8                MSIRangeTable
 .rodata.shellWriteCommandDesc.str1.4
                0x080058e8        0x4 build/shell.o
 .rodata.shellWritePrompt.str1.4
                0x080058ec       0x23 build/shell.o
                                 0x27 (size before relaxing)
 *fill*         0x0800590f        0x1 
 .rodata.shellCheckPassword.str1.4
                0x08005910      0x16f build/shell.o
 *fill*         0x08005a7f        0x1 
 .rodata.shellClear.str1.4
                0x08005a80        0x9 build/shell.o
 *fill*         0x08005a89        0x3 
 .rodata.shellWriteReturnValue.str1.4
                0x08005a8c       0x20 build/shell.o
 .rodata.shellListItem.str1.4
                0x08005aac       0x2b build/shell.o
 *fill*         0x08005ad7        0x1 
 .rodata.shellListCommand.str1.4
                0x08005ad8       0x12 build/shell.o
 *fill*         0x08005aea        0x2 
 .rodata.shellListVar.str1.4
                0x08005aec        0xe build/shell.o
 *fill*         0x08005afa        0x2 
 .rodata.shellListUser.str1.4
                0x08005afc        0xf build/shell.o
 *fill*         0x08005b0b        0x1 
 .rodata.shellListKey.str1.4
                0x08005b0c        0xe build/shell.o
 *fill*         0x08005b1a        0x2 
 .rodata.shellDeleteCommandLine.str1.4
                0x08005b1c        0x4 build/shell.o
 .rodata.shellInsertByte.str1.4
                0x08005b20       0x21 build/shell.o
 *fill*         0x08005b41        0x3 
 .rodata.shellWriteCommandHelp.str1.4
                0x08005b44       0x28 build/shell.o
 .rodata.shellShowVar.str1.4
                0x08005b6c        0x6 build/shell.o
 *fill*         0x08005b72        0x2 
 .rodata.shellSetVarValue.str1.4
                0x08005b74       0x30 build/shell.o
 .rodata.shellSetVar.str1.4
                0x08005ba4       0x20 build/shell.o
 .rodata.shellInit.str1.4
                0x08005bc4        0x7 build/shell.o
 *fill*         0x08005bcb        0x1 
 .rodata.shellCmdDefaultUser
                0x08005bcc        0x7 build/shell.o
                0x08005bcc                shellCmdDefaultUser
 *fill*         0x08005bd3        0x1 
 .rodata.shellCmdclear
                0x08005bd4        0x6 build/shell.o
                0x08005bd4                shellCmdclear
 *fill*         0x08005bda        0x2 
 .rodata.shellCmdcmds
                0x08005bdc        0x5 build/shell.o
                0x08005bdc                shellCmdcmds
 *fill*         0x08005be1        0x3 
 .rodata.shellCmdhelp
                0x08005be4        0x5 build/shell.o
                0x08005be4                shellCmdhelp
 *fill*         0x08005be9        0x3 
 .rodata.shellCmdkeys
                0x08005bec        0x5 build/shell.o
                0x08005bec                shellCmdkeys
 *fill*         0x08005bf1        0x3 
 .rodata.shellCmdsetVar
                0x08005bf4        0x7 build/shell.o
                0x08005bf4                shellCmdsetVar
 *fill*         0x08005bfb        0x1 
 .rodata.shellCmdusers
                0x08005bfc        0x6 build/shell.o
                0x08005bfc                shellCmdusers
 *fill*         0x08005c02        0x2 
 .rodata.shellCmdvars
                0x08005c04        0x5 build/shell.o
                0x08005c04                shellCmdvars
 *fill*         0x08005c09        0x3 
 .rodata.shellDesDefaultUser
                0x08005c0c        0xd build/shell.o
                0x08005c0c                shellDesDefaultUser
 *fill*         0x08005c19        0x3 
 .rodata.shellDesc0x08000000
                0x08005c1c        0xa build/shell.o
                0x08005c1c                shellDesc0x08000000
 *fill*         0x08005c26        0x2 
 .rodata.shellDesc0x09000000
                0x08005c28        0x4 build/shell.o
                0x08005c28                shellDesc0x09000000
 .rodata.shellDesc0x0A000000
                0x08005c2c        0x6 build/shell.o
                0x08005c2c                shellDesc0x0A000000
 *fill*         0x08005c32        0x2 
 .rodata.shellDesc0x0D000000
                0x08005c34        0x6 build/shell.o
                0x08005c34                shellDesc0x0D000000
 *fill*         0x08005c3a        0x2 
 .rodata.shellDesc0x1B5B337E
                0x08005c3c        0x7 build/shell.o
                0x08005c3c                shellDesc0x1B5B337E
 *fill*         0x08005c43        0x1 
 .rodata.shellDesc0x1B5B4100
                0x08005c44        0x3 build/shell.o
                0x08005c44                shellDesc0x1B5B4100
 *fill*         0x08005c47        0x1 
 .rodata.shellDesc0x1B5B4200
                0x08005c48        0x5 build/shell.o
                0x08005c48                shellDesc0x1B5B4200
 *fill*         0x08005c4d        0x3 
 .rodata.shellDesc0x1B5B4300
                0x08005c50        0x6 build/shell.o
                0x08005c50                shellDesc0x1B5B4300
 *fill*         0x08005c56        0x2 
 .rodata.shellDesc0x1B5B4400
                0x08005c58        0x5 build/shell.o
                0x08005c58                shellDesc0x1B5B4400
 *fill*         0x08005c5d        0x3 
 .rodata.shellDesc0x7F000000
                0x08005c60        0xa build/shell.o
                0x08005c60                shellDesc0x7F000000
 *fill*         0x08005c6a        0x2 
 .rodata.shellDescclear
                0x08005c6c        0xe build/shell.o
                0x08005c6c                shellDescclear
 *fill*         0x08005c7a        0x2 
 .rodata.shellDesccmds
                0x08005c7c        0xd build/shell.o
                0x08005c7c                shellDesccmds
 *fill*         0x08005c89        0x3 
 .rodata.shellDeschelp
                0x08005c8c       0x1e build/shell.o
                0x08005c8c                shellDeschelp
 *fill*         0x08005caa        0x2 
 .rodata.shellDesckeys
                0x08005cac        0xd build/shell.o
                0x08005cac                shellDesckeys
 *fill*         0x08005cb9        0x3 
 .rodata.shellDescsetVar
                0x08005cbc        0x8 build/shell.o
                0x08005cbc                shellDescsetVar
 .rodata.shellDescusers
                0x08005cc4        0xe build/shell.o
                0x08005cc4                shellDescusers
 *fill*         0x08005cd2        0x2 
 .rodata.shellDescvars
                0x08005cd4        0xd build/shell.o
                0x08005cd4                shellDescvars
 *fill*         0x08005ce1        0x3 
 .rodata.shellPasswordDefaultUser
                0x08005ce4        0x1 build/shell.o
                0x08005ce4                shellPasswordDefaultUser
 .rodata._svfprintf_r.str1.1
                0x08005ce5       0x11 e:/gcc-arm-none-eabi-10.3-2021.10-win32/gcc-arm-none-eabi-10.3-2021.10/bin/../lib/gcc/arm-none-eabi/10.3.1/../../../../arm-none-eabi/lib/thumb/v7e-m+fp/hard\libc_nano.a(lib_a-nano-svfprintf.o)
 .rodata._printf_i.str1.1
                0x08005cf6       0x22 e:/gcc-arm-none-eabi-10.3-2021.10-win32/gcc-arm-none-eabi-10.3-2021.10/bin/../lib/gcc/arm-none-eabi/10.3.1/../../../../arm-none-eabi/lib/thumb/v7e-m+fp/hard\libc_nano.a(lib_a-nano-vfprintf_i.o)
                0x08005d18                . = ALIGN (0x8)
                0x08005d18                _shell_command_start = .
 *(shellCommand)
 shellCommand   0x08005d18       0x10 build/main.o
                0x08005d18                shellCommandLDR_Get
 shellCommand   0x08005d28      0x120 build/shell.o
                0x08005d28                shellCommandclear
                0x08005d38                shellCommandkeys
                0x08005d48                shellCommandvars
                0x08005d58                shellCommandcmds
                0x08005d68                shellCommandusers
                0x08005d78                shellCommandhelp
                0x08005d88                shellKey0x0D000000
                0x08005d98                shellKey0x0A000000
                0x08005da8                shellKey0x1B5B337E
                0x08005db8                shellKey0x7F000000
                0x08005dc8                shellKey0x08000000
                0x08005dd8                shellKey0x09000000
                0x08005de8                shellKey0x1B5B4400
                0x08005df8                shellKey0x1B5B4300
                0x08005e08                shellKey0x1B5B4200
                0x08005e18                shellKey0x1B5B4100
                0x08005e28                shellCommandsetVar
                0x08005e38                shellUserDefault
                0x08005e48                _shell_command_end = .

.ARM.extab      0x08005e48        0x0
                0x08005e48                . = ALIGN (0x8)
 *(.ARM.extab* .gnu.linkonce.armextab.*)
                0x08005e48                . = ALIGN (0x8)

.ARM            0x08005e48        0x8
                0x08005e48                . = ALIGN (0x8)
                0x08005e48                __exidx_start = .
 *(.ARM.exidx*)
 .ARM.exidx     0x08005e48        0x8 e:/gcc-arm-none-eabi-10.3-2021.10-win32/gcc-arm-none-eabi-10.3-2021.10/bin/../lib/gcc/arm-none-eabi/10.3.1/thumb/v7e-m+fp/hard\libgcc.a(_udivmoddi4.o)
                0x08005e50                __exidx_end = .
                0x08005e50                . = ALIGN (0x8)

.rel.dyn        0x08005e50        0x0
 .rel.iplt      0x08005e50        0x0 e:/gcc-arm-none-eabi-10.3-2021.10-win32/gcc-arm-none-eabi-10.3-2021.10/bin/../lib/gcc/arm-none-eabi/10.3.1/thumb/v7e-m+fp/hard/crtbegin.o

.preinit_array  0x08005e50        0x0
                0x08005e50                . = ALIGN (0x8)
                0x08005e50                PROVIDE (__preinit_array_start = .)
 *(.preinit_array*)
                0x08005e50                PROVIDE (__preinit_array_end = .)
                0x08005e50                . = ALIGN (0x8)

.init_array     0x08005e50        0x8
                0x08005e50                . = ALIGN (0x8)
                0x08005e50                PROVIDE (__init_array_start = .)
 *(SORT_BY_NAME(.init_array.*))
 *(.init_array*)
 .init_array    0x08005e50        0x4 e:/gcc-arm-none-eabi-10.3-2021.10-win32/gcc-arm-none-eabi-10.3-2021.10/bin/../lib/gcc/arm-none-eabi/10.3.1/thumb/v7e-m+fp/hard/crtbegin.o
                0x08005e54                PROVIDE (__init_array_end = .)
                0x08005e58                . = ALIGN (0x8)
 *fill*         0x08005e54        0x4 

.fini_array     0x08005e58        0x8
                0x08005e58                . = ALIGN (0x8)
                [!provide]                PROVIDE (__fini_array_start = .)
 *(SORT_BY_NAME(.fini_array.*))
 *(.fini_array*)
 .fini_array    0x08005e58        0x4 e:/gcc-arm-none-eabi-10.3-2021.10-win32/gcc-arm-none-eabi-10.3-2021.10/bin/../lib/gcc/arm-none-eabi/10.3.1/thumb/v7e-m+fp/hard/crtbegin.o
                [!provide]                PROVIDE (__fini_array_end = .)
                0x08005e60                . = ALIGN (0x8)
 *fill*         0x08005e5c        0x4 
                0x08005e60                _sidata = LOADADDR (.data)

.data           0x20000000       0x70 load address 0x08005e60
                0x20000000                . = ALIGN (0x8)
                0x20000000                _sdata = .
 *(.data)
 *(.data*)
 .data.uwTickFreq
                0x20000000        0x1 build/stm32l4xx_hal.o
                0x20000000                uwTickFreq
 *fill*         0x20000001        0x3 
 .data.uwTickPrio
                0x20000004        0x4 build/stm32l4xx_hal.o
                0x20000004                uwTickPrio
 .data.SystemCoreClock
                0x20000008        0x4 build/system_stm32l4xx.o
                0x20000008                SystemCoreClock
 .data._impure_ptr
                0x2000000c        0x4 e:/gcc-arm-none-eabi-10.3-2021.10-win32/gcc-arm-none-eabi-10.3-2021.10/bin/../lib/gcc/arm-none-eabi/10.3.1/../../../../arm-none-eabi/lib/thumb/v7e-m+fp/hard\libc_nano.a(lib_a-impure.o)
                0x2000000c                _impure_ptr
 .data.impure_data
                0x20000010       0x60 e:/gcc-arm-none-eabi-10.3-2021.10-win32/gcc-arm-none-eabi-10.3-2021.10/bin/../lib/gcc/arm-none-eabi/10.3.1/../../../../arm-none-eabi/lib/thumb/v7e-m+fp/hard\libc_nano.a(lib_a-impure.o)
                0x20000070                . = ALIGN (0x8)
                0x20000070                _edata = .

.igot.plt       0x20000070        0x0 load address 0x08005ed0
 .igot.plt      0x20000070        0x0 e:/gcc-arm-none-eabi-10.3-2021.10-win32/gcc-arm-none-eabi-10.3-2021.10/bin/../lib/gcc/arm-none-eabi/10.3.1/thumb/v7e-m+fp/hard/crtbegin.o
                0x20000070                . = ALIGN (0x4)

.bss            0x20000070      0x57c load address 0x08005ed0
                0x20000070                _sbss = .
                0x20000070                __bss_start__ = _sbss
 *(.bss)
 .bss           0x20000070       0x1c e:/gcc-arm-none-eabi-10.3-2021.10-win32/gcc-arm-none-eabi-10.3-2021.10/bin/../lib/gcc/arm-none-eabi/10.3.1/thumb/v7e-m+fp/hard/crtbegin.o
 *(.bss*)
 .bss.hadc1     0x2000008c       0x64 build/adc.o
                0x2000008c                hadc1
 .bss.hspi2     0x200000f0       0x64 build/spi.o
                0x200000f0                hspi2
 .bss.hspi3     0x20000154       0x64 build/spi.o
                0x20000154                hspi3
 .bss.huart1    0x200001b8       0x84 build/usart.o
                0x200001b8                huart1
 .bss.huart2    0x2000023c       0x84 build/usart.o
                0x2000023c                huart2
 .bss.huart3    0x200002c0       0x84 build/usart.o
                0x200002c0                huart3
 .bss.u1_cache  0x20000344        0x1 build/usart.o
                0x20000344                u1_cache
 *fill*         0x20000345        0x3 
 .bss.uwTick    0x20000348        0x4 build/stm32l4xx_hal.o
                0x20000348                uwTick
 .bss.shell     0x2000034c       0x6c build/shell_port.o
                0x2000034c                shell
 .bss.shell_buffer
                0x200003b8      0x200 build/shell_port.o
                0x200003b8                shell_buffer
 .bss.buffer.0  0x200005b8        0x9 build/shell.o
 *fill*         0x200005c1        0x3 
 .bss.shellList
                0x200005c4       0x14 build/shell.o
 .bss.__malloc_free_list
                0x200005d8        0x4 e:/gcc-arm-none-eabi-10.3-2021.10-win32/gcc-arm-none-eabi-10.3-2021.10/bin/../lib/gcc/arm-none-eabi/10.3.1/../../../../arm-none-eabi/lib/thumb/v7e-m+fp/hard\libc_nano.a(lib_a-nano-mallocr.o)
                0x200005d8                __malloc_free_list
 .bss.__malloc_sbrk_start
                0x200005dc        0x4 e:/gcc-arm-none-eabi-10.3-2021.10-win32/gcc-arm-none-eabi-10.3-2021.10/bin/../lib/gcc/arm-none-eabi/10.3.1/../../../../arm-none-eabi/lib/thumb/v7e-m+fp/hard\libc_nano.a(lib_a-nano-mallocr.o)
                0x200005dc                __malloc_sbrk_start
 .bss.errno     0x200005e0        0x4 e:/gcc-arm-none-eabi-10.3-2021.10-win32/gcc-arm-none-eabi-10.3-2021.10/bin/../lib/gcc/arm-none-eabi/10.3.1/../../../../arm-none-eabi/lib/thumb/v7e-m+fp/hard\libc_nano.a(lib_a-reent.o)
                0x200005e0                errno
 .bss.__lock___malloc_recursive_mutex
                0x200005e4        0x1 e:/gcc-arm-none-eabi-10.3-2021.10-win32/gcc-arm-none-eabi-10.3-2021.10/bin/../lib/gcc/arm-none-eabi/10.3.1/../../../../arm-none-eabi/lib/thumb/v7e-m+fp/hard\libc_nano.a(lib_a-lock.o)
                0x200005e4                __lock___malloc_recursive_mutex
 *fill*         0x200005e5        0x3 
 .bss.heap_end.0
                0x200005e8        0x4 e:/gcc-arm-none-eabi-10.3-2021.10-win32/gcc-arm-none-eabi-10.3-2021.10/bin/../lib/gcc/arm-none-eabi/10.3.1/../../../../arm-none-eabi/lib/thumb/v7e-m+fp/hard\libnosys.a(sbrk.o)
 *(COMMON)
                0x200005ec                . = ALIGN (0x4)
                0x200005ec                _ebss = .
                0x200005ec                __bss_end__ = _ebss

._user_heap_stack
                0x200005ec      0x804 load address 0x08005ed0
                0x200005f0                . = ALIGN (0x8)
 *fill*         0x200005ec        0x4 
                0x200005f0                PROVIDE (end = .)
                [!provide]                PROVIDE (_end = .)
                0x200009f0                . = (. + _Min_Heap_Size)
 *fill*         0x200005f0      0x400 
                0x20000df0                . = (. + _Min_Stack_Size)
 *fill*         0x200009f0      0x400 
                0x20000df0                . = ALIGN (0x8)

/DISCARD/
 libc.a(*)
 libm.a(*)
 libgcc.a(*)

.ARM.attributes
                0x00000000       0x30
 *(.ARM.attributes)
 .ARM.attributes
                0x00000000       0x1e e:/gcc-arm-none-eabi-10.3-2021.10-win32/gcc-arm-none-eabi-10.3-2021.10/bin/../lib/gcc/arm-none-eabi/10.3.1/thumb/v7e-m+fp/hard/crti.o
 .ARM.attributes
                0x0000001e       0x34 e:/gcc-arm-none-eabi-10.3-2021.10-win32/gcc-arm-none-eabi-10.3-2021.10/bin/../lib/gcc/arm-none-eabi/10.3.1/thumb/v7e-m+fp/hard/crtbegin.o
 .ARM.attributes
                0x00000052       0x34 build/main.o
 .ARM.attributes
                0x00000086       0x34 build/gpio.o
 .ARM.attributes
                0x000000ba       0x34 build/adc.o
 .ARM.attributes
                0x000000ee       0x34 build/spi.o
 .ARM.attributes
                0x00000122       0x34 build/usart.o
 .ARM.attributes
                0x00000156       0x34 build/stm32l4xx_it.o
 .ARM.attributes
                0x0000018a       0x34 build/stm32l4xx_hal_msp.o
 .ARM.attributes
                0x000001be       0x34 build/stm32l4xx_hal_adc.o
 .ARM.attributes
                0x000001f2       0x34 build/stm32l4xx_hal_adc_ex.o
 .ARM.attributes
                0x00000226       0x34 build/stm32l4xx_hal.o
 .ARM.attributes
                0x0000025a       0x34 build/stm32l4xx_hal_rcc.o
 .ARM.attributes
                0x0000028e       0x34 build/stm32l4xx_hal_rcc_ex.o
 .ARM.attributes
                0x000002c2       0x34 build/stm32l4xx_hal_gpio.o
 .ARM.attributes
                0x000002f6       0x34 build/stm32l4xx_hal_dma.o
 .ARM.attributes
                0x0000032a       0x34 build/stm32l4xx_hal_pwr_ex.o
 .ARM.attributes
                0x0000035e       0x34 build/stm32l4xx_hal_cortex.o
 .ARM.attributes
                0x00000392       0x34 build/stm32l4xx_hal_spi.o
 .ARM.attributes
                0x000003c6       0x34 build/stm32l4xx_hal_uart.o
 .ARM.attributes
                0x000003fa       0x34 build/stm32l4xx_hal_uart_ex.o
 .ARM.attributes
                0x0000042e       0x34 build/system_stm32l4xx.o
 .ARM.attributes
                0x00000462       0x34 build/shell_ext.o
 .ARM.attributes
                0x00000496       0x34 build/shell_port.o
 .ARM.attributes
                0x000004ca       0x34 build/shell.o
 .ARM.attributes
                0x000004fe       0x21 build/startup_stm32l431xx.o
 .ARM.attributes
                0x0000051f       0x34 e:/gcc-arm-none-eabi-10.3-2021.10-win32/gcc-arm-none-eabi-10.3-2021.10/bin/../lib/gcc/arm-none-eabi/10.3.1/../../../../arm-none-eabi/lib/thumb/v7e-m+fp/hard\libc_nano.a(lib_a-impure.o)
 .ARM.attributes
                0x00000553       0x34 e:/gcc-arm-none-eabi-10.3-2021.10-win32/gcc-arm-none-eabi-10.3-2021.10/bin/../lib/gcc/arm-none-eabi/10.3.1/../../../../arm-none-eabi/lib/thumb/v7e-m+fp/hard\libc_nano.a(lib_a-init.o)
 .ARM.attributes
                0x00000587       0x34 e:/gcc-arm-none-eabi-10.3-2021.10-win32/gcc-arm-none-eabi-10.3-2021.10/bin/../lib/gcc/arm-none-eabi/10.3.1/../../../../arm-none-eabi/lib/thumb/v7e-m+fp/hard\libc_nano.a(lib_a-memset.o)
 .ARM.attributes
                0x000005bb       0x1c e:/gcc-arm-none-eabi-10.3-2021.10-win32/gcc-arm-none-eabi-10.3-2021.10/bin/../lib/gcc/arm-none-eabi/10.3.1/../../../../arm-none-eabi/lib/thumb/v7e-m+fp/hard\libc_nano.a(lib_a-strcmp.o)
 .ARM.attributes
                0x000005d7       0x17 e:/gcc-arm-none-eabi-10.3-2021.10-win32/gcc-arm-none-eabi-10.3-2021.10/bin/../lib/gcc/arm-none-eabi/10.3.1/../../../../arm-none-eabi/lib/thumb/v7e-m+fp/hard\libc_nano.a(lib_a-strlen.o)
 .ARM.attributes
                0x000005ee       0x34 e:/gcc-arm-none-eabi-10.3-2021.10-win32/gcc-arm-none-eabi-10.3-2021.10/bin/../lib/gcc/arm-none-eabi/10.3.1/../../../../arm-none-eabi/lib/thumb/v7e-m+fp/hard\libc_nano.a(lib_a-strncmp.o)
 .ARM.attributes
                0x00000622       0x34 e:/gcc-arm-none-eabi-10.3-2021.10-win32/gcc-arm-none-eabi-10.3-2021.10/bin/../lib/gcc/arm-none-eabi/10.3.1/../../../../arm-none-eabi/lib/thumb/v7e-m+fp/hard\libc_nano.a(lib_a-vsnprintf.o)
 .ARM.attributes
                0x00000656       0x34 e:/gcc-arm-none-eabi-10.3-2021.10-win32/gcc-arm-none-eabi-10.3-2021.10/bin/../lib/gcc/arm-none-eabi/10.3.1/../../../../arm-none-eabi/lib/thumb/v7e-m+fp/hard\libc_nano.a(lib_a-nano-svfprintf.o)
 .ARM.attributes
                0x0000068a       0x34 e:/gcc-arm-none-eabi-10.3-2021.10-win32/gcc-arm-none-eabi-10.3-2021.10/bin/../lib/gcc/arm-none-eabi/10.3.1/../../../../arm-none-eabi/lib/thumb/v7e-m+fp/hard\libc_nano.a(lib_a-nano-vfprintf_i.o)
 .ARM.attributes
                0x000006be       0x1c e:/gcc-arm-none-eabi-10.3-2021.10-win32/gcc-arm-none-eabi-10.3-2021.10/bin/../lib/gcc/arm-none-eabi/10.3.1/../../../../arm-none-eabi/lib/thumb/v7e-m+fp/hard\libc_nano.a(lib_a-memchr.o)
 .ARM.attributes
                0x000006da       0x34 e:/gcc-arm-none-eabi-10.3-2021.10-win32/gcc-arm-none-eabi-10.3-2021.10/bin/../lib/gcc/arm-none-eabi/10.3.1/../../../../arm-none-eabi/lib/thumb/v7e-m+fp/hard\libc_nano.a(lib_a-memcpy-stub.o)
 .ARM.attributes
                0x0000070e       0x34 e:/gcc-arm-none-eabi-10.3-2021.10-win32/gcc-arm-none-eabi-10.3-2021.10/bin/../lib/gcc/arm-none-eabi/10.3.1/../../../../arm-none-eabi/lib/thumb/v7e-m+fp/hard\libc_nano.a(lib_a-memmove.o)
 .ARM.attributes
                0x00000742       0x34 e:/gcc-arm-none-eabi-10.3-2021.10-win32/gcc-arm-none-eabi-10.3-2021.10/bin/../lib/gcc/arm-none-eabi/10.3.1/../../../../arm-none-eabi/lib/thumb/v7e-m+fp/hard\libc_nano.a(lib_a-nano-freer.o)
 .ARM.attributes
                0x00000776       0x34 e:/gcc-arm-none-eabi-10.3-2021.10-win32/gcc-arm-none-eabi-10.3-2021.10/bin/../lib/gcc/arm-none-eabi/10.3.1/../../../../arm-none-eabi/lib/thumb/v7e-m+fp/hard\libc_nano.a(lib_a-nano-mallocr.o)
 .ARM.attributes
                0x000007aa       0x34 e:/gcc-arm-none-eabi-10.3-2021.10-win32/gcc-arm-none-eabi-10.3-2021.10/bin/../lib/gcc/arm-none-eabi/10.3.1/../../../../arm-none-eabi/lib/thumb/v7e-m+fp/hard\libc_nano.a(lib_a-nano-reallocr.o)
 .ARM.attributes
                0x000007de       0x34 e:/gcc-arm-none-eabi-10.3-2021.10-win32/gcc-arm-none-eabi-10.3-2021.10/bin/../lib/gcc/arm-none-eabi/10.3.1/../../../../arm-none-eabi/lib/thumb/v7e-m+fp/hard\libc_nano.a(lib_a-sbrkr.o)
 .ARM.attributes
                0x00000812       0x34 e:/gcc-arm-none-eabi-10.3-2021.10-win32/gcc-arm-none-eabi-10.3-2021.10/bin/../lib/gcc/arm-none-eabi/10.3.1/../../../../arm-none-eabi/lib/thumb/v7e-m+fp/hard\libc_nano.a(lib_a-mlock.o)
 .ARM.attributes
                0x00000846       0x34 e:/gcc-arm-none-eabi-10.3-2021.10-win32/gcc-arm-none-eabi-10.3-2021.10/bin/../lib/gcc/arm-none-eabi/10.3.1/../../../../arm-none-eabi/lib/thumb/v7e-m+fp/hard\libc_nano.a(lib_a-nano-msizer.o)
 .ARM.attributes
                0x0000087a       0x34 e:/gcc-arm-none-eabi-10.3-2021.10-win32/gcc-arm-none-eabi-10.3-2021.10/bin/../lib/gcc/arm-none-eabi/10.3.1/../../../../arm-none-eabi/lib/thumb/v7e-m+fp/hard\libc_nano.a(lib_a-reent.o)
 .ARM.attributes
                0x000008ae       0x34 e:/gcc-arm-none-eabi-10.3-2021.10-win32/gcc-arm-none-eabi-10.3-2021.10/bin/../lib/gcc/arm-none-eabi/10.3.1/../../../../arm-none-eabi/lib/thumb/v7e-m+fp/hard\libc_nano.a(lib_a-lock.o)
 .ARM.attributes
                0x000008e2       0x34 e:/gcc-arm-none-eabi-10.3-2021.10-win32/gcc-arm-none-eabi-10.3-2021.10/bin/../lib/gcc/arm-none-eabi/10.3.1/../../../../arm-none-eabi/lib/thumb/v7e-m+fp/hard\libnosys.a(sbrk.o)
 .ARM.attributes
                0x00000916       0x1e e:/gcc-arm-none-eabi-10.3-2021.10-win32/gcc-arm-none-eabi-10.3-2021.10/bin/../lib/gcc/arm-none-eabi/10.3.1/thumb/v7e-m+fp/hard\libgcc.a(_aeabi_uldivmod.o)
 .ARM.attributes
                0x00000934       0x34 e:/gcc-arm-none-eabi-10.3-2021.10-win32/gcc-arm-none-eabi-10.3-2021.10/bin/../lib/gcc/arm-none-eabi/10.3.1/thumb/v7e-m+fp/hard\libgcc.a(_udivmoddi4.o)
 .ARM.attributes
                0x00000968       0x1e e:/gcc-arm-none-eabi-10.3-2021.10-win32/gcc-arm-none-eabi-10.3-2021.10/bin/../lib/gcc/arm-none-eabi/10.3.1/thumb/v7e-m+fp/hard\libgcc.a(_dvmd_tls.o)
 .ARM.attributes
                0x00000986       0x1e e:/gcc-arm-none-eabi-10.3-2021.10-win32/gcc-arm-none-eabi-10.3-2021.10/bin/../lib/gcc/arm-none-eabi/10.3.1/thumb/v7e-m+fp/hard/crtn.o
OUTPUT(build/DD_Gateway_FactoryTest.elf elf32-littlearm)
LOAD linker stubs
LOAD e:/gcc-arm-none-eabi-10.3-2021.10-win32/gcc-arm-none-eabi-10.3-2021.10/bin/../lib/gcc/arm-none-eabi/10.3.1/../../../../arm-none-eabi/lib/thumb/v7e-m+fp/hard\libc.a
LOAD e:/gcc-arm-none-eabi-10.3-2021.10-win32/gcc-arm-none-eabi-10.3-2021.10/bin/../lib/gcc/arm-none-eabi/10.3.1/../../../../arm-none-eabi/lib/thumb/v7e-m+fp/hard\libm.a
LOAD e:/gcc-arm-none-eabi-10.3-2021.10-win32/gcc-arm-none-eabi-10.3-2021.10/bin/../lib/gcc/arm-none-eabi/10.3.1/thumb/v7e-m+fp/hard\libgcc.a

.debug_info     0x00000000    0x1e72e
 .debug_info    0x00000000      0xa81 build/main.o
 .debug_info    0x00000a81      0x5d0 build/gpio.o
 .debug_info    0x00001051     0x1165 build/adc.o
 .debug_info    0x000021b6      0xf16 build/spi.o
 .debug_info    0x000030cc     0x18ab build/usart.o
 .debug_info    0x00004977      0xbe7 build/stm32l4xx_it.o
 .debug_info    0x0000555e      0x396 build/stm32l4xx_hal_msp.o
 .debug_info    0x000058f4     0x32c2 build/stm32l4xx_hal_adc.o
 .debug_info    0x00008bb6     0x2558 build/stm32l4xx_hal_adc_ex.o
 .debug_info    0x0000b10e      0xc8b build/stm32l4xx_hal.o
 .debug_info    0x0000bd99     0x1051 build/stm32l4xx_hal_rcc.o
 .debug_info    0x0000cdea     0x13d9 build/stm32l4xx_hal_rcc_ex.o
 .debug_info    0x0000e1c3      0x91c build/stm32l4xx_hal_gpio.o
 .debug_info    0x0000eadf      0x8ea build/stm32l4xx_hal_dma.o
 .debug_info    0x0000f3c9      0xaa6 build/stm32l4xx_hal_pwr_ex.o
 .debug_info    0x0000fe6f     0x1114 build/stm32l4xx_hal_cortex.o
 .debug_info    0x00010f83     0x230f build/stm32l4xx_hal_spi.o
 .debug_info    0x00013292     0x53ee build/stm32l4xx_hal_uart.o
 .debug_info    0x00018680     0x1120 build/stm32l4xx_hal_uart_ex.o
 .debug_info    0x000197a0      0x682 build/system_stm32l4xx.o
 .debug_info    0x00019e22      0xc95 build/shell_ext.o
 .debug_info    0x0001aab7      0xd1b build/shell_port.o
 .debug_info    0x0001b7d2     0x2f3a build/shell.o
 .debug_info    0x0001e70c       0x22 build/startup_stm32l431xx.o

.debug_abbrev   0x00000000     0x3856
 .debug_abbrev  0x00000000      0x2b8 build/main.o
 .debug_abbrev  0x000002b8      0x151 build/gpio.o
 .debug_abbrev  0x00000409      0x243 build/adc.o
 .debug_abbrev  0x0000064c      0x1e0 build/spi.o
 .debug_abbrev  0x0000082c      0x2bd build/usart.o
 .debug_abbrev  0x00000ae9      0x18b build/stm32l4xx_it.o
 .debug_abbrev  0x00000c74       0xe5 build/stm32l4xx_hal_msp.o
 .debug_abbrev  0x00000d59      0x2d8 build/stm32l4xx_hal_adc.o
 .debug_abbrev  0x00001031      0x36a build/stm32l4xx_hal_adc_ex.o
 .debug_abbrev  0x0000139b      0x249 build/stm32l4xx_hal.o
 .debug_abbrev  0x000015e4      0x28e build/stm32l4xx_hal_rcc.o
 .debug_abbrev  0x00001872      0x2b0 build/stm32l4xx_hal_rcc_ex.o
 .debug_abbrev  0x00001b22      0x222 build/stm32l4xx_hal_gpio.o
 .debug_abbrev  0x00001d44      0x23b build/stm32l4xx_hal_dma.o
 .debug_abbrev  0x00001f7f      0x234 build/stm32l4xx_hal_pwr_ex.o
 .debug_abbrev  0x000021b3      0x382 build/stm32l4xx_hal_cortex.o
 .debug_abbrev  0x00002535      0x278 build/stm32l4xx_hal_spi.o
 .debug_abbrev  0x000027ad      0x316 build/stm32l4xx_hal_uart.o
 .debug_abbrev  0x00002ac3      0x2d4 build/stm32l4xx_hal_uart_ex.o
 .debug_abbrev  0x00002d97      0x11b build/system_stm32l4xx.o
 .debug_abbrev  0x00002eb2      0x2d9 build/shell_ext.o
 .debug_abbrev  0x0000318b      0x254 build/shell_port.o
 .debug_abbrev  0x000033df      0x465 build/shell.o
 .debug_abbrev  0x00003844       0x12 build/startup_stm32l431xx.o

.debug_loc      0x00000000    0x14cee
 .debug_loc     0x00000000       0xb6 build/main.o
 .debug_loc     0x000000b6       0x38 build/gpio.o
 .debug_loc     0x000000ee      0x21d build/adc.o
 .debug_loc     0x0000030b      0x164 build/spi.o
 .debug_loc     0x0000046f      0x200 build/usart.o
 .debug_loc     0x0000066f       0xc0 build/stm32l4xx_it.o
 .debug_loc     0x0000072f       0x38 build/stm32l4xx_hal_msp.o
 .debug_loc     0x00000767     0x2810 build/stm32l4xx_hal_adc.o
 .debug_loc     0x00002f77     0x1d03 build/stm32l4xx_hal_adc_ex.o
 .debug_loc     0x00004c7a      0x2af build/stm32l4xx_hal.o
 .debug_loc     0x00004f29      0x9e0 build/stm32l4xx_hal_rcc.o
 .debug_loc     0x00005909     0x188e build/stm32l4xx_hal_rcc_ex.o
 .debug_loc     0x00007197      0x46f build/stm32l4xx_hal_gpio.o
 .debug_loc     0x00007606      0x94e build/stm32l4xx_hal_dma.o
 .debug_loc     0x00007f54      0x905 build/stm32l4xx_hal_pwr_ex.o
 .debug_loc     0x00008859      0x7a4 build/stm32l4xx_hal_cortex.o
 .debug_loc     0x00008ffd     0x279d build/stm32l4xx_hal_spi.o
 .debug_loc     0x0000b79a     0x52ef build/stm32l4xx_hal_uart.o
 .debug_loc     0x00010a89      0xd66 build/stm32l4xx_hal_uart_ex.o
 .debug_loc     0x000117ef      0x127 build/system_stm32l4xx.o
 .debug_loc     0x00011916      0xb60 build/shell_ext.o
 .debug_loc     0x00012476       0xf7 build/shell_port.o
 .debug_loc     0x0001256d     0x2781 build/shell.o

.debug_aranges  0x00000000      0xfe0
 .debug_aranges
                0x00000000       0x38 build/main.o
 .debug_aranges
                0x00000038       0x20 build/gpio.o
 .debug_aranges
                0x00000058       0x38 build/adc.o
 .debug_aranges
                0x00000090       0x38 build/spi.o
 .debug_aranges
                0x000000c8       0x48 build/usart.o
 .debug_aranges
                0x00000110       0x88 build/stm32l4xx_it.o
 .debug_aranges
                0x00000198       0x20 build/stm32l4xx_hal_msp.o
 .debug_aranges
                0x000001b8       0xf8 build/stm32l4xx_hal_adc.o
 .debug_aranges
                0x000002b0       0xc8 build/stm32l4xx_hal_adc_ex.o
 .debug_aranges
                0x00000378      0x130 build/stm32l4xx_hal.o
 .debug_aranges
                0x000004a8       0x90 build/stm32l4xx_hal_rcc.o
 .debug_aranges
                0x00000538       0xf0 build/stm32l4xx_hal_rcc_ex.o
 .debug_aranges
                0x00000628       0x58 build/stm32l4xx_hal_gpio.o
 .debug_aranges
                0x00000680       0x80 build/stm32l4xx_hal_dma.o
 .debug_aranges
                0x00000700      0x100 build/stm32l4xx_hal_pwr_ex.o
 .debug_aranges
                0x00000800       0xa8 build/stm32l4xx_hal_cortex.o
 .debug_aranges
                0x000008a8      0x1d8 build/stm32l4xx_hal_spi.o
 .debug_aranges
                0x00000a80      0x228 build/stm32l4xx_hal_uart.o
 .debug_aranges
                0x00000ca8       0x78 build/stm32l4xx_hal_uart_ex.o
 .debug_aranges
                0x00000d20       0x28 build/system_stm32l4xx.o
 .debug_aranges
                0x00000d48       0x58 build/shell_ext.o
 .debug_aranges
                0x00000da0       0x28 build/shell_port.o
 .debug_aranges
                0x00000dc8      0x1f0 build/shell.o
 .debug_aranges
                0x00000fb8       0x28 build/startup_stm32l431xx.o

.debug_ranges   0x00000000     0x12c0
 .debug_ranges  0x00000000       0x28 build/main.o
 .debug_ranges  0x00000028       0x10 build/gpio.o
 .debug_ranges  0x00000038       0x28 build/adc.o
 .debug_ranges  0x00000060       0x28 build/spi.o
 .debug_ranges  0x00000088       0x38 build/usart.o
 .debug_ranges  0x000000c0       0x78 build/stm32l4xx_it.o
 .debug_ranges  0x00000138       0x10 build/stm32l4xx_hal_msp.o
 .debug_ranges  0x00000148      0x2b0 build/stm32l4xx_hal_adc.o
 .debug_ranges  0x000003f8      0x1a8 build/stm32l4xx_hal_adc_ex.o
 .debug_ranges  0x000005a0      0x120 build/stm32l4xx_hal.o
 .debug_ranges  0x000006c0       0x98 build/stm32l4xx_hal_rcc.o
 .debug_ranges  0x00000758       0xf8 build/stm32l4xx_hal_rcc_ex.o
 .debug_ranges  0x00000850       0x48 build/stm32l4xx_hal_gpio.o
 .debug_ranges  0x00000898       0x70 build/stm32l4xx_hal_dma.o
 .debug_ranges  0x00000908       0xf0 build/stm32l4xx_hal_pwr_ex.o
 .debug_ranges  0x000009f8       0xf8 build/stm32l4xx_hal_cortex.o
 .debug_ranges  0x00000af0      0x1c8 build/stm32l4xx_hal_spi.o
 .debug_ranges  0x00000cb8      0x230 build/stm32l4xx_hal_uart.o
 .debug_ranges  0x00000ee8       0x68 build/stm32l4xx_hal_uart_ex.o
 .debug_ranges  0x00000f50       0x18 build/system_stm32l4xx.o
 .debug_ranges  0x00000f68       0x48 build/shell_ext.o
 .debug_ranges  0x00000fb0       0x18 build/shell_port.o
 .debug_ranges  0x00000fc8      0x2d8 build/shell.o
 .debug_ranges  0x000012a0       0x20 build/startup_stm32l431xx.o

.debug_line     0x00000000    0x14cd3
 .debug_line    0x00000000      0x37a build/main.o
 .debug_line    0x0000037a      0x21f build/gpio.o
 .debug_line    0x00000599      0x4cb build/adc.o
 .debug_line    0x00000a64      0x456 build/spi.o
 .debug_line    0x00000eba      0x5a8 build/usart.o
 .debug_line    0x00001462      0x373 build/stm32l4xx_it.o
 .debug_line    0x000017d5      0x1be build/stm32l4xx_hal_msp.o
 .debug_line    0x00001993     0x21cb build/stm32l4xx_hal_adc.o
 .debug_line    0x00003b5e     0x1713 build/stm32l4xx_hal_adc_ex.o
 .debug_line    0x00005271      0x6ba build/stm32l4xx_hal.o
 .debug_line    0x0000592b      0xf76 build/stm32l4xx_hal_rcc.o
 .debug_line    0x000068a1     0x1396 build/stm32l4xx_hal_rcc_ex.o
 .debug_line    0x00007c37      0x69a build/stm32l4xx_hal_gpio.o
 .debug_line    0x000082d1      0xa45 build/stm32l4xx_hal_dma.o
 .debug_line    0x00008d16      0x8b3 build/stm32l4xx_hal_pwr_ex.o
 .debug_line    0x000095c9      0x795 build/stm32l4xx_hal_cortex.o
 .debug_line    0x00009d5e     0x292e build/stm32l4xx_hal_spi.o
 .debug_line    0x0000c68c     0x526e build/stm32l4xx_hal_uart.o
 .debug_line    0x000118fa      0xba9 build/stm32l4xx_hal_uart_ex.o
 .debug_line    0x000124a3      0x2ba build/system_stm32l4xx.o
 .debug_line    0x0001275d      0x5e7 build/shell_ext.o
 .debug_line    0x00012d44      0x283 build/shell_port.o
 .debug_line    0x00012fc7     0x1c96 build/shell.o
 .debug_line    0x00014c5d       0x76 build/startup_stm32l431xx.o

.debug_str      0x00000000     0x5804
 .debug_str     0x00000000      0x65b build/main.o
                                0x6c3 (size before relaxing)
 .debug_str     0x0000065b      0x20d build/gpio.o
                                0x39c (size before relaxing)
 .debug_str     0x00000868      0x6d0 build/adc.o
                                0xb4f (size before relaxing)
 .debug_str     0x00000f38      0x643 build/spi.o
                                0xc12 (size before relaxing)
 .debug_str     0x0000157b      0x23b build/usart.o
                               0x10e2 (size before relaxing)
 .debug_str     0x000017b6      0x131 build/stm32l4xx_it.o
                                0x87a (size before relaxing)
 .debug_str     0x000018e7       0x46 build/stm32l4xx_hal_msp.o
                                0x308 (size before relaxing)
 .debug_str     0x0000192d      0x913 build/stm32l4xx_hal_adc.o
                               0x10aa (size before relaxing)
 .debug_str     0x00002240      0x499 build/stm32l4xx_hal_adc_ex.o
                                0xf1b (size before relaxing)
 .debug_str     0x000026d9      0x44e build/stm32l4xx_hal.o
                                0xbee (size before relaxing)
 .debug_str     0x00002b27      0x2d6 build/stm32l4xx_hal_rcc.o
                                0x839 (size before relaxing)
 .debug_str     0x00002dfd      0x4bc build/stm32l4xx_hal_rcc_ex.o
                                0xb6a (size before relaxing)
 .debug_str     0x000032b9       0xd5 build/stm32l4xx_hal_gpio.o
                                0x51e (size before relaxing)
 .debug_str     0x0000338e      0x245 build/stm32l4xx_hal_dma.o
                                0x623 (size before relaxing)
 .debug_str     0x000035d3      0x40a build/stm32l4xx_hal_pwr_ex.o
                                0x70e (size before relaxing)
 .debug_str     0x000039dd      0x424 build/stm32l4xx_hal_cortex.o
                                0xb1d (size before relaxing)
 .debug_str     0x00003e01      0x552 build/stm32l4xx_hal_spi.o
                                0xbc1 (size before relaxing)
 .debug_str     0x00004353      0x753 build/stm32l4xx_hal_uart.o
                                0xfcf (size before relaxing)
 .debug_str     0x00004aa6      0x1da build/stm32l4xx_hal_uart_ex.o
                                0x8f0 (size before relaxing)
 .debug_str     0x00004c80       0x3d build/system_stm32l4xx.o
                                0x3bc (size before relaxing)
 .debug_str     0x00004cbd      0x16a build/shell_ext.o
                                0x53b (size before relaxing)
 .debug_str     0x00004e27       0x59 build/shell_port.o
                                0x856 (size before relaxing)
 .debug_str     0x00004e80      0x960 build/shell.o
                                0xd70 (size before relaxing)
 .debug_str     0x000057e0       0x24 build/startup_stm32l431xx.o
                                 0x4a (size before relaxing)

.comment        0x00000000       0x49
 .comment       0x00000000       0x49 build/main.o
                                 0x4a (size before relaxing)
 .comment       0x00000049       0x4a build/gpio.o
 .comment       0x00000049       0x4a build/adc.o
 .comment       0x00000049       0x4a build/spi.o
 .comment       0x00000049       0x4a build/usart.o
 .comment       0x00000049       0x4a build/stm32l4xx_it.o
 .comment       0x00000049       0x4a build/stm32l4xx_hal_msp.o
 .comment       0x00000049       0x4a build/stm32l4xx_hal_adc.o
 .comment       0x00000049       0x4a build/stm32l4xx_hal_adc_ex.o
 .comment       0x00000049       0x4a build/stm32l4xx_hal.o
 .comment       0x00000049       0x4a build/stm32l4xx_hal_rcc.o
 .comment       0x00000049       0x4a build/stm32l4xx_hal_rcc_ex.o
 .comment       0x00000049       0x4a build/stm32l4xx_hal_gpio.o
 .comment       0x00000049       0x4a build/stm32l4xx_hal_dma.o
 .comment       0x00000049       0x4a build/stm32l4xx_hal_pwr_ex.o
 .comment       0x00000049       0x4a build/stm32l4xx_hal_cortex.o
 .comment       0x00000049       0x4a build/stm32l4xx_hal_spi.o
 .comment       0x00000049       0x4a build/stm32l4xx_hal_uart.o
 .comment       0x00000049       0x4a build/stm32l4xx_hal_uart_ex.o
 .comment       0x00000049       0x4a build/system_stm32l4xx.o
 .comment       0x00000049       0x4a build/shell_ext.o
 .comment       0x00000049       0x4a build/shell_port.o
 .comment       0x00000049       0x4a build/shell.o

.debug_frame    0x00000000     0x2e14
 .debug_frame   0x00000000       0x70 build/main.o
 .debug_frame   0x00000070       0x34 build/gpio.o
 .debug_frame   0x000000a4       0x90 build/adc.o
 .debug_frame   0x00000134       0x80 build/spi.o
 .debug_frame   0x000001b4       0xac build/usart.o
 .debug_frame   0x00000260      0x120 build/stm32l4xx_it.o
 .debug_frame   0x00000380       0x2c build/stm32l4xx_hal_msp.o
 .debug_frame   0x000003ac      0x2e0 build/stm32l4xx_hal_adc.o
 .debug_frame   0x0000068c      0x230 build/stm32l4xx_hal_adc_ex.o
 .debug_frame   0x000008bc      0x274 build/stm32l4xx_hal.o
 .debug_frame   0x00000b30      0x19c build/stm32l4xx_hal_rcc.o
 .debug_frame   0x00000ccc      0x248 build/stm32l4xx_hal_rcc_ex.o
 .debug_frame   0x00000f14       0xd0 build/stm32l4xx_hal_gpio.o
 .debug_frame   0x00000fe4      0x150 build/stm32l4xx_hal_dma.o
 .debug_frame   0x00001134      0x1f8 build/stm32l4xx_hal_pwr_ex.o
 .debug_frame   0x0000132c      0x148 build/stm32l4xx_hal_cortex.o
 .debug_frame   0x00001474      0x5d8 build/stm32l4xx_hal_spi.o
 .debug_frame   0x00001a4c      0x600 build/stm32l4xx_hal_uart.o
 .debug_frame   0x0000204c      0x148 build/stm32l4xx_hal_uart_ex.o
 .debug_frame   0x00002194       0x30 build/system_stm32l4xx.o
 .debug_frame   0x000021c4       0xdc build/shell_ext.o
 .debug_frame   0x000022a0       0x44 build/shell_port.o
 .debug_frame   0x000022e4      0x648 build/shell.o
 .debug_frame   0x0000292c       0x2c e:/gcc-arm-none-eabi-10.3-2021.10-win32/gcc-arm-none-eabi-10.3-2021.10/bin/../lib/gcc/arm-none-eabi/10.3.1/../../../../arm-none-eabi/lib/thumb/v7e-m+fp/hard\libc_nano.a(lib_a-init.o)
 .debug_frame   0x00002958       0x20 e:/gcc-arm-none-eabi-10.3-2021.10-win32/gcc-arm-none-eabi-10.3-2021.10/bin/../lib/gcc/arm-none-eabi/10.3.1/../../../../arm-none-eabi/lib/thumb/v7e-m+fp/hard\libc_nano.a(lib_a-memset.o)
 .debug_frame   0x00002978       0x20 e:/gcc-arm-none-eabi-10.3-2021.10-win32/gcc-arm-none-eabi-10.3-2021.10/bin/../lib/gcc/arm-none-eabi/10.3.1/../../../../arm-none-eabi/lib/thumb/v7e-m+fp/hard\libc_nano.a(lib_a-strcmp.o)
 .debug_frame   0x00002998       0x28 e:/gcc-arm-none-eabi-10.3-2021.10-win32/gcc-arm-none-eabi-10.3-2021.10/bin/../lib/gcc/arm-none-eabi/10.3.1/../../../../arm-none-eabi/lib/thumb/v7e-m+fp/hard\libc_nano.a(lib_a-strncmp.o)
 .debug_frame   0x000029c0       0x4c e:/gcc-arm-none-eabi-10.3-2021.10-win32/gcc-arm-none-eabi-10.3-2021.10/bin/../lib/gcc/arm-none-eabi/10.3.1/../../../../arm-none-eabi/lib/thumb/v7e-m+fp/hard\libc_nano.a(lib_a-vsnprintf.o)
 .debug_frame   0x00002a0c       0x90 e:/gcc-arm-none-eabi-10.3-2021.10-win32/gcc-arm-none-eabi-10.3-2021.10/bin/../lib/gcc/arm-none-eabi/10.3.1/../../../../arm-none-eabi/lib/thumb/v7e-m+fp/hard\libc_nano.a(lib_a-nano-svfprintf.o)
 .debug_frame   0x00002a9c       0x60 e:/gcc-arm-none-eabi-10.3-2021.10-win32/gcc-arm-none-eabi-10.3-2021.10/bin/../lib/gcc/arm-none-eabi/10.3.1/../../../../arm-none-eabi/lib/thumb/v7e-m+fp/hard\libc_nano.a(lib_a-nano-vfprintf_i.o)
 .debug_frame   0x00002afc       0x28 e:/gcc-arm-none-eabi-10.3-2021.10-win32/gcc-arm-none-eabi-10.3-2021.10/bin/../lib/gcc/arm-none-eabi/10.3.1/../../../../arm-none-eabi/lib/thumb/v7e-m+fp/hard\libc_nano.a(lib_a-memcpy-stub.o)
 .debug_frame   0x00002b24       0x28 e:/gcc-arm-none-eabi-10.3-2021.10-win32/gcc-arm-none-eabi-10.3-2021.10/bin/../lib/gcc/arm-none-eabi/10.3.1/../../../../arm-none-eabi/lib/thumb/v7e-m+fp/hard\libc_nano.a(lib_a-memmove.o)
 .debug_frame   0x00002b4c       0x38 e:/gcc-arm-none-eabi-10.3-2021.10-win32/gcc-arm-none-eabi-10.3-2021.10/bin/../lib/gcc/arm-none-eabi/10.3.1/../../../../arm-none-eabi/lib/thumb/v7e-m+fp/hard\libc_nano.a(lib_a-nano-freer.o)
 .debug_frame   0x00002b84       0x4c e:/gcc-arm-none-eabi-10.3-2021.10-win32/gcc-arm-none-eabi-10.3-2021.10/bin/../lib/gcc/arm-none-eabi/10.3.1/../../../../arm-none-eabi/lib/thumb/v7e-m+fp/hard\libc_nano.a(lib_a-nano-mallocr.o)
 .debug_frame   0x00002bd0       0x3c e:/gcc-arm-none-eabi-10.3-2021.10-win32/gcc-arm-none-eabi-10.3-2021.10/bin/../lib/gcc/arm-none-eabi/10.3.1/../../../../arm-none-eabi/lib/thumb/v7e-m+fp/hard\libc_nano.a(lib_a-nano-reallocr.o)
 .debug_frame   0x00002c0c       0x2c e:/gcc-arm-none-eabi-10.3-2021.10-win32/gcc-arm-none-eabi-10.3-2021.10/bin/../lib/gcc/arm-none-eabi/10.3.1/../../../../arm-none-eabi/lib/thumb/v7e-m+fp/hard\libc_nano.a(lib_a-sbrkr.o)
 .debug_frame   0x00002c38       0x30 e:/gcc-arm-none-eabi-10.3-2021.10-win32/gcc-arm-none-eabi-10.3-2021.10/bin/../lib/gcc/arm-none-eabi/10.3.1/../../../../arm-none-eabi/lib/thumb/v7e-m+fp/hard\libc_nano.a(lib_a-mlock.o)
 .debug_frame   0x00002c68       0x20 e:/gcc-arm-none-eabi-10.3-2021.10-win32/gcc-arm-none-eabi-10.3-2021.10/bin/../lib/gcc/arm-none-eabi/10.3.1/../../../../arm-none-eabi/lib/thumb/v7e-m+fp/hard\libc_nano.a(lib_a-nano-msizer.o)
 .debug_frame   0x00002c88       0x5c e:/gcc-arm-none-eabi-10.3-2021.10-win32/gcc-arm-none-eabi-10.3-2021.10/bin/../lib/gcc/arm-none-eabi/10.3.1/../../../../arm-none-eabi/lib/thumb/v7e-m+fp/hard\libc_nano.a(lib_a-reent.o)
 .debug_frame   0x00002ce4       0xb0 e:/gcc-arm-none-eabi-10.3-2021.10-win32/gcc-arm-none-eabi-10.3-2021.10/bin/../lib/gcc/arm-none-eabi/10.3.1/../../../../arm-none-eabi/lib/thumb/v7e-m+fp/hard\libc_nano.a(lib_a-lock.o)
 .debug_frame   0x00002d94       0x20 e:/gcc-arm-none-eabi-10.3-2021.10-win32/gcc-arm-none-eabi-10.3-2021.10/bin/../lib/gcc/arm-none-eabi/10.3.1/../../../../arm-none-eabi/lib/thumb/v7e-m+fp/hard\libnosys.a(sbrk.o)
 .debug_frame   0x00002db4       0x2c e:/gcc-arm-none-eabi-10.3-2021.10-win32/gcc-arm-none-eabi-10.3-2021.10/bin/../lib/gcc/arm-none-eabi/10.3.1/thumb/v7e-m+fp/hard\libgcc.a(_aeabi_uldivmod.o)
 .debug_frame   0x00002de0       0x34 e:/gcc-arm-none-eabi-10.3-2021.10-win32/gcc-arm-none-eabi-10.3-2021.10/bin/../lib/gcc/arm-none-eabi/10.3.1/thumb/v7e-m+fp/hard\libgcc.a(_udivmoddi4.o)

Cross Reference Table

Symbol                                            File
ADC1_IRQHandler                                   build/startup_stm32l431xx.o
ADC_Average_Get                                   build/adc.o
                                                  build/main.o
ADC_ConversionStop                                build/stm32l4xx_hal_adc.o
                                                  build/stm32l4xx_hal_adc_ex.o
ADC_DMAConvCplt                                   build/stm32l4xx_hal_adc.o
ADC_DMAError                                      build/stm32l4xx_hal_adc.o
ADC_DMAHalfConvCplt                               build/stm32l4xx_hal_adc.o
ADC_Disable                                       build/stm32l4xx_hal_adc.o
                                                  build/stm32l4xx_hal_adc_ex.o
ADC_Enable                                        build/stm32l4xx_hal_adc.o
                                                  build/stm32l4xx_hal_adc_ex.o
AHBPrescTable                                     build/system_stm32l4xx.o
                                                  build/stm32l4xx_hal_rcc.o
APBPrescTable                                     build/system_stm32l4xx.o
                                                  build/stm32l4xx_hal_rcc.o
BusFault_Handler                                  build/stm32l4xx_it.o
CAN1_RX0_IRQHandler                               build/startup_stm32l431xx.o
CAN1_RX1_IRQHandler                               build/startup_stm32l431xx.o
CAN1_SCE_IRQHandler                               build/startup_stm32l431xx.o
CAN1_TX_IRQHandler                                build/startup_stm32l431xx.o
COMP_IRQHandler                                   build/startup_stm32l431xx.o
CRS_IRQHandler                                    build/startup_stm32l431xx.o
DMA1_Channel1_IRQHandler                          build/startup_stm32l431xx.o
DMA1_Channel2_IRQHandler                          build/startup_stm32l431xx.o
DMA1_Channel3_IRQHandler                          build/startup_stm32l431xx.o
DMA1_Channel4_IRQHandler                          build/startup_stm32l431xx.o
DMA1_Channel5_IRQHandler                          build/startup_stm32l431xx.o
DMA1_Channel6_IRQHandler                          build/startup_stm32l431xx.o
DMA1_Channel7_IRQHandler                          build/startup_stm32l431xx.o
DMA2_Channel1_IRQHandler                          build/startup_stm32l431xx.o
DMA2_Channel2_IRQHandler                          build/startup_stm32l431xx.o
DMA2_Channel3_IRQHandler                          build/startup_stm32l431xx.o
DMA2_Channel4_IRQHandler                          build/startup_stm32l431xx.o
DMA2_Channel5_IRQHandler                          build/startup_stm32l431xx.o
DMA2_Channel6_IRQHandler                          build/startup_stm32l431xx.o
DMA2_Channel7_IRQHandler                          build/startup_stm32l431xx.o
DebugMon_Handler                                  build/stm32l4xx_it.o
Default_Handler                                   build/startup_stm32l431xx.o
EXTI0_IRQHandler                                  build/startup_stm32l431xx.o
EXTI15_10_IRQHandler                              build/startup_stm32l431xx.o
EXTI1_IRQHandler                                  build/startup_stm32l431xx.o
EXTI2_IRQHandler                                  build/startup_stm32l431xx.o
EXTI3_IRQHandler                                  build/startup_stm32l431xx.o
EXTI4_IRQHandler                                  build/startup_stm32l431xx.o
EXTI9_5_IRQHandler                                build/startup_stm32l431xx.o
Error_Handler                                     build/main.o
                                                  build/usart.o
                                                  build/spi.o
                                                  build/adc.o
FLASH_FlushCaches                                 build/stm32l4xx_hal_flash_ex.o
                                                  build/stm32l4xx_hal_flash.o
FLASH_IRQHandler                                  build/startup_stm32l431xx.o
FLASH_PageErase                                   build/stm32l4xx_hal_flash_ex.o
                                                  build/stm32l4xx_hal_flash.o
FLASH_WaitForLastOperation                        build/stm32l4xx_hal_flash.o
                                                  build/stm32l4xx_hal_flash_ex.o
FPU_IRQHandler                                    build/startup_stm32l431xx.o
HAL_ADCEx_Calibration_GetValue                    build/stm32l4xx_hal_adc_ex.o
HAL_ADCEx_Calibration_SetValue                    build/stm32l4xx_hal_adc_ex.o
HAL_ADCEx_Calibration_Start                       build/stm32l4xx_hal_adc_ex.o
                                                  build/adc.o
HAL_ADCEx_DisableInjectedQueue                    build/stm32l4xx_hal_adc_ex.o
HAL_ADCEx_DisableVoltageRegulator                 build/stm32l4xx_hal_adc_ex.o
HAL_ADCEx_EnableInjectedQueue                     build/stm32l4xx_hal_adc_ex.o
HAL_ADCEx_EndOfSamplingCallback                   build/stm32l4xx_hal_adc_ex.o
                                                  build/stm32l4xx_hal_adc.o
HAL_ADCEx_EnterADCDeepPowerDownMode               build/stm32l4xx_hal_adc_ex.o
HAL_ADCEx_InjectedConfigChannel                   build/stm32l4xx_hal_adc_ex.o
HAL_ADCEx_InjectedConvCpltCallback                build/stm32l4xx_hal_adc_ex.o
                                                  build/stm32l4xx_hal_adc.o
HAL_ADCEx_InjectedGetValue                        build/stm32l4xx_hal_adc_ex.o
HAL_ADCEx_InjectedPollForConversion               build/stm32l4xx_hal_adc_ex.o
HAL_ADCEx_InjectedQueueOverflowCallback           build/stm32l4xx_hal_adc_ex.o
                                                  build/stm32l4xx_hal_adc.o
HAL_ADCEx_InjectedStart                           build/stm32l4xx_hal_adc_ex.o
HAL_ADCEx_InjectedStart_IT                        build/stm32l4xx_hal_adc_ex.o
HAL_ADCEx_InjectedStop                            build/stm32l4xx_hal_adc_ex.o
HAL_ADCEx_InjectedStop_IT                         build/stm32l4xx_hal_adc_ex.o
HAL_ADCEx_LevelOutOfWindow2Callback               build/stm32l4xx_hal_adc_ex.o
                                                  build/stm32l4xx_hal_adc.o
HAL_ADCEx_LevelOutOfWindow3Callback               build/stm32l4xx_hal_adc_ex.o
                                                  build/stm32l4xx_hal_adc.o
HAL_ADCEx_RegularStop                             build/stm32l4xx_hal_adc_ex.o
HAL_ADCEx_RegularStop_DMA                         build/stm32l4xx_hal_adc_ex.o
HAL_ADCEx_RegularStop_IT                          build/stm32l4xx_hal_adc_ex.o
HAL_ADC_AnalogWDGConfig                           build/stm32l4xx_hal_adc.o
HAL_ADC_ConfigChannel                             build/stm32l4xx_hal_adc.o
                                                  build/adc.o
HAL_ADC_ConvCpltCallback                          build/stm32l4xx_hal_adc.o
HAL_ADC_ConvHalfCpltCallback                      build/stm32l4xx_hal_adc.o
HAL_ADC_DeInit                                    build/stm32l4xx_hal_adc.o
HAL_ADC_ErrorCallback                             build/stm32l4xx_hal_adc.o
HAL_ADC_GetError                                  build/stm32l4xx_hal_adc.o
HAL_ADC_GetState                                  build/stm32l4xx_hal_adc.o
                                                  build/adc.o
HAL_ADC_GetValue                                  build/stm32l4xx_hal_adc.o
                                                  build/adc.o
HAL_ADC_IRQHandler                                build/stm32l4xx_hal_adc.o
HAL_ADC_Init                                      build/stm32l4xx_hal_adc.o
                                                  build/adc.o
HAL_ADC_LevelOutOfWindowCallback                  build/stm32l4xx_hal_adc.o
HAL_ADC_MspDeInit                                 build/adc.o
HAL_ADC_MspInit                                   build/adc.o
HAL_ADC_PollForConversion                         build/stm32l4xx_hal_adc.o
                                                  build/adc.o
HAL_ADC_PollForEvent                              build/stm32l4xx_hal_adc.o
HAL_ADC_Start                                     build/stm32l4xx_hal_adc.o
                                                  build/adc.o
HAL_ADC_Start_DMA                                 build/stm32l4xx_hal_adc.o
HAL_ADC_Start_IT                                  build/stm32l4xx_hal_adc.o
HAL_ADC_Stop                                      build/stm32l4xx_hal_adc.o
                                                  build/adc.o
HAL_ADC_Stop_DMA                                  build/stm32l4xx_hal_adc.o
HAL_ADC_Stop_IT                                   build/stm32l4xx_hal_adc.o
HAL_DBGMCU_DisableDBGSleepMode                    build/stm32l4xx_hal.o
HAL_DBGMCU_DisableDBGStandbyMode                  build/stm32l4xx_hal.o
HAL_DBGMCU_DisableDBGStopMode                     build/stm32l4xx_hal.o
HAL_DBGMCU_EnableDBGSleepMode                     build/stm32l4xx_hal.o
HAL_DBGMCU_EnableDBGStandbyMode                   build/stm32l4xx_hal.o
HAL_DBGMCU_EnableDBGStopMode                      build/stm32l4xx_hal.o
HAL_DMA_Abort                                     build/stm32l4xx_hal_dma.o
                                                  build/stm32l4xx_hal_uart.o
                                                  build/stm32l4xx_hal_spi.o
                                                  build/stm32l4xx_hal_adc_ex.o
                                                  build/stm32l4xx_hal_adc.o
HAL_DMA_Abort_IT                                  build/stm32l4xx_hal_dma.o
                                                  build/stm32l4xx_hal_uart.o
                                                  build/stm32l4xx_hal_spi.o
                                                  build/stm32l4xx_hal_i2c.o
HAL_DMA_DeInit                                    build/stm32l4xx_hal_dma.o
HAL_DMA_GetError                                  build/stm32l4xx_hal_dma.o
                                                  build/stm32l4xx_hal_uart.o
HAL_DMA_GetState                                  build/stm32l4xx_hal_dma.o
                                                  build/stm32l4xx_hal_i2c.o
HAL_DMA_IRQHandler                                build/stm32l4xx_hal_dma.o
HAL_DMA_Init                                      build/stm32l4xx_hal_dma.o