Archive member included to satisfy reference by file (symbol)

e:/gcc-arm-none-eabi-10.3-2021.10-win32/gcc-arm-none-eabi-10.3-2021.10/bin/../lib/gcc/arm-none-eabi/10.3.1/../../../../arm-none-eabi/lib/thumb/v7e-m+fp/hard\libc_nano.a(lib_a-exit.o)
                              e:/gcc-arm-none-eabi-10.3-2021.10-win32/gcc-arm-none-eabi-10.3-2021.10/bin/../lib/gcc/arm-none-eabi/10.3.1/../../../../arm-none-eabi/lib/thumb/v7e-m+fp/hard/crt0.o (exit)
e:/gcc-arm-none-eabi-10.3-2021.10-win32/gcc-arm-none-eabi-10.3-2021.10/bin/../lib/gcc/arm-none-eabi/10.3.1/../../../../arm-none-eabi/lib/thumb/v7e-m+fp/hard\libc_nano.a(lib_a-impure.o)
                              e:/gcc-arm-none-eabi-10.3-2021.10-win32/gcc-arm-none-eabi-10.3-2021.10/bin/../lib/gcc/arm-none-eabi/10.3.1/../../../../arm-none-eabi/lib/thumb/v7e-m+fp/hard\libc_nano.a(lib_a-exit.o) (_global_impure_ptr)
e:/gcc-arm-none-eabi-10.3-2021.10-win32/gcc-arm-none-eabi-10.3-2021.10/bin/../lib/gcc/arm-none-eabi/10.3.1/../../../../arm-none-eabi/lib/thumb/v7e-m+fp/hard\libc_nano.a(lib_a-init.o)
                              e:/gcc-arm-none-eabi-10.3-2021.10-win32/gcc-arm-none-eabi-10.3-2021.10/bin/../lib/gcc/arm-none-eabi/10.3.1/../../../../arm-none-eabi/lib/thumb/v7e-m+fp/hard/crt0.o (__libc_init_array)
e:/gcc-arm-none-eabi-10.3-2021.10-win32/gcc-arm-none-eabi-10.3-2021.10/bin/../lib/gcc/arm-none-eabi/10.3.1/../../../../arm-none-eabi/lib/thumb/v7e-m+fp/hard\libc_nano.a(lib_a-malloc.o)
                              build/timer.o (malloc)
e:/gcc-arm-none-eabi-10.3-2021.10-win32/gcc-arm-none-eabi-10.3-2021.10/bin/../lib/gcc/arm-none-eabi/10.3.1/../../../../arm-none-eabi/lib/thumb/v7e-m+fp/hard\libc_nano.a(lib_a-memcpy-stub.o)
                              build/ATGM332D.o (memcpy)
e:/gcc-arm-none-eabi-10.3-2021.10-win32/gcc-arm-none-eabi-10.3-2021.10/bin/../lib/gcc/arm-none-eabi/10.3.1/../../../../arm-none-eabi/lib/thumb/v7e-m+fp/hard\libc_nano.a(lib_a-memset.o)
                              e:/gcc-arm-none-eabi-10.3-2021.10-win32/gcc-arm-none-eabi-10.3-2021.10/bin/../lib/gcc/arm-none-eabi/10.3.1/../../../../arm-none-eabi/lib/thumb/v7e-m+fp/hard/crt0.o (memset)
e:/gcc-arm-none-eabi-10.3-2021.10-win32/gcc-arm-none-eabi-10.3-2021.10/bin/../lib/gcc/arm-none-eabi/10.3.1/../../../../arm-none-eabi/lib/thumb/v7e-m+fp/hard\libc_nano.a(lib_a-nano-freer.o)
                              e:/gcc-arm-none-eabi-10.3-2021.10-win32/gcc-arm-none-eabi-10.3-2021.10/bin/../lib/gcc/arm-none-eabi/10.3.1/../../../../arm-none-eabi/lib/thumb/v7e-m+fp/hard\libc_nano.a(lib_a-malloc.o) (_free_r)
e:/gcc-arm-none-eabi-10.3-2021.10-win32/gcc-arm-none-eabi-10.3-2021.10/bin/../lib/gcc/arm-none-eabi/10.3.1/../../../../arm-none-eabi/lib/thumb/v7e-m+fp/hard\libc_nano.a(lib_a-nano-mallocr.o)
                              e:/gcc-arm-none-eabi-10.3-2021.10-win32/gcc-arm-none-eabi-10.3-2021.10/bin/../lib/gcc/arm-none-eabi/10.3.1/../../../../arm-none-eabi/lib/thumb/v7e-m+fp/hard\libc_nano.a(lib_a-malloc.o) (_malloc_r)
e:/gcc-arm-none-eabi-10.3-2021.10-win32/gcc-arm-none-eabi-10.3-2021.10/bin/../lib/gcc/arm-none-eabi/10.3.1/../../../../arm-none-eabi/lib/thumb/v7e-m+fp/hard\libc_nano.a(lib_a-nano-vfprintf_float.o)
                              (_printf_float)
e:/gcc-arm-none-eabi-10.3-2021.10-win32/gcc-arm-none-eabi-10.3-2021.10/bin/../lib/gcc/arm-none-eabi/10.3.1/../../../../arm-none-eabi/lib/thumb/v7e-m+fp/hard\libc_nano.a(lib_a-nano-vfprintf_i.o)
                              e:/gcc-arm-none-eabi-10.3-2021.10-win32/gcc-arm-none-eabi-10.3-2021.10/bin/../lib/gcc/arm-none-eabi/10.3.1/../../../../arm-none-eabi/lib/thumb/v7e-m+fp/hard\libc_nano.a(lib_a-nano-vfprintf_float.o) (_printf_common)
e:/gcc-arm-none-eabi-10.3-2021.10-win32/gcc-arm-none-eabi-10.3-2021.10/bin/../lib/gcc/arm-none-eabi/10.3.1/../../../../arm-none-eabi/lib/thumb/v7e-m+fp/hard\libc_nano.a(lib_a-sbrkr.o)
                              e:/gcc-arm-none-eabi-10.3-2021.10-win32/gcc-arm-none-eabi-10.3-2021.10/bin/../lib/gcc/arm-none-eabi/10.3.1/../../../../arm-none-eabi/lib/thumb/v7e-m+fp/hard\libc_nano.a(lib_a-nano-mallocr.o) (_sbrk_r)
e:/gcc-arm-none-eabi-10.3-2021.10-win32/gcc-arm-none-eabi-10.3-2021.10/bin/../lib/gcc/arm-none-eabi/10.3.1/../../../../arm-none-eabi/lib/thumb/v7e-m+fp/hard\libc_nano.a(lib_a-strcmp.o)
                              build/main.o (strcmp)
e:/gcc-arm-none-eabi-10.3-2021.10-win32/gcc-arm-none-eabi-10.3-2021.10/bin/../lib/gcc/arm-none-eabi/10.3.1/../../../../arm-none-eabi/lib/thumb/v7e-m+fp/hard\libc_nano.a(lib_a-strlen.o)
                              build/main.o (strlen)
e:/gcc-arm-none-eabi-10.3-2021.10-win32/gcc-arm-none-eabi-10.3-2021.10/bin/../lib/gcc/arm-none-eabi/10.3.1/../../../../arm-none-eabi/lib/thumb/v7e-m+fp/hard\libc_nano.a(lib_a-strncmp.o)
                              build/shell.o (strncmp)
e:/gcc-arm-none-eabi-10.3-2021.10-win32/gcc-arm-none-eabi-10.3-2021.10/bin/../lib/gcc/arm-none-eabi/10.3.1/../../../../arm-none-eabi/lib/thumb/v7e-m+fp/hard\libc_nano.a(lib_a-vsnprintf.o)
[...]
Memory Configuration

Name             Origin             Length             Attributes
RAM              0x20000000         0x00010000         xrw
RAM2             0x10000000         0x00004000         xrw
FLASH            0x08000000         0x00020000         xr
*default*        0x00000000         0xffffffff

Linker script and memory map

LOAD e:/gcc-arm-none-eabi-10.3-2021.10-win32/gcc-arm-none-eabi-10.3-2021.10/bin/../lib/gcc/arm-none-eabi/10.3.1/thumb/v7e-m+fp/hard/crti.o
LOAD e:/gcc-arm-none-eabi-10.3-2021.10-win32/gcc-arm-none-eabi-10.3-2021.10/bin/../lib/gcc/arm-none-eabi/10.3.1/thumb/v7e-m+fp/hard/crtbegin.o
LOAD e:/gcc-arm-none-eabi-10.3-2021.10-win32/gcc-arm-none-eabi-10.3-2021.10/bin/../lib/gcc/arm-none-eabi/10.3.1/../../../../arm-none-eabi/lib/thumb/v7e-m+fp/hard/crt0.o
LOAD build/main.o
LOAD build/stm32l4xx_it.o
LOAD build/stm32l4xx_hal_msp.o
LOAD build/stm32l4xx_hal_adc.o
LOAD build/stm32l4xx_hal_adc_ex.o
LOAD build/stm32l4xx_hal.o
LOAD build/stm32l4xx_hal_i2c.o
LOAD build/stm32l4xx_hal_i2c_ex.o
LOAD build/stm32l4xx_hal_rcc.o
LOAD build/stm32l4xx_hal_rcc_ex.o
LOAD build/stm32l4xx_hal_flash.o
LOAD build/stm32l4xx_hal_flash_ex.o
LOAD build/stm32l4xx_hal_flash_ramfunc.o
LOAD build/stm32l4xx_hal_gpio.o
LOAD build/stm32l4xx_hal_dma.o
LOAD build/stm32l4xx_hal_dma_ex.o
LOAD build/stm32l4xx_hal_pwr.o
LOAD build/stm32l4xx_hal_pwr_ex.o
LOAD build/stm32l4xx_hal_cortex.o
LOAD build/stm32l4xx_hal_exti.o
LOAD build/stm32l4xx_hal_spi.o
LOAD build/stm32l4xx_hal_spi_ex.o
LOAD build/stm32l4xx_hal_tim.o
LOAD build/stm32l4xx_hal_tim_ex.o
LOAD build/stm32l4xx_hal_uart.o
LOAD build/stm32l4xx_hal_uart_ex.o
LOAD build/system_stm32l4xx.o
LOAD build/shell_cmd_list.o
LOAD build/shell_companion.o
LOAD build/shell_ext.o
LOAD build/shell_port.o
LOAD build/shell.o
LOAD build/gpio.o
LOAD build/adc.o
LOAD build/spi.o
LOAD build/usart.o
LOAD build/W25QXX.o
LOAD build/led.o
LOAD build/rs485.o
LOAD build/ATGM332D.o
LOAD build/EC2x.o
LOAD build/timer.o
LOAD build/startup_stm32l431xx.o
LOAD e:/gcc-arm-none-eabi-10.3-2021.10-win32/gcc-arm-none-eabi-10.3-2021.10/bin/../lib/gcc/arm-none-eabi/10.3.1/../../../../arm-none-eabi/lib/thumb/v7e-m+fp/hard\libc_nano.a
LOAD e:/gcc-arm-none-eabi-10.3-2021.10-win32/gcc-arm-none-eabi-10.3-2021.10/bin/../lib/gcc/arm-none-eabi/10.3.1/../../../../arm-none-eabi/lib/thumb/v7e-m+fp/hard\libm.a
LOAD e:/gcc-arm-none-eabi-10.3-2021.10-win32/gcc-arm-none-eabi-10.3-2021.10/bin/../lib/gcc/arm-none-eabi/10.3.1/../../../../arm-none-eabi/lib/thumb/v7e-m+fp/hard\libnosys.a
START GROUP
LOAD e:/gcc-arm-none-eabi-10.3-2021.10-win32/gcc-arm-none-eabi-10.3-2021.10/bin/../lib/gcc/arm-none-eabi/10.3.1/thumb/v7e-m+fp/hard\libgcc.a
LOAD e:/gcc-arm-none-eabi-10.3-2021.10-win32/gcc-arm-none-eabi-10.3-2021.10/bin/../lib/gcc/arm-none-eabi/10.3.1/../../../../arm-none-eabi/lib/thumb/v7e-m+fp/hard\libc_nano.a
END GROUP
START GROUP
LOAD e:/gcc-arm-none-eabi-10.3-2021.10-win32/gcc-arm-none-eabi-10.3-2021.10/bin/../lib/gcc/arm-none-eabi/10.3.1/thumb/v7e-m+fp/hard\libgcc.a
LOAD e:/gcc-arm-none-eabi-10.3-2021.10-win32/gcc-arm-none-eabi-10.3-2021.10/bin/../lib/gcc/arm-none-eabi/10.3.1/../../../../arm-none-eabi/lib/thumb/v7e-m+fp/hard\libc_nano.a
END GROUP
LOAD e:/gcc-arm-none-eabi-10.3-2021.10-win32/gcc-arm-none-eabi-10.3-2021.10/bin/../lib/gcc/arm-none-eabi/10.3.1/thumb/v7e-m+fp/hard/crtend.o
LOAD e:/gcc-arm-none-eabi-10.3-2021.10-win32/gcc-arm-none-eabi-10.3-2021.10/bin/../lib/gcc/arm-none-eabi/10.3.1/thumb/v7e-m+fp/hard/crtn.o
                0x20010000                _estack = 0x20010000
                0x00000400                _Min_Heap_Size = 0x400
                0x00000400                _Min_Stack_Size = 0x400

.isr_vector     0x08000000      0x190
                0x08000000                . = ALIGN (0x8)
 *(.isr_vector)
 .isr_vector    0x08000000      0x18c build/startup_stm32l431xx.o
                0x08000000                g_pfnVectors
                0x08000190                . = ALIGN (0x8)
 *fill*         0x0800018c        0x4 

.text           0x08000190     0xa6e0
                0x08000190                . = ALIGN (0x8)
 *(.text)
 .text          0x08000190       0x40 e:/gcc-arm-none-eabi-10.3-2021.10-win32/gcc-arm-none-eabi-10.3-2021.10/bin/../lib/gcc/arm-none-eabi/10.3.1/thumb/v7e-m+fp/hard/crtbegin.o
 .text          0x080001d0       0x14 e:/gcc-arm-none-eabi-10.3-2021.10-win32/gcc-arm-none-eabi-10.3-2021.10/bin/../lib/gcc/arm-none-eabi/10.3.1/../../../../arm-none-eabi/lib/thumb/v7e-m+fp/hard\libc_nano.a(lib_a-strcmp.o)
                0x080001d0                strcmp
 .text          0x080001e4       0x10 e:/gcc-arm-none-eabi-10.3-2021.10-win32/gcc-arm-none-eabi-10.3-2021.10/bin/../lib/gcc/arm-none-eabi/10.3.1/../../../../arm-none-eabi/lib/thumb/v7e-m+fp/hard\libc_nano.a(lib_a-strlen.o)
                0x080001e4                strlen
 *fill*         0x080001f4        0xc 
 .text          0x08000200       0xa0 e:/gcc-arm-none-eabi-10.3-2021.10-win32/gcc-arm-none-eabi-10.3-2021.10/bin/../lib/gcc/arm-none-eabi/10.3.1/../../../../arm-none-eabi/lib/thumb/v7e-m+fp/hard\libc_nano.a(lib_a-memchr.o)
                0x08000200                memchr
 .text          0x080002a0      0x378 e:/gcc-arm-none-eabi-10.3-2021.10-win32/gcc-arm-none-eabi-10.3-2021.10/bin/../lib/gcc/arm-none-eabi/10.3.1/thumb/v7e-m+fp/hard\libgcc.a(_arm_addsubdf3.o)
                0x080002a0                __aeabi_drsub
                0x080002a8                __aeabi_dsub
                0x080002a8                __subdf3
                0x080002ac                __aeabi_dadd
                0x080002ac                __adddf3
                0x08000524                __floatunsidf
                0x08000524                __aeabi_ui2d
                0x08000544                __floatsidf
                0x08000544                __aeabi_i2d
                0x08000568                __aeabi_f2d
                0x08000568                __extendsfdf2
                0x080005ac                __floatundidf
                0x080005ac                __aeabi_ul2d
                0x080005bc                __floatdidf
                0x080005bc                __aeabi_l2d
 .text          0x08000618      0x424 e:/gcc-arm-none-eabi-10.3-2021.10-win32/gcc-arm-none-eabi-10.3-2021.10/bin/../lib/gcc/arm-none-eabi/10.3.1/thumb/v7e-m+fp/hard\libgcc.a(_arm_muldivdf3.o)
                0x08000618                __aeabi_dmul
                0x08000618                __muldf3
                0x0800086c                __divdf3
                0x0800086c                __aeabi_ddiv
 .text          0x08000a3c      0x110 e:/gcc-arm-none-eabi-10.3-2021.10-win32/gcc-arm-none-eabi-10.3-2021.10/bin/../lib/gcc/arm-none-eabi/10.3.1/thumb/v7e-m+fp/hard\libgcc.a(_arm_cmpdf2.o)
                0x08000a3c                __gtdf2
                0x08000a3c                __gedf2
                0x08000a44                __ltdf2
                0x08000a44                __ledf2
                0x08000a4c                __nedf2
                0x08000a4c                __eqdf2
                0x08000a4c                __cmpdf2
                0x08000ac8                __aeabi_cdrcmple
                0x08000ad8                __aeabi_cdcmpeq
                0x08000ad8                __aeabi_cdcmple
                0x08000ae8                __aeabi_dcmpeq
                0x08000afc                __aeabi_dcmplt
                0x08000b10                __aeabi_dcmple
                0x08000b24                __aeabi_dcmpge
                0x08000b38                __aeabi_dcmpgt
 .text          0x08000b4c       0x2c e:/gcc-arm-none-eabi-10.3-2021.10-win32/gcc-arm-none-eabi-10.3-2021.10/bin/../lib/gcc/arm-none-eabi/10.3.1/thumb/v7e-m+fp/hard\libgcc.a(_arm_unorddf2.o)
                0x08000b4c                __unorddf2
                0x08000b4c                __aeabi_dcmpun
 .text          0x08000b78       0x50 e:/gcc-arm-none-eabi-10.3-2021.10-win32/gcc-arm-none-eabi-10.3-2021.10/bin/../lib/gcc/arm-none-eabi/10.3.1/thumb/v7e-m+fp/hard\libgcc.a(_arm_fixdfsi.o)
                0x08000b78                __aeabi_d2iz
                0x08000b78                __fixdfsi
 .text          0x08000bc8       0x40 e:/gcc-arm-none-eabi-10.3-2021.10-win32/gcc-arm-none-eabi-10.3-2021.10/bin/../lib/gcc/arm-none-eabi/10.3.1/thumb/v7e-m+fp/hard\libgcc.a(_arm_fixunsdfsi.o)
                0x08000bc8                __aeabi_d2uiz
                0x08000bc8                __fixunsdfsi
 .text          0x08000c08       0xa0 e:/gcc-arm-none-eabi-10.3-2021.10-win32/gcc-arm-none-eabi-10.3-2021.10/bin/../lib/gcc/arm-none-eabi/10.3.1/thumb/v7e-m+fp/hard\libgcc.a(_arm_truncdfsf2.o)
                0x08000c08                __truncdfsf2
                0x08000c08                __aeabi_d2f
 .text          0x08000ca8       0x30 e:/gcc-arm-none-eabi-10.3-2021.10-win32/gcc-arm-none-eabi-10.3-2021.10/bin/../lib/gcc/arm-none-eabi/10.3.1/thumb/v7e-m+fp/hard\libgcc.a(_aeabi_uldivmod.o)
                0x08000ca8                __aeabi_uldivmod
 .text          0x08000cd8      0x2d0 e:/gcc-arm-none-eabi-10.3-2021.10-win32/gcc-arm-none-eabi-10.3-2021.10/bin/../lib/gcc/arm-none-eabi/10.3.1/thumb/v7e-m+fp/hard\libgcc.a(_udivmoddi4.o)
                0x08000cd8                __udivmoddi4
 .text          0x08000fa8        0x4 e:/gcc-arm-none-eabi-10.3-2021.10-win32/gcc-arm-none-eabi-10.3-2021.10/bin/../lib/gcc/arm-none-eabi/10.3.1/thumb/v7e-m+fp/hard\libgcc.a(_dvmd_tls.o)
                0x08000fa8                __aeabi_idiv0
                0x08000fa8                __aeabi_ldiv0
 *(.text*)
 .text.LED_Test
                0x08000fac       0xc4 build/main.o
                0x08000fac                LED_Test
 .text.RS485_Test
                0x08001070       0x18 build/main.o
                0x08001070                RS485_Test
 .text.Flash_Test
                0x08001088       0xbc build/main.o
                0x08001088                Flash_Test
 .text.BDS_Test
                0x08001144       0x58 build/main.o
                0x08001144                BDS_Test
 .text.LDR_Value_Get
                0x0800119c       0x44 build/main.o
                0x0800119c                LDR_Value_Get
 .text.agencyLDR_Value_Get
                0x080011e0        0xe build/main.o
                0x080011e0                agencyLDR_Value_Get
 *fill*         0x080011ee        0x2 
 .text.Battery_Test
                0x080011f0       0x64 build/main.o
                0x080011f0                Battery_Test
 .text.agencyBattery_Test
                0x08001254        0x8 build/main.o
                0x08001254                agencyBattery_Test
 .text.Error_Handler
                0x0800125c        0x4 build/main.o
                0x0800125c                Error_Handler
 .text.SystemClock_Config
                0x08001260       0x78 build/main.o
                0x08001260                SystemClock_Config
 .text.main     0x080012d8       0x88 build/main.o
                0x080012d8                main
 .text.NMI_Handler
                0x08001360        0x2 build/stm32l4xx_it.o
                0x08001360                NMI_Handler
 .text.HardFault_Handler
                0x08001362        0x2 build/stm32l4xx_it.o
                0x08001362                HardFault_Handler
 .text.MemManage_Handler
                0x08001364        0x2 build/stm32l4xx_it.o
                0x08001364                MemManage_Handler
 .text.BusFault_Handler
                0x08001366        0x2 build/stm32l4xx_it.o
                0x08001366                BusFault_Handler
 .text.UsageFault_Handler
                0x08001368        0x2 build/stm32l4xx_it.o
                0x08001368                UsageFault_Handler
 .text.SVC_Handler
                0x0800136a        0x2 build/stm32l4xx_it.o
                0x0800136a                SVC_Handler
 .text.DebugMon_Handler
                0x0800136c        0x2 build/stm32l4xx_it.o
                0x0800136c                DebugMon_Handler
 .text.PendSV_Handler
                0x0800136e        0x2 build/stm32l4xx_it.o
                0x0800136e                PendSV_Handler
 .text.SysTick_Handler
                0x08001370        0xc build/stm32l4xx_it.o
                0x08001370                SysTick_Handler
 .text.SPI2_IRQHandler
                0x0800137c       0x10 build/stm32l4xx_it.o
                0x0800137c                SPI2_IRQHandler
 .text.USART1_IRQHandler
                0x0800138c       0x10 build/stm32l4xx_it.o
                0x0800138c                USART1_IRQHandler
 .text.USART2_IRQHandler
                0x0800139c       0x10 build/stm32l4xx_it.o
                0x0800139c                USART2_IRQHandler
 .text.USART3_IRQHandler
                0x080013ac       0x10 build/stm32l4xx_it.o
                0x080013ac                USART3_IRQHandler
 .text.SPI3_IRQHandler
                0x080013bc       0x10 build/stm32l4xx_it.o
                0x080013bc                SPI3_IRQHandler
 .text.HAL_MspInit
                0x080013cc       0x3c build/stm32l4xx_hal_msp.o
                0x080013cc                HAL_MspInit
 .text.HAL_ADC_Init
                0x08001408      0x1dc build/stm32l4xx_hal_adc.o
                0x08001408                HAL_ADC_Init
 .text.HAL_ADC_PollForConversion
                0x080015e4       0xb4 build/stm32l4xx_hal_adc.o
                0x080015e4                HAL_ADC_PollForConversion
 .text.HAL_ADC_GetValue
                0x08001698        0x6 build/stm32l4xx_hal_adc.o
                0x08001698                HAL_ADC_GetValue
 *fill*         0x0800169e        0x2 
 .text.HAL_ADC_ConfigChannel
                0x080016a0      0x4a0 build/stm32l4xx_hal_adc.o
                0x080016a0                HAL_ADC_ConfigChannel
 .text.HAL_ADC_GetState
                0x08001b40        0x4 build/stm32l4xx_hal_adc.o
                0x08001b40                HAL_ADC_GetState
 .text.ADC_ConversionStop
                0x08001b44      0x100 build/stm32l4xx_hal_adc.o
                0x08001b44                ADC_ConversionStop
 .text.ADC_Enable
                0x08001c44       0xdc build/stm32l4xx_hal_adc.o
                0x08001c44                ADC_Enable
 .text.HAL_ADC_Start
                0x08001d20       0x8c build/stm32l4xx_hal_adc.o
                0x08001d20                HAL_ADC_Start
 .text.ADC_Disable
                0x08001dac       0x94 build/stm32l4xx_hal_adc.o
                0x08001dac                ADC_Disable
 .text.HAL_ADC_Stop
                0x08001e40       0x42 build/stm32l4xx_hal_adc.o
                0x08001e40                HAL_ADC_Stop
 .text.HAL_ADCEx_Calibration_Start
                0x08001e82       0x98 build/stm32l4xx_hal_adc_ex.o
                0x08001e82                HAL_ADCEx_Calibration_Start
 *fill*         0x08001f1a        0x2 
 .text.HAL_InitTick
                0x08001f1c       0x50 build/stm32l4xx_hal.o
                0x08001f1c                HAL_InitTick
 .text.HAL_Init
                0x08001f6c       0x1e build/stm32l4xx_hal.o
                0x08001f6c                HAL_Init
 *fill*         0x08001f8a        0x2 
 .text.HAL_IncTick
                0x08001f8c       0x18 build/stm32l4xx_hal.o
                0x08001f8c                HAL_IncTick
 .text.HAL_GetTick
                0x08001fa4        0xc build/stm32l4xx_hal.o
                0x08001fa4                HAL_GetTick
 .text.HAL_Delay
                0x08001fb0       0x28 build/stm32l4xx_hal.o
                0x08001fb0                HAL_Delay
 .text.RCC_SetFlashLatencyFromMSIRange
                0x08001fd8       0x90 build/stm32l4xx_hal_rcc.o
 .text.HAL_RCC_GetSysClockFreq
                0x08002068       0xb4 build/stm32l4xx_hal_rcc.o
                0x08002068                HAL_RCC_GetSysClockFreq
 .text.HAL_RCC_OscConfig
                0x0800211c      0x66c build/stm32l4xx_hal_rcc.o
                0x0800211c                HAL_RCC_OscConfig
 .text.HAL_RCC_ClockConfig
                0x08002788      0x184 build/stm32l4xx_hal_rcc.o
                0x08002788                HAL_RCC_ClockConfig
 .text.HAL_RCC_GetHCLKFreq
                0x0800290c        0xc build/stm32l4xx_hal_rcc.o
                0x0800290c                HAL_RCC_GetHCLKFreq
 .text.HAL_RCC_GetPCLK1Freq
                0x08002918       0x24 build/stm32l4xx_hal_rcc.o
                0x08002918                HAL_RCC_GetPCLK1Freq
 .text.HAL_RCC_GetPCLK2Freq
                0x0800293c       0x24 build/stm32l4xx_hal_rcc.o
                0x0800293c                HAL_RCC_GetPCLK2Freq
 .text.RCCEx_PLLSAI1_Config
                0x08002960      0x16c build/stm32l4xx_hal_rcc_ex.o
 .text.HAL_RCCEx_PeriphCLKConfig
                0x08002acc      0x31c build/stm32l4xx_hal_rcc_ex.o
                0x08002acc                HAL_RCCEx_PeriphCLKConfig
 .text.HAL_GPIO_Init
                0x08002de8      0x1c8 build/stm32l4xx_hal_gpio.o
                0x08002de8                HAL_GPIO_Init
 .text.HAL_GPIO_WritePin
                0x08002fb0        0xa build/stm32l4xx_hal_gpio.o
                0x08002fb0                HAL_GPIO_WritePin
 .text.HAL_GPIO_TogglePin
                0x08002fba       0x12 build/stm32l4xx_hal_gpio.o
                0x08002fba                HAL_GPIO_TogglePin
 .text.HAL_DMA_Abort
                0x08002fcc       0x4a build/stm32l4xx_hal_dma.o
                0x08002fcc                HAL_DMA_Abort
 .text.HAL_DMA_Abort_IT
                0x08003016       0x50 build/stm32l4xx_hal_dma.o
                0x08003016                HAL_DMA_Abort_IT
 *fill*         0x08003066        0x2 
 .text.HAL_PWREx_GetVoltageRange
                0x08003068       0x10 build/stm32l4xx_hal_pwr_ex.o
                0x08003068                HAL_PWREx_GetVoltageRange
 .text.HAL_PWREx_ControlVoltageScaling
                0x08003078       0x90 build/stm32l4xx_hal_pwr_ex.o
                0x08003078                HAL_PWREx_ControlVoltageScaling
 .text.HAL_NVIC_SetPriorityGrouping
                0x08003108       0x24 build/stm32l4xx_hal_cortex.o
                0x08003108                HAL_NVIC_SetPriorityGrouping
 .text.HAL_NVIC_SetPriority
                0x0800312c       0x70 build/stm32l4xx_hal_cortex.o
                0x0800312c                HAL_NVIC_SetPriority
 .text.HAL_NVIC_EnableIRQ
                0x0800319c       0x1c build/stm32l4xx_hal_cortex.o
                0x0800319c                HAL_NVIC_EnableIRQ
 .text.HAL_SYSTICK_Config
                0x080031b8       0x28 build/stm32l4xx_hal_cortex.o
                0x080031b8                HAL_SYSTICK_Config
 .text.SPI_WaitFlagStateUntilTimeout
                0x080031e0       0xd4 build/stm32l4xx_hal_spi.o
 .text.SPI_WaitFifoStateUntilTimeout
                0x080032b4       0xf4 build/stm32l4xx_hal_spi.o
 .text.SPI_EndRxTxTransaction
                0x080033a8       0x62 build/stm32l4xx_hal_spi.o
 .text.SPI_EndRxTransaction
                0x0800340a       0x82 build/stm32l4xx_hal_spi.o
 .text.HAL_SPI_Init
                0x0800348c       0xde build/stm32l4xx_hal_spi.o
                0x0800348c                HAL_SPI_Init
 .text.HAL_SPI_Transmit
                0x0800356a      0x202 build/stm32l4xx_hal_spi.o
                0x0800356a                HAL_SPI_Transmit
 .text.HAL_SPI_TransmitReceive
                0x0800376c      0x2de build/stm32l4xx_hal_spi.o
                0x0800376c                HAL_SPI_TransmitReceive
 .text.HAL_SPI_Receive
                0x08003a4a      0x1aa build/stm32l4xx_hal_spi.o
                0x08003a4a                HAL_SPI_Receive
 .text.HAL_SPI_ErrorCallback
                0x08003bf4        0x2 build/stm32l4xx_hal_spi.o
                0x08003bf4                HAL_SPI_ErrorCallback
 *fill*         0x08003bf6        0x2 
 .text.HAL_SPI_IRQHandler
                0x08003bf8      0x124 build/stm32l4xx_hal_spi.o
                0x08003bf8                HAL_SPI_IRQHandler
 .text.SPI_DMAAbortOnError
                0x08003d1c       0x12 build/stm32l4xx_hal_spi.o
 .text.UART_EndRxTransfer
                0x08003d2e       0x50 build/stm32l4xx_hal_uart.o
 .text.HAL_UART_TxCpltCallback
                0x08003d7e        0x2 build/stm32l4xx_hal_uart.o
                0x08003d7e                HAL_UART_TxCpltCallback
 .text.UART_EndTransmit_IT
                0x08003d80       0x22 build/stm32l4xx_hal_uart.o
 .text.UART_DMAAbortOnError
                0x08003da2       0x14 build/stm32l4xx_hal_uart.o
 *fill*         0x08003db6        0x2 
 .text.HAL_UART_IRQHandler
                0x08003db8      0x2e4 build/stm32l4xx_hal_uart.o
                0x08003db8                HAL_UART_IRQHandler
 .text.UART_RxISR_8BIT
                0x0800409c       0xb0 build/stm32l4xx_hal_uart.o
 .text.UART_RxISR_16BIT
                0x0800414c       0xae build/stm32l4xx_hal_uart.o
 *fill*         0x080041fa        0x2 
 .text.UART_SetConfig
                0x080041fc      0x2a0 build/stm32l4xx_hal_uart.o
                0x080041fc                UART_SetConfig
 .text.UART_AdvFeatureConfig
                0x0800449c       0xca build/stm32l4xx_hal_uart.o
                0x0800449c                UART_AdvFeatureConfig
 .text.UART_WaitOnFlagUntilTimeout
                0x08004566       0xd4 build/stm32l4xx_hal_uart.o
                0x08004566                UART_WaitOnFlagUntilTimeout
 .text.HAL_UART_Transmit
                0x0800463a       0xd8 build/stm32l4xx_hal_uart.o
                0x0800463a                HAL_UART_Transmit
 .text.UART_CheckIdleState
                0x08004712       0x70 build/stm32l4xx_hal_uart.o
                0x08004712                UART_CheckIdleState
 .text.HAL_UART_Init
                0x08004782       0x62 build/stm32l4xx_hal_uart.o
                0x08004782                HAL_UART_Init
 .text.UART_Start_Receive_IT
                0x080047e4       0xd8 build/stm32l4xx_hal_uart.o
                0x080047e4                UART_Start_Receive_IT
 .text.HAL_UART_Receive_IT
                0x080048bc       0x5c build/stm32l4xx_hal_uart.o
                0x080048bc                HAL_UART_Receive_IT
 .text.HAL_UARTEx_WakeupCallback
                0x08004918        0x2 build/stm32l4xx_hal_uart_ex.o
                0x08004918                HAL_UARTEx_WakeupCallback
 .text.HAL_UARTEx_ReceiveToIdle_IT
                0x0800491a       0x58 build/stm32l4xx_hal_uart_ex.o
                0x0800491a                HAL_UARTEx_ReceiveToIdle_IT
 *fill*         0x08004972        0x2 
 .text.SystemInit
                0x08004974       0x14 build/system_stm32l4xx.o
                0x08004974                SystemInit
 .text.shellExtNumType
                0x08004988       0x58 build/shell_ext.o
 .text.shellExtToNum
                0x080049e0       0x2e build/shell_ext.o
 *fill*         0x08004a0e        0x2 
 .text.shellExtParseChar
                0x08004a10       0x94 build/shell_ext.o
 .text.shellExtParseString
                0x08004aa4       0x40 build/shell_ext.o
 .text.shellExtParseNumber
                0x08004ae4       0xb0 build/shell_ext.o
 .text.shellExtParseVar
                0x08004b94       0x1e build/shell_ext.o
 .text.shellExtParsePara
                0x08004bb2       0x78 build/shell_ext.o
                0x08004bb2                shellExtParsePara
 .text.shellExtRun
                0x08004c2a       0xf4 build/shell_ext.o
                0x08004c2a                shellExtRun
 *fill*         0x08004d1e        0x2 
 .text.User_Shell_Write
                0x08004d20       0x14 build/shell_port.o
                0x08004d20                User_Shell_Write
 .text.User_Shell_Init
                0x08004d34       0x20 build/shell_port.o
                0x08004d34                User_Shell_Init
 .text.shellAdd
                0x08004d54       0x24 build/shell.o
 .text.shellWriteByte
                0x08004d78       0x18 build/shell.o
 .text.shellWriteCommandDesc
                0x08004d90       0x4c build/shell.o
 .text.shellStringCopy
                0x08004ddc       0x16 build/shell.o
 .text.shellStringCompare
                0x08004df2       0x2e build/shell.o
 .text.shellGetCommandDesc
                0x08004e20       0x22 build/shell.o
 .text.shellParserParam
                0x08004e42       0x92 build/shell.o
 .text.shellRight
                0x08004ed4       0x1a build/shell.o
                0x08004ed4                shellRight
 .text.shellLeft
                0x08004eee       0x18 build/shell.o
                0x08004eee                shellLeft
 .text.shellHistoryAdd
                0x08004f06       0x70 build/shell.o
 .text.shellRemoveParamQuotes
                0x08004f76       0x54 build/shell.o
 *fill*         0x08004fca        0x2 
 .text.shellGetCurrent
                0x08004fcc       0x2c build/shell.o
                0x08004fcc                shellGetCurrent
 .text.shellWriteString
                0x08004ff8       0x26 build/shell.o
                0x08004ff8                shellWriteString
 *fill*         0x0800501e        0x2 
 .text.shellWritePrompt
                0x08005020       0x60 build/shell.o
 .text.shellCheckPassword
                0x08005080       0x40 build/shell.o
 .text.shellClear
                0x080050c0       0x14 build/shell.o
                0x080050c0                shellClear
 .text.shellPrint
                0x080050d4       0x38 build/shell.o
                0x080050d4                shellPrint
 .text.shellCheckPermission
                0x0800510c       0x44 build/shell.o
                0x0800510c                shellCheckPermission
 .text.shellToHex
                0x08005150       0x28 build/shell.o
                0x08005150                shellToHex
 .text.shellGetCommandName
                0x08005178       0x44 build/shell.o
 .text.shellToDec
                0x080051bc       0x60 build/shell.o
                0x080051bc                shellToDec
 .text.shellWriteReturnValue
                0x0800521c       0x80 build/shell.o
 .text.shellListItem
                0x0800529c       0xe0 build/shell.o
                0x0800529c                shellListItem
 .text.shellListCommand
                0x0800537c       0x48 build/shell.o
                0x0800537c                shellListCommand
 .text.shellCmds
                0x080053c4        0xe build/shell.o
                0x080053c4                shellCmds
 *fill*         0x080053d2        0x2 
 .text.shellListVar
                0x080053d4       0x4c build/shell.o
                0x080053d4                shellListVar
 .text.shellVars
                0x08005420        0xe build/shell.o
                0x08005420                shellVars
 *fill*         0x0800542e        0x2 
 .text.shellListUser
                0x08005430       0x48 build/shell.o
                0x08005430                shellListUser
 .text.shellUsers
                0x08005478        0xe build/shell.o
                0x08005478                shellUsers
 *fill*         0x08005486        0x2 
 .text.shellListKey
                0x08005488       0x48 build/shell.o
                0x08005488                shellListKey
 .text.shellKeys
                0x080054d0        0xe build/shell.o
                0x080054d0                shellKeys
 .text.shellListAll
                0x080054de        0x8 build/shell.o
                0x080054de                shellListAll
 *fill*         0x080054e6        0x2 
 .text.shellDeleteCommandLine
                0x080054e8       0x20 build/shell.o
                0x080054e8                shellDeleteCommandLine
 .text.shellClearCommandLine
                0x08005508       0x28 build/shell.o
                0x08005508                shellClearCommandLine
 .text.shellHistory
                0x08005530       0x98 build/shell.o
 .text.shellUp  0x080055c8        0xa build/shell.o
                0x080055c8                shellUp
 .text.shellDown
                0x080055d2        0xc build/shell.o
                0x080055d2                shellDown
 *fill*         0x080055de        0x2 
 .text.shellTab
                0x080055e0      0x114 build/shell.o
                0x080055e0                shellTab
 .text.shellInsertByte
                0x080056f4       0xbc build/shell.o
                0x080056f4                shellInsertByte
 .text.shellDeleteByte
                0x080057b0       0xc4 build/shell.o
                0x080057b0                shellDeleteByte
 .text.shellBackspace
                0x08005874        0xa build/shell.o
                0x08005874                shellBackspace
 .text.shellDelete
                0x0800587e        0xc build/shell.o
                0x0800587e                shellDelete
 .text.shellSeekCommand
                0x0800588a       0x72 build/shell.o
                0x0800588a                shellSeekCommand
 .text.shellWriteCommandHelp
                0x080058fc       0x60 build/shell.o
 .text.shellHelp
                0x0800595c       0x24 build/shell.o
                0x0800595c                shellHelp
 .text.shellGetVarValue
                0x08005980       0x44 build/shell.o
                0x08005980                shellGetVarValue
 .text.shellShowVar
                0x080059c4       0xc0 build/shell.o
 .text.shellSetVarValue
                0x08005a84       0x78 build/shell.o
                0x08005a84                shellSetVarValue
 .text.shellSetVar
                0x08005afc       0x64 build/shell.o
                0x08005afc                shellSetVar
 .text.shellSetUser
                0x08005b60       0x60 build/shell.o
                0x08005b60                shellSetUser
 .text.shellInit
                0x08005bc0       0x90 build/shell.o
                0x08005bc0                shellInit
 .text.shellRunCommand
                0x08005c50       0x94 build/shell.o
                0x08005c50                shellRunCommand
 .text.shellNormalInput
                0x08005ce4       0x14 build/shell.o
                0x08005ce4                shellNormalInput
 .text.shellExec
                0x08005cf8       0x68 build/shell.o
                0x08005cf8                shellExec
 .text.shellEnter
                0x08005d60       0x12 build/shell.o
                0x08005d60                shellEnter
 *fill*         0x08005d72        0x2 
 .text.shellHandler
                0x08005d74       0xd8 build/shell.o
                0x08005d74                shellHandler
 .text.MX_GPIO_Init
                0x08005e4c       0xc0 build/gpio.o
                0x08005e4c                MX_GPIO_Init
 .text.MX_ADC1_Init
                0x08005f0c       0x8c build/adc.o
                0x08005f0c                MX_ADC1_Init
 .text.HAL_ADC_MspInit
                0x08005f98       0xa4 build/adc.o
                0x08005f98                HAL_ADC_MspInit
 .text.ADC_Average_Get
                0x0800603c       0x8c build/adc.o
                0x0800603c                ADC_Average_Get
 .text.MX_SPI2_Init
                0x080060c8       0x4c build/spi.o
                0x080060c8                MX_SPI2_Init
 .text.MX_SPI3_Init
                0x08006114       0x4c build/spi.o
                0x08006114                MX_SPI3_Init
 .text.HAL_SPI_MspInit
                0x08006160       0xc4 build/spi.o
                0x08006160                HAL_SPI_MspInit
 .text.MX_USART1_UART_Init
                0x08006224       0x38 build/usart.o
                0x08006224                MX_USART1_UART_Init
 .text.MX_USART2_UART_Init
                0x0800625c       0x48 build/usart.o
                0x0800625c                MX_USART2_UART_Init
 .text.MX_USART3_UART_Init
                0x080062a4       0x48 build/usart.o
                0x080062a4                MX_USART3_UART_Init
 .text.HAL_UART_MspInit
                0x080062ec      0x180 build/usart.o
                0x080062ec                HAL_UART_MspInit
 .text.HAL_UART_RxCpltCallback
                0x0800646c       0x34 build/usart.o
                0x0800646c                HAL_UART_RxCpltCallback
 .text.HAL_UARTEx_RxEventCallback
                0x080064a0       0x3c build/usart.o
                0x080064a0                HAL_UARTEx_RxEventCallback
 .text.HAL_UART_ErrorCallback
                0x080064dc       0x28 build/usart.o
                0x080064dc                HAL_UART_ErrorCallback
 .text.BSP_W25Qx_Reset
                0x08006504       0x3c build/W25QXX.o
 .text.BSP_W25Qx_GetStatus
                0x08006540       0x58 build/W25QXX.o
 .text.BSP_W25Qx_Init
                0x08006598        0xc build/W25QXX.o
                0x08006598                BSP_W25Qx_Init
 .text.BSP_W25Qx_Read_ID
                0x080065a4       0x4c build/W25QXX.o
                0x080065a4                BSP_W25Qx_Read_ID
 .text.BSP_W25Qx_Read_JEDEC_ID
                0x080065f0       0x48 build/W25QXX.o
                0x080065f0                BSP_W25Qx_Read_JEDEC_ID
 .text.LED_Init
                0x08006638       0x5c build/led.o
                0x08006638                LED_Init
 .text.LED_On   0x08006694        0xe build/led.o
                0x08006694                LED_On
 .text.LED_Off  0x080066a2        0xe build/led.o
                0x080066a2                LED_Off
 .text.LED_Toggle
                0x080066b0        0xc build/led.o
                0x080066b0                LED_Toggle
 .text.LED_Blink
                0x080066bc       0x26 build/led.o
                0x080066bc                LED_Blink
 .text.RS485_SendData
                0x080066e2       0x2c build/rs485.o
                0x080066e2                RS485_SendData
 *fill*         0x0800670e        0x2 
 .text.atgm_io_init
                0x08006710       0x48 build/ATGM332D.o
                0x08006710                atgm_io_init
 .text.atgm_open
                0x08006758       0x40 build/ATGM332D.o
                0x08006758                atgm_open
 .text.atgm_read
                0x08006798       0x4c build/ATGM332D.o
                0x08006798                atgm_read
 .text.atgm_handler
                0x080067e4       0x60 build/ATGM332D.o
                0x080067e4                atgm_handler
 .text.timer_init
                0x08006844       0x18 build/timer.o
                0x08006844                timer_init
 .text.timer_update
                0x0800685c       0x74 build/timer.o
                0x0800685c                timer_update
 .text.timer_insert
                0x080068d0       0x40 build/timer.o
                0x080068d0                timer_insert
 .text.Reset_Handler
                0x08006910       0x50 build/startup_stm32l431xx.o
                0x08006910                Reset_Handler
 .text.Default_Handler
                0x08006960        0x2 build/startup_stm32l431xx.o
                0x08006960                RTC_Alarm_IRQHandler
                0x08006960                EXTI2_IRQHandler
                0x08006960                TIM1_CC_IRQHandler
                0x08006960                TSC_IRQHandler
                0x08006960                TAMP_STAMP_IRQHandler
                0x08006960                EXTI3_IRQHandler
                0x08006960                LPTIM2_IRQHandler
                0x08006960                I2C3_ER_IRQHandler
                0x08006960                EXTI0_IRQHandler
                0x08006960                I2C2_EV_IRQHandler
                0x08006960                CAN1_RX0_IRQHandler
                0x08006960                FPU_IRQHandler
                0x08006960                TIM1_UP_TIM16_IRQHandler
                0x08006960                SPI1_IRQHandler
                0x08006960                TIM6_DAC_IRQHandler
                0x08006960                DMA2_Channel2_IRQHandler
                0x08006960                DMA1_Channel4_IRQHandler
                0x08006960                ADC1_IRQHandler
                0x08006960                DMA1_Channel7_IRQHandler
                0x08006960                CAN1_RX1_IRQHandler
                0x08006960                DMA2_Channel1_IRQHandler
                0x08006960                QUADSPI_IRQHandler
                0x08006960                I2C1_EV_IRQHandler
                0x08006960                DMA1_Channel6_IRQHandler
                0x08006960                DMA2_Channel4_IRQHandler
                0x08006960                RCC_IRQHandler
                0x08006960                TIM1_TRG_COM_IRQHandler
                0x08006960                DMA1_Channel1_IRQHandler
                0x08006960                Default_Handler
                0x08006960                DMA2_Channel7_IRQHandler
                0x08006960                EXTI15_10_IRQHandler
                0x08006960                TIM7_IRQHandler
                0x08006960                SDMMC1_IRQHandler
                0x08006960                I2C3_EV_IRQHandler
                0x08006960                EXTI9_5_IRQHandler
                0x08006960                RTC_WKUP_IRQHandler
                0x08006960                PVD_PVM_IRQHandler
                0x08006960                CAN1_TX_IRQHandler
                0x08006960                DMA2_Channel5_IRQHandler
                0x08006960                CRS_IRQHandler
                0x08006960                DMA1_Channel5_IRQHandler
                0x08006960                EXTI4_IRQHandler
                0x08006960                RNG_IRQHandler
                0x08006960                DMA1_Channel3_IRQHandler
                0x08006960                COMP_IRQHandler
                0x08006960                WWDG_IRQHandler
                0x08006960                LPUART1_IRQHandler
                0x08006960                DMA2_Channel6_IRQHandler
                0x08006960                TIM2_IRQHandler
                0x08006960                EXTI1_IRQHandler
                0x08006960                I2C2_ER_IRQHandler
                0x08006960                DMA1_Channel2_IRQHandler
                0x08006960                CAN1_SCE_IRQHandler
                0x08006960                FLASH_IRQHandler
                0x08006960                I2C1_ER_IRQHandler
                0x08006960                SWPMI1_IRQHandler
                0x08006960                LPTIM1_IRQHandler
                0x08006960                SAI1_IRQHandler
                0x08006960                DMA2_Channel3_IRQHandler
                0x08006960                TIM1_BRK_TIM15_IRQHandler
 *fill*         0x08006962        0x2 
 .text.__libc_init_array
                0x08006964       0x48 e:/gcc-arm-none-eabi-10.3-2021.10-win32/gcc-arm-none-eabi-10.3-2021.10/bin/../lib/gcc/arm-none-eabi/10.3.1/../../../../arm-none-eabi/lib/thumb/v7e-m+fp/hard\libc_nano.a(lib_a-init.o)
                0x08006964                __libc_init_array
 .text.malloc   0x080069ac       0x10 e:/gcc-arm-none-eabi-10.3-2021.10-win32/gcc-arm-none-eabi-10.3-2021.10/bin/../lib/gcc/arm-none-eabi/10.3.1/../../../../arm-none-eabi/lib/thumb/v7e-m+fp/hard\libc_nano.a(lib_a-malloc.o)
                0x080069ac                malloc
 .text.free     0x080069bc       0x10 e:/gcc-arm-none-eabi-10.3-2021.10-win32/gcc-arm-none-eabi-10.3-2021.10/bin/../lib/gcc/arm-none-eabi/10.3.1/../../../../arm-none-eabi/lib/thumb/v7e-m+fp/hard\libc_nano.a(lib_a-malloc.o)
                0x080069bc                free
 .text.memcpy   0x080069cc       0x1c e:/gcc-arm-none-eabi-10.3-2021.10-win32/gcc-arm-none-eabi-10.3-2021.10/bin/../lib/gcc/arm-none-eabi/10.3.1/../../../../arm-none-eabi/lib/thumb/v7e-m+fp/hard\libc_nano.a(lib_a-memcpy-stub.o)
                0x080069cc                memcpy
 .text.memset   0x080069e8       0x10 e:/gcc-arm-none-eabi-10.3-2021.10-win32/gcc-arm-none-eabi-10.3-2021.10/bin/../lib/gcc/arm-none-eabi/10.3.1/../../../../arm-none-eabi/lib/thumb/v7e-m+fp/hard\libc_nano.a(lib_a-memset.o)
                0x080069e8                memset
 .text._free_r  0x080069f8       0x98 e:/gcc-arm-none-eabi-10.3-2021.10-win32/gcc-arm-none-eabi-10.3-2021.10/bin/../lib/gcc/arm-none-eabi/10.3.1/../../../../arm-none-eabi/lib/thumb/v7e-m+fp/hard\libc_nano.a(lib_a-nano-freer.o)
                0x080069f8                _free_r
 .text.sbrk_aligned
                0x08006a90       0x40 e:/gcc-arm-none-eabi-10.3-2021.10-win32/gcc-arm-none-eabi-10.3-2021.10/bin/../lib/gcc/arm-none-eabi/10.3.1/../../../../arm-none-eabi/lib/thumb/v7e-m+fp/hard\libc_nano.a(lib_a-nano-mallocr.o)
 .text._malloc_r
                0x08006ad0       0xe8 e:/gcc-arm-none-eabi-10.3-2021.10-win32/gcc-arm-none-eabi-10.3-2021.10/bin/../lib/gcc/arm-none-eabi/10.3.1/../../../../arm-none-eabi/lib/thumb/v7e-m+fp/hard\libc_nano.a(lib_a-nano-mallocr.o)
                0x08006ad0                _malloc_r
 .text.__cvt    0x08006bb8       0xc4 e:/gcc-arm-none-eabi-10.3-2021.10-win32/gcc-arm-none-eabi-10.3-2021.10/bin/../lib/gcc/arm-none-eabi/10.3.1/../../../../arm-none-eabi/lib/thumb/v7e-m+fp/hard\libc_nano.a(lib_a-nano-vfprintf_float.o)
                0x08006bb8                __cvt
 .text.__exponent
                0x08006c7c       0x7c e:/gcc-arm-none-eabi-10.3-2021.10-win32/gcc-arm-none-eabi-10.3-2021.10/bin/../lib/gcc/arm-none-eabi/10.3.1/../../../../arm-none-eabi/lib/thumb/v7e-m+fp/hard\libc_nano.a(lib_a-nano-vfprintf_float.o)
                0x08006c7c                __exponent
 .text._printf_float
                0x08006cf8      0x46c e:/gcc-arm-none-eabi-10.3-2021.10-win32/gcc-arm-none-eabi-10.3-2021.10/bin/../lib/gcc/arm-none-eabi/10.3.1/../../../../arm-none-eabi/lib/thumb/v7e-m+fp/hard\libc_nano.a(lib_a-nano-vfprintf_float.o)
                0x08006cf8                _printf_float
 .text._printf_common
                0x08007164       0xda e:/gcc-arm-none-eabi-10.3-2021.10-win32/gcc-arm-none-eabi-10.3-2021.10/bin/../lib/gcc/arm-none-eabi/10.3.1/../../../../arm-none-eabi/lib/thumb/v7e-m+fp/hard\libc_nano.a(lib_a-nano-vfprintf_i.o)
                0x08007164                _printf_common
 *fill*         0x0800723e        0x2 
 .text._printf_i
                0x08007240      0x24c e:/gcc-arm-none-eabi-10.3-2021.10-win32/gcc-arm-none-eabi-10.3-2021.10/bin/../lib/gcc/arm-none-eabi/10.3.1/../../../../arm-none-eabi/lib/thumb/v7e-m+fp/hard\libc_nano.a(lib_a-nano-vfprintf_i.o)
                0x08007240                _printf_i
 .text._sbrk_r  0x0800748c       0x20 e:/gcc-arm-none-eabi-10.3-2021.10-win32/gcc-arm-none-eabi-10.3-2021.10/bin/../lib/gcc/arm-none-eabi/10.3.1/../../../../arm-none-eabi/lib/thumb/v7e-m+fp/hard\libc_nano.a(lib_a-sbrkr.o)
                0x0800748c                _sbrk_r
 .text.strncmp  0x080074ac       0x28 e:/gcc-arm-none-eabi-10.3-2021.10-win32/gcc-arm-none-eabi-10.3-2021.10/bin/../lib/gcc/arm-none-eabi/10.3.1/../../../../arm-none-eabi/lib/thumb/v7e-m+fp/hard\libc_nano.a(lib_a-strncmp.o)
                0x080074ac                strncmp
 .text._vsnprintf_r
                0x080074d4       0x56 e:/gcc-arm-none-eabi-10.3-2021.10-win32/gcc-arm-none-eabi-10.3-2021.10/bin/../lib/gcc/arm-none-eabi/10.3.1/../../../../arm-none-eabi/lib/thumb/v7e-m+fp/hard\libc_nano.a(lib_a-vsnprintf.o)
                0x080074d4                _vsniprintf_r
                0x080074d4                _vsnprintf_r
 *fill*         0x0800752a        0x2 
 .text.vsnprintf
                0x0800752c       0x1c e:/gcc-arm-none-eabi-10.3-2021.10-win32/gcc-arm-none-eabi-10.3-2021.10/bin/../lib/gcc/arm-none-eabi/10.3.1/../../../../arm-none-eabi/lib/thumb/v7e-m+fp/hard\libc_nano.a(lib_a-vsnprintf.o)
                0x0800752c                vsniprintf
                0x0800752c                vsnprintf
 .text.quorem   0x08007548      0x116 e:/gcc-arm-none-eabi-10.3-2021.10-win32/gcc-arm-none-eabi-10.3-2021.10/bin/../lib/gcc/arm-none-eabi/10.3.1/../../../../arm-none-eabi/lib/thumb/v7e-m+fp/hard\libc_nano.a(lib_a-dtoa.o)
 *fill*         0x0800765e        0x2 
 .text._dtoa_r  0x08007660      0xbdc e:/gcc-arm-none-eabi-10.3-2021.10-win32/gcc-arm-none-eabi-10.3-2021.10/bin/../lib/gcc/arm-none-eabi/10.3.1/../../../../arm-none-eabi/lib/thumb/v7e-m+fp/hard\libc_nano.a(lib_a-dtoa.o)
                0x08007660                _dtoa_r
 .text._localeconv_r
                0x0800823c        0x8 e:/gcc-arm-none-eabi-10.3-2021.10-win32/gcc-arm-none-eabi-10.3-2021.10/bin/../lib/gcc/arm-none-eabi/10.3.1/../../../../arm-none-eabi/lib/thumb/v7e-m+fp/hard\libc_nano.a(lib_a-localeconv.o)
                0x0800823c                _localeconv_r
 .text.__malloc_lock
                0x08008244        0xc e:/gcc-arm-none-eabi-10.3-2021.10-win32/gcc-arm-none-eabi-10.3-2021.10/bin/../lib/gcc/arm-none-eabi/10.3.1/../../../../arm-none-eabi/lib/thumb/v7e-m+fp/hard\libc_nano.a(lib_a-mlock.o)
                0x08008244                __malloc_lock
 .text.__malloc_unlock
                0x08008250        0xc e:/gcc-arm-none-eabi-10.3-2021.10-win32/gcc-arm-none-eabi-10.3-2021.10/bin/../lib/gcc/arm-none-eabi/10.3.1/../../../../arm-none-eabi/lib/thumb/v7e-m+fp/hard\libc_nano.a(lib_a-mlock.o)
                0x08008250                __malloc_unlock
 .text._Balloc  0x0800825c       0x80 e:/gcc-arm-none-eabi-10.3-2021.10-win32/gcc-arm-none-eabi-10.3-2021.10/bin/../lib/gcc/arm-none-eabi/10.3.1/../../../../arm-none-eabi/lib/thumb/v7e-m+fp/hard\libc_nano.a(lib_a-mprec.o)
                0x0800825c                _Balloc
 .text._Bfree   0x080082dc       0x44 e:/gcc-arm-none-eabi-10.3-2021.10-win32/gcc-arm-none-eabi-10.3-2021.10/bin/../lib/gcc/arm-none-eabi/10.3.1/../../../../arm-none-eabi/lib/thumb/v7e-m+fp/hard\libc_nano.a(lib_a-mprec.o)
                0x080082dc                _Bfree
 .text.__multadd
                0x08008320       0x8c e:/gcc-arm-none-eabi-10.3-2021.10-win32/gcc-arm-none-eabi-10.3-2021.10/bin/../lib/gcc/arm-none-eabi/10.3.1/../../../../arm-none-eabi/lib/thumb/v7e-m+fp/hard\libc_nano.a(lib_a-mprec.o)
                0x08008320                __multadd
 .text.__hi0bits
                0x080083ac       0x40 e:/gcc-arm-none-eabi-10.3-2021.10-win32/gcc-arm-none-eabi-10.3-2021.10/bin/../lib/gcc/arm-none-eabi/10.3.1/../../../../arm-none-eabi/lib/thumb/v7e-m+fp/hard\libc_nano.a(lib_a-mprec.o)
                0x080083ac                __hi0bits
 .text.__lo0bits
                0x080083ec       0x5e e:/gcc-arm-none-eabi-10.3-2021.10-win32/gcc-arm-none-eabi-10.3-2021.10/bin/../lib/gcc/arm-none-eabi/10.3.1/../../../../arm-none-eabi/lib/thumb/v7e-m+fp/hard\libc_nano.a(lib_a-mprec.o)
                0x080083ec                __lo0bits
 *fill*         0x0800844a        0x2 
 .text.__i2b    0x0800844c       0x2c e:/gcc-arm-none-eabi-10.3-2021.10-win32/gcc-arm-none-eabi-10.3-2021.10/bin/../lib/gcc/arm-none-eabi/10.3.1/../../../../arm-none-eabi/lib/thumb/v7e-m+fp/hard\libc_nano.a(lib_a-mprec.o)
                0x0800844c                __i2b
 .text.__multiply
                0x08008478      0x154 e:/gcc-arm-none-eabi-10.3-2021.10-win32/gcc-arm-none-eabi-10.3-2021.10/bin/../lib/gcc/arm-none-eabi/10.3.1/../../../../arm-none-eabi/lib/thumb/v7e-m+fp/hard\libc_nano.a(lib_a-mprec.o)
                0x08008478                __multiply
 .text.__pow5mult
                0x080085cc       0xb4 e:/gcc-arm-none-eabi-10.3-2021.10-win32/gcc-arm-none-eabi-10.3-2021.10/bin/../lib/gcc/arm-none-eabi/10.3.1/../../../../arm-none-eabi/lib/thumb/v7e-m+fp/hard\libc_nano.a(lib_a-mprec.o)
                0x080085cc                __pow5mult
 .text.__lshift
                0x08008680       0xe0 e:/gcc-arm-none-eabi-10.3-2021.10-win32/gcc-arm-none-eabi-10.3-2021.10/bin/../lib/gcc/arm-none-eabi/10.3.1/../../../../arm-none-eabi/lib/thumb/v7e-m+fp/hard\libc_nano.a(lib_a-mprec.o)
                0x08008680                __lshift
 .text.__mcmp   0x08008760       0x38 e:/gcc-arm-none-eabi-10.3-2021.10-win32/gcc-arm-none-eabi-10.3-2021.10/bin/../lib/gcc/arm-none-eabi/10.3.1/../../../../arm-none-eabi/lib/thumb/v7e-m+fp/hard\libc_nano.a(lib_a-mprec.o)
                0x08008760                __mcmp
 .text.__mdiff  0x08008798      0x114 e:/gcc-arm-none-eabi-10.3-2021.10-win32/gcc-arm-none-eabi-10.3-2021.10/bin/../lib/gcc/arm-none-eabi/10.3.1/../../../../arm-none-eabi/lib/thumb/v7e-m+fp/hard\libc_nano.a(lib_a-mprec.o)
                0x08008798                __mdiff
 .text.__d2b    0x080088ac       0xb8 e:/gcc-arm-none-eabi-10.3-2021.10-win32/gcc-arm-none-eabi-10.3-2021.10/bin/../lib/gcc/arm-none-eabi/10.3.1/../../../../arm-none-eabi/lib/thumb/v7e-m+fp/hard\libc_nano.a(lib_a-mprec.o)
                0x080088ac                __d2b
 .text._calloc_r
                0x08008964       0x2c e:/gcc-arm-none-eabi-10.3-2021.10-win32/gcc-arm-none-eabi-10.3-2021.10/bin/../lib/gcc/arm-none-eabi/10.3.1/../../../../arm-none-eabi/lib/thumb/v7e-m+fp/hard\libc_nano.a(lib_a-nano-callocr.o)
                0x08008964                _calloc_r
 .text.__ssputs_r
                0x08008990       0xb6 e:/gcc-arm-none-eabi-10.3-2021.10-win32/gcc-arm-none-eabi-10.3-2021.10/bin/../lib/gcc/arm-none-eabi/10.3.1/../../../../arm-none-eabi/lib/thumb/v7e-m+fp/hard\libc_nano.a(lib_a-nano-svfprintf.o)
                0x08008990                __ssputs_r
 *fill*         0x08008a46        0x2 
 .text._svfprintf_r
                0x08008a48      0x200 e:/gcc-arm-none-eabi-10.3-2021.10-win32/gcc-arm-none-eabi-10.3-2021.10/bin/../lib/gcc/arm-none-eabi/10.3.1/../../../../arm-none-eabi/lib/thumb/v7e-m+fp/hard\libc_nano.a(lib_a-nano-svfprintf.o)
                0x08008a48                _svfiprintf_r
                0x08008a48                _svfprintf_r
 .text.__assert_func
                0x08008c48       0x3c e:/gcc-arm-none-eabi-10.3-2021.10-win32/gcc-arm-none-eabi-10.3-2021.10/bin/../lib/gcc/arm-none-eabi/10.3.1/../../../../arm-none-eabi/lib/thumb/v7e-m+fp/hard\libc_nano.a(lib_a-assert.o)
                0x08008c48                __assert_func
 .text.fprintf  0x08008c84       0x24 e:/gcc-arm-none-eabi-10.3-2021.10-win32/gcc-arm-none-eabi-10.3-2021.10/bin/../lib/gcc/arm-none-eabi/10.3.1/../../../../arm-none-eabi/lib/thumb/v7e-m+fp/hard\libc_nano.a(lib_a-fprintf.o)
                0x08008c84                fiprintf
                0x08008c84                fprintf
 .text.__retarget_lock_init_recursive
                0x08008ca8        0x2 e:/gcc-arm-none-eabi-10.3-2021.10-win32/gcc-arm-none-eabi-10.3-2021.10/bin/../lib/gcc/arm-none-eabi/10.3.1/../../../../arm-none-eabi/lib/thumb/v7e-m+fp/hard\libc_nano.a(lib_a-lock.o)
                0x08008ca8                __retarget_lock_init_recursive
 .text.__retarget_lock_acquire_recursive
                0x08008caa        0x2 e:/gcc-arm-none-eabi-10.3-2021.10-win32/gcc-arm-none-eabi-10.3-2021.10/bin/../lib/gcc/arm-none-eabi/10.3.1/../../../../arm-none-eabi/lib/thumb/v7e-m+fp/hard\libc_nano.a(lib_a-lock.o)
                0x08008caa                __retarget_lock_acquire_recursive
 .text.__retarget_lock_release_recursive
                0x08008cac        0x2 e:/gcc-arm-none-eabi-10.3-2021.10-win32/gcc-arm-none-eabi-10.3-2021.10/bin/../lib/gcc/arm-none-eabi/10.3.1/../../../../arm-none-eabi/lib/thumb/v7e-m+fp/hard\libc_nano.a(lib_a-lock.o)
                0x08008cac                __retarget_lock_release_recursive
 .text.__ascii_mbtowc
                0x08008cae       0x24 e:/gcc-arm-none-eabi-10.3-2021.10-win32/gcc-arm-none-eabi-10.3-2021.10/bin/../lib/gcc/arm-none-eabi/10.3.1/../../../../arm-none-eabi/lib/thumb/v7e-m+fp/hard\libc_nano.a(lib_a-mbtowc_r.o)
                0x08008cae                __ascii_mbtowc
 .text.memmove  0x08008cd2       0x34 e:/gcc-arm-none-eabi-10.3-2021.10-win32/gcc-arm-none-eabi-10.3-2021.10/bin/../lib/gcc/arm-none-eabi/10.3.1/../../../../arm-none-eabi/lib/thumb/v7e-m+fp/hard\libc_nano.a(lib_a-memmove.o)
                0x08008cd2                memmove
 .text._realloc_r
                0x08008d06       0x5e e:/gcc-arm-none-eabi-10.3-2021.10-win32/gcc-arm-none-eabi-10.3-2021.10/bin/../lib/gcc/arm-none-eabi/10.3.1/../../../../arm-none-eabi/lib/thumb/v7e-m+fp/hard\libc_nano.a(lib_a-nano-reallocr.o)
                0x08008d06                _realloc_r
 .text.__sfputc_r
                0x08008d64       0x2e e:/gcc-arm-none-eabi-10.3-2021.10-win32/gcc-arm-none-eabi-10.3-2021.10/bin/../lib/gcc/arm-none-eabi/10.3.1/../../../../arm-none-eabi/lib/thumb/v7e-m+fp/hard\libc_nano.a(lib_a-nano-vfprintf.o)
 .text.__sfputs_r
                0x08008d92       0x24 e:/gcc-arm-none-eabi-10.3-2021.10-win32/gcc-arm-none-eabi-10.3-2021.10/bin/../lib/gcc/arm-none-eabi/10.3.1/../../../../arm-none-eabi/lib/thumb/v7e-m+fp/hard\libc_nano.a(lib_a-nano-vfprintf.o)
                0x08008d92                __sfputs_r
 *fill*         0x08008db6        0x2 
 .text._vfprintf_r
                0x08008db8      0x260 e:/gcc-arm-none-eabi-10.3-2021.10-win32/gcc-arm-none-eabi-10.3-2021.10/bin/../lib/gcc/arm-none-eabi/10.3.1/../../../../arm-none-eabi/lib/thumb/v7e-m+fp/hard\libc_nano.a(lib_a-nano-vfprintf.o)
                0x08008db8                _vfprintf_r
                0x08008db8                _vfiprintf_r
 .text.__swbuf_r
                0x08009018       0xa4 e:/gcc-arm-none-eabi-10.3-2021.10-win32/gcc-arm-none-eabi-10.3-2021.10/bin/../lib/gcc/arm-none-eabi/10.3.1/../../../../arm-none-eabi/lib/thumb/v7e-m+fp/hard\libc_nano.a(lib_a-wbuf.o)
                0x08009018                __swbuf_r
 .text.__ascii_wctomb
                0x080090bc       0x1a e:/gcc-arm-none-eabi-10.3-2021.10-win32/gcc-arm-none-eabi-10.3-2021.10/bin/../lib/gcc/arm-none-eabi/10.3.1/../../../../arm-none-eabi/lib/thumb/v7e-m+fp/hard\libc_nano.a(lib_a-wctomb_r.o)
                0x080090bc                __ascii_wctomb
 *fill*         0x080090d6        0x2 
 .text.__swsetup_r
                0x080090d8       0xdc e:/gcc-arm-none-eabi-10.3-2021.10-win32/gcc-arm-none-eabi-10.3-2021.10/bin/../lib/gcc/arm-none-eabi/10.3.1/../../../../arm-none-eabi/lib/thumb/v7e-m+fp/hard\libc_nano.a(lib_a-wsetup.o)
                0x080090d8                __swsetup_r
 .text.abort    0x080091b4        0xe e:/gcc-arm-none-eabi-10.3-2021.10-win32/gcc-arm-none-eabi-10.3-2021.10/bin/../lib/gcc/arm-none-eabi/10.3.1/../../../../arm-none-eabi/lib/thumb/v7e-m+fp/hard\libc_nano.a(lib_a-abort.o)
                0x080091b4                abort
 *fill*         0x080091c2        0x2 
 .text.__sflush_r
                0x080091c4      0x10c e:/gcc-arm-none-eabi-10.3-2021.10-win32/gcc-arm-none-eabi-10.3-2021.10/bin/../lib/gcc/arm-none-eabi/10.3.1/../../../../arm-none-eabi/lib/thumb/v7e-m+fp/hard\libc_nano.a(lib_a-fflush.o)
                0x080091c4                __sflush_r
 .text._fflush_r
                0x080092d0       0x78 e:/gcc-arm-none-eabi-10.3-2021.10-win32/gcc-arm-none-eabi-10.3-2021.10/bin/../lib/gcc/arm-none-eabi/10.3.1/../../../../arm-none-eabi/lib/thumb/v7e-m+fp/hard\libc_nano.a(lib_a-fflush.o)
                0x080092d0                _fflush_r
 .text.std      0x08009348       0x48 e:/gcc-arm-none-eabi-10.3-2021.10-win32/gcc-arm-none-eabi-10.3-2021.10/bin/../lib/gcc/arm-none-eabi/10.3.1/../../../../arm-none-eabi/lib/thumb/v7e-m+fp/hard\libc_nano.a(lib_a-findfp.o)
 .text._cleanup_r
                0x08009390        0xc e:/gcc-arm-none-eabi-10.3-2021.10-win32/gcc-arm-none-eabi-10.3-2021.10/bin/../lib/gcc/arm-none-eabi/10.3.1/../../../../arm-none-eabi/lib/thumb/v7e-m+fp/hard\libc_nano.a(lib_a-findfp.o)
                0x08009390                _cleanup_r
 .text.__sfmoreglue
                0x0800939c       0x2c e:/gcc-arm-none-eabi-10.3-2021.10-win32/gcc-arm-none-eabi-10.3-2021.10/bin/../lib/gcc/arm-none-eabi/10.3.1/../../../../arm-none-eabi/lib/thumb/v7e-m+fp/hard\libc_nano.a(lib_a-findfp.o)
                0x0800939c                __sfmoreglue
 .text.__sfp_lock_acquire
                0x080093c8        0xc e:/gcc-arm-none-eabi-10.3-2021.10-win32/gcc-arm-none-eabi-10.3-2021.10/bin/../lib/gcc/arm-none-eabi/10.3.1/../../../../arm-none-eabi/lib/thumb/v7e-m+fp/hard\libc_nano.a(lib_a-findfp.o)
                0x080093c8                __sfp_lock_acquire
 .text.__sfp_lock_release
                0x080093d4        0xc e:/gcc-arm-none-eabi-10.3-2021.10-win32/gcc-arm-none-eabi-10.3-2021.10/bin/../lib/gcc/arm-none-eabi/10.3.1/../../../../arm-none-eabi/lib/thumb/v7e-m+fp/hard\libc_nano.a(lib_a-findfp.o)
                0x080093d4                __sfp_lock_release
 .text.__sinit_lock_acquire
                0x080093e0        0xc e:/gcc-arm-none-eabi-10.3-2021.10-win32/gcc-arm-none-eabi-10.3-2021.10/bin/../lib/gcc/arm-none-eabi/10.3.1/../../../../arm-none-eabi/lib/thumb/v7e-m+fp/hard\libc_nano.a(lib_a-findfp.o)
                0x080093e0                __sinit_lock_acquire
 .text.__sinit_lock_release
                0x080093ec        0xc e:/gcc-arm-none-eabi-10.3-2021.10-win32/gcc-arm-none-eabi-10.3-2021.10/bin/../lib/gcc/arm-none-eabi/10.3.1/../../../../arm-none-eabi/lib/thumb/v7e-m+fp/hard\libc_nano.a(lib_a-findfp.o)
                0x080093ec                __sinit_lock_release
 .text.__sinit  0x080093f8       0x70 e:/gcc-arm-none-eabi-10.3-2021.10-win32/gcc-arm-none-eabi-10.3-2021.10/bin/../lib/gcc/arm-none-eabi/10.3.1/../../../../arm-none-eabi/lib/thumb/v7e-m+fp/hard\libc_nano.a(lib_a-findfp.o)
                0x080093f8                __sinit
 .text.__sfp    0x08009468       0x8c e:/gcc-arm-none-eabi-10.3-2021.10-win32/gcc-arm-none-eabi-10.3-2021.10/bin/../lib/gcc/arm-none-eabi/10.3.1/../../../../arm-none-eabi/lib/thumb/v7e-m+fp/hard\libc_nano.a(lib_a-findfp.o)
                0x08009468                __sfp
 .text._fwalk_reent
                0x080094f4       0x3e e:/gcc-arm-none-eabi-10.3-2021.10-win32/gcc-arm-none-eabi-10.3-2021.10/bin/../lib/gcc/arm-none-eabi/10.3.1/../../../../arm-none-eabi/lib/thumb/v7e-m+fp/hard\libc_nano.a(lib_a-fwalk.o)
                0x080094f4                _fwalk_reent
 .text.__swhatbuf_r
                0x08009532       0x4a e:/gcc-arm-none-eabi-10.3-2021.10-win32/gcc-arm-none-eabi-10.3-2021.10/bin/../lib/gcc/arm-none-eabi/10.3.1/../../../../arm-none-eabi/lib/thumb/v7e-m+fp/hard\libc_nano.a(lib_a-makebuf.o)
                0x08009532                __swhatbuf_r
 .text.__smakebuf_r
                0x0800957c       0x80 e:/gcc-arm-none-eabi-10.3-2021.10-win32/gcc-arm-none-eabi-10.3-2021.10/bin/../lib/gcc/arm-none-eabi/10.3.1/../../../../arm-none-eabi/lib/thumb/v7e-m+fp/hard\libc_nano.a(lib_a-makebuf.o)
                0x0800957c                __smakebuf_r
 .text._malloc_usable_size_r
                0x080095fc       0x10 e:/gcc-arm-none-eabi-10.3-2021.10-win32/gcc-arm-none-eabi-10.3-2021.10/bin/../lib/gcc/arm-none-eabi/10.3.1/../../../../arm-none-eabi/lib/thumb/v7e-m+fp/hard\libc_nano.a(lib_a-nano-msizer.o)
                0x080095fc                _malloc_usable_size_r
 .text._raise_r
                0x0800960c       0x50 e:/gcc-arm-none-eabi-10.3-2021.10-win32/gcc-arm-none-eabi-10.3-2021.10/bin/../lib/gcc/arm-none-eabi/10.3.1/../../../../arm-none-eabi/lib/thumb/v7e-m+fp/hard\libc_nano.a(lib_a-signal.o)
                0x0800960c                _raise_r
 .text.raise    0x0800965c       0x10 e:/gcc-arm-none-eabi-10.3-2021.10-win32/gcc-arm-none-eabi-10.3-2021.10/bin/../lib/gcc/arm-none-eabi/10.3.1/../../../../arm-none-eabi/lib/thumb/v7e-m+fp/hard\libc_nano.a(lib_a-signal.o)
                0x0800965c                raise
 .text._kill_r  0x0800966c       0x24 e:/gcc-arm-none-eabi-10.3-2021.10-win32/gcc-arm-none-eabi-10.3-2021.10/bin/../lib/gcc/arm-none-eabi/10.3.1/../../../../arm-none-eabi/lib/thumb/v7e-m+fp/hard\libc_nano.a(lib_a-signalr.o)
                0x0800966c                _kill_r
 .text._getpid_r
                0x08009690        0x4 e:/gcc-arm-none-eabi-10.3-2021.10-win32/gcc-arm-none-eabi-10.3-2021.10/bin/../lib/gcc/arm-none-eabi/10.3.1/../../../../arm-none-eabi/lib/thumb/v7e-m+fp/hard\libc_nano.a(lib_a-signalr.o)
                0x08009690                _getpid_r
 .text.__sread  0x08009694       0x22 e:/gcc-arm-none-eabi-10.3-2021.10-win32/gcc-arm-none-eabi-10.3-2021.10/bin/../lib/gcc/arm-none-eabi/10.3.1/../../../../arm-none-eabi/lib/thumb/v7e-m+fp/hard\libc_nano.a(lib_a-stdio.o)
                0x08009694                __sread
 .text.__swrite
                0x080096b6       0x38 e:/gcc-arm-none-eabi-10.3-2021.10-win32/gcc-arm-none-eabi-10.3-2021.10/bin/../lib/gcc/arm-none-eabi/10.3.1/../../../../arm-none-eabi/lib/thumb/v7e-m+fp/hard\libc_nano.a(lib_a-stdio.o)
                0x080096b6                __swrite
 .text.__sseek  0x080096ee       0x24 e:/gcc-arm-none-eabi-10.3-2021.10-win32/gcc-arm-none-eabi-10.3-2021.10/bin/../lib/gcc/arm-none-eabi/10.3.1/../../../../arm-none-eabi/lib/thumb/v7e-m+fp/hard\libc_nano.a(lib_a-stdio.o)
                0x080096ee                __sseek
 .text.__sclose
                0x08009712        0x8 e:/gcc-arm-none-eabi-10.3-2021.10-win32/gcc-arm-none-eabi-10.3-2021.10/bin/../lib/gcc/arm-none-eabi/10.3.1/../../../../arm-none-eabi/lib/thumb/v7e-m+fp/hard\libc_nano.a(lib_a-stdio.o)
                0x08009712                __sclose
 *fill*         0x0800971a        0x2 
 .text._write_r
                0x0800971c       0x24 e:/gcc-arm-none-eabi-10.3-2021.10-win32/gcc-arm-none-eabi-10.3-2021.10/bin/../lib/gcc/arm-none-eabi/10.3.1/../../../../arm-none-eabi/lib/thumb/v7e-m+fp/hard\libc_nano.a(lib_a-writer.o)
                0x0800971c                _write_r
 .text._close_r
                0x08009740       0x20 e:/gcc-arm-none-eabi-10.3-2021.10-win32/gcc-arm-none-eabi-10.3-2021.10/bin/../lib/gcc/arm-none-eabi/10.3.1/../../../../arm-none-eabi/lib/thumb/v7e-m+fp/hard\libc_nano.a(lib_a-closer.o)
                0x08009740                _close_r
 .text._fstat_r
                0x08009760       0x24 e:/gcc-arm-none-eabi-10.3-2021.10-win32/gcc-arm-none-eabi-10.3-2021.10/bin/../lib/gcc/arm-none-eabi/10.3.1/../../../../arm-none-eabi/lib/thumb/v7e-m+fp/hard\libc_nano.a(lib_a-fstatr.o)
                0x08009760                _fstat_r
 .text._isatty_r
                0x08009784       0x20 e:/gcc-arm-none-eabi-10.3-2021.10-win32/gcc-arm-none-eabi-10.3-2021.10/bin/../lib/gcc/arm-none-eabi/10.3.1/../../../../arm-none-eabi/lib/thumb/v7e-m+fp/hard\libc_nano.a(lib_a-isattyr.o)
                0x08009784                _isatty_r
 .text._lseek_r
                0x080097a4       0x24 e:/gcc-arm-none-eabi-10.3-2021.10-win32/gcc-arm-none-eabi-10.3-2021.10/bin/../lib/gcc/arm-none-eabi/10.3.1/../../../../arm-none-eabi/lib/thumb/v7e-m+fp/hard\libc_nano.a(lib_a-lseekr.o)
                0x080097a4                _lseek_r
 .text._read_r  0x080097c8       0x24 e:/gcc-arm-none-eabi-10.3-2021.10-win32/gcc-arm-none-eabi-10.3-2021.10/bin/../lib/gcc/arm-none-eabi/10.3.1/../../../../arm-none-eabi/lib/thumb/v7e-m+fp/hard\libc_nano.a(lib_a-readr.o)
                0x080097c8                _read_r
 *fill*         0x080097ec        0x4 
 .text.pow      0x080097f0       0xf0 e:/gcc-arm-none-eabi-10.3-2021.10-win32/gcc-arm-none-eabi-10.3-2021.10/bin/../lib/gcc/arm-none-eabi/10.3.1/../../../../arm-none-eabi/lib/thumb/v7e-m+fp/hard\libm.a(lib_a-w_pow.o)
                0x080097f0                pow
 .text.__ieee754_pow
                0x080098e0      0xb74 e:/gcc-arm-none-eabi-10.3-2021.10-win32/gcc-arm-none-eabi-10.3-2021.10/bin/../lib/gcc/arm-none-eabi/10.3.1/../../../../arm-none-eabi/lib/thumb/v7e-m+fp/hard\libm.a(lib_a-e_pow.o)
                0x080098e0                __ieee754_pow
 .text.__ieee754_sqrt
                0x0800a454      0x198 e:/gcc-arm-none-eabi-10.3-2021.10-win32/gcc-arm-none-eabi-10.3-2021.10/bin/../lib/gcc/arm-none-eabi/10.3.1/../../../../arm-none-eabi/lib/thumb/v7e-m+fp/hard\libm.a(lib_a-e_sqrt.o)
                0x0800a454                __ieee754_sqrt
 .text.with_errno
                0x0800a5ec       0x18 e:/gcc-arm-none-eabi-10.3-2021.10-win32/gcc-arm-none-eabi-10.3-2021.10/bin/../lib/gcc/arm-none-eabi/10.3.1/../../../../arm-none-eabi/lib/thumb/v7e-m+fp/hard\libm.a(lib_a-math_err.o)
 .text.xflow    0x0800a604       0x2c e:/gcc-arm-none-eabi-10.3-2021.10-win32/gcc-arm-none-eabi-10.3-2021.10/bin/../lib/gcc/arm-none-eabi/10.3.1/../../../../arm-none-eabi/lib/thumb/v7e-m+fp/hard\libm.a(lib_a-math_err.o)
 .text.__math_uflow
                0x0800a630       0x14 e:/gcc-arm-none-eabi-10.3-2021.10-win32/gcc-arm-none-eabi-10.3-2021.10/bin/../lib/gcc/arm-none-eabi/10.3.1/../../../../arm-none-eabi/lib/thumb/v7e-m+fp/hard\libm.a(lib_a-math_err.o)
                0x0800a630                __math_uflow
 .text.__math_oflow
                0x0800a644       0x14 e:/gcc-arm-none-eabi-10.3-2021.10-win32/gcc-arm-none-eabi-10.3-2021.10/bin/../lib/gcc/arm-none-eabi/10.3.1/../../../../arm-none-eabi/lib/thumb/v7e-m+fp/hard\libm.a(lib_a-math_err.o)
                0x0800a644                __math_oflow
 .text.fabs     0x0800a658       0x14 e:/gcc-arm-none-eabi-10.3-2021.10-win32/gcc-arm-none-eabi-10.3-2021.10/bin/../lib/gcc/arm-none-eabi/10.3.1/../../../../arm-none-eabi/lib/thumb/v7e-m+fp/hard\libm.a(lib_a-s_fabs.o)
                0x0800a658                fabs
 .text.finite   0x0800a66c       0x18 e:/gcc-arm-none-eabi-10.3-2021.10-win32/gcc-arm-none-eabi-10.3-2021.10/bin/../lib/gcc/arm-none-eabi/10.3.1/../../../../arm-none-eabi/lib/thumb/v7e-m+fp/hard\libm.a(lib_a-s_finite.o)
                0x0800a66c                finite
 *fill*         0x0800a684        0x4 
 .text.scalbn   0x0800a688      0x124 e:/gcc-arm-none-eabi-10.3-2021.10-win32/gcc-arm-none-eabi-10.3-2021.10/bin/../lib/gcc/arm-none-eabi/10.3.1/../../../../arm-none-eabi/lib/thumb/v7e-m+fp/hard\libm.a(lib_a-s_scalbn.o)
                0x0800a688                scalbn
 .text._close   0x0800a7ac       0x10 e:/gcc-arm-none-eabi-10.3-2021.10-win32/gcc-arm-none-eabi-10.3-2021.10/bin/../lib/gcc/arm-none-eabi/10.3.1/../../../../arm-none-eabi/lib/thumb/v7e-m+fp/hard\libnosys.a(close.o)
                0x0800a7ac                _close
 .text._fstat   0x0800a7bc       0x10 e:/gcc-arm-none-eabi-10.3-2021.10-win32/gcc-arm-none-eabi-10.3-2021.10/bin/../lib/gcc/arm-none-eabi/10.3.1/../../../../arm-none-eabi/lib/thumb/v7e-m+fp/hard\libnosys.a(fstat.o)
                0x0800a7bc                _fstat
 .text._getpid  0x0800a7cc       0x10 e:/gcc-arm-none-eabi-10.3-2021.10-win32/gcc-arm-none-eabi-10.3-2021.10/bin/../lib/gcc/arm-none-eabi/10.3.1/../../../../arm-none-eabi/lib/thumb/v7e-m+fp/hard\libnosys.a(getpid.o)
                0x0800a7cc                _getpid
 .text._isatty  0x0800a7dc       0x10 e:/gcc-arm-none-eabi-10.3-2021.10-win32/gcc-arm-none-eabi-10.3-2021.10/bin/../lib/gcc/arm-none-eabi/10.3.1/../../../../arm-none-eabi/lib/thumb/v7e-m+fp/hard\libnosys.a(isatty.o)
                0x0800a7dc                _isatty
 .text._kill    0x0800a7ec       0x10 e:/gcc-arm-none-eabi-10.3-2021.10-win32/gcc-arm-none-eabi-10.3-2021.10/bin/../lib/gcc/arm-none-eabi/10.3.1/../../../../arm-none-eabi/lib/thumb/v7e-m+fp/hard\libnosys.a(kill.o)
                0x0800a7ec                _kill
 .text._lseek   0x0800a7fc       0x10 e:/gcc-arm-none-eabi-10.3-2021.10-win32/gcc-arm-none-eabi-10.3-2021.10/bin/../lib/gcc/arm-none-eabi/10.3.1/../../../../arm-none-eabi/lib/thumb/v7e-m+fp/hard\libnosys.a(lseek.o)
                0x0800a7fc                _lseek
 .text._read    0x0800a80c       0x10 e:/gcc-arm-none-eabi-10.3-2021.10-win32/gcc-arm-none-eabi-10.3-2021.10/bin/../lib/gcc/arm-none-eabi/10.3.1/../../../../arm-none-eabi/lib/thumb/v7e-m+fp/hard\libnosys.a(read.o)
                0x0800a80c                _read
 .text._sbrk    0x0800a81c       0x1c e:/gcc-arm-none-eabi-10.3-2021.10-win32/gcc-arm-none-eabi-10.3-2021.10/bin/../lib/gcc/arm-none-eabi/10.3.1/../../../../arm-none-eabi/lib/thumb/v7e-m+fp/hard\libnosys.a(sbrk.o)
                0x0800a81c                _sbrk
 .text._write   0x0800a838       0x10 e:/gcc-arm-none-eabi-10.3-2021.10-win32/gcc-arm-none-eabi-10.3-2021.10/bin/../lib/gcc/arm-none-eabi/10.3.1/../../../../arm-none-eabi/lib/thumb/v7e-m+fp/hard\libnosys.a(write.o)
                0x0800a838                _write
 .text._exit    0x0800a848        0x4 e:/gcc-arm-none-eabi-10.3-2021.10-win32/gcc-arm-none-eabi-10.3-2021.10/bin/../lib/gcc/arm-none-eabi/10.3.1/../../../../arm-none-eabi/lib/thumb/v7e-m+fp/hard\libnosys.a(_exit.o)
                0x0800a848                _exit
 .text.__errno  0x0800a84c        0xc e:/gcc-arm-none-eabi-10.3-2021.10-win32/gcc-arm-none-eabi-10.3-2021.10/bin/../lib/gcc/arm-none-eabi/10.3.1/../../../../arm-none-eabi/lib/thumb/v7e-m+fp/hard\libc_nano.a(lib_a-errno.o)
                0x0800a84c                __errno
 *(.glue_7)
 .glue_7        0x0800a858        0x0 linker stubs
 *(.glue_7t)
 .glue_7t       0x0800a858        0x0 linker stubs
 *(.eh_frame)
 .eh_frame      0x0800a858        0x0 e:/gcc-arm-none-eabi-10.3-2021.10-win32/gcc-arm-none-eabi-10.3-2021.10/bin/../lib/gcc/arm-none-eabi/10.3.1/thumb/v7e-m+fp/hard/crtbegin.o
 *(.init)
 .init          0x0800a858        0x4 e:/gcc-arm-none-eabi-10.3-2021.10-win32/gcc-arm-none-eabi-10.3-2021.10/bin/../lib/gcc/arm-none-eabi/10.3.1/thumb/v7e-m+fp/hard/crti.o
                0x0800a858                _init
 .init          0x0800a85c        0x8 e:/gcc-arm-none-eabi-10.3-2021.10-win32/gcc-arm-none-eabi-10.3-2021.10/bin/../lib/gcc/arm-none-eabi/10.3.1/thumb/v7e-m+fp/hard/crtn.o
 *(.fini)
 .fini          0x0800a864        0x4 e:/gcc-arm-none-eabi-10.3-2021.10-win32/gcc-arm-none-eabi-10.3-2021.10/bin/../lib/gcc/arm-none-eabi/10.3.1/thumb/v7e-m+fp/hard/crti.o
                0x0800a864                _fini
 .fini          0x0800a868        0x8 e:/gcc-arm-none-eabi-10.3-2021.10-win32/gcc-arm-none-eabi-10.3-2021.10/bin/../lib/gcc/arm-none-eabi/10.3.1/thumb/v7e-m+fp/hard/crtn.o
                0x0800a870                . = ALIGN (0x8)
                0x0800a870                _etext = .

.vfp11_veneer   0x0800a870        0x0
 .vfp11_veneer  0x0800a870        0x0 linker stubs

.v4_bx          0x0800a870        0x0
 .v4_bx         0x0800a870        0x0 linker stubs

.iplt           0x0800a870        0x0
 .iplt          0x0800a870        0x0 e:/gcc-arm-none-eabi-10.3-2021.10-win32/gcc-arm-none-eabi-10.3-2021.10/bin/../lib/gcc/arm-none-eabi/10.3.1/thumb/v7e-m+fp/hard/crtbegin.o

.rodata         0x0800a870      0xbb8
                0x0800a870                . = ALIGN (0x8)
 *(.rodata)
 .rodata        0x0800a870        0x3 build/main.o
 *(.rodata*)
 *fill*         0x0800a873        0x1 
 .rodata.LED_Test.str1.4
                0x0800a874       0x45 build/main.o
 *fill*         0x0800a8b9        0x3 
 .rodata.Flash_Test.str1.4
                0x0800a8bc       0x6f build/main.o
 *fill*         0x0800a92b        0x1 
 .rodata.BDS_Test.str1.4
                0x0800a92c        0x5 build/main.o
 *fill*         0x0800a931        0x3 
 .rodata.LDR_Value_Get.str1.4
                0x0800a934       0x47 build/main.o
 *fill*         0x0800a97b        0x1 
 .rodata.Battery_Test.str1.4
                0x0800a97c       0x10 build/main.o
 .rodata.main.str1.4
                0x0800a98c        0xc build/main.o
 .rodata.shellCmdLDR_Get
                0x0800a998        0x8 build/main.o
                0x0800a998                shellCmdLDR_Get
 .rodata.shellCmdbattery
                0x0800a9a0        0x8 build/main.o
                0x0800a9a0                shellCmdbattery
 .rodata.shellCmdbds_test
                0x0800a9a8        0x9 build/main.o
                0x0800a9a8                shellCmdbds_test
 *fill*         0x0800a9b1        0x3 
 .rodata.shellCmdflash_test
                0x0800a9b4        0xb build/main.o
                0x0800a9b4                shellCmdflash_test
 *fill*         0x0800a9bf        0x1 
 .rodata.shellCmdled
                0x0800a9c0        0x4 build/main.o
                0x0800a9c0                shellCmdled
 .rodata.shellCmdrs485_send
                0x0800a9c4        0xb build/main.o
                0x0800a9c4                shellCmdrs485_send
 *fill*         0x0800a9cf        0x1 
 .rodata.shellDescLDR_Get
                0x0800a9d0        0xe build/main.o
                0x0800a9d0                shellDescLDR_Get
 *fill*         0x0800a9de        0x2 
 .rodata.shellDescbattery
                0x0800a9e0       0x1a build/main.o
                0x0800a9e0                shellDescbattery
 *fill*         0x0800a9fa        0x2 
 .rodata.shellDescbds_test
                0x0800a9fc        0xd build/main.o
                0x0800a9fc                shellDescbds_test
 *fill*         0x0800aa09        0x3 
 .rodata.shellDescflash_test
                0x0800aa0c       0x10 build/main.o
                0x0800aa0c                shellDescflash_test
 .rodata.shellDescled
                0x0800aa1c        0xe build/main.o
                0x0800aa1c                shellDescled
 *fill*         0x0800aa2a        0x2 
 .rodata.shellDescrs485_send
                0x0800aa2c       0x10 build/main.o
                0x0800aa2c                shellDescrs485_send
 .rodata.AHBPrescTable
                0x0800aa3c       0x10 build/system_stm32l4xx.o
                0x0800aa3c                AHBPrescTable
 .rodata.APBPrescTable
                0x0800aa4c        0x8 build/system_stm32l4xx.o
                0x0800aa4c                APBPrescTable
 .rodata.MSIRangeTable
                0x0800aa54       0x30 build/system_stm32l4xx.o
                0x0800aa54                MSIRangeTable
 .rodata.shellWriteCommandDesc.str1.4
                0x0800aa84        0x4 build/shell.o
 .rodata.shellWritePrompt.str1.4
                0x0800aa88       0x23 build/shell.o
                                 0x27 (size before relaxing)
 *fill*         0x0800aaab        0x1 
 .rodata.shellCheckPassword.str1.4
                0x0800aaac      0x16f build/shell.o
 *fill*         0x0800ac1b        0x1 
 .rodata.shellClear.str1.4
                0x0800ac1c        0x9 build/shell.o
 *fill*         0x0800ac25        0x3 
 .rodata.shellWriteReturnValue.str1.4
                0x0800ac28       0x20 build/shell.o
 .rodata.shellListItem.str1.4
                0x0800ac48       0x2b build/shell.o
 *fill*         0x0800ac73        0x1 
 .rodata.shellListCommand.str1.4
                0x0800ac74       0x12 build/shell.o
 *fill*         0x0800ac86        0x2 
 .rodata.shellListVar.str1.4
                0x0800ac88        0xe build/shell.o
 *fill*         0x0800ac96        0x2 
 .rodata.shellListUser.str1.4
                0x0800ac98        0xf build/shell.o
 *fill*         0x0800aca7        0x1 
 .rodata.shellListKey.str1.4
                0x0800aca8        0xe build/shell.o
 *fill*         0x0800acb6        0x2 
 .rodata.shellDeleteCommandLine.str1.4
                0x0800acb8        0x4 build/shell.o
 .rodata.shellInsertByte.str1.4
                0x0800acbc       0x21 build/shell.o
 *fill*         0x0800acdd        0x3 
 .rodata.shellWriteCommandHelp.str1.4
                0x0800ace0       0x28 build/shell.o
 .rodata.shellShowVar.str1.4
                0x0800ad08        0x6 build/shell.o
 *fill*         0x0800ad0e        0x2 
 .rodata.shellSetVarValue.str1.4
                0x0800ad10       0x30 build/shell.o
 .rodata.shellSetVar.str1.4
                0x0800ad40       0x20 build/shell.o
 .rodata.shellInit.str1.4
                0x0800ad60        0x7 build/shell.o
 *fill*         0x0800ad67        0x1 
 .rodata.shellCmdDefaultUser
                0x0800ad68        0x7 build/shell.o
                0x0800ad68                shellCmdDefaultUser
 *fill*         0x0800ad6f        0x1 
 .rodata.shellCmdclear
                0x0800ad70        0x6 build/shell.o
                0x0800ad70                shellCmdclear
 *fill*         0x0800ad76        0x2 
 .rodata.shellCmdcmds
                0x0800ad78        0x5 build/shell.o
                0x0800ad78                shellCmdcmds
 *fill*         0x0800ad7d        0x3 
 .rodata.shellCmdhelp
                0x0800ad80        0x5 build/shell.o
                0x0800ad80                shellCmdhelp
 *fill*         0x0800ad85        0x3 
 .rodata.shellCmdkeys
                0x0800ad88        0x5 build/shell.o
                0x0800ad88                shellCmdkeys
 *fill*         0x0800ad8d        0x3 
 .rodata.shellCmdsetVar
                0x0800ad90        0x7 build/shell.o
                0x0800ad90                shellCmdsetVar
 *fill*         0x0800ad97        0x1 
 .rodata.shellCmdusers
                0x0800ad98        0x6 build/shell.o
                0x0800ad98                shellCmdusers
 *fill*         0x0800ad9e        0x2 
 .rodata.shellCmdvars
                0x0800ada0        0x5 build/shell.o
                0x0800ada0                shellCmdvars
 *fill*         0x0800ada5        0x3 
 .rodata.shellDesDefaultUser
                0x0800ada8        0xd build/shell.o
                0x0800ada8                shellDesDefaultUser
 *fill*         0x0800adb5        0x3 
 .rodata.shellDesc0x08000000
                0x0800adb8        0xa build/shell.o
                0x0800adb8                shellDesc0x08000000
 *fill*         0x0800adc2        0x2 
 .rodata.shellDesc0x09000000
                0x0800adc4        0x4 build/shell.o
                0x0800adc4                shellDesc0x09000000
 .rodata.shellDesc0x0A000000
                0x0800adc8        0x6 build/shell.o
                0x0800adc8                shellDesc0x0A000000
 *fill*         0x0800adce        0x2 
 .rodata.shellDesc0x0D000000
                0x0800add0        0x6 build/shell.o
                0x0800add0                shellDesc0x0D000000
 *fill*         0x0800add6        0x2 
 .rodata.shellDesc0x1B5B337E
                0x0800add8        0x7 build/shell.o
                0x0800add8                shellDesc0x1B5B337E
 *fill*         0x0800addf        0x1 
 .rodata.shellDesc0x1B5B4100
                0x0800ade0        0x3 build/shell.o
                0x0800ade0                shellDesc0x1B5B4100
 *fill*         0x0800ade3        0x1 
 .rodata.shellDesc0x1B5B4200
                0x0800ade4        0x5 build/shell.o
                0x0800ade4                shellDesc0x1B5B4200
 *fill*         0x0800ade9        0x3 
 .rodata.shellDesc0x1B5B4300
                0x0800adec        0x6 build/shell.o
                0x0800adec                shellDesc0x1B5B4300
 *fill*         0x0800adf2        0x2 
 .rodata.shellDesc0x1B5B4400
                0x0800adf4        0x5 build/shell.o
                0x0800adf4                shellDesc0x1B5B4400
 *fill*         0x0800adf9        0x3 
 .rodata.shellDesc0x7F000000
                0x0800adfc        0xa build/shell.o
                0x0800adfc                shellDesc0x7F000000
 *fill*         0x0800ae06        0x2 
 .rodata.shellDescclear
                0x0800ae08        0xe build/shell.o
                0x0800ae08                shellDescclear
 *fill*         0x0800ae16        0x2 
 .rodata.shellDesccmds
                0x0800ae18        0xd build/shell.o
                0x0800ae18                shellDesccmds
 *fill*         0x0800ae25        0x3 
 .rodata.shellDeschelp
                0x0800ae28       0x1e build/shell.o
                0x0800ae28                shellDeschelp
 *fill*         0x0800ae46        0x2 
 .rodata.shellDesckeys
                0x0800ae48        0xd build/shell.o
                0x0800ae48                shellDesckeys
 *fill*         0x0800ae55        0x3 
 .rodata.shellDescsetVar
                0x0800ae58        0x8 build/shell.o
                0x0800ae58                shellDescsetVar
 .rodata.shellDescusers
                0x0800ae60        0xe build/shell.o
                0x0800ae60                shellDescusers
 *fill*         0x0800ae6e        0x2 
 .rodata.shellDescvars
                0x0800ae70        0xd build/shell.o
                0x0800ae70                shellDescvars
 *fill*         0x0800ae7d        0x3 
 .rodata.shellPasswordDefaultUser
                0x0800ae80        0x1 build/shell.o
                0x0800ae80                shellPasswordDefaultUser
 *fill*         0x0800ae81        0x3 
 .rodata._global_impure_ptr
                0x0800ae84        0x4 e:/gcc-arm-none-eabi-10.3-2021.10-win32/gcc-arm-none-eabi-10.3-2021.10/bin/../lib/gcc/arm-none-eabi/10.3.1/../../../../arm-none-eabi/lib/thumb/v7e-m+fp/hard\libc_nano.a(lib_a-impure.o)
                0x0800ae84                _global_impure_ptr
 .rodata._printf_float.str1.1
                0x0800ae88       0x12 e:/gcc-arm-none-eabi-10.3-2021.10-win32/gcc-arm-none-eabi-10.3-2021.10/bin/../lib/gcc/arm-none-eabi/10.3.1/../../../../arm-none-eabi/lib/thumb/v7e-m+fp/hard\libc_nano.a(lib_a-nano-vfprintf_float.o)
 .rodata._printf_i.str1.1
                0x0800ae9a       0x22 e:/gcc-arm-none-eabi-10.3-2021.10-win32/gcc-arm-none-eabi-10.3-2021.10/bin/../lib/gcc/arm-none-eabi/10.3.1/../../../../arm-none-eabi/lib/thumb/v7e-m+fp/hard\libc_nano.a(lib_a-nano-vfprintf_i.o)
 .rodata._dtoa_r.str1.1
                0x0800aebc       0xb3 e:/gcc-arm-none-eabi-10.3-2021.10-win32/gcc-arm-none-eabi-10.3-2021.10/bin/../lib/gcc/arm-none-eabi/10.3.1/../../../../arm-none-eabi/lib/thumb/v7e-m+fp/hard\libc_nano.a(lib_a-dtoa.o)
                                 0xb5 (size before relaxing)
 .rodata._Balloc.str1.1
                0x0800af6f       0x7f e:/gcc-arm-none-eabi-10.3-2021.10-win32/gcc-arm-none-eabi-10.3-2021.10/bin/../lib/gcc/arm-none-eabi/10.3.1/../../../../arm-none-eabi/lib/thumb/v7e-m+fp/hard\libc_nano.a(lib_a-mprec.o)
                                 0x96 (size before relaxing)
 .rodata.__multadd.str1.1
                0x0800afee       0x11 e:/gcc-arm-none-eabi-10.3-2021.10-win32/gcc-arm-none-eabi-10.3-2021.10/bin/../lib/gcc/arm-none-eabi/10.3.1/../../../../arm-none-eabi/lib/thumb/v7e-m+fp/hard\libc_nano.a(lib_a-mprec.o)
 *fill*         0x0800afee        0x2 
 .rodata.__mprec_bigtens
                0x0800aff0       0x28 e:/gcc-arm-none-eabi-10.3-2021.10-win32/gcc-arm-none-eabi-10.3-2021.10/bin/../lib/gcc/arm-none-eabi/10.3.1/../../../../arm-none-eabi/lib/thumb/v7e-m+fp/hard\libc_nano.a(lib_a-mprec.o)
                0x0800aff0                __mprec_bigtens
 .rodata.__mprec_tens
                0x0800b018       0xc8 e:/gcc-arm-none-eabi-10.3-2021.10-win32/gcc-arm-none-eabi-10.3-2021.10/bin/../lib/gcc/arm-none-eabi/10.3.1/../../../../arm-none-eabi/lib/thumb/v7e-m+fp/hard\libc_nano.a(lib_a-mprec.o)
                0x0800b018                __mprec_tens
 .rodata.p05.0  0x0800b0e0        0xc e:/gcc-arm-none-eabi-10.3-2021.10-win32/gcc-arm-none-eabi-10.3-2021.10/bin/../lib/gcc/arm-none-eabi/10.3.1/../../../../arm-none-eabi/lib/thumb/v7e-m+fp/hard\libc_nano.a(lib_a-mprec.o)
 .rodata._svfprintf_r.str1.1
                0x0800b0ec       0x11 e:/gcc-arm-none-eabi-10.3-2021.10-win32/gcc-arm-none-eabi-10.3-2021.10/bin/../lib/gcc/arm-none-eabi/10.3.1/../../../../arm-none-eabi/lib/thumb/v7e-m+fp/hard\libc_nano.a(lib_a-nano-svfprintf.o)
 .rodata.__assert_func.str1.1
                0x0800b0fd       0x3c e:/gcc-arm-none-eabi-10.3-2021.10-win32/gcc-arm-none-eabi-10.3-2021.10/bin/../lib/gcc/arm-none-eabi/10.3.1/../../../../arm-none-eabi/lib/thumb/v7e-m+fp/hard\libc_nano.a(lib_a-assert.o)
                                 0x3d (size before relaxing)
 .rodata._setlocale_r.str1.1
                0x0800b139        0x8 e:/gcc-arm-none-eabi-10.3-2021.10-win32/gcc-arm-none-eabi-10.3-2021.10/bin/../lib/gcc/arm-none-eabi/10.3.1/../../../../arm-none-eabi/lib/thumb/v7e-m+fp/hard\libc_nano.a(lib_a-locale.o)
                                  0x9 (size before relaxing)
 .rodata.str1.1
                0x0800b141        0x2 e:/gcc-arm-none-eabi-10.3-2021.10-win32/gcc-arm-none-eabi-10.3-2021.10/bin/../lib/gcc/arm-none-eabi/10.3.1/../../../../arm-none-eabi/lib/thumb/v7e-m+fp/hard\libc_nano.a(lib_a-locale.o)
 .rodata._vfprintf_r.str1.1
                0x0800b143       0x11 e:/gcc-arm-none-eabi-10.3-2021.10-win32/gcc-arm-none-eabi-10.3-2021.10/bin/../lib/gcc/arm-none-eabi/10.3.1/../../../../arm-none-eabi/lib/thumb/v7e-m+fp/hard\libc_nano.a(lib_a-nano-vfprintf.o)
 .rodata._ctype_
                0x0800b143      0x101 e:/gcc-arm-none-eabi-10.3-2021.10-win32/gcc-arm-none-eabi-10.3-2021.10/bin/../lib/gcc/arm-none-eabi/10.3.1/../../../../arm-none-eabi/lib/thumb/v7e-m+fp/hard\libc_nano.a(lib_a-ctype_.o)
                0x0800b143                _ctype_
 .rodata.__sf_fake_stderr
                0x0800b244       0x20 e:/gcc-arm-none-eabi-10.3-2021.10-win32/gcc-arm-none-eabi-10.3-2021.10/bin/../lib/gcc/arm-none-eabi/10.3.1/../../../../arm-none-eabi/lib/thumb/v7e-m+fp/hard\libc_nano.a(lib_a-findfp.o)
                0x0800b244                __sf_fake_stderr
 .rodata.__sf_fake_stdin
                0x0800b264       0x20 e:/gcc-arm-none-eabi-10.3-2021.10-win32/gcc-arm-none-eabi-10.3-2021.10/bin/../lib/gcc/arm-none-eabi/10.3.1/../../../../arm-none-eabi/lib/thumb/v7e-m+fp/hard\libc_nano.a(lib_a-findfp.o)
                0x0800b264                __sf_fake_stdin
 .rodata.__sf_fake_stdout
                0x0800b284       0x20 e:/gcc-arm-none-eabi-10.3-2021.10-win32/gcc-arm-none-eabi-10.3-2021.10/bin/../lib/gcc/arm-none-eabi/10.3.1/../../../../arm-none-eabi/lib/thumb/v7e-m+fp/hard\libc_nano.a(lib_a-findfp.o)
                0x0800b284                __sf_fake_stdout
                0x0800b2a8                . = ALIGN (0x8)
 *fill*         0x0800b2a4        0x4 
                0x0800b2a8                _shell_command_start = .
 *(shellCommand)
 shellCommand   0x0800b2a8       0x60 build/main.o
                0x0800b2a8                shellCommandbds_test
                0x0800b2b8                shellCommandflash_test
                0x0800b2c8                shellCommandrs485_send
                0x0800b2d8                shellCommandbattery
                0x0800b2e8                shellCommandled
                0x0800b2f8                shellCommandLDR_Get
 shellCommand   0x0800b308      0x120 build/shell.o
                0x0800b308                shellCommandclear
                0x0800b318                shellCommandkeys
                0x0800b328                shellCommandvars
                0x0800b338                shellCommandcmds
                0x0800b348                shellCommandusers
                0x0800b358                shellCommandhelp
                0x0800b368                shellKey0x0D000000
                0x0800b378                shellKey0x0A000000
                0x0800b388                shellKey0x1B5B337E
                0x0800b398                shellKey0x7F000000
                0x0800b3a8                shellKey0x08000000
                0x0800b3b8                shellKey0x09000000
                0x0800b3c8                shellKey0x1B5B4400
                0x0800b3d8                shellKey0x1B5B4300
                0x0800b3e8                shellKey0x1B5B4200
                0x0800b3f8                shellKey0x1B5B4100
                0x0800b408                shellCommandsetVar
                0x0800b418                shellUserDefault
                0x0800b428                _shell_command_end = .

.ARM.extab      0x0800b428        0x0
                0x0800b428                . = ALIGN (0x8)
 *(.ARM.extab* .gnu.linkonce.armextab.*)
                0x0800b428                . = ALIGN (0x8)

.ARM            0x0800b428        0x8
                0x0800b428                . = ALIGN (0x8)
                0x0800b428                __exidx_start = .
 *(.ARM.exidx*)
 .ARM.exidx     0x0800b428        0x8 e:/gcc-arm-none-eabi-10.3-2021.10-win32/gcc-arm-none-eabi-10.3-2021.10/bin/../lib/gcc/arm-none-eabi/10.3.1/thumb/v7e-m+fp/hard\libgcc.a(_udivmoddi4.o)
                0x0800b430                __exidx_end = .
                0x0800b430                . = ALIGN (0x8)

.rel.dyn        0x0800b430        0x0
 .rel.iplt      0x0800b430        0x0 e:/gcc-arm-none-eabi-10.3-2021.10-win32/gcc-arm-none-eabi-10.3-2021.10/bin/../lib/gcc/arm-none-eabi/10.3.1/thumb/v7e-m+fp/hard/crtbegin.o

.preinit_array  0x0800b430        0x0
                0x0800b430                . = ALIGN (0x8)
                0x0800b430                PROVIDE (__preinit_array_start = .)
 *(.preinit_array*)
                0x0800b430                PROVIDE (__preinit_array_end = .)
                0x0800b430                . = ALIGN (0x8)

.init_array     0x0800b430        0x8
                0x0800b430                . = ALIGN (0x8)
                0x0800b430                PROVIDE (__init_array_start = .)
 *(SORT_BY_NAME(.init_array.*))
 *(.init_array*)
 .init_array    0x0800b430        0x4 e:/gcc-arm-none-eabi-10.3-2021.10-win32/gcc-arm-none-eabi-10.3-2021.10/bin/../lib/gcc/arm-none-eabi/10.3.1/thumb/v7e-m+fp/hard/crtbegin.o
                0x0800b434                PROVIDE (__init_array_end = .)
                0x0800b438                . = ALIGN (0x8)
 *fill*         0x0800b434        0x4 

.fini_array     0x0800b438        0x8
                0x0800b438                . = ALIGN (0x8)
                [!provide]                PROVIDE (__fini_array_start = .)
 *(SORT_BY_NAME(.fini_array.*))
 *(.fini_array*)
 .fini_array    0x0800b438        0x4 e:/gcc-arm-none-eabi-10.3-2021.10-win32/gcc-arm-none-eabi-10.3-2021.10/bin/../lib/gcc/arm-none-eabi/10.3.1/thumb/v7e-m+fp/hard/crtbegin.o
                [!provide]                PROVIDE (__fini_array_end = .)
                0x0800b440                . = ALIGN (0x8)
 *fill*         0x0800b43c        0x4 
                0x0800b440                _sidata = LOADADDR (.data)

.data           0x20000000      0x350 load address 0x0800b440
                0x20000000                . = ALIGN (0x8)
                0x20000000                _sdata = .
 *(.data)
 *(.data*)
 .data.bds_dev  0x20000000        0x4 build/main.o
                0x20000000                bds_dev
 .data.uwTickFreq
                0x20000004        0x1 build/stm32l4xx_hal.o
                0x20000004                uwTickFreq
 *fill*         0x20000005        0x3 
 .data.uwTickPrio
                0x20000008        0x4 build/stm32l4xx_hal.o
                0x20000008                uwTickPrio
 .data.SystemCoreClock
                0x2000000c        0x4 build/system_stm32l4xx.o
                0x2000000c                SystemCoreClock
 .data.dev_led  0x20000010       0x10 build/led.o
                0x20000010                dev_led
 .data.dev_rs485
                0x20000020        0xc build/rs485.o
                0x20000020                dev_rs485
 .data.atgm_dev
                0x2000002c       0x24 build/ATGM332D.o
                0x2000002c                atgm_dev
 .data.dev0_buff
                0x20000050      0x12c build/ATGM332D.o
                0x20000050                dev0_buff
 .data._impure_ptr
                0x2000017c        0x4 e:/gcc-arm-none-eabi-10.3-2021.10-win32/gcc-arm-none-eabi-10.3-2021.10/bin/../lib/gcc/arm-none-eabi/10.3.1/../../../../arm-none-eabi/lib/thumb/v7e-m+fp/hard\libc_nano.a(lib_a-impure.o)
                0x2000017c                _impure_ptr
 .data.impure_data
                0x20000180       0x60 e:/gcc-arm-none-eabi-10.3-2021.10-win32/gcc-arm-none-eabi-10.3-2021.10/bin/../lib/gcc/arm-none-eabi/10.3.1/../../../../arm-none-eabi/lib/thumb/v7e-m+fp/hard\libc_nano.a(lib_a-impure.o)
 .data.__global_locale
                0x200001e0      0x16c e:/gcc-arm-none-eabi-10.3-2021.10-win32/gcc-arm-none-eabi-10.3-2021.10/bin/../lib/gcc/arm-none-eabi/10.3.1/../../../../arm-none-eabi/lib/thumb/v7e-m+fp/hard\libc_nano.a(lib_a-locale.o)
                0x200001e0                __global_locale
                0x20000350                . = ALIGN (0x8)
 *fill*         0x2000034c        0x4 
                0x20000350                _edata = .

.igot.plt       0x20000350        0x0 load address 0x0800b790
 .igot.plt      0x20000350        0x0 e:/gcc-arm-none-eabi-10.3-2021.10-win32/gcc-arm-none-eabi-10.3-2021.10/bin/../lib/gcc/arm-none-eabi/10.3.1/thumb/v7e-m+fp/hard/crtbegin.o
                0x20000350                . = ALIGN (0x4)

.bss            0x20000350      0x714 load address 0x0800b790
                0x20000350                _sbss = .
                0x20000350                __bss_start__ = _sbss
 *(.bss)
 .bss           0x20000350       0x1c e:/gcc-arm-none-eabi-10.3-2021.10-win32/gcc-arm-none-eabi-10.3-2021.10/bin/../lib/gcc/arm-none-eabi/10.3.1/thumb/v7e-m+fp/hard/crtbegin.o
 *(.bss*)
 .bss.uwTick    0x2000036c        0x4 build/stm32l4xx_hal.o
                0x2000036c                uwTick
 .bss.shell     0x20000370       0x6c build/shell_port.o
                0x20000370                shell
 .bss.shell_buffer
                0x200003dc      0x200 build/shell_port.o
                0x200003dc                shell_buffer
 .bss.buffer.0  0x200005dc        0x9 build/shell.o
 *fill*         0x200005e5        0x3 
 .bss.shellList
                0x200005e8       0x14 build/shell.o
 .bss.hadc1     0x200005fc       0x64 build/adc.o
                0x200005fc                hadc1
 .bss.hspi2     0x20000660       0x64 build/spi.o
                0x20000660                hspi2
 .bss.hspi3     0x200006c4       0x64 build/spi.o
                0x200006c4                hspi3
 .bss.huart1    0x20000728       0x84 build/usart.o
                0x20000728                huart1
 .bss.huart2    0x200007ac       0x84 build/usart.o
                0x200007ac                huart2
 .bss.huart3    0x20000830       0x84 build/usart.o
                0x20000830                huart3
 .bss.u1_cache  0x200008b4        0x1 build/usart.o
                0x200008b4                u1_cache
 *fill*         0x200008b5        0x3 
 .bss.u2_cache  0x200008b8      0x190 build/usart.o
                0x200008b8                u2_cache
 .bss.base_tick
                0x20000a48        0x4 build/timer.o
                0x20000a48                base_tick
 .bss.timer_list
                0x20000a4c        0x4 build/timer.o
                0x20000a4c                timer_list
 .bss.__malloc_free_list
                0x20000a50        0x4 e:/gcc-arm-none-eabi-10.3-2021.10-win32/gcc-arm-none-eabi-10.3-2021.10/bin/../lib/gcc/arm-none-eabi/10.3.1/../../../../arm-none-eabi/lib/thumb/v7e-m+fp/hard\libc_nano.a(lib_a-nano-mallocr.o)
                0x20000a50                __malloc_free_list
 .bss.__malloc_sbrk_start
                0x20000a54        0x4 e:/gcc-arm-none-eabi-10.3-2021.10-win32/gcc-arm-none-eabi-10.3-2021.10/bin/../lib/gcc/arm-none-eabi/10.3.1/../../../../arm-none-eabi/lib/thumb/v7e-m+fp/hard\libc_nano.a(lib_a-nano-mallocr.o)
                0x20000a54                __malloc_sbrk_start
 .bss.errno     0x20000a58        0x4 e:/gcc-arm-none-eabi-10.3-2021.10-win32/gcc-arm-none-eabi-10.3-2021.10/bin/../lib/gcc/arm-none-eabi/10.3.1/../../../../arm-none-eabi/lib/thumb/v7e-m+fp/hard\libc_nano.a(lib_a-reent.o)
                0x20000a58                errno
 .bss.__lock___malloc_recursive_mutex
                0x20000a5c        0x1 e:/gcc-arm-none-eabi-10.3-2021.10-win32/gcc-arm-none-eabi-10.3-2021.10/bin/../lib/gcc/arm-none-eabi/10.3.1/../../../../arm-none-eabi/lib/thumb/v7e-m+fp/hard\libc_nano.a(lib_a-lock.o)
                0x20000a5c                __lock___malloc_recursive_mutex
 .bss.__lock___sfp_recursive_mutex
                0x20000a5d        0x1 e:/gcc-arm-none-eabi-10.3-2021.10-win32/gcc-arm-none-eabi-10.3-2021.10/bin/../lib/gcc/arm-none-eabi/10.3.1/../../../../arm-none-eabi/lib/thumb/v7e-m+fp/hard\libc_nano.a(lib_a-lock.o)
                0x20000a5d                __lock___sfp_recursive_mutex
 .bss.__lock___sinit_recursive_mutex