Archive member included to satisfy reference by file (symbol)

e:/gcc-arm-none-eabi-10.3-2021.10-win32/gcc-arm-none-eabi-10.3-2021.10/bin/../lib/gcc/arm-none-eabi/10.3.1/../../../../arm-none-eabi/lib/thumb/v7e-m+fp/hard\libc_nano.a(lib_a-exit.o)
                              e:/gcc-arm-none-eabi-10.3-2021.10-win32/gcc-arm-none-eabi-10.3-2021.10/bin/../lib/gcc/arm-none-eabi/10.3.1/../../../../arm-none-eabi/lib/thumb/v7e-m+fp/hard/crt0.o (exit)
e:/gcc-arm-none-eabi-10.3-2021.10-win32/gcc-arm-none-eabi-10.3-2021.10/bin/../lib/gcc/arm-none-eabi/10.3.1/../../../../arm-none-eabi/lib/thumb/v7e-m+fp/hard\libc_nano.a(lib_a-impure.o)
                              e:/gcc-arm-none-eabi-10.3-2021.10-win32/gcc-arm-none-eabi-10.3-2021.10/bin/../lib/gcc/arm-none-eabi/10.3.1/../../../../arm-none-eabi/lib/thumb/v7e-m+fp/hard\libc_nano.a(lib_a-exit.o) (_global_impure_ptr)
e:/gcc-arm-none-eabi-10.3-2021.10-win32/gcc-arm-none-eabi-10.3-2021.10/bin/../lib/gcc/arm-none-eabi/10.3.1/../../../../arm-none-eabi/lib/thumb/v7e-m+fp/hard\libc_nano.a(lib_a-init.o)
                              e:/gcc-arm-none-eabi-10.3-2021.10-win32/gcc-arm-none-eabi-10.3-2021.10/bin/../lib/gcc/arm-none-eabi/10.3.1/../../../../arm-none-eabi/lib/thumb/v7e-m+fp/hard/crt0.o (__libc_init_array)
e:/gcc-arm-none-eabi-10.3-2021.10-win32/gcc-arm-none-eabi-10.3-2021.10/bin/../lib/gcc/arm-none-eabi/10.3.1/../../../../arm-none-eabi/lib/thumb/v7e-m+fp/hard\libc_nano.a(lib_a-malloc.o)
                              build/timer.o (malloc)
e:/gcc-arm-none-eabi-10.3-2021.10-win32/gcc-arm-none-eabi-10.3-2021.10/bin/../lib/gcc/arm-none-eabi/10.3.1/../../../../arm-none-eabi/lib/thumb/v7e-m+fp/hard\libc_nano.a(lib_a-memcpy-stub.o)
                              build/ATGM332D.o (memcpy)
e:/gcc-arm-none-eabi-10.3-2021.10-win32/gcc-arm-none-eabi-10.3-2021.10/bin/../lib/gcc/arm-none-eabi/10.3.1/../../../../arm-none-eabi/lib/thumb/v7e-m+fp/hard\libc_nano.a(lib_a-memset.o)
                              e:/gcc-arm-none-eabi-10.3-2021.10-win32/gcc-arm-none-eabi-10.3-2021.10/bin/../lib/gcc/arm-none-eabi/10.3.1/../../../../arm-none-eabi/lib/thumb/v7e-m+fp/hard/crt0.o (memset)
e:/gcc-arm-none-eabi-10.3-2021.10-win32/gcc-arm-none-eabi-10.3-2021.10/bin/../lib/gcc/arm-none-eabi/10.3.1/../../../../arm-none-eabi/lib/thumb/v7e-m+fp/hard\libc_nano.a(lib_a-nano-freer.o)
                              e:/gcc-arm-none-eabi-10.3-2021.10-win32/gcc-arm-none-eabi-10.3-2021.10/bin/../lib/gcc/arm-none-eabi/10.3.1/../../../../arm-none-eabi/lib/thumb/v7e-m+fp/hard\libc_nano.a(lib_a-malloc.o) (_free_r)
e:/gcc-arm-none-eabi-10.3-2021.10-win32/gcc-arm-none-eabi-10.3-2021.10/bin/../lib/gcc/arm-none-eabi/10.3.1/../../../../arm-none-eabi/lib/thumb/v7e-m+fp/hard\libc_nano.a(lib_a-nano-mallocr.o)
                              e:/gcc-arm-none-eabi-10.3-2021.10-win32/gcc-arm-none-eabi-10.3-2021.10/bin/../lib/gcc/arm-none-eabi/10.3.1/../../../../arm-none-eabi/lib/thumb/v7e-m+fp/hard\libc_nano.a(lib_a-malloc.o) (_malloc_r)
e:/gcc-arm-none-eabi-10.3-2021.10-win32/gcc-arm-none-eabi-10.3-2021.10/bin/../lib/gcc/arm-none-eabi/10.3.1/../../../../arm-none-eabi/lib/thumb/v7e-m+fp/hard\libc_nano.a(lib_a-nano-vfprintf_float.o)
                              (_printf_float)
e:/gcc-arm-none-eabi-10.3-2021.10-win32/gcc-arm-none-eabi-10.3-2021.10/bin/../lib/gcc/arm-none-eabi/10.3.1/../../../../arm-none-eabi/lib/thumb/v7e-m+fp/hard\libc_nano.a(lib_a-nano-vfprintf_i.o)
                              e:/gcc-arm-none-eabi-10.3-2021.10-win32/gcc-arm-none-eabi-10.3-2021.10/bin/../lib/gcc/arm-none-eabi/10.3.1/../../../../arm-none-eabi/lib/thumb/v7e-m+fp/hard\libc_nano.a(lib_a-nano-vfprintf_float.o) (_printf_common)
e:/gcc-arm-none-eabi-10.3-2021.10-win32/gcc-arm-none-eabi-10.3-2021.10/bin/../lib/gcc/arm-none-eabi/10.3.1/../../../../arm-none-eabi/lib/thumb/v7e-m+fp/hard\libc_nano.a(lib_a-sbrkr.o)
                              e:/gcc-arm-none-eabi-10.3-2021.10-win32/gcc-arm-none-eabi-10.3-2021.10/bin/../lib/gcc/arm-none-eabi/10.3.1/../../../../arm-none-eabi/lib/thumb/v7e-m+fp/hard\libc_nano.a(lib_a-nano-mallocr.o) (_sbrk_r)
e:/gcc-arm-none-eabi-10.3-2021.10-win32/gcc-arm-none-eabi-10.3-2021.10/bin/../lib/gcc/arm-none-eabi/10.3.1/../../../../arm-none-eabi/lib/thumb/v7e-m+fp/hard\libc_nano.a(lib_a-strcmp.o)
                              build/main.o (strcmp)
e:/gcc-arm-none-eabi-10.3-2021.10-win32/gcc-arm-none-eabi-10.3-2021.10/bin/../lib/gcc/arm-none-eabi/10.3.1/../../../../arm-none-eabi/lib/thumb/v7e-m+fp/hard\libc_nano.a(lib_a-strlen.o)
                              build/main.o (strlen)
e:/gcc-arm-none-eabi-10.3-2021.10-win32/gcc-arm-none-eabi-10.3-2021.10/bin/../lib/gcc/arm-none-eabi/10.3.1/../../../../arm-none-eabi/lib/thumb/v7e-m+fp/hard\libc_nano.a(lib_a-strncmp.o)
                              build/shell.o (strncmp)
e:/gcc-arm-none-eabi-10.3-2021.10-win32/gcc-arm-none-eabi-10.3-2021.10/bin/../lib/gcc/arm-none-eabi/10.3.1/../../../../arm-none-eabi/lib/thumb/v7e-m+fp/hard\libc_nano.a(lib_a-strstr.o)
[...]
Memory Configuration

Name             Origin             Length             Attributes
RAM              0x20000000         0x00010000         xrw
RAM2             0x10000000         0x00004000         xrw
FLASH            0x08000000         0x00020000         xr
*default*        0x00000000         0xffffffff

Linker script and memory map

LOAD e:/gcc-arm-none-eabi-10.3-2021.10-win32/gcc-arm-none-eabi-10.3-2021.10/bin/../lib/gcc/arm-none-eabi/10.3.1/thumb/v7e-m+fp/hard/crti.o
LOAD e:/gcc-arm-none-eabi-10.3-2021.10-win32/gcc-arm-none-eabi-10.3-2021.10/bin/../lib/gcc/arm-none-eabi/10.3.1/thumb/v7e-m+fp/hard/crtbegin.o
LOAD e:/gcc-arm-none-eabi-10.3-2021.10-win32/gcc-arm-none-eabi-10.3-2021.10/bin/../lib/gcc/arm-none-eabi/10.3.1/../../../../arm-none-eabi/lib/thumb/v7e-m+fp/hard/crt0.o
LOAD build/main.o
LOAD build/stm32l4xx_it.o
LOAD build/stm32l4xx_hal_msp.o
LOAD build/stm32l4xx_hal_adc.o
LOAD build/stm32l4xx_hal_adc_ex.o
LOAD build/stm32l4xx_hal.o
LOAD build/stm32l4xx_hal_i2c.o
LOAD build/stm32l4xx_hal_i2c_ex.o
LOAD build/stm32l4xx_hal_rcc.o
LOAD build/stm32l4xx_hal_rcc_ex.o
LOAD build/stm32l4xx_hal_flash.o
LOAD build/stm32l4xx_hal_flash_ex.o
LOAD build/stm32l4xx_hal_flash_ramfunc.o
LOAD build/stm32l4xx_hal_gpio.o
LOAD build/stm32l4xx_hal_dma.o
LOAD build/stm32l4xx_hal_dma_ex.o
LOAD build/stm32l4xx_hal_pwr.o
LOAD build/stm32l4xx_hal_pwr_ex.o
LOAD build/stm32l4xx_hal_cortex.o
LOAD build/stm32l4xx_hal_exti.o
LOAD build/stm32l4xx_hal_spi.o
LOAD build/stm32l4xx_hal_spi_ex.o
LOAD build/stm32l4xx_hal_tim.o
LOAD build/stm32l4xx_hal_tim_ex.o
LOAD build/stm32l4xx_hal_uart.o
LOAD build/stm32l4xx_hal_uart_ex.o
LOAD build/system_stm32l4xx.o
LOAD build/shell_cmd_list.o
LOAD build/shell_companion.o
LOAD build/shell_ext.o
LOAD build/shell_port.o
LOAD build/shell.o
LOAD build/fsm.o
LOAD build/gpio.o
LOAD build/adc.o
LOAD build/spi.o
LOAD build/usart.o
LOAD build/timer.o
LOAD build/queue.o
LOAD build/W25QXX.o
LOAD build/led.o
LOAD build/rs485.o
LOAD build/ATGM332D.o
LOAD build/EC2x.o
LOAD build/startup_stm32l431xx.o
LOAD e:/gcc-arm-none-eabi-10.3-2021.10-win32/gcc-arm-none-eabi-10.3-2021.10/bin/../lib/gcc/arm-none-eabi/10.3.1/../../../../arm-none-eabi/lib/thumb/v7e-m+fp/hard\libc_nano.a
LOAD e:/gcc-arm-none-eabi-10.3-2021.10-win32/gcc-arm-none-eabi-10.3-2021.10/bin/../lib/gcc/arm-none-eabi/10.3.1/../../../../arm-none-eabi/lib/thumb/v7e-m+fp/hard\libm.a
LOAD e:/gcc-arm-none-eabi-10.3-2021.10-win32/gcc-arm-none-eabi-10.3-2021.10/bin/../lib/gcc/arm-none-eabi/10.3.1/../../../../arm-none-eabi/lib/thumb/v7e-m+fp/hard\libnosys.a
START GROUP
LOAD e:/gcc-arm-none-eabi-10.3-2021.10-win32/gcc-arm-none-eabi-10.3-2021.10/bin/../lib/gcc/arm-none-eabi/10.3.1/thumb/v7e-m+fp/hard\libgcc.a
LOAD e:/gcc-arm-none-eabi-10.3-2021.10-win32/gcc-arm-none-eabi-10.3-2021.10/bin/../lib/gcc/arm-none-eabi/10.3.1/../../../../arm-none-eabi/lib/thumb/v7e-m+fp/hard\libc_nano.a
END GROUP
START GROUP
LOAD e:/gcc-arm-none-eabi-10.3-2021.10-win32/gcc-arm-none-eabi-10.3-2021.10/bin/../lib/gcc/arm-none-eabi/10.3.1/thumb/v7e-m+fp/hard\libgcc.a
LOAD e:/gcc-arm-none-eabi-10.3-2021.10-win32/gcc-arm-none-eabi-10.3-2021.10/bin/../lib/gcc/arm-none-eabi/10.3.1/../../../../arm-none-eabi/lib/thumb/v7e-m+fp/hard\libc_nano.a
END GROUP
LOAD e:/gcc-arm-none-eabi-10.3-2021.10-win32/gcc-arm-none-eabi-10.3-2021.10/bin/../lib/gcc/arm-none-eabi/10.3.1/thumb/v7e-m+fp/hard/crtend.o
LOAD e:/gcc-arm-none-eabi-10.3-2021.10-win32/gcc-arm-none-eabi-10.3-2021.10/bin/../lib/gcc/arm-none-eabi/10.3.1/thumb/v7e-m+fp/hard/crtn.o
                0x20010000                _estack = 0x20010000
                0x00000400                _Min_Heap_Size = 0x400
                0x00000400                _Min_Stack_Size = 0x400

.isr_vector     0x08000000      0x190
                0x08000000                . = ALIGN (0x8)
 *(.isr_vector)
 .isr_vector    0x08000000      0x18c build/startup_stm32l431xx.o
                0x08000000                g_pfnVectors
                0x08000190                . = ALIGN (0x8)
 *fill*         0x0800018c        0x4 

.text           0x08000190     0xacf8
                0x08000190                . = ALIGN (0x8)
 *(.text)
 .text          0x08000190       0x40 e:/gcc-arm-none-eabi-10.3-2021.10-win32/gcc-arm-none-eabi-10.3-2021.10/bin/../lib/gcc/arm-none-eabi/10.3.1/thumb/v7e-m+fp/hard/crtbegin.o
 .text          0x080001d0       0x14 e:/gcc-arm-none-eabi-10.3-2021.10-win32/gcc-arm-none-eabi-10.3-2021.10/bin/../lib/gcc/arm-none-eabi/10.3.1/../../../../arm-none-eabi/lib/thumb/v7e-m+fp/hard\libc_nano.a(lib_a-strcmp.o)
                0x080001d0                strcmp
 .text          0x080001e4       0x10 e:/gcc-arm-none-eabi-10.3-2021.10-win32/gcc-arm-none-eabi-10.3-2021.10/bin/../lib/gcc/arm-none-eabi/10.3.1/../../../../arm-none-eabi/lib/thumb/v7e-m+fp/hard\libc_nano.a(lib_a-strlen.o)
                0x080001e4                strlen
 *fill*         0x080001f4        0xc 
 .text          0x08000200       0xa0 e:/gcc-arm-none-eabi-10.3-2021.10-win32/gcc-arm-none-eabi-10.3-2021.10/bin/../lib/gcc/arm-none-eabi/10.3.1/../../../../arm-none-eabi/lib/thumb/v7e-m+fp/hard\libc_nano.a(lib_a-memchr.o)
                0x08000200                memchr
 .text          0x080002a0      0x378 e:/gcc-arm-none-eabi-10.3-2021.10-win32/gcc-arm-none-eabi-10.3-2021.10/bin/../lib/gcc/arm-none-eabi/10.3.1/thumb/v7e-m+fp/hard\libgcc.a(_arm_addsubdf3.o)
                0x080002a0                __aeabi_drsub
                0x080002a8                __aeabi_dsub
                0x080002a8                __subdf3
                0x080002ac                __aeabi_dadd
                0x080002ac                __adddf3
                0x08000524                __floatunsidf
                0x08000524                __aeabi_ui2d
                0x08000544                __floatsidf
                0x08000544                __aeabi_i2d
                0x08000568                __aeabi_f2d
                0x08000568                __extendsfdf2
                0x080005ac                __floatundidf
                0x080005ac                __aeabi_ul2d
                0x080005bc                __floatdidf
                0x080005bc                __aeabi_l2d
 .text          0x08000618      0x424 e:/gcc-arm-none-eabi-10.3-2021.10-win32/gcc-arm-none-eabi-10.3-2021.10/bin/../lib/gcc/arm-none-eabi/10.3.1/thumb/v7e-m+fp/hard\libgcc.a(_arm_muldivdf3.o)
                0x08000618                __aeabi_dmul
                0x08000618                __muldf3
                0x0800086c                __divdf3
                0x0800086c                __aeabi_ddiv
 .text          0x08000a3c      0x110 e:/gcc-arm-none-eabi-10.3-2021.10-win32/gcc-arm-none-eabi-10.3-2021.10/bin/../lib/gcc/arm-none-eabi/10.3.1/thumb/v7e-m+fp/hard\libgcc.a(_arm_cmpdf2.o)
                0x08000a3c                __gtdf2
                0x08000a3c                __gedf2
                0x08000a44                __ltdf2
                0x08000a44                __ledf2
                0x08000a4c                __nedf2
                0x08000a4c                __eqdf2
                0x08000a4c                __cmpdf2
                0x08000ac8                __aeabi_cdrcmple
                0x08000ad8                __aeabi_cdcmpeq
                0x08000ad8                __aeabi_cdcmple
                0x08000ae8                __aeabi_dcmpeq
                0x08000afc                __aeabi_dcmplt
                0x08000b10                __aeabi_dcmple
                0x08000b24                __aeabi_dcmpge
                0x08000b38                __aeabi_dcmpgt
 .text          0x08000b4c       0x2c e:/gcc-arm-none-eabi-10.3-2021.10-win32/gcc-arm-none-eabi-10.3-2021.10/bin/../lib/gcc/arm-none-eabi/10.3.1/thumb/v7e-m+fp/hard\libgcc.a(_arm_unorddf2.o)
                0x08000b4c                __unorddf2
                0x08000b4c                __aeabi_dcmpun
 .text          0x08000b78       0x50 e:/gcc-arm-none-eabi-10.3-2021.10-win32/gcc-arm-none-eabi-10.3-2021.10/bin/../lib/gcc/arm-none-eabi/10.3.1/thumb/v7e-m+fp/hard\libgcc.a(_arm_fixdfsi.o)
                0x08000b78                __aeabi_d2iz
                0x08000b78                __fixdfsi
 .text          0x08000bc8       0x40 e:/gcc-arm-none-eabi-10.3-2021.10-win32/gcc-arm-none-eabi-10.3-2021.10/bin/../lib/gcc/arm-none-eabi/10.3.1/thumb/v7e-m+fp/hard\libgcc.a(_arm_fixunsdfsi.o)
                0x08000bc8                __aeabi_d2uiz
                0x08000bc8                __fixunsdfsi
 .text          0x08000c08       0xa0 e:/gcc-arm-none-eabi-10.3-2021.10-win32/gcc-arm-none-eabi-10.3-2021.10/bin/../lib/gcc/arm-none-eabi/10.3.1/thumb/v7e-m+fp/hard\libgcc.a(_arm_truncdfsf2.o)
                0x08000c08                __truncdfsf2
                0x08000c08                __aeabi_d2f
 .text          0x08000ca8       0x30 e:/gcc-arm-none-eabi-10.3-2021.10-win32/gcc-arm-none-eabi-10.3-2021.10/bin/../lib/gcc/arm-none-eabi/10.3.1/thumb/v7e-m+fp/hard\libgcc.a(_aeabi_uldivmod.o)
                0x08000ca8                __aeabi_uldivmod
 .text          0x08000cd8      0x2d0 e:/gcc-arm-none-eabi-10.3-2021.10-win32/gcc-arm-none-eabi-10.3-2021.10/bin/../lib/gcc/arm-none-eabi/10.3.1/thumb/v7e-m+fp/hard\libgcc.a(_udivmoddi4.o)
                0x08000cd8                __udivmoddi4
 .text          0x08000fa8        0x4 e:/gcc-arm-none-eabi-10.3-2021.10-win32/gcc-arm-none-eabi-10.3-2021.10/bin/../lib/gcc/arm-none-eabi/10.3.1/thumb/v7e-m+fp/hard\libgcc.a(_dvmd_tls.o)
                0x08000fa8                __aeabi_idiv0
                0x08000fa8                __aeabi_ldiv0
 *(.text*)
 .text.LED_Test
                0x08000fac       0xc4 build/main.o
                0x08000fac                LED_Test
 .text.RS485_Test
                0x08001070       0x18 build/main.o
                0x08001070                RS485_Test
 .text.Flash_Test
                0x08001088       0xbc build/main.o
                0x08001088                Flash_Test
 .text.BDS_Test
                0x08001144       0x58 build/main.o
                0x08001144                BDS_Test
 .text.LDR_Value_Get
                0x0800119c       0x44 build/main.o
                0x0800119c                LDR_Value_Get
 .text.agencyLDR_Value_Get
                0x080011e0        0xe build/main.o
                0x080011e0                agencyLDR_Value_Get
 *fill*         0x080011ee        0x2 
 .text.Battery_Test
                0x080011f0       0x64 build/main.o
                0x080011f0                Battery_Test
 .text.agencyBattery_Test
                0x08001254        0x8 build/main.o
                0x08001254                agencyBattery_Test
 .text.Error_Handler
                0x0800125c        0x4 build/main.o
                0x0800125c                Error_Handler
 .text.SystemClock_Config
                0x08001260       0x78 build/main.o
                0x08001260                SystemClock_Config
 .text.main     0x080012d8       0x90 build/main.o
                0x080012d8                main
 .text.NMI_Handler
                0x08001368        0x2 build/stm32l4xx_it.o
                0x08001368                NMI_Handler
 .text.HardFault_Handler
                0x0800136a        0x2 build/stm32l4xx_it.o
                0x0800136a                HardFault_Handler
 .text.MemManage_Handler
                0x0800136c        0x2 build/stm32l4xx_it.o
                0x0800136c                MemManage_Handler
 .text.BusFault_Handler
                0x0800136e        0x2 build/stm32l4xx_it.o
                0x0800136e                BusFault_Handler
 .text.UsageFault_Handler
                0x08001370        0x2 build/stm32l4xx_it.o
                0x08001370                UsageFault_Handler
 .text.SVC_Handler
                0x08001372        0x2 build/stm32l4xx_it.o
                0x08001372                SVC_Handler
 .text.DebugMon_Handler
                0x08001374        0x2 build/stm32l4xx_it.o
                0x08001374                DebugMon_Handler
 .text.PendSV_Handler
                0x08001376        0x2 build/stm32l4xx_it.o
                0x08001376                PendSV_Handler
 .text.SysTick_Handler
                0x08001378        0xc build/stm32l4xx_it.o
                0x08001378                SysTick_Handler
 .text.SPI2_IRQHandler
                0x08001384       0x10 build/stm32l4xx_it.o
                0x08001384                SPI2_IRQHandler
 .text.USART1_IRQHandler
                0x08001394       0x10 build/stm32l4xx_it.o
                0x08001394                USART1_IRQHandler
 .text.USART2_IRQHandler
                0x080013a4       0x10 build/stm32l4xx_it.o
                0x080013a4                USART2_IRQHandler
 .text.USART3_IRQHandler
                0x080013b4       0x10 build/stm32l4xx_it.o
                0x080013b4                USART3_IRQHandler
 .text.SPI3_IRQHandler
                0x080013c4       0x10 build/stm32l4xx_it.o
                0x080013c4                SPI3_IRQHandler
 .text.HAL_MspInit
                0x080013d4       0x3c build/stm32l4xx_hal_msp.o
                0x080013d4                HAL_MspInit
 .text.HAL_ADC_Init
                0x08001410      0x1dc build/stm32l4xx_hal_adc.o
                0x08001410                HAL_ADC_Init
 .text.HAL_ADC_PollForConversion
                0x080015ec       0xb4 build/stm32l4xx_hal_adc.o
                0x080015ec                HAL_ADC_PollForConversion
 .text.HAL_ADC_GetValue
                0x080016a0        0x6 build/stm32l4xx_hal_adc.o
                0x080016a0                HAL_ADC_GetValue
 *fill*         0x080016a6        0x2 
 .text.HAL_ADC_ConfigChannel
                0x080016a8      0x4a0 build/stm32l4xx_hal_adc.o
                0x080016a8                HAL_ADC_ConfigChannel
 .text.HAL_ADC_GetState
                0x08001b48        0x4 build/stm32l4xx_hal_adc.o
                0x08001b48                HAL_ADC_GetState
 .text.ADC_ConversionStop
                0x08001b4c      0x100 build/stm32l4xx_hal_adc.o
                0x08001b4c                ADC_ConversionStop
 .text.ADC_Enable
                0x08001c4c       0xdc build/stm32l4xx_hal_adc.o
                0x08001c4c                ADC_Enable
 .text.HAL_ADC_Start
                0x08001d28       0x8c build/stm32l4xx_hal_adc.o
                0x08001d28                HAL_ADC_Start
 .text.ADC_Disable
                0x08001db4       0x94 build/stm32l4xx_hal_adc.o
                0x08001db4                ADC_Disable
 .text.HAL_ADC_Stop
                0x08001e48       0x42 build/stm32l4xx_hal_adc.o
                0x08001e48                HAL_ADC_Stop
 .text.HAL_ADCEx_Calibration_Start
                0x08001e8a       0x98 build/stm32l4xx_hal_adc_ex.o
                0x08001e8a                HAL_ADCEx_Calibration_Start
 *fill*         0x08001f22        0x2 
 .text.HAL_InitTick
                0x08001f24       0x50 build/stm32l4xx_hal.o
                0x08001f24                HAL_InitTick
 .text.HAL_Init
                0x08001f74       0x1e build/stm32l4xx_hal.o
                0x08001f74                HAL_Init
 *fill*         0x08001f92        0x2 
 .text.HAL_IncTick
                0x08001f94       0x18 build/stm32l4xx_hal.o
                0x08001f94                HAL_IncTick
 .text.HAL_GetTick
                0x08001fac        0xc build/stm32l4xx_hal.o
                0x08001fac                HAL_GetTick
 .text.HAL_Delay
                0x08001fb8       0x28 build/stm32l4xx_hal.o
                0x08001fb8                HAL_Delay
 .text.RCC_SetFlashLatencyFromMSIRange
                0x08001fe0       0x90 build/stm32l4xx_hal_rcc.o
 .text.HAL_RCC_GetSysClockFreq
                0x08002070       0xb4 build/stm32l4xx_hal_rcc.o
                0x08002070                HAL_RCC_GetSysClockFreq
 .text.HAL_RCC_OscConfig
                0x08002124      0x66c build/stm32l4xx_hal_rcc.o
                0x08002124                HAL_RCC_OscConfig
 .text.HAL_RCC_ClockConfig
                0x08002790      0x184 build/stm32l4xx_hal_rcc.o
                0x08002790                HAL_RCC_ClockConfig
 .text.HAL_RCC_GetHCLKFreq
                0x08002914        0xc build/stm32l4xx_hal_rcc.o
                0x08002914                HAL_RCC_GetHCLKFreq
 .text.HAL_RCC_GetPCLK1Freq
                0x08002920       0x24 build/stm32l4xx_hal_rcc.o
                0x08002920                HAL_RCC_GetPCLK1Freq
 .text.HAL_RCC_GetPCLK2Freq
                0x08002944       0x24 build/stm32l4xx_hal_rcc.o
                0x08002944                HAL_RCC_GetPCLK2Freq
 .text.RCCEx_PLLSAI1_Config
                0x08002968      0x16c build/stm32l4xx_hal_rcc_ex.o
 .text.HAL_RCCEx_PeriphCLKConfig
                0x08002ad4      0x31c build/stm32l4xx_hal_rcc_ex.o
                0x08002ad4                HAL_RCCEx_PeriphCLKConfig
 .text.HAL_GPIO_Init
                0x08002df0      0x1c8 build/stm32l4xx_hal_gpio.o
                0x08002df0                HAL_GPIO_Init
 .text.HAL_GPIO_WritePin
                0x08002fb8        0xa build/stm32l4xx_hal_gpio.o
                0x08002fb8                HAL_GPIO_WritePin
 .text.HAL_GPIO_TogglePin
                0x08002fc2       0x12 build/stm32l4xx_hal_gpio.o
                0x08002fc2                HAL_GPIO_TogglePin
 .text.HAL_DMA_Abort
                0x08002fd4       0x4a build/stm32l4xx_hal_dma.o
                0x08002fd4                HAL_DMA_Abort
 .text.HAL_DMA_Abort_IT
                0x0800301e       0x50 build/stm32l4xx_hal_dma.o
                0x0800301e                HAL_DMA_Abort_IT
 *fill*         0x0800306e        0x2 
 .text.HAL_PWREx_GetVoltageRange
                0x08003070       0x10 build/stm32l4xx_hal_pwr_ex.o
                0x08003070                HAL_PWREx_GetVoltageRange
 .text.HAL_PWREx_ControlVoltageScaling
                0x08003080       0x90 build/stm32l4xx_hal_pwr_ex.o
                0x08003080                HAL_PWREx_ControlVoltageScaling
 .text.HAL_NVIC_SetPriorityGrouping
                0x08003110       0x24 build/stm32l4xx_hal_cortex.o
                0x08003110                HAL_NVIC_SetPriorityGrouping
 .text.HAL_NVIC_SetPriority
                0x08003134       0x70 build/stm32l4xx_hal_cortex.o
                0x08003134                HAL_NVIC_SetPriority
 .text.HAL_NVIC_EnableIRQ
                0x080031a4       0x1c build/stm32l4xx_hal_cortex.o
                0x080031a4                HAL_NVIC_EnableIRQ
 .text.HAL_SYSTICK_Config
                0x080031c0       0x28 build/stm32l4xx_hal_cortex.o
                0x080031c0                HAL_SYSTICK_Config
 .text.SPI_WaitFlagStateUntilTimeout
                0x080031e8       0xd4 build/stm32l4xx_hal_spi.o
 .text.SPI_WaitFifoStateUntilTimeout
                0x080032bc       0xf4 build/stm32l4xx_hal_spi.o
 .text.SPI_EndRxTxTransaction
                0x080033b0       0x62 build/stm32l4xx_hal_spi.o
 .text.SPI_EndRxTransaction
                0x08003412       0x82 build/stm32l4xx_hal_spi.o
 .text.HAL_SPI_Init
                0x08003494       0xde build/stm32l4xx_hal_spi.o
                0x08003494                HAL_SPI_Init
 .text.HAL_SPI_Transmit
                0x08003572      0x202 build/stm32l4xx_hal_spi.o
                0x08003572                HAL_SPI_Transmit
 .text.HAL_SPI_TransmitReceive
                0x08003774      0x2de build/stm32l4xx_hal_spi.o
                0x08003774                HAL_SPI_TransmitReceive
 .text.HAL_SPI_Receive
                0x08003a52      0x1aa build/stm32l4xx_hal_spi.o
                0x08003a52                HAL_SPI_Receive
 .text.HAL_SPI_ErrorCallback
                0x08003bfc        0x2 build/stm32l4xx_hal_spi.o
                0x08003bfc                HAL_SPI_ErrorCallback
 *fill*         0x08003bfe        0x2 
 .text.HAL_SPI_IRQHandler
                0x08003c00      0x124 build/stm32l4xx_hal_spi.o
                0x08003c00                HAL_SPI_IRQHandler
 .text.SPI_DMAAbortOnError
                0x08003d24       0x12 build/stm32l4xx_hal_spi.o
 .text.UART_EndRxTransfer
                0x08003d36       0x50 build/stm32l4xx_hal_uart.o
 .text.UART_TxISR_8BIT
                0x08003d86       0x54 build/stm32l4xx_hal_uart.o
 .text.UART_TxISR_16BIT
                0x08003dda       0x58 build/stm32l4xx_hal_uart.o
 *fill*         0x08003e32        0x2 
 .text.HAL_UART_Transmit_IT
                0x08003e34       0x80 build/stm32l4xx_hal_uart.o
                0x08003e34                HAL_UART_Transmit_IT
 .text.HAL_UART_TxCpltCallback
                0x08003eb4        0x2 build/stm32l4xx_hal_uart.o
                0x08003eb4                HAL_UART_TxCpltCallback
 .text.UART_EndTransmit_IT
                0x08003eb6       0x22 build/stm32l4xx_hal_uart.o
 .text.UART_DMAAbortOnError
                0x08003ed8       0x14 build/stm32l4xx_hal_uart.o
 .text.HAL_UART_IRQHandler
                0x08003eec      0x2e4 build/stm32l4xx_hal_uart.o
                0x08003eec                HAL_UART_IRQHandler
 .text.UART_RxISR_8BIT
                0x080041d0       0xb0 build/stm32l4xx_hal_uart.o
 .text.UART_RxISR_16BIT
                0x08004280       0xae build/stm32l4xx_hal_uart.o
 *fill*         0x0800432e        0x2 
 .text.UART_SetConfig
                0x08004330      0x2a0 build/stm32l4xx_hal_uart.o
                0x08004330                UART_SetConfig
 .text.UART_AdvFeatureConfig
                0x080045d0       0xca build/stm32l4xx_hal_uart.o
                0x080045d0                UART_AdvFeatureConfig
 .text.UART_WaitOnFlagUntilTimeout
                0x0800469a       0xd4 build/stm32l4xx_hal_uart.o
                0x0800469a                UART_WaitOnFlagUntilTimeout
 .text.HAL_UART_Transmit
                0x0800476e       0xd8 build/stm32l4xx_hal_uart.o
                0x0800476e                HAL_UART_Transmit
 .text.UART_CheckIdleState
                0x08004846       0x70 build/stm32l4xx_hal_uart.o
                0x08004846                UART_CheckIdleState
 .text.HAL_UART_Init
                0x080048b6       0x62 build/stm32l4xx_hal_uart.o
                0x080048b6                HAL_UART_Init
 .text.UART_Start_Receive_IT
                0x08004918       0xd8 build/stm32l4xx_hal_uart.o
                0x08004918                UART_Start_Receive_IT
 .text.HAL_UART_Receive_IT
                0x080049f0       0x5c build/stm32l4xx_hal_uart.o
                0x080049f0                HAL_UART_Receive_IT
 .text.HAL_UARTEx_WakeupCallback
                0x08004a4c        0x2 build/stm32l4xx_hal_uart_ex.o
                0x08004a4c                HAL_UARTEx_WakeupCallback
 .text.HAL_UARTEx_ReceiveToIdle_IT
                0x08004a4e       0x58 build/stm32l4xx_hal_uart_ex.o
                0x08004a4e                HAL_UARTEx_ReceiveToIdle_IT
 *fill*         0x08004aa6        0x2 
 .text.SystemInit
                0x08004aa8       0x14 build/system_stm32l4xx.o
                0x08004aa8                SystemInit
 .text.shellExtNumType
                0x08004abc       0x58 build/shell_ext.o
 .text.shellExtToNum
                0x08004b14       0x2e build/shell_ext.o
 *fill*         0x08004b42        0x2 
 .text.shellExtParseChar
                0x08004b44       0x94 build/shell_ext.o
 .text.shellExtParseString
                0x08004bd8       0x40 build/shell_ext.o
 .text.shellExtParseNumber
                0x08004c18       0xb0 build/shell_ext.o
 .text.shellExtParseVar
                0x08004cc8       0x1e build/shell_ext.o
 .text.shellExtParsePara
                0x08004ce6       0x78 build/shell_ext.o
                0x08004ce6                shellExtParsePara
 .text.shellExtRun
                0x08004d5e       0xf4 build/shell_ext.o
                0x08004d5e                shellExtRun
 *fill*         0x08004e52        0x2 
 .text.User_Shell_Write
                0x08004e54       0x30 build/shell_port.o
                0x08004e54                User_Shell_Write
 .text.User_Shell_Init
                0x08004e84       0x20 build/shell_port.o
                0x08004e84                User_Shell_Init
 .text.shellAdd
                0x08004ea4       0x24 build/shell.o
 .text.shellWriteByte
                0x08004ec8       0x18 build/shell.o
 .text.shellWriteCommandDesc
                0x08004ee0       0x4c build/shell.o
 .text.shellStringCopy
                0x08004f2c       0x16 build/shell.o
 .text.shellStringCompare
                0x08004f42       0x2e build/shell.o
 .text.shellGetCommandDesc
                0x08004f70       0x22 build/shell.o
 .text.shellParserParam
                0x08004f92       0x92 build/shell.o
 .text.shellRight
                0x08005024       0x1a build/shell.o
                0x08005024                shellRight
 .text.shellLeft
                0x0800503e       0x18 build/shell.o
                0x0800503e                shellLeft
 .text.shellHistoryAdd
                0x08005056       0x70 build/shell.o
 .text.shellRemoveParamQuotes
                0x080050c6       0x54 build/shell.o
 *fill*         0x0800511a        0x2 
 .text.shellGetCurrent
                0x0800511c       0x2c build/shell.o
                0x0800511c                shellGetCurrent
 .text.shellWriteString
                0x08005148       0x26 build/shell.o
                0x08005148                shellWriteString
 *fill*         0x0800516e        0x2 
 .text.shellWritePrompt
                0x08005170       0x60 build/shell.o
 .text.shellCheckPassword
                0x080051d0       0x40 build/shell.o
 .text.shellClear
                0x08005210       0x14 build/shell.o
                0x08005210                shellClear
 .text.shellPrint
                0x08005224       0x38 build/shell.o
                0x08005224                shellPrint
 .text.shellCheckPermission
                0x0800525c       0x44 build/shell.o
                0x0800525c                shellCheckPermission
 .text.shellToHex
                0x080052a0       0x28 build/shell.o
                0x080052a0                shellToHex
 .text.shellGetCommandName
                0x080052c8       0x44 build/shell.o
 .text.shellToDec
                0x0800530c       0x60 build/shell.o
                0x0800530c                shellToDec
 .text.shellWriteReturnValue
                0x0800536c       0x80 build/shell.o
 .text.shellListItem
                0x080053ec       0xe0 build/shell.o
                0x080053ec                shellListItem
 .text.shellListCommand
                0x080054cc       0x48 build/shell.o
                0x080054cc                shellListCommand
 .text.shellCmds
                0x08005514        0xe build/shell.o
                0x08005514                shellCmds
 *fill*         0x08005522        0x2 
 .text.shellListVar
                0x08005524       0x4c build/shell.o
                0x08005524                shellListVar
 .text.shellVars
                0x08005570        0xe build/shell.o
                0x08005570                shellVars
 *fill*         0x0800557e        0x2 
 .text.shellListUser
                0x08005580       0x48 build/shell.o
                0x08005580                shellListUser
 .text.shellUsers
                0x080055c8        0xe build/shell.o
                0x080055c8                shellUsers
 *fill*         0x080055d6        0x2 
 .text.shellListKey
                0x080055d8       0x48 build/shell.o
                0x080055d8                shellListKey
 .text.shellKeys
                0x08005620        0xe build/shell.o
                0x08005620                shellKeys
 .text.shellListAll
                0x0800562e        0x8 build/shell.o
                0x0800562e                shellListAll
 *fill*         0x08005636        0x2 
 .text.shellDeleteCommandLine
                0x08005638       0x20 build/shell.o
                0x08005638                shellDeleteCommandLine
 .text.shellClearCommandLine
                0x08005658       0x28 build/shell.o
                0x08005658                shellClearCommandLine
 .text.shellHistory
                0x08005680       0x98 build/shell.o
 .text.shellUp  0x08005718        0xa build/shell.o
                0x08005718                shellUp
 .text.shellDown
                0x08005722        0xc build/shell.o
                0x08005722                shellDown
 *fill*         0x0800572e        0x2 
 .text.shellTab
                0x08005730      0x114 build/shell.o
                0x08005730                shellTab
 .text.shellInsertByte
                0x08005844       0xbc build/shell.o
                0x08005844                shellInsertByte
 .text.shellDeleteByte
                0x08005900       0xc4 build/shell.o
                0x08005900                shellDeleteByte
 .text.shellBackspace
                0x080059c4        0xa build/shell.o
                0x080059c4                shellBackspace
 .text.shellDelete
                0x080059ce        0xc build/shell.o
                0x080059ce                shellDelete
 .text.shellSeekCommand
                0x080059da       0x72 build/shell.o
                0x080059da                shellSeekCommand
 .text.shellWriteCommandHelp
                0x08005a4c       0x60 build/shell.o
 .text.shellHelp
                0x08005aac       0x24 build/shell.o
                0x08005aac                shellHelp
 .text.shellGetVarValue
                0x08005ad0       0x44 build/shell.o
                0x08005ad0                shellGetVarValue
 .text.shellShowVar
                0x08005b14       0xc0 build/shell.o
 .text.shellSetVarValue
                0x08005bd4       0x78 build/shell.o
                0x08005bd4                shellSetVarValue
 .text.shellSetVar
                0x08005c4c       0x64 build/shell.o
                0x08005c4c                shellSetVar
 .text.shellSetUser
                0x08005cb0       0x60 build/shell.o
                0x08005cb0                shellSetUser
 .text.shellInit
                0x08005d10       0x90 build/shell.o
                0x08005d10                shellInit
 .text.shellRunCommand
                0x08005da0       0x94 build/shell.o
                0x08005da0                shellRunCommand
 .text.shellNormalInput
                0x08005e34       0x14 build/shell.o
                0x08005e34                shellNormalInput
 .text.shellExec
                0x08005e48       0x68 build/shell.o
                0x08005e48                shellExec
 .text.shellEnter
                0x08005eb0       0x12 build/shell.o
                0x08005eb0                shellEnter
 *fill*         0x08005ec2        0x2 
 .text.shellHandler
                0x08005ec4       0xd8 build/shell.o
                0x08005ec4                shellHandler
 .text.MX_GPIO_Init
                0x08005f9c       0xbc build/gpio.o
                0x08005f9c                MX_GPIO_Init
 .text.MX_ADC1_Init
                0x08006058       0x8c build/adc.o
                0x08006058                MX_ADC1_Init
 .text.HAL_ADC_MspInit
                0x080060e4       0xa4 build/adc.o
                0x080060e4                HAL_ADC_MspInit
 .text.ADC_Average_Get
                0x08006188       0x8c build/adc.o
                0x08006188                ADC_Average_Get
 .text.MX_SPI2_Init
                0x08006214       0x4c build/spi.o
                0x08006214                MX_SPI2_Init
 .text.MX_SPI3_Init
                0x08006260       0x4c build/spi.o
                0x08006260                MX_SPI3_Init
 .text.HAL_SPI_MspInit
                0x080062ac       0xc4 build/spi.o
                0x080062ac                HAL_SPI_MspInit
 .text.MX_USART1_UART_Init
                0x08006370       0x48 build/usart.o
                0x08006370                MX_USART1_UART_Init
 .text.MX_USART2_UART_Init
                0x080063b8       0x48 build/usart.o
                0x080063b8                MX_USART2_UART_Init
 .text.MX_USART3_UART_Init
                0x08006400       0x48 build/usart.o
                0x08006400                MX_USART3_UART_Init
 .text.HAL_UART_MspInit
                0x08006448      0x180 build/usart.o
                0x08006448                HAL_UART_MspInit
 .text.HAL_UART_RxCpltCallback
                0x080065c8       0x34 build/usart.o
                0x080065c8                HAL_UART_RxCpltCallback
 .text.HAL_UARTEx_RxEventCallback
                0x080065fc       0x70 build/usart.o
                0x080065fc                HAL_UARTEx_RxEventCallback
 .text.HAL_UART_ErrorCallback
                0x0800666c       0x48 build/usart.o
                0x0800666c                HAL_UART_ErrorCallback
 .text.timer_init
                0x080066b4       0x18 build/timer.o
                0x080066b4                timer_init
 .text.timer_update
                0x080066cc       0x84 build/timer.o
                0x080066cc                timer_update
 .text.timer_insert
                0x08006750       0x44 build/timer.o
                0x08006750                timer_insert
 .text.queue_init
                0x08006794        0xe build/queue.o
                0x08006794                queue_init
 .text.queue_insert
                0x080067a2       0x56 build/queue.o
                0x080067a2                queue_insert
 .text.BSP_W25Qx_Reset
                0x080067f8       0x3c build/W25QXX.o
 .text.BSP_W25Qx_GetStatus
                0x08006834       0x58 build/W25QXX.o
 .text.BSP_W25Qx_Init
                0x0800688c        0xc build/W25QXX.o
                0x0800688c                BSP_W25Qx_Init
 .text.BSP_W25Qx_Read_ID
                0x08006898       0x4c build/W25QXX.o
                0x08006898                BSP_W25Qx_Read_ID
 .text.BSP_W25Qx_Read_JEDEC_ID
                0x080068e4       0x48 build/W25QXX.o
                0x080068e4                BSP_W25Qx_Read_JEDEC_ID
 .text.LED_Init
                0x0800692c       0x5c build/led.o
                0x0800692c                LED_Init
 .text.LED_On   0x08006988        0xe build/led.o
                0x08006988                LED_On
 .text.LED_Off  0x08006996        0xe build/led.o
                0x08006996                LED_Off
 .text.LED_Toggle
                0x080069a4        0xc build/led.o
                0x080069a4                LED_Toggle
 .text.LED_Blink
                0x080069b0       0x26 build/led.o
                0x080069b0                LED_Blink
 .text.RS485_SendData
                0x080069d6       0x2c build/rs485.o
                0x080069d6                RS485_SendData
 *fill*         0x08006a02        0x2 
 .text.atgm_io_init
                0x08006a04       0x48 build/ATGM332D.o
                0x08006a04                atgm_io_init
 .text.atgm_open
                0x08006a4c       0x40 build/ATGM332D.o
                0x08006a4c                atgm_open
 .text.atgm_read
                0x08006a8c       0x4c build/ATGM332D.o
                0x08006a8c                atgm_read
 .text.atgm_handler
                0x08006ad8       0x60 build/ATGM332D.o
                0x08006ad8                atgm_handler
 .text.ec2x_waitreply
                0x08006b38       0x2c build/EC2x.o
 .text.ec2x_io_init
                0x08006b64       0x94 build/EC2x.o
                0x08006b64                ec2x_io_init
 .text.ec2x_open
                0x08006bf8       0x50 build/EC2x.o
                0x08006bf8                ec2x_open
 .text.ec2x_write
                0x08006c48       0x28 build/EC2x.o
                0x08006c48                ec2x_write
 .text.ec2x_cmd_send
                0x08006c70       0x14 build/EC2x.o
 .text.EC2x_Test
                0x08006c84       0x4c build/EC2x.o
                0x08006c84                EC2x_Test
 .text.ec2x_read
                0x08006cd0       0xac build/EC2x.o
                0x08006cd0                ec2x_read
 .text.ec2x_handler
                0x08006d7c       0xec build/EC2x.o
                0x08006d7c                ec2x_handler
 .text.ec2x_timeout_handle
                0x08006e68       0x20 build/EC2x.o
                0x08006e68                ec2x_timeout_handle
 .text.ec2x_replymatch
                0x08006e88       0x70 build/EC2x.o
                0x08006e88                ec2x_replymatch
 .text.Reset_Handler
                0x08006ef8       0x50 build/startup_stm32l431xx.o
                0x08006ef8                Reset_Handler
 .text.Default_Handler
                0x08006f48        0x2 build/startup_stm32l431xx.o
                0x08006f48                RTC_Alarm_IRQHandler
                0x08006f48                EXTI2_IRQHandler
                0x08006f48                TIM1_CC_IRQHandler
                0x08006f48                TSC_IRQHandler
                0x08006f48                TAMP_STAMP_IRQHandler
                0x08006f48                EXTI3_IRQHandler
                0x08006f48                LPTIM2_IRQHandler
                0x08006f48                I2C3_ER_IRQHandler
                0x08006f48                EXTI0_IRQHandler
                0x08006f48                I2C2_EV_IRQHandler
                0x08006f48                CAN1_RX0_IRQHandler
                0x08006f48                FPU_IRQHandler
                0x08006f48                TIM1_UP_TIM16_IRQHandler
                0x08006f48                SPI1_IRQHandler
                0x08006f48                TIM6_DAC_IRQHandler
                0x08006f48                DMA2_Channel2_IRQHandler
                0x08006f48                DMA1_Channel4_IRQHandler
                0x08006f48                ADC1_IRQHandler
                0x08006f48                DMA1_Channel7_IRQHandler
                0x08006f48                CAN1_RX1_IRQHandler
                0x08006f48                DMA2_Channel1_IRQHandler
                0x08006f48                QUADSPI_IRQHandler
                0x08006f48                I2C1_EV_IRQHandler
                0x08006f48                DMA1_Channel6_IRQHandler
                0x08006f48                DMA2_Channel4_IRQHandler
                0x08006f48                RCC_IRQHandler
                0x08006f48                TIM1_TRG_COM_IRQHandler
                0x08006f48                DMA1_Channel1_IRQHandler
                0x08006f48                Default_Handler
                0x08006f48                DMA2_Channel7_IRQHandler
                0x08006f48                EXTI15_10_IRQHandler
                0x08006f48                TIM7_IRQHandler
                0x08006f48                SDMMC1_IRQHandler
                0x08006f48                I2C3_EV_IRQHandler
                0x08006f48                EXTI9_5_IRQHandler
                0x08006f48                RTC_WKUP_IRQHandler
                0x08006f48                PVD_PVM_IRQHandler
                0x08006f48                CAN1_TX_IRQHandler
                0x08006f48                DMA2_Channel5_IRQHandler
                0x08006f48                CRS_IRQHandler
                0x08006f48                DMA1_Channel5_IRQHandler
                0x08006f48                EXTI4_IRQHandler
                0x08006f48                RNG_IRQHandler
                0x08006f48                DMA1_Channel3_IRQHandler
                0x08006f48                COMP_IRQHandler
                0x08006f48                WWDG_IRQHandler
                0x08006f48                LPUART1_IRQHandler
                0x08006f48                DMA2_Channel6_IRQHandler
                0x08006f48                TIM2_IRQHandler
                0x08006f48                EXTI1_IRQHandler
                0x08006f48                I2C2_ER_IRQHandler
                0x08006f48                DMA1_Channel2_IRQHandler
                0x08006f48                CAN1_SCE_IRQHandler
                0x08006f48                FLASH_IRQHandler
                0x08006f48                I2C1_ER_IRQHandler
                0x08006f48                SWPMI1_IRQHandler
                0x08006f48                LPTIM1_IRQHandler
                0x08006f48                SAI1_IRQHandler
                0x08006f48                DMA2_Channel3_IRQHandler
                0x08006f48                TIM1_BRK_TIM15_IRQHandler
 *fill*         0x08006f4a        0x2 
 .text.__libc_init_array
                0x08006f4c       0x48 e:/gcc-arm-none-eabi-10.3-2021.10-win32/gcc-arm-none-eabi-10.3-2021.10/bin/../lib/gcc/arm-none-eabi/10.3.1/../../../../arm-none-eabi/lib/thumb/v7e-m+fp/hard\libc_nano.a(lib_a-init.o)
                0x08006f4c                __libc_init_array
 .text.malloc   0x08006f94       0x10 e:/gcc-arm-none-eabi-10.3-2021.10-win32/gcc-arm-none-eabi-10.3-2021.10/bin/../lib/gcc/arm-none-eabi/10.3.1/../../../../arm-none-eabi/lib/thumb/v7e-m+fp/hard\libc_nano.a(lib_a-malloc.o)
                0x08006f94                malloc
 .text.free     0x08006fa4       0x10 e:/gcc-arm-none-eabi-10.3-2021.10-win32/gcc-arm-none-eabi-10.3-2021.10/bin/../lib/gcc/arm-none-eabi/10.3.1/../../../../arm-none-eabi/lib/thumb/v7e-m+fp/hard\libc_nano.a(lib_a-malloc.o)
                0x08006fa4                free
 .text.memcpy   0x08006fb4       0x1c e:/gcc-arm-none-eabi-10.3-2021.10-win32/gcc-arm-none-eabi-10.3-2021.10/bin/../lib/gcc/arm-none-eabi/10.3.1/../../../../arm-none-eabi/lib/thumb/v7e-m+fp/hard\libc_nano.a(lib_a-memcpy-stub.o)
                0x08006fb4                memcpy
 .text.memset   0x08006fd0       0x10 e:/gcc-arm-none-eabi-10.3-2021.10-win32/gcc-arm-none-eabi-10.3-2021.10/bin/../lib/gcc/arm-none-eabi/10.3.1/../../../../arm-none-eabi/lib/thumb/v7e-m+fp/hard\libc_nano.a(lib_a-memset.o)
                0x08006fd0                memset
 .text._free_r  0x08006fe0       0x98 e:/gcc-arm-none-eabi-10.3-2021.10-win32/gcc-arm-none-eabi-10.3-2021.10/bin/../lib/gcc/arm-none-eabi/10.3.1/../../../../arm-none-eabi/lib/thumb/v7e-m+fp/hard\libc_nano.a(lib_a-nano-freer.o)
                0x08006fe0                _free_r
 .text.sbrk_aligned
                0x08007078       0x40 e:/gcc-arm-none-eabi-10.3-2021.10-win32/gcc-arm-none-eabi-10.3-2021.10/bin/../lib/gcc/arm-none-eabi/10.3.1/../../../../arm-none-eabi/lib/thumb/v7e-m+fp/hard\libc_nano.a(lib_a-nano-mallocr.o)
 .text._malloc_r
                0x080070b8       0xe8 e:/gcc-arm-none-eabi-10.3-2021.10-win32/gcc-arm-none-eabi-10.3-2021.10/bin/../lib/gcc/arm-none-eabi/10.3.1/../../../../arm-none-eabi/lib/thumb/v7e-m+fp/hard\libc_nano.a(lib_a-nano-mallocr.o)
                0x080070b8                _malloc_r
 .text.__cvt    0x080071a0       0xc4 e:/gcc-arm-none-eabi-10.3-2021.10-win32/gcc-arm-none-eabi-10.3-2021.10/bin/../lib/gcc/arm-none-eabi/10.3.1/../../../../arm-none-eabi/lib/thumb/v7e-m+fp/hard\libc_nano.a(lib_a-nano-vfprintf_float.o)
                0x080071a0                __cvt
 .text.__exponent
                0x08007264       0x7c e:/gcc-arm-none-eabi-10.3-2021.10-win32/gcc-arm-none-eabi-10.3-2021.10/bin/../lib/gcc/arm-none-eabi/10.3.1/../../../../arm-none-eabi/lib/thumb/v7e-m+fp/hard\libc_nano.a(lib_a-nano-vfprintf_float.o)
                0x08007264                __exponent
 .text._printf_float
                0x080072e0      0x46c e:/gcc-arm-none-eabi-10.3-2021.10-win32/gcc-arm-none-eabi-10.3-2021.10/bin/../lib/gcc/arm-none-eabi/10.3.1/../../../../arm-none-eabi/lib/thumb/v7e-m+fp/hard\libc_nano.a(lib_a-nano-vfprintf_float.o)
                0x080072e0                _printf_float
 .text._printf_common
                0x0800774c       0xda e:/gcc-arm-none-eabi-10.3-2021.10-win32/gcc-arm-none-eabi-10.3-2021.10/bin/../lib/gcc/arm-none-eabi/10.3.1/../../../../arm-none-eabi/lib/thumb/v7e-m+fp/hard\libc_nano.a(lib_a-nano-vfprintf_i.o)
                0x0800774c                _printf_common
 *fill*         0x08007826        0x2 
 .text._printf_i
                0x08007828      0x24c e:/gcc-arm-none-eabi-10.3-2021.10-win32/gcc-arm-none-eabi-10.3-2021.10/bin/../lib/gcc/arm-none-eabi/10.3.1/../../../../arm-none-eabi/lib/thumb/v7e-m+fp/hard\libc_nano.a(lib_a-nano-vfprintf_i.o)
                0x08007828                _printf_i
 .text._sbrk_r  0x08007a74       0x20 e:/gcc-arm-none-eabi-10.3-2021.10-win32/gcc-arm-none-eabi-10.3-2021.10/bin/../lib/gcc/arm-none-eabi/10.3.1/../../../../arm-none-eabi/lib/thumb/v7e-m+fp/hard\libc_nano.a(lib_a-sbrkr.o)
                0x08007a74                _sbrk_r
 .text.strncmp  0x08007a94       0x28 e:/gcc-arm-none-eabi-10.3-2021.10-win32/gcc-arm-none-eabi-10.3-2021.10/bin/../lib/gcc/arm-none-eabi/10.3.1/../../../../arm-none-eabi/lib/thumb/v7e-m+fp/hard\libc_nano.a(lib_a-strncmp.o)
                0x08007a94                strncmp
 .text.strstr   0x08007abc       0x2c e:/gcc-arm-none-eabi-10.3-2021.10-win32/gcc-arm-none-eabi-10.3-2021.10/bin/../lib/gcc/arm-none-eabi/10.3.1/../../../../arm-none-eabi/lib/thumb/v7e-m+fp/hard\libc_nano.a(lib_a-strstr.o)
                0x08007abc                strstr
 .text._vsnprintf_r
                0x08007ae8       0x56 e:/gcc-arm-none-eabi-10.3-2021.10-win32/gcc-arm-none-eabi-10.3-2021.10/bin/../lib/gcc/arm-none-eabi/10.3.1/../../../../arm-none-eabi/lib/thumb/v7e-m+fp/hard\libc_nano.a(lib_a-vsnprintf.o)
                0x08007ae8                _vsniprintf_r
                0x08007ae8                _vsnprintf_r
 *fill*         0x08007b3e        0x2 
 .text.vsnprintf
                0x08007b40       0x1c e:/gcc-arm-none-eabi-10.3-2021.10-win32/gcc-arm-none-eabi-10.3-2021.10/bin/../lib/gcc/arm-none-eabi/10.3.1/../../../../arm-none-eabi/lib/thumb/v7e-m+fp/hard\libc_nano.a(lib_a-vsnprintf.o)
                0x08007b40                vsniprintf
                0x08007b40                vsnprintf
 .text.quorem   0x08007b5c      0x116 e:/gcc-arm-none-eabi-10.3-2021.10-win32/gcc-arm-none-eabi-10.3-2021.10/bin/../lib/gcc/arm-none-eabi/10.3.1/../../../../arm-none-eabi/lib/thumb/v7e-m+fp/hard\libc_nano.a(lib_a-dtoa.o)
 *fill*         0x08007c72        0x6 
 .text._dtoa_r  0x08007c78      0xbdc e:/gcc-arm-none-eabi-10.3-2021.10-win32/gcc-arm-none-eabi-10.3-2021.10/bin/../lib/gcc/arm-none-eabi/10.3.1/../../../../arm-none-eabi/lib/thumb/v7e-m+fp/hard\libc_nano.a(lib_a-dtoa.o)
                0x08007c78                _dtoa_r
 .text._localeconv_r
                0x08008854        0x8 e:/gcc-arm-none-eabi-10.3-2021.10-win32/gcc-arm-none-eabi-10.3-2021.10/bin/../lib/gcc/arm-none-eabi/10.3.1/../../../../arm-none-eabi/lib/thumb/v7e-m+fp/hard\libc_nano.a(lib_a-localeconv.o)
                0x08008854                _localeconv_r
 .text.__malloc_lock
                0x0800885c        0xc e:/gcc-arm-none-eabi-10.3-2021.10-win32/gcc-arm-none-eabi-10.3-2021.10/bin/../lib/gcc/arm-none-eabi/10.3.1/../../../../arm-none-eabi/lib/thumb/v7e-m+fp/hard\libc_nano.a(lib_a-mlock.o)
                0x0800885c                __malloc_lock
 .text.__malloc_unlock
                0x08008868        0xc e:/gcc-arm-none-eabi-10.3-2021.10-win32/gcc-arm-none-eabi-10.3-2021.10/bin/../lib/gcc/arm-none-eabi/10.3.1/../../../../arm-none-eabi/lib/thumb/v7e-m+fp/hard\libc_nano.a(lib_a-mlock.o)
                0x08008868                __malloc_unlock
 .text._Balloc  0x08008874       0x80 e:/gcc-arm-none-eabi-10.3-2021.10-win32/gcc-arm-none-eabi-10.3-2021.10/bin/../lib/gcc/arm-none-eabi/10.3.1/../../../../arm-none-eabi/lib/thumb/v7e-m+fp/hard\libc_nano.a(lib_a-mprec.o)
                0x08008874                _Balloc
 .text._Bfree   0x080088f4       0x44 e:/gcc-arm-none-eabi-10.3-2021.10-win32/gcc-arm-none-eabi-10.3-2021.10/bin/../lib/gcc/arm-none-eabi/10.3.1/../../../../arm-none-eabi/lib/thumb/v7e-m+fp/hard\libc_nano.a(lib_a-mprec.o)
                0x080088f4                _Bfree
 .text.__multadd
                0x08008938       0x8c e:/gcc-arm-none-eabi-10.3-2021.10-win32/gcc-arm-none-eabi-10.3-2021.10/bin/../lib/gcc/arm-none-eabi/10.3.1/../../../../arm-none-eabi/lib/thumb/v7e-m+fp/hard\libc_nano.a(lib_a-mprec.o)
                0x08008938                __multadd
 .text.__hi0bits
                0x080089c4       0x40 e:/gcc-arm-none-eabi-10.3-2021.10-win32/gcc-arm-none-eabi-10.3-2021.10/bin/../lib/gcc/arm-none-eabi/10.3.1/../../../../arm-none-eabi/lib/thumb/v7e-m+fp/hard\libc_nano.a(lib_a-mprec.o)
                0x080089c4                __hi0bits
 .text.__lo0bits
                0x08008a04       0x5e e:/gcc-arm-none-eabi-10.3-2021.10-win32/gcc-arm-none-eabi-10.3-2021.10/bin/../lib/gcc/arm-none-eabi/10.3.1/../../../../arm-none-eabi/lib/thumb/v7e-m+fp/hard\libc_nano.a(lib_a-mprec.o)
                0x08008a04                __lo0bits
 *fill*         0x08008a62        0x2 
 .text.__i2b    0x08008a64       0x2c e:/gcc-arm-none-eabi-10.3-2021.10-win32/gcc-arm-none-eabi-10.3-2021.10/bin/../lib/gcc/arm-none-eabi/10.3.1/../../../../arm-none-eabi/lib/thumb/v7e-m+fp/hard\libc_nano.a(lib_a-mprec.o)
                0x08008a64                __i2b
 .text.__multiply
                0x08008a90      0x154 e:/gcc-arm-none-eabi-10.3-2021.10-win32/gcc-arm-none-eabi-10.3-2021.10/bin/../lib/gcc/arm-none-eabi/10.3.1/../../../../arm-none-eabi/lib/thumb/v7e-m+fp/hard\libc_nano.a(lib_a-mprec.o)
                0x08008a90                __multiply
 .text.__pow5mult
                0x08008be4       0xb4 e:/gcc-arm-none-eabi-10.3-2021.10-win32/gcc-arm-none-eabi-10.3-2021.10/bin/../lib/gcc/arm-none-eabi/10.3.1/../../../../arm-none-eabi/lib/thumb/v7e-m+fp/hard\libc_nano.a(lib_a-mprec.o)
                0x08008be4                __pow5mult
 .text.__lshift
                0x08008c98       0xe0 e:/gcc-arm-none-eabi-10.3-2021.10-win32/gcc-arm-none-eabi-10.3-2021.10/bin/../lib/gcc/arm-none-eabi/10.3.1/../../../../arm-none-eabi/lib/thumb/v7e-m+fp/hard\libc_nano.a(lib_a-mprec.o)
                0x08008c98                __lshift
 .text.__mcmp   0x08008d78       0x38 e:/gcc-arm-none-eabi-10.3-2021.10-win32/gcc-arm-none-eabi-10.3-2021.10/bin/../lib/gcc/arm-none-eabi/10.3.1/../../../../arm-none-eabi/lib/thumb/v7e-m+fp/hard\libc_nano.a(lib_a-mprec.o)
                0x08008d78                __mcmp
 .text.__mdiff  0x08008db0      0x114 e:/gcc-arm-none-eabi-10.3-2021.10-win32/gcc-arm-none-eabi-10.3-2021.10/bin/../lib/gcc/arm-none-eabi/10.3.1/../../../../arm-none-eabi/lib/thumb/v7e-m+fp/hard\libc_nano.a(lib_a-mprec.o)
                0x08008db0                __mdiff
 .text.__d2b    0x08008ec4       0xb8 e:/gcc-arm-none-eabi-10.3-2021.10-win32/gcc-arm-none-eabi-10.3-2021.10/bin/../lib/gcc/arm-none-eabi/10.3.1/../../../../arm-none-eabi/lib/thumb/v7e-m+fp/hard\libc_nano.a(lib_a-mprec.o)
                0x08008ec4                __d2b
 .text._calloc_r
                0x08008f7c       0x2c e:/gcc-arm-none-eabi-10.3-2021.10-win32/gcc-arm-none-eabi-10.3-2021.10/bin/../lib/gcc/arm-none-eabi/10.3.1/../../../../arm-none-eabi/lib/thumb/v7e-m+fp/hard\libc_nano.a(lib_a-nano-callocr.o)
                0x08008f7c                _calloc_r
 .text.__ssputs_r
                0x08008fa8       0xb6 e:/gcc-arm-none-eabi-10.3-2021.10-win32/gcc-arm-none-eabi-10.3-2021.10/bin/../lib/gcc/arm-none-eabi/10.3.1/../../../../arm-none-eabi/lib/thumb/v7e-m+fp/hard\libc_nano.a(lib_a-nano-svfprintf.o)
                0x08008fa8                __ssputs_r
 *fill*         0x0800905e        0x2 
 .text._svfprintf_r
                0x08009060      0x200 e:/gcc-arm-none-eabi-10.3-2021.10-win32/gcc-arm-none-eabi-10.3-2021.10/bin/../lib/gcc/arm-none-eabi/10.3.1/../../../../arm-none-eabi/lib/thumb/v7e-m+fp/hard\libc_nano.a(lib_a-nano-svfprintf.o)
                0x08009060                _svfiprintf_r
                0x08009060                _svfprintf_r
 .text.__assert_func
                0x08009260       0x3c e:/gcc-arm-none-eabi-10.3-2021.10-win32/gcc-arm-none-eabi-10.3-2021.10/bin/../lib/gcc/arm-none-eabi/10.3.1/../../../../arm-none-eabi/lib/thumb/v7e-m+fp/hard\libc_nano.a(lib_a-assert.o)
                0x08009260                __assert_func
 .text.fprintf  0x0800929c       0x24 e:/gcc-arm-none-eabi-10.3-2021.10-win32/gcc-arm-none-eabi-10.3-2021.10/bin/../lib/gcc/arm-none-eabi/10.3.1/../../../../arm-none-eabi/lib/thumb/v7e-m+fp/hard\libc_nano.a(lib_a-fprintf.o)
                0x0800929c                fiprintf
                0x0800929c                fprintf
 .text.__retarget_lock_init_recursive
                0x080092c0        0x2 e:/gcc-arm-none-eabi-10.3-2021.10-win32/gcc-arm-none-eabi-10.3-2021.10/bin/../lib/gcc/arm-none-eabi/10.3.1/../../../../arm-none-eabi/lib/thumb/v7e-m+fp/hard\libc_nano.a(lib_a-lock.o)
                0x080092c0                __retarget_lock_init_recursive
 .text.__retarget_lock_acquire_recursive
                0x080092c2        0x2 e:/gcc-arm-none-eabi-10.3-2021.10-win32/gcc-arm-none-eabi-10.3-2021.10/bin/../lib/gcc/arm-none-eabi/10.3.1/../../../../arm-none-eabi/lib/thumb/v7e-m+fp/hard\libc_nano.a(lib_a-lock.o)
                0x080092c2                __retarget_lock_acquire_recursive
 .text.__retarget_lock_release_recursive
                0x080092c4        0x2 e:/gcc-arm-none-eabi-10.3-2021.10-win32/gcc-arm-none-eabi-10.3-2021.10/bin/../lib/gcc/arm-none-eabi/10.3.1/../../../../arm-none-eabi/lib/thumb/v7e-m+fp/hard\libc_nano.a(lib_a-lock.o)
                0x080092c4                __retarget_lock_release_recursive
 .text.__ascii_mbtowc
                0x080092c6       0x24 e:/gcc-arm-none-eabi-10.3-2021.10-win32/gcc-arm-none-eabi-10.3-2021.10/bin/../lib/gcc/arm-none-eabi/10.3.1/../../../../arm-none-eabi/lib/thumb/v7e-m+fp/hard\libc_nano.a(lib_a-mbtowc_r.o)
                0x080092c6                __ascii_mbtowc
 .text.memmove  0x080092ea       0x34 e:/gcc-arm-none-eabi-10.3-2021.10-win32/gcc-arm-none-eabi-10.3-2021.10/bin/../lib/gcc/arm-none-eabi/10.3.1/../../../../arm-none-eabi/lib/thumb/v7e-m+fp/hard\libc_nano.a(lib_a-memmove.o)
                0x080092ea                memmove
 .text._realloc_r
                0x0800931e       0x5e e:/gcc-arm-none-eabi-10.3-2021.10-win32/gcc-arm-none-eabi-10.3-2021.10/bin/../lib/gcc/arm-none-eabi/10.3.1/../../../../arm-none-eabi/lib/thumb/v7e-m+fp/hard\libc_nano.a(lib_a-nano-reallocr.o)
                0x0800931e                _realloc_r
 .text.__sfputc_r
                0x0800937c       0x2e e:/gcc-arm-none-eabi-10.3-2021.10-win32/gcc-arm-none-eabi-10.3-2021.10/bin/../lib/gcc/arm-none-eabi/10.3.1/../../../../arm-none-eabi/lib/thumb/v7e-m+fp/hard\libc_nano.a(lib_a-nano-vfprintf.o)
 .text.__sfputs_r
                0x080093aa       0x24 e:/gcc-arm-none-eabi-10.3-2021.10-win32/gcc-arm-none-eabi-10.3-2021.10/bin/../lib/gcc/arm-none-eabi/10.3.1/../../../../arm-none-eabi/lib/thumb/v7e-m+fp/hard\libc_nano.a(lib_a-nano-vfprintf.o)
                0x080093aa                __sfputs_r
 *fill*         0x080093ce        0x2 
 .text._vfprintf_r
                0x080093d0      0x260 e:/gcc-arm-none-eabi-10.3-2021.10-win32/gcc-arm-none-eabi-10.3-2021.10/bin/../lib/gcc/arm-none-eabi/10.3.1/../../../../arm-none-eabi/lib/thumb/v7e-m+fp/hard\libc_nano.a(lib_a-nano-vfprintf.o)
                0x080093d0                _vfprintf_r
                0x080093d0                _vfiprintf_r
 .text.__swbuf_r
                0x08009630       0xa4 e:/gcc-arm-none-eabi-10.3-2021.10-win32/gcc-arm-none-eabi-10.3-2021.10/bin/../lib/gcc/arm-none-eabi/10.3.1/../../../../arm-none-eabi/lib/thumb/v7e-m+fp/hard\libc_nano.a(lib_a-wbuf.o)
                0x08009630                __swbuf_r
 .text.__ascii_wctomb
                0x080096d4       0x1a e:/gcc-arm-none-eabi-10.3-2021.10-win32/gcc-arm-none-eabi-10.3-2021.10/bin/../lib/gcc/arm-none-eabi/10.3.1/../../../../arm-none-eabi/lib/thumb/v7e-m+fp/hard\libc_nano.a(lib_a-wctomb_r.o)
                0x080096d4                __ascii_wctomb
 *fill*         0x080096ee        0x2 
 .text.__swsetup_r
                0x080096f0       0xdc e:/gcc-arm-none-eabi-10.3-2021.10-win32/gcc-arm-none-eabi-10.3-2021.10/bin/../lib/gcc/arm-none-eabi/10.3.1/../../../../arm-none-eabi/lib/thumb/v7e-m+fp/hard\libc_nano.a(lib_a-wsetup.o)
                0x080096f0                __swsetup_r
 .text.abort    0x080097cc        0xe e:/gcc-arm-none-eabi-10.3-2021.10-win32/gcc-arm-none-eabi-10.3-2021.10/bin/../lib/gcc/arm-none-eabi/10.3.1/../../../../arm-none-eabi/lib/thumb/v7e-m+fp/hard\libc_nano.a(lib_a-abort.o)
                0x080097cc                abort
 *fill*         0x080097da        0x2 
 .text.__sflush_r
                0x080097dc      0x10c e:/gcc-arm-none-eabi-10.3-2021.10-win32/gcc-arm-none-eabi-10.3-2021.10/bin/../lib/gcc/arm-none-eabi/10.3.1/../../../../arm-none-eabi/lib/thumb/v7e-m+fp/hard\libc_nano.a(lib_a-fflush.o)
                0x080097dc                __sflush_r
 .text._fflush_r
                0x080098e8       0x78 e:/gcc-arm-none-eabi-10.3-2021.10-win32/gcc-arm-none-eabi-10.3-2021.10/bin/../lib/gcc/arm-none-eabi/10.3.1/../../../../arm-none-eabi/lib/thumb/v7e-m+fp/hard\libc_nano.a(lib_a-fflush.o)
                0x080098e8                _fflush_r
 .text.std      0x08009960       0x48 e:/gcc-arm-none-eabi-10.3-2021.10-win32/gcc-arm-none-eabi-10.3-2021.10/bin/../lib/gcc/arm-none-eabi/10.3.1/../../../../arm-none-eabi/lib/thumb/v7e-m+fp/hard\libc_nano.a(lib_a-findfp.o)
 .text._cleanup_r
                0x080099a8        0xc e:/gcc-arm-none-eabi-10.3-2021.10-win32/gcc-arm-none-eabi-10.3-2021.10/bin/../lib/gcc/arm-none-eabi/10.3.1/../../../../arm-none-eabi/lib/thumb/v7e-m+fp/hard\libc_nano.a(lib_a-findfp.o)
                0x080099a8                _cleanup_r
 .text.__sfmoreglue
                0x080099b4       0x2c e:/gcc-arm-none-eabi-10.3-2021.10-win32/gcc-arm-none-eabi-10.3-2021.10/bin/../lib/gcc/arm-none-eabi/10.3.1/../../../../arm-none-eabi/lib/thumb/v7e-m+fp/hard\libc_nano.a(lib_a-findfp.o)
                0x080099b4                __sfmoreglue
 .text.__sfp_lock_acquire
                0x080099e0        0xc e:/gcc-arm-none-eabi-10.3-2021.10-win32/gcc-arm-none-eabi-10.3-2021.10/bin/../lib/gcc/arm-none-eabi/10.3.1/../../../../arm-none-eabi/lib/thumb/v7e-m+fp/hard\libc_nano.a(lib_a-findfp.o)
                0x080099e0                __sfp_lock_acquire
 .text.__sfp_lock_release
                0x080099ec        0xc e:/gcc-arm-none-eabi-10.3-2021.10-win32/gcc-arm-none-eabi-10.3-2021.10/bin/../lib/gcc/arm-none-eabi/10.3.1/../../../../arm-none-eabi/lib/thumb/v7e-m+fp/hard\libc_nano.a(lib_a-findfp.o)
                0x080099ec                __sfp_lock_release
 .text.__sinit_lock_acquire
                0x080099f8        0xc e:/gcc-arm-none-eabi-10.3-2021.10-win32/gcc-arm-none-eabi-10.3-2021.10/bin/../lib/gcc/arm-none-eabi/10.3.1/../../../../arm-none-eabi/lib/thumb/v7e-m+fp/hard\libc_nano.a(lib_a-findfp.o)
                0x080099f8                __sinit_lock_acquire
 .text.__sinit_lock_release
                0x08009a04        0xc e:/gcc-arm-none-eabi-10.3-2021.10-win32/gcc-arm-none-eabi-10.3-2021.10/bin/../lib/gcc/arm-none-eabi/10.3.1/../../../../arm-none-eabi/lib/thumb/v7e-m+fp/hard\libc_nano.a(lib_a-findfp.o)
                0x08009a04                __sinit_lock_release
 .text.__sinit  0x08009a10       0x70 e:/gcc-arm-none-eabi-10.3-2021.10-win32/gcc-arm-none-eabi-10.3-2021.10/bin/../lib/gcc/arm-none-eabi/10.3.1/../../../../arm-none-eabi/lib/thumb/v7e-m+fp/hard\libc_nano.a(lib_a-findfp.o)
                0x08009a10                __sinit
 .text.__sfp    0x08009a80       0x8c e:/gcc-arm-none-eabi-10.3-2021.10-win32/gcc-arm-none-eabi-10.3-2021.10/bin/../lib/gcc/arm-none-eabi/10.3.1/../../../../arm-none-eabi/lib/thumb/v7e-m+fp/hard\libc_nano.a(lib_a-findfp.o)
                0x08009a80                __sfp
 .text._fwalk_reent
                0x08009b0c       0x3e e:/gcc-arm-none-eabi-10.3-2021.10-win32/gcc-arm-none-eabi-10.3-2021.10/bin/../lib/gcc/arm-none-eabi/10.3.1/../../../../arm-none-eabi/lib/thumb/v7e-m+fp/hard\libc_nano.a(lib_a-fwalk.o)
                0x08009b0c                _fwalk_reent
 .text.__swhatbuf_r
                0x08009b4a       0x4a e:/gcc-arm-none-eabi-10.3-2021.10-win32/gcc-arm-none-eabi-10.3-2021.10/bin/../lib/gcc/arm-none-eabi/10.3.1/../../../../arm-none-eabi/lib/thumb/v7e-m+fp/hard\libc_nano.a(lib_a-makebuf.o)
                0x08009b4a                __swhatbuf_r
 .text.__smakebuf_r
                0x08009b94       0x80 e:/gcc-arm-none-eabi-10.3-2021.10-win32/gcc-arm-none-eabi-10.3-2021.10/bin/../lib/gcc/arm-none-eabi/10.3.1/../../../../arm-none-eabi/lib/thumb/v7e-m+fp/hard\libc_nano.a(lib_a-makebuf.o)
                0x08009b94                __smakebuf_r
 .text._malloc_usable_size_r
                0x08009c14       0x10 e:/gcc-arm-none-eabi-10.3-2021.10-win32/gcc-arm-none-eabi-10.3-2021.10/bin/../lib/gcc/arm-none-eabi/10.3.1/../../../../arm-none-eabi/lib/thumb/v7e-m+fp/hard\libc_nano.a(lib_a-nano-msizer.o)
                0x08009c14                _malloc_usable_size_r
 .text._raise_r
                0x08009c24       0x50 e:/gcc-arm-none-eabi-10.3-2021.10-win32/gcc-arm-none-eabi-10.3-2021.10/bin/../lib/gcc/arm-none-eabi/10.3.1/../../../../arm-none-eabi/lib/thumb/v7e-m+fp/hard\libc_nano.a(lib_a-signal.o)
                0x08009c24                _raise_r
 .text.raise    0x08009c74       0x10 e:/gcc-arm-none-eabi-10.3-2021.10-win32/gcc-arm-none-eabi-10.3-2021.10/bin/../lib/gcc/arm-none-eabi/10.3.1/../../../../arm-none-eabi/lib/thumb/v7e-m+fp/hard\libc_nano.a(lib_a-signal.o)
                0x08009c74                raise
 .text._kill_r  0x08009c84       0x24 e:/gcc-arm-none-eabi-10.3-2021.10-win32/gcc-arm-none-eabi-10.3-2021.10/bin/../lib/gcc/arm-none-eabi/10.3.1/../../../../arm-none-eabi/lib/thumb/v7e-m+fp/hard\libc_nano.a(lib_a-signalr.o)
                0x08009c84                _kill_r
 .text._getpid_r
                0x08009ca8        0x4 e:/gcc-arm-none-eabi-10.3-2021.10-win32/gcc-arm-none-eabi-10.3-2021.10/bin/../lib/gcc/arm-none-eabi/10.3.1/../../../../arm-none-eabi/lib/thumb/v7e-m+fp/hard\libc_nano.a(lib_a-signalr.o)
                0x08009ca8                _getpid_r
 .text.__sread  0x08009cac       0x22 e:/gcc-arm-none-eabi-10.3-2021.10-win32/gcc-arm-none-eabi-10.3-2021.10/bin/../lib/gcc/arm-none-eabi/10.3.1/../../../../arm-none-eabi/lib/thumb/v7e-m+fp/hard\libc_nano.a(lib_a-stdio.o)
                0x08009cac                __sread
 .text.__swrite
                0x08009cce       0x38 e:/gcc-arm-none-eabi-10.3-2021.10-win32/gcc-arm-none-eabi-10.3-2021.10/bin/../lib/gcc/arm-none-eabi/10.3.1/../../../../arm-none-eabi/lib/thumb/v7e-m+fp/hard\libc_nano.a(lib_a-stdio.o)
                0x08009cce                __swrite
 .text.__sseek  0x08009d06       0x24 e:/gcc-arm-none-eabi-10.3-2021.10-win32/gcc-arm-none-eabi-10.3-2021.10/bin/../lib/gcc/arm-none-eabi/10.3.1/../../../../arm-none-eabi/lib/thumb/v7e-m+fp/hard\libc_nano.a(lib_a-stdio.o)
                0x08009d06                __sseek
 .text.__sclose
                0x08009d2a        0x8 e:/gcc-arm-none-eabi-10.3-2021.10-win32/gcc-arm-none-eabi-10.3-2021.10/bin/../lib/gcc/arm-none-eabi/10.3.1/../../../../arm-none-eabi/lib/thumb/v7e-m+fp/hard\libc_nano.a(lib_a-stdio.o)
                0x08009d2a                __sclose
 *fill*         0x08009d32        0x2 
 .text._write_r
                0x08009d34       0x24 e:/gcc-arm-none-eabi-10.3-2021.10-win32/gcc-arm-none-eabi-10.3-2021.10/bin/../lib/gcc/arm-none-eabi/10.3.1/../../../../arm-none-eabi/lib/thumb/v7e-m+fp/hard\libc_nano.a(lib_a-writer.o)
                0x08009d34                _write_r
 .text._close_r
                0x08009d58       0x20 e:/gcc-arm-none-eabi-10.3-2021.10-win32/gcc-arm-none-eabi-10.3-2021.10/bin/../lib/gcc/arm-none-eabi/10.3.1/../../../../arm-none-eabi/lib/thumb/v7e-m+fp/hard\libc_nano.a(lib_a-closer.o)
                0x08009d58                _close_r
 .text._fstat_r
                0x08009d78       0x24 e:/gcc-arm-none-eabi-10.3-2021.10-win32/gcc-arm-none-eabi-10.3-2021.10/bin/../lib/gcc/arm-none-eabi/10.3.1/../../../../arm-none-eabi/lib/thumb/v7e-m+fp/hard\libc_nano.a(lib_a-fstatr.o)
                0x08009d78                _fstat_r
 .text._isatty_r
                0x08009d9c       0x20 e:/gcc-arm-none-eabi-10.3-2021.10-win32/gcc-arm-none-eabi-10.3-2021.10/bin/../lib/gcc/arm-none-eabi/10.3.1/../../../../arm-none-eabi/lib/thumb/v7e-m+fp/hard\libc_nano.a(lib_a-isattyr.o)
                0x08009d9c                _isatty_r
 .text._lseek_r
                0x08009dbc       0x24 e:/gcc-arm-none-eabi-10.3-2021.10-win32/gcc-arm-none-eabi-10.3-2021.10/bin/../lib/gcc/arm-none-eabi/10.3.1/../../../../arm-none-eabi/lib/thumb/v7e-m+fp/hard\libc_nano.a(lib_a-lseekr.o)
                0x08009dbc                _lseek_r
 .text._read_r  0x08009de0       0x24 e:/gcc-arm-none-eabi-10.3-2021.10-win32/gcc-arm-none-eabi-10.3-2021.10/bin/../lib/gcc/arm-none-eabi/10.3.1/../../../../arm-none-eabi/lib/thumb/v7e-m+fp/hard\libc_nano.a(lib_a-readr.o)
                0x08009de0                _read_r
 *fill*         0x08009e04        0x4 
 .text.pow      0x08009e08       0xf0 e:/gcc-arm-none-eabi-10.3-2021.10-win32/gcc-arm-none-eabi-10.3-2021.10/bin/../lib/gcc/arm-none-eabi/10.3.1/../../../../arm-none-eabi/lib/thumb/v7e-m+fp/hard\libm.a(lib_a-w_pow.o)
                0x08009e08                pow
 .text.__ieee754_pow
                0x08009ef8      0xb74 e:/gcc-arm-none-eabi-10.3-2021.10-win32/gcc-arm-none-eabi-10.3-2021.10/bin/../lib/gcc/arm-none-eabi/10.3.1/../../../../arm-none-eabi/lib/thumb/v7e-m+fp/hard\libm.a(lib_a-e_pow.o)
                0x08009ef8                __ieee754_pow
 .text.__ieee754_sqrt
                0x0800aa6c      0x198 e:/gcc-arm-none-eabi-10.3-2021.10-win32/gcc-arm-none-eabi-10.3-2021.10/bin/../lib/gcc/arm-none-eabi/10.3.1/../../../../arm-none-eabi/lib/thumb/v7e-m+fp/hard\libm.a(lib_a-e_sqrt.o)
                0x0800aa6c                __ieee754_sqrt
 .text.with_errno
                0x0800ac04       0x18 e:/gcc-arm-none-eabi-10.3-2021.10-win32/gcc-arm-none-eabi-10.3-2021.10/bin/../lib/gcc/arm-none-eabi/10.3.1/../../../../arm-none-eabi/lib/thumb/v7e-m+fp/hard\libm.a(lib_a-math_err.o)
 .text.xflow    0x0800ac1c       0x2c e:/gcc-arm-none-eabi-10.3-2021.10-win32/gcc-arm-none-eabi-10.3-2021.10/bin/../lib/gcc/arm-none-eabi/10.3.1/../../../../arm-none-eabi/lib/thumb/v7e-m+fp/hard\libm.a(lib_a-math_err.o)
 .text.__math_uflow
                0x0800ac48       0x14 e:/gcc-arm-none-eabi-10.3-2021.10-win32/gcc-arm-none-eabi-10.3-2021.10/bin/../lib/gcc/arm-none-eabi/10.3.1/../../../../arm-none-eabi/lib/thumb/v7e-m+fp/hard\libm.a(lib_a-math_err.o)
                0x0800ac48                __math_uflow
 .text.__math_oflow
                0x0800ac5c       0x14 e:/gcc-arm-none-eabi-10.3-2021.10-win32/gcc-arm-none-eabi-10.3-2021.10/bin/../lib/gcc/arm-none-eabi/10.3.1/../../../../arm-none-eabi/lib/thumb/v7e-m+fp/hard\libm.a(lib_a-math_err.o)
                0x0800ac5c                __math_oflow
 .text.fabs     0x0800ac70       0x14 e:/gcc-arm-none-eabi-10.3-2021.10-win32/gcc-arm-none-eabi-10.3-2021.10/bin/../lib/gcc/arm-none-eabi/10.3.1/../../../../arm-none-eabi/lib/thumb/v7e-m+fp/hard\libm.a(lib_a-s_fabs.o)
                0x0800ac70                fabs
 .text.finite   0x0800ac84       0x18 e:/gcc-arm-none-eabi-10.3-2021.10-win32/gcc-arm-none-eabi-10.3-2021.10/bin/../lib/gcc/arm-none-eabi/10.3.1/../../../../arm-none-eabi/lib/thumb/v7e-m+fp/hard\libm.a(lib_a-s_finite.o)
                0x0800ac84                finite
 *fill*         0x0800ac9c        0x4 
 .text.scalbn   0x0800aca0      0x124 e:/gcc-arm-none-eabi-10.3-2021.10-win32/gcc-arm-none-eabi-10.3-2021.10/bin/../lib/gcc/arm-none-eabi/10.3.1/../../../../arm-none-eabi/lib/thumb/v7e-m+fp/hard\libm.a(lib_a-s_scalbn.o)
                0x0800aca0                scalbn
 .text._close   0x0800adc4       0x10 e:/gcc-arm-none-eabi-10.3-2021.10-win32/gcc-arm-none-eabi-10.3-2021.10/bin/../lib/gcc/arm-none-eabi/10.3.1/../../../../arm-none-eabi/lib/thumb/v7e-m+fp/hard\libnosys.a(close.o)
                0x0800adc4                _close
 .text._fstat   0x0800add4       0x10 e:/gcc-arm-none-eabi-10.3-2021.10-win32/gcc-arm-none-eabi-10.3-2021.10/bin/../lib/gcc/arm-none-eabi/10.3.1/../../../../arm-none-eabi/lib/thumb/v7e-m+fp/hard\libnosys.a(fstat.o)
                0x0800add4                _fstat
 .text._getpid  0x0800ade4       0x10 e:/gcc-arm-none-eabi-10.3-2021.10-win32/gcc-arm-none-eabi-10.3-2021.10/bin/../lib/gcc/arm-none-eabi/10.3.1/../../../../arm-none-eabi/lib/thumb/v7e-m+fp/hard\libnosys.a(getpid.o)
                0x0800ade4                _getpid
 .text._isatty  0x0800adf4       0x10 e:/gcc-arm-none-eabi-10.3-2021.10-win32/gcc-arm-none-eabi-10.3-2021.10/bin/../lib/gcc/arm-none-eabi/10.3.1/../../../../arm-none-eabi/lib/thumb/v7e-m+fp/hard\libnosys.a(isatty.o)
                0x0800adf4                _isatty
 .text._kill    0x0800ae04       0x10 e:/gcc-arm-none-eabi-10.3-2021.10-win32/gcc-arm-none-eabi-10.3-2021.10/bin/../lib/gcc/arm-none-eabi/10.3.1/../../../../arm-none-eabi/lib/thumb/v7e-m+fp/hard\libnosys.a(kill.o)
                0x0800ae04                _kill
 .text._lseek   0x0800ae14       0x10 e:/gcc-arm-none-eabi-10.3-2021.10-win32/gcc-arm-none-eabi-10.3-2021.10/bin/../lib/gcc/arm-none-eabi/10.3.1/../../../../arm-none-eabi/lib/thumb/v7e-m+fp/hard\libnosys.a(lseek.o)
                0x0800ae14                _lseek
 .text._read    0x0800ae24       0x10 e:/gcc-arm-none-eabi-10.3-2021.10-win32/gcc-arm-none-eabi-10.3-2021.10/bin/../lib/gcc/arm-none-eabi/10.3.1/../../../../arm-none-eabi/lib/thumb/v7e-m+fp/hard\libnosys.a(read.o)
                0x0800ae24                _read
 .text._sbrk    0x0800ae34       0x1c e:/gcc-arm-none-eabi-10.3-2021.10-win32/gcc-arm-none-eabi-10.3-2021.10/bin/../lib/gcc/arm-none-eabi/10.3.1/../../../../arm-none-eabi/lib/thumb/v7e-m+fp/hard\libnosys.a(sbrk.o)
                0x0800ae34                _sbrk
 .text._write   0x0800ae50       0x10 e:/gcc-arm-none-eabi-10.3-2021.10-win32/gcc-arm-none-eabi-10.3-2021.10/bin/../lib/gcc/arm-none-eabi/10.3.1/../../../../arm-none-eabi/lib/thumb/v7e-m+fp/hard\libnosys.a(write.o)
                0x0800ae50                _write
 .text._exit    0x0800ae60        0x4 e:/gcc-arm-none-eabi-10.3-2021.10-win32/gcc-arm-none-eabi-10.3-2021.10/bin/../lib/gcc/arm-none-eabi/10.3.1/../../../../arm-none-eabi/lib/thumb/v7e-m+fp/hard\libnosys.a(_exit.o)
                0x0800ae60                _exit
 .text.__errno  0x0800ae64        0xc e:/gcc-arm-none-eabi-10.3-2021.10-win32/gcc-arm-none-eabi-10.3-2021.10/bin/../lib/gcc/arm-none-eabi/10.3.1/../../../../arm-none-eabi/lib/thumb/v7e-m+fp/hard\libc_nano.a(lib_a-errno.o)
                0x0800ae64                __errno
 *(.glue_7)
 .glue_7        0x0800ae70        0x0 linker stubs
 *(.glue_7t)
 .glue_7t       0x0800ae70        0x0 linker stubs
 *(.eh_frame)
 .eh_frame      0x0800ae70        0x0 e:/gcc-arm-none-eabi-10.3-2021.10-win32/gcc-arm-none-eabi-10.3-2021.10/bin/../lib/gcc/arm-none-eabi/10.3.1/thumb/v7e-m+fp/hard/crtbegin.o
 *(.init)
 .init          0x0800ae70        0x4 e:/gcc-arm-none-eabi-10.3-2021.10-win32/gcc-arm-none-eabi-10.3-2021.10/bin/../lib/gcc/arm-none-eabi/10.3.1/thumb/v7e-m+fp/hard/crti.o
                0x0800ae70                _init
 .init          0x0800ae74        0x8 e:/gcc-arm-none-eabi-10.3-2021.10-win32/gcc-arm-none-eabi-10.3-2021.10/bin/../lib/gcc/arm-none-eabi/10.3.1/thumb/v7e-m+fp/hard/crtn.o
 *(.fini)
 .fini          0x0800ae7c        0x4 e:/gcc-arm-none-eabi-10.3-2021.10-win32/gcc-arm-none-eabi-10.3-2021.10/bin/../lib/gcc/arm-none-eabi/10.3.1/thumb/v7e-m+fp/hard/crti.o
                0x0800ae7c                _fini
 .fini          0x0800ae80        0x8 e:/gcc-arm-none-eabi-10.3-2021.10-win32/gcc-arm-none-eabi-10.3-2021.10/bin/../lib/gcc/arm-none-eabi/10.3.1/thumb/v7e-m+fp/hard/crtn.o
                0x0800ae88                . = ALIGN (0x8)
                0x0800ae88                _etext = .

.vfp11_veneer   0x0800ae88        0x0
 .vfp11_veneer  0x0800ae88        0x0 linker stubs

.v4_bx          0x0800ae88        0x0
 .v4_bx         0x0800ae88        0x0 linker stubs

.iplt           0x0800ae88        0x0
 .iplt          0x0800ae88        0x0 e:/gcc-arm-none-eabi-10.3-2021.10-win32/gcc-arm-none-eabi-10.3-2021.10/bin/../lib/gcc/arm-none-eabi/10.3.1/thumb/v7e-m+fp/hard/crtbegin.o

.rodata         0x0800ae88      0xc18
                0x0800ae88                . = ALIGN (0x8)
 *(.rodata)
 .rodata        0x0800ae88        0x3 build/main.o
 *(.rodata*)
 *fill*         0x0800ae8b        0x1 
 .rodata.LED_Test.str1.4
                0x0800ae8c       0x45 build/main.o
 *fill*         0x0800aed1        0x3 
 .rodata.Flash_Test.str1.4
                0x0800aed4       0x6f build/main.o
 *fill*         0x0800af43        0x1 
 .rodata.BDS_Test.str1.4
                0x0800af44        0x5 build/main.o
 *fill*         0x0800af49        0x3 
 .rodata.LDR_Value_Get.str1.4
                0x0800af4c       0x47 build/main.o
 *fill*         0x0800af93        0x1 
 .rodata.Battery_Test.str1.4
                0x0800af94       0x10 build/main.o
 .rodata.main.str1.4
                0x0800afa4       0x19 build/main.o
 *fill*         0x0800afbd        0x3 
 .rodata.shellCmdLDR_Get
                0x0800afc0        0x8 build/main.o
                0x0800afc0                shellCmdLDR_Get
 .rodata.shellCmdbattery
                0x0800afc8        0x8 build/main.o
                0x0800afc8                shellCmdbattery
 .rodata.shellCmdbds_test
                0x0800afd0        0x9 build/main.o
                0x0800afd0                shellCmdbds_test
 *fill*         0x0800afd9        0x3 
 .rodata.shellCmdflash_test
                0x0800afdc        0xb build/main.o
                0x0800afdc                shellCmdflash_test
 *fill*         0x0800afe7        0x1 
 .rodata.shellCmdled
                0x0800afe8        0x4 build/main.o
                0x0800afe8                shellCmdled
 .rodata.shellCmdrs485_send
                0x0800afec        0xb build/main.o
                0x0800afec                shellCmdrs485_send
 *fill*         0x0800aff7        0x1 
 .rodata.shellDescLDR_Get
                0x0800aff8        0xe build/main.o
                0x0800aff8                shellDescLDR_Get
 *fill*         0x0800b006        0x2 
 .rodata.shellDescbattery
                0x0800b008       0x1a build/main.o
                0x0800b008                shellDescbattery
 *fill*         0x0800b022        0x2 
 .rodata.shellDescbds_test
                0x0800b024        0xd build/main.o
                0x0800b024                shellDescbds_test
 *fill*         0x0800b031        0x3 
 .rodata.shellDescflash_test
                0x0800b034       0x10 build/main.o
                0x0800b034                shellDescflash_test
 .rodata.shellDescled
                0x0800b044        0xe build/main.o
                0x0800b044                shellDescled
 *fill*         0x0800b052        0x2 
 .rodata.shellDescrs485_send
                0x0800b054       0x10 build/main.o
                0x0800b054                shellDescrs485_send
 .rodata.AHBPrescTable
                0x0800b064       0x10 build/system_stm32l4xx.o
                0x0800b064                AHBPrescTable
 .rodata.APBPrescTable
                0x0800b074        0x8 build/system_stm32l4xx.o
                0x0800b074                APBPrescTable
 .rodata.MSIRangeTable
                0x0800b07c       0x30 build/system_stm32l4xx.o
                0x0800b07c                MSIRangeTable
 .rodata.shellWriteCommandDesc.str1.4
                0x0800b0ac        0x4 build/shell.o
 .rodata.shellWritePrompt.str1.4
                0x0800b0b0       0x23 build/shell.o
                                 0x27 (size before relaxing)
 *fill*         0x0800b0d3        0x1 
 .rodata.shellCheckPassword.str1.4
                0x0800b0d4      0x16f build/shell.o
 *fill*         0x0800b243        0x1 
 .rodata.shellClear.str1.4
                0x0800b244        0x9 build/shell.o
 *fill*         0x0800b24d        0x3 
 .rodata.shellWriteReturnValue.str1.4
                0x0800b250       0x20 build/shell.o
 .rodata.shellListItem.str1.4
                0x0800b270       0x2b build/shell.o
 *fill*         0x0800b29b        0x1 
 .rodata.shellListCommand.str1.4
                0x0800b29c       0x12 build/shell.o
 *fill*         0x0800b2ae        0x2 
 .rodata.shellListVar.str1.4
                0x0800b2b0        0xe build/shell.o
 *fill*         0x0800b2be        0x2 
 .rodata.shellListUser.str1.4
                0x0800b2c0        0xf build/shell.o
 *fill*         0x0800b2cf        0x1 
 .rodata.shellListKey.str1.4
                0x0800b2d0        0xe build/shell.o
 *fill*         0x0800b2de        0x2 
 .rodata.shellDeleteCommandLine.str1.4
                0x0800b2e0        0x4 build/shell.o
 .rodata.shellInsertByte.str1.4
                0x0800b2e4       0x21 build/shell.o
 *fill*         0x0800b305        0x3 
 .rodata.shellWriteCommandHelp.str1.4
                0x0800b308       0x28 build/shell.o
 .rodata.shellShowVar.str1.4
                0x0800b330        0x6 build/shell.o
 *fill*         0x0800b336        0x2 
 .rodata.shellSetVarValue.str1.4
                0x0800b338       0x30 build/shell.o
 .rodata.shellSetVar.str1.4
                0x0800b368       0x20 build/shell.o
 .rodata.shellInit.str1.4
                0x0800b388        0x7 build/shell.o
 *fill*         0x0800b38f        0x1 
 .rodata.shellCmdDefaultUser
                0x0800b390        0x7 build/shell.o
                0x0800b390                shellCmdDefaultUser
 *fill*         0x0800b397        0x1 
 .rodata.shellCmdclear
                0x0800b398        0x6 build/shell.o
                0x0800b398                shellCmdclear
 *fill*         0x0800b39e        0x2 
 .rodata.shellCmdcmds
                0x0800b3a0        0x5 build/shell.o
                0x0800b3a0                shellCmdcmds
 *fill*         0x0800b3a5        0x3 
 .rodata.shellCmdhelp
                0x0800b3a8        0x5 build/shell.o
                0x0800b3a8                shellCmdhelp
 *fill*         0x0800b3ad        0x3 
 .rodata.shellCmdkeys
                0x0800b3b0        0x5 build/shell.o
                0x0800b3b0                shellCmdkeys
 *fill*         0x0800b3b5        0x3 
 .rodata.shellCmdsetVar
                0x0800b3b8        0x7 build/shell.o
                0x0800b3b8                shellCmdsetVar
 *fill*         0x0800b3bf        0x1 
 .rodata.shellCmdusers
                0x0800b3c0        0x6 build/shell.o
                0x0800b3c0                shellCmdusers
 *fill*         0x0800b3c6        0x2 
 .rodata.shellCmdvars
                0x0800b3c8        0x5 build/shell.o
                0x0800b3c8                shellCmdvars
 *fill*         0x0800b3cd        0x3 
 .rodata.shellDesDefaultUser
                0x0800b3d0        0xd build/shell.o
                0x0800b3d0                shellDesDefaultUser
 *fill*         0x0800b3dd        0x3 
 .rodata.shellDesc0x08000000
                0x0800b3e0        0xa build/shell.o
                0x0800b3e0                shellDesc0x08000000
 *fill*         0x0800b3ea        0x2 
 .rodata.shellDesc0x09000000
                0x0800b3ec        0x4 build/shell.o
                0x0800b3ec                shellDesc0x09000000
 .rodata.shellDesc0x0A000000
                0x0800b3f0        0x6 build/shell.o
                0x0800b3f0                shellDesc0x0A000000
 *fill*         0x0800b3f6        0x2 
 .rodata.shellDesc0x0D000000
                0x0800b3f8        0x6 build/shell.o
                0x0800b3f8                shellDesc0x0D000000
 *fill*         0x0800b3fe        0x2 
 .rodata.shellDesc0x1B5B337E
                0x0800b400        0x7 build/shell.o
                0x0800b400                shellDesc0x1B5B337E
 *fill*         0x0800b407        0x1 
 .rodata.shellDesc0x1B5B4100
                0x0800b408        0x3 build/shell.o
                0x0800b408                shellDesc0x1B5B4100
 *fill*         0x0800b40b        0x1 
 .rodata.shellDesc0x1B5B4200
                0x0800b40c        0x5 build/shell.o
                0x0800b40c                shellDesc0x1B5B4200
 *fill*         0x0800b411        0x3 
 .rodata.shellDesc0x1B5B4300
                0x0800b414        0x6 build/shell.o
                0x0800b414                shellDesc0x1B5B4300
 *fill*         0x0800b41a        0x2 
 .rodata.shellDesc0x1B5B4400
                0x0800b41c        0x5 build/shell.o
                0x0800b41c                shellDesc0x1B5B4400
 *fill*         0x0800b421        0x3 
 .rodata.shellDesc0x7F000000
                0x0800b424        0xa build/shell.o
                0x0800b424                shellDesc0x7F000000
 *fill*         0x0800b42e        0x2 
 .rodata.shellDescclear
                0x0800b430        0xe build/shell.o
                0x0800b430                shellDescclear
 *fill*         0x0800b43e        0x2 
 .rodata.shellDesccmds
                0x0800b440        0xd build/shell.o
                0x0800b440                shellDesccmds
 *fill*         0x0800b44d        0x3 
 .rodata.shellDeschelp
                0x0800b450       0x1e build/shell.o
                0x0800b450                shellDeschelp
 *fill*         0x0800b46e        0x2 
 .rodata.shellDesckeys
                0x0800b470        0xd build/shell.o
                0x0800b470                shellDesckeys
 *fill*         0x0800b47d        0x3 
 .rodata.shellDescsetVar
                0x0800b480        0x8 build/shell.o
                0x0800b480                shellDescsetVar
 .rodata.shellDescusers
                0x0800b488        0xe build/shell.o
                0x0800b488                shellDescusers
 *fill*         0x0800b496        0x2 
 .rodata.shellDescvars
                0x0800b498        0xd build/shell.o
                0x0800b498                shellDescvars
 *fill*         0x0800b4a5        0x3 
 .rodata.shellPasswordDefaultUser
                0x0800b4a8        0x1 build/shell.o
                0x0800b4a8                shellPasswordDefaultUser
 *fill*         0x0800b4a9        0x3 
 .rodata.ec2x_handler.str1.4
                0x0800b4ac        0x3 build/EC2x.o
 *fill*         0x0800b4af        0x1 
 .rodata.ec2x_timeout_handle.str1.4
                0x0800b4b0       0x10 build/EC2x.o
 .rodata.ec2x_replymatch.str1.4
                0x0800b4c0        0xd build/EC2x.o
 *fill*         0x0800b4cd        0x3 
 .rodata.shellCmdec2x_cmd_send
                0x0800b4d0        0xe build/EC2x.o
                0x0800b4d0                shellCmdec2x_cmd_send
 *fill*         0x0800b4de        0x2 
 .rodata.shellDescec2x_cmd_send
                0x0800b4e0        0xa build/EC2x.o
                0x0800b4e0                shellDescec2x_cmd_send
 *fill*         0x0800b4ea        0x2 
 .rodata._global_impure_ptr
                0x0800b4ec        0x4 e:/gcc-arm-none-eabi-10.3-2021.10-win32/gcc-arm-none-eabi-10.3-2021.10/bin/../lib/gcc/arm-none-eabi/10.3.1/../../../../arm-none-eabi/lib/thumb/v7e-m+fp/hard\libc_nano.a(lib_a-impure.o)
                0x0800b4ec                _global_impure_ptr
 .rodata._printf_float.str1.1
                0x0800b4f0       0x12 e:/gcc-arm-none-eabi-10.3-2021.10-win32/gcc-arm-none-eabi-10.3-2021.10/bin/../lib/gcc/arm-none-eabi/10.3.1/../../../../arm-none-eabi/lib/thumb/v7e-m+fp/hard\libc_nano.a(lib_a-nano-vfprintf_float.o)
 .rodata._printf_i.str1.1
                0x0800b502       0x22 e:/gcc-arm-none-eabi-10.3-2021.10-win32/gcc-arm-none-eabi-10.3-2021.10/bin/../lib/gcc/arm-none-eabi/10.3.1/../../../../arm-none-eabi/lib/thumb/v7e-m+fp/hard\libc_nano.a(lib_a-nano-vfprintf_i.o)
 .rodata._dtoa_r.str1.1
                0x0800b524       0xb3 e:/gcc-arm-none-eabi-10.3-2021.10-win32/gcc-arm-none-eabi-10.3-2021.10/bin/../lib/gcc/arm-none-eabi/10.3.1/../../../../arm-none-eabi/lib/thumb/v7e-m+fp/hard\libc_nano.a(lib_a-dtoa.o)
                                 0xb5 (size before relaxing)
 .rodata._Balloc.str1.1
                0x0800b5d7       0x7f e:/gcc-arm-none-eabi-10.3-2021.10-win32/gcc-arm-none-eabi-10.3-2021.10/bin/../lib/gcc/arm-none-eabi/10.3.1/../../../../arm-none-eabi/lib/thumb/v7e-m+fp/hard\libc_nano.a(lib_a-mprec.o)
                                 0x96 (size before relaxing)
 .rodata.__multadd.str1.1
                0x0800b656       0x11 e:/gcc-arm-none-eabi-10.3-2021.10-win32/gcc-arm-none-eabi-10.3-2021.10/bin/../lib/gcc/arm-none-eabi/10.3.1/../../../../arm-none-eabi/lib/thumb/v7e-m+fp/hard\libc_nano.a(lib_a-mprec.o)
 *fill*         0x0800b656        0x2 
 .rodata.__mprec_bigtens
                0x0800b658       0x28 e:/gcc-arm-none-eabi-10.3-2021.10-win32/gcc-arm-none-eabi-10.3-2021.10/bin/../lib/gcc/arm-none-eabi/10.3.1/../../../../arm-none-eabi/lib/thumb/v7e-m+fp/hard\libc_nano.a(lib_a-mprec.o)
                0x0800b658                __mprec_bigtens
 .rodata.__mprec_tens
                0x0800b680       0xc8 e:/gcc-arm-none-eabi-10.3-2021.10-win32/gcc-arm-none-eabi-10.3-2021.10/bin/../lib/gcc/arm-none-eabi/10.3.1/../../../../arm-none-eabi/lib/thumb/v7e-m+fp/hard\libc_nano.a(lib_a-mprec.o)
                0x0800b680                __mprec_tens
 .rodata.p05.0  0x0800b748        0xc e:/gcc-arm-none-eabi-10.3-2021.10-win32/gcc-arm-none-eabi-10.3-2021.10/bin/../lib/gcc/arm-none-eabi/10.3.1/../../../../arm-none-eabi/lib/thumb/v7e-m+fp/hard\libc_nano.a(lib_a-mprec.o)
 .rodata._svfprintf_r.str1.1
                0x0800b754       0x11 e:/gcc-arm-none-eabi-10.3-2021.10-win32/gcc-arm-none-eabi-10.3-2021.10/bin/../lib/gcc/arm-none-eabi/10.3.1/../../../../arm-none-eabi/lib/thumb/v7e-m+fp/hard\libc_nano.a(lib_a-nano-svfprintf.o)
 .rodata.__assert_func.str1.1
                0x0800b765       0x3c e:/gcc-arm-none-eabi-10.3-2021.10-win32/gcc-arm-none-eabi-10.3-2021.10/bin/../lib/gcc/arm-none-eabi/10.3.1/../../../../arm-none-eabi/lib/thumb/v7e-m+fp/hard\libc_nano.a(lib_a-assert.o)
                                 0x3d (size before relaxing)
 .rodata._setlocale_r.str1.1
                0x0800b7a1        0x8 e:/gcc-arm-none-eabi-10.3-2021.10-win32/gcc-arm-none-eabi-10.3-2021.10/bin/../lib/gcc/arm-none-eabi/10.3.1/../../../../arm-none-eabi/lib/thumb/v7e-m+fp/hard\libc_nano.a(lib_a-locale.o)
                                  0x9 (size before relaxing)
 .rodata.str1.1
                0x0800b7a9        0x2 e:/gcc-arm-none-eabi-10.3-2021.10-win32/gcc-arm-none-eabi-10.3-2021.10/bin/../lib/gcc/arm-none-eabi/10.3.1/../../../../arm-none-eabi/lib/thumb/v7e-m+fp/hard\libc_nano.a(lib_a-locale.o)
 .rodata._vfprintf_r.str1.1
                0x0800b7ab       0x11 e:/gcc-arm-none-eabi-10.3-2021.10-win32/gcc-arm-none-eabi-10.3-2021.10/bin/../lib/gcc/arm-none-eabi/10.3.1/../../../../arm-none-eabi/lib/thumb/v7e-m+fp/hard\libc_nano.a(lib_a-nano-vfprintf.o)
 .rodata._ctype_
                0x0800b7ab      0x101 e:/gcc-arm-none-eabi-10.3-2021.10-win32/gcc-arm-none-eabi-10.3-2021.10/bin/../lib/gcc/arm-none-eabi/10.3.1/../../../../arm-none-eabi/lib/thumb/v7e-m+fp/hard\libc_nano.a(lib_a-ctype_.o)
                0x0800b7ab                _ctype_
 .rodata.__sf_fake_stderr
                0x0800b8ac       0x20 e:/gcc-arm-none-eabi-10.3-2021.10-win32/gcc-arm-none-eabi-10.3-2021.10/bin/../lib/gcc/arm-none-eabi/10.3.1/../../../../arm-none-eabi/lib/thumb/v7e-m+fp/hard\libc_nano.a(lib_a-findfp.o)
                0x0800b8ac                __sf_fake_stderr
 .rodata.__sf_fake_stdin
                0x0800b8cc       0x20 e:/gcc-arm-none-eabi-10.3-2021.10-win32/gcc-arm-none-eabi-10.3-2021.10/bin/../lib/gcc/arm-none-eabi/10.3.1/../../../../arm-none-eabi/lib/thumb/v7e-m+fp/hard\libc_nano.a(lib_a-findfp.o)
                0x0800b8cc                __sf_fake_stdin
 .rodata.__sf_fake_stdout
                0x0800b8ec       0x20 e:/gcc-arm-none-eabi-10.3-2021.10-win32/gcc-arm-none-eabi-10.3-2021.10/bin/../lib/gcc/arm-none-eabi/10.3.1/../../../../arm-none-eabi/lib/thumb/v7e-m+fp/hard\libc_nano.a(lib_a-findfp.o)
                0x0800b8ec                __sf_fake_stdout
                0x0800b910                . = ALIGN (0x8)
 *fill*         0x0800b90c        0x4 
                0x0800b910                _shell_command_start = .
 *(shellCommand)
 shellCommand   0x0800b910       0x60 build/main.o
                0x0800b910                shellCommandbds_test
                0x0800b920                shellCommandflash_test
                0x0800b930                shellCommandrs485_send
                0x0800b940                shellCommandbattery
                0x0800b950                shellCommandled
                0x0800b960                shellCommandLDR_Get
 shellCommand   0x0800b970      0x120 build/shell.o
                0x0800b970                shellCommandclear
                0x0800b980                shellCommandkeys
                0x0800b990                shellCommandvars
                0x0800b9a0                shellCommandcmds
                0x0800b9b0                shellCommandusers
                0x0800b9c0                shellCommandhelp
                0x0800b9d0                shellKey0x0D000000
                0x0800b9e0                shellKey0x0A000000
                0x0800b9f0                shellKey0x1B5B337E
                0x0800ba00                shellKey0x7F000000
                0x0800ba10                shellKey0x08000000
                0x0800ba20                shellKey0x09000000
                0x0800ba30                shellKey0x1B5B4400
                0x0800ba40                shellKey0x1B5B4300
                0x0800ba50                shellKey0x1B5B4200
                0x0800ba60                shellKey0x1B5B4100
                0x0800ba70                shellCommandsetVar
                0x0800ba80                shellUserDefault
 shellCommand   0x0800ba90       0x10 build/EC2x.o
                0x0800ba90                shellCommandec2x_cmd_send
                0x0800baa0                _shell_command_end = .

.ARM.extab      0x0800baa0        0x0
                0x0800baa0                . = ALIGN (0x8)
 *(.ARM.extab* .gnu.linkonce.armextab.*)
                0x0800baa0                . = ALIGN (0x8)

.ARM            0x0800baa0        0x8
                0x0800baa0                . = ALIGN (0x8)
                0x0800baa0                __exidx_start = .
 *(.ARM.exidx*)
 .ARM.exidx     0x0800baa0        0x8 e:/gcc-arm-none-eabi-10.3-2021.10-win32/gcc-arm-none-eabi-10.3-2021.10/bin/../lib/gcc/arm-none-eabi/10.3.1/thumb/v7e-m+fp/hard\libgcc.a(_udivmoddi4.o)
                0x0800baa8                __exidx_end = .
                0x0800baa8                . = ALIGN (0x8)

.rel.dyn        0x0800baa8        0x0
 .rel.iplt      0x0800baa8        0x0 e:/gcc-arm-none-eabi-10.3-2021.10-win32/gcc-arm-none-eabi-10.3-2021.10/bin/../lib/gcc/arm-none-eabi/10.3.1/thumb/v7e-m+fp/hard/crtbegin.o

.preinit_array  0x0800baa8        0x0
                0x0800baa8                . = ALIGN (0x8)
                0x0800baa8                PROVIDE (__preinit_array_start = .)
 *(.preinit_array*)
                0x0800baa8                PROVIDE (__preinit_array_end = .)
                0x0800baa8                . = ALIGN (0x8)

.init_array     0x0800baa8        0x8
                0x0800baa8                . = ALIGN (0x8)
                0x0800baa8                PROVIDE (__init_array_start = .)
 *(SORT_BY_NAME(.init_array.*))
 *(.init_array*)
 .init_array    0x0800baa8        0x4 e:/gcc-arm-none-eabi-10.3-2021.10-win32/gcc-arm-none-eabi-10.3-2021.10/bin/../lib/gcc/arm-none-eabi/10.3.1/thumb/v7e-m+fp/hard/crtbegin.o
                0x0800baac                PROVIDE (__init_array_end = .)
                0x0800bab0                . = ALIGN (0x8)
 *fill*         0x0800baac        0x4 

.fini_array     0x0800bab0        0x8
                0x0800bab0                . = ALIGN (0x8)
                [!provide]                PROVIDE (__fini_array_start = .)
 *(SORT_BY_NAME(.fini_array.*))
 *(.fini_array*)
 .fini_array    0x0800bab0        0x4 e:/gcc-arm-none-eabi-10.3-2021.10-win32/gcc-arm-none-eabi-10.3-2021.10/bin/../lib/gcc/arm-none-eabi/10.3.1/thumb/v7e-m+fp/hard/crtbegin.o
                [!provide]                PROVIDE (__fini_array_end = .)
                0x0800bab8                . = ALIGN (0x8)
 *fill*         0x0800bab4        0x4 
                0x0800bab8                _sidata = LOADADDR (.data)

.data           0x20000000      0x4b8 load address 0x0800bab8
                0x20000000                . = ALIGN (0x8)
                0x20000000                _sdata = .
 *(.data)
 *(.data*)
 .data.bds_dev  0x20000000        0x4 build/main.o
                0x20000000                bds_dev
 .data.uwTickFreq
                0x20000004        0x1 build/stm32l4xx_hal.o
                0x20000004                uwTickFreq
 *fill*         0x20000005        0x3 
 .data.uwTickPrio
                0x20000008        0x4 build/stm32l4xx_hal.o
                0x20000008                uwTickPrio
 .data.SystemCoreClock
                0x2000000c        0x4 build/system_stm32l4xx.o
                0x2000000c                SystemCoreClock
 .data.dev_led  0x20000010       0x10 build/led.o
                0x20000010                dev_led
 .data.dev_rs485
                0x20000020        0xc build/rs485.o
                0x20000020                dev_rs485
 .data.atgm_dev
                0x2000002c       0x24 build/ATGM332D.o
                0x2000002c                atgm_dev
 .data.dev0_buff
                0x20000050      0x12c build/ATGM332D.o
                0x20000050                dev0_buff
 .data.ec2x_buff
                0x2000017c      0x12c build/EC2x.o
                0x2000017c                ec2x_buff
 .data.ec2x_dev
                0x200002a8       0x3c build/EC2x.o
                0x200002a8                ec2x_dev
 .data._impure_ptr
                0x200002e4        0x4 e:/gcc-arm-none-eabi-10.3-2021.10-win32/gcc-arm-none-eabi-10.3-2021.10/bin/../lib/gcc/arm-none-eabi/10.3.1/../../../../arm-none-eabi/lib/thumb/v7e-m+fp/hard\libc_nano.a(lib_a-impure.o)
                0x200002e4                _impure_ptr
 .data.impure_data
                0x200002e8       0x60 e:/gcc-arm-none-eabi-10.3-2021.10-win32/gcc-arm-none-eabi-10.3-2021.10/bin/../lib/gcc/arm-none-eabi/10.3.1/../../../../arm-none-eabi/lib/thumb/v7e-m+fp/hard\libc_nano.a(lib_a-impure.o)
 .data.__global_locale
                0x20000348      0x16c e:/gcc-arm-none-eabi-10.3-2021.10-win32/gcc-arm-none-eabi-10.3-2021.10/bin/../lib/gcc/arm-none-eabi/10.3.1/../../../../arm-none-eabi/lib/thumb/v7e-m+fp/hard\libc_nano.a(lib_a-locale.o)
                0x20000348                __global_locale
                0x200004b8                . = ALIGN (0x8)
 *fill*         0x200004b4        0x4 
                0x200004b8                _edata = .

.igot.plt       0x200004b8        0x0 load address 0x0800bf70
 .igot.plt      0x200004b8        0x0 e:/gcc-arm-none-eabi-10.3-2021.10-win32/gcc-arm-none-eabi-10.3-2021.10/bin/../lib/gcc/arm-none-eabi/10.3.1/thumb/v7e-m+fp/hard/crtbegin.o
                0x200004b8                . = ALIGN (0x4)

.bss            0x200004b8      0x85c load address 0x0800bf70
                0x200004b8                _sbss = .
                0x200004b8                __bss_start__ = _sbss
 *(.bss)
 .bss           0x200004b8       0x1c e:/gcc-arm-none-eabi-10.3-2021.10-win32/gcc-arm-none-eabi-10.3-2021.10/bin/../lib/gcc/arm-none-eabi/10.3.1/thumb/v7e-m+fp/hard/crtbegin.o
 *(.bss*)
 .bss.uwTick    0x200004d4        0x4 build/stm32l4xx_hal.o
                0x200004d4                uwTick