Archive member included to satisfy reference by file (symbol)

/Applications/ArmGNUToolchain/12.3.rel1/arm-none-eabi/bin/../lib/gcc/arm-none-eabi/12.3.1/../../../../arm-none-eabi/lib/thumb/v7e-m+fp/hard/libc_nano.a(libc_a-exit.o)
                              /Applications/ArmGNUToolchain/12.3.rel1/arm-none-eabi/bin/../lib/gcc/arm-none-eabi/12.3.1/../../../../arm-none-eabi/lib/thumb/v7e-m+fp/hard/crt0.o (exit)
/Applications/ArmGNUToolchain/12.3.rel1/arm-none-eabi/bin/../lib/gcc/arm-none-eabi/12.3.1/../../../../arm-none-eabi/lib/thumb/v7e-m+fp/hard/libc_nano.a(libc_a-nano-vfprintf_float.o)
                              (_printf_float)
/Applications/ArmGNUToolchain/12.3.rel1/arm-none-eabi/bin/../lib/gcc/arm-none-eabi/12.3.1/../../../../arm-none-eabi/lib/thumb/v7e-m+fp/hard/libc_nano.a(libc_a-malloc.o)
                              build/timer.o (malloc)
/Applications/ArmGNUToolchain/12.3.rel1/arm-none-eabi/bin/../lib/gcc/arm-none-eabi/12.3.1/../../../../arm-none-eabi/lib/thumb/v7e-m+fp/hard/libc_nano.a(libc_a-mallocr.o)
                              /Applications/ArmGNUToolchain/12.3.rel1/arm-none-eabi/bin/../lib/gcc/arm-none-eabi/12.3.1/../../../../arm-none-eabi/lib/thumb/v7e-m+fp/hard/libc_nano.a(libc_a-malloc.o) (_malloc_r)
/Applications/ArmGNUToolchain/12.3.rel1/arm-none-eabi/bin/../lib/gcc/arm-none-eabi/12.3.1/../../../../arm-none-eabi/lib/thumb/v7e-m+fp/hard/libc_nano.a(libc_a-nano-vfprintf_i.o)
                              /Applications/ArmGNUToolchain/12.3.rel1/arm-none-eabi/bin/../lib/gcc/arm-none-eabi/12.3.1/../../../../arm-none-eabi/lib/thumb/v7e-m+fp/hard/libc_nano.a(libc_a-nano-vfprintf_float.o) (_printf_common)
/Applications/ArmGNUToolchain/12.3.rel1/arm-none-eabi/bin/../lib/gcc/arm-none-eabi/12.3.1/../../../../arm-none-eabi/lib/thumb/v7e-m+fp/hard/libc_nano.a(libc_a-mlock.o)
                              /Applications/ArmGNUToolchain/12.3.rel1/arm-none-eabi/bin/../lib/gcc/arm-none-eabi/12.3.1/../../../../arm-none-eabi/lib/thumb/v7e-m+fp/hard/libc_nano.a(libc_a-mallocr.o) (__malloc_lock)
/Applications/ArmGNUToolchain/12.3.rel1/arm-none-eabi/bin/../lib/gcc/arm-none-eabi/12.3.1/../../../../arm-none-eabi/lib/thumb/v7e-m+fp/hard/libc_nano.a(libc_a-findfp.o)
                              /Applications/ArmGNUToolchain/12.3.rel1/arm-none-eabi/bin/../lib/gcc/arm-none-eabi/12.3.1/../../../../arm-none-eabi/lib/thumb/v7e-m+fp/hard/libc_nano.a(libc_a-exit.o) (__stdio_exit_handler)
/Applications/ArmGNUToolchain/12.3.rel1/arm-none-eabi/bin/../lib/gcc/arm-none-eabi/12.3.1/../../../../arm-none-eabi/lib/thumb/v7e-m+fp/hard/libc_nano.a(libc_a-fwalk.o)
                              /Applications/ArmGNUToolchain/12.3.rel1/arm-none-eabi/bin/../lib/gcc/arm-none-eabi/12.3.1/../../../../arm-none-eabi/lib/thumb/v7e-m+fp/hard/libc_nano.a(libc_a-findfp.o) (_fwalk_sglue)
/Applications/ArmGNUToolchain/12.3.rel1/arm-none-eabi/bin/../lib/gcc/arm-none-eabi/12.3.1/../../../../arm-none-eabi/lib/thumb/v7e-m+fp/hard/libc_nano.a(libc_a-vsnprintf.o)
                              build/shell.o (vsnprintf)
/Applications/ArmGNUToolchain/12.3.rel1/arm-none-eabi/bin/../lib/gcc/arm-none-eabi/12.3.1/../../../../arm-none-eabi/lib/thumb/v7e-m+fp/hard/libc_nano.a(libc_a-strncmp.o)
                              build/shell.o (strncmp)
/Applications/ArmGNUToolchain/12.3.rel1/arm-none-eabi/bin/../lib/gcc/arm-none-eabi/12.3.1/../../../../arm-none-eabi/lib/thumb/v7e-m+fp/hard/libc_nano.a(libc_a-strstr.o)
                              build/EC2x.o (strstr)
/Applications/ArmGNUToolchain/12.3.rel1/arm-none-eabi/bin/../lib/gcc/arm-none-eabi/12.3.1/../../../../arm-none-eabi/lib/thumb/v7e-m+fp/hard/libc_nano.a(libc_a-memset.o)
                              /Applications/ArmGNUToolchain/12.3.rel1/arm-none-eabi/bin/../lib/gcc/arm-none-eabi/12.3.1/../../../../arm-none-eabi/lib/thumb/v7e-m+fp/hard/crt0.o (memset)
/Applications/ArmGNUToolchain/12.3.rel1/arm-none-eabi/bin/../lib/gcc/arm-none-eabi/12.3.1/../../../../arm-none-eabi/lib/thumb/v7e-m+fp/hard/libc_nano.a(libc_a-localeconv.o)
                              /Applications/ArmGNUToolchain/12.3.rel1/arm-none-eabi/bin/../lib/gcc/arm-none-eabi/12.3.1/../../../../arm-none-eabi/lib/thumb/v7e-m+fp/hard/libc_nano.a(libc_a-nano-vfprintf_float.o) (_localeconv_r)
/Applications/ArmGNUToolchain/12.3.rel1/arm-none-eabi/bin/../lib/gcc/arm-none-eabi/12.3.1/../../../../arm-none-eabi/lib/thumb/v7e-m+fp/hard/libc_nano.a(libc_a-impure.o)
                              /Applications/ArmGNUToolchain/12.3.rel1/arm-none-eabi/bin/../lib/gcc/arm-none-eabi/12.3.1/../../../../arm-none-eabi/lib/thumb/v7e-m+fp/hard/libc_nano.a(libc_a-malloc.o) (_impure_ptr)
/Applications/ArmGNUToolchain/12.3.rel1/arm-none-eabi/bin/../lib/gcc/arm-none-eabi/12.3.1/../../../../arm-none-eabi/lib/thumb/v7e-m+fp/hard/libc_nano.a(libc_a-sbrkr.o)
                              /Applications/ArmGNUToolchain/12.3.rel1/arm-none-eabi/bin/../lib/gcc/arm-none-eabi/12.3.1/../../../../arm-none-eabi/lib/thumb/v7e-m+fp/hard/libc_nano.a(libc_a-mallocr.o) (_sbrk_r)
[...]
Memory Configuration

Name             Origin             Length             Attributes
RAM              0x20000000         0x00010000         xrw
RAM2             0x10000000         0x00004000         xrw
FLASH            0x08000000         0x00020000         xr
*default*        0x00000000         0xffffffff

Linker script and memory map

LOAD /Applications/ArmGNUToolchain/12.3.rel1/arm-none-eabi/bin/../lib/gcc/arm-none-eabi/12.3.1/thumb/v7e-m+fp/hard/crti.o
LOAD /Applications/ArmGNUToolchain/12.3.rel1/arm-none-eabi/bin/../lib/gcc/arm-none-eabi/12.3.1/thumb/v7e-m+fp/hard/crtbegin.o
LOAD /Applications/ArmGNUToolchain/12.3.rel1/arm-none-eabi/bin/../lib/gcc/arm-none-eabi/12.3.1/../../../../arm-none-eabi/lib/thumb/v7e-m+fp/hard/crt0.o
LOAD build/main.o
LOAD build/stm32l4xx_it.o
LOAD build/stm32l4xx_hal_msp.o
LOAD build/stm32l4xx_hal_adc.o
LOAD build/stm32l4xx_hal_adc_ex.o
LOAD build/stm32l4xx_hal.o
LOAD build/stm32l4xx_hal_i2c.o
LOAD build/stm32l4xx_hal_i2c_ex.o
LOAD build/stm32l4xx_hal_rcc.o
LOAD build/stm32l4xx_hal_rcc_ex.o
LOAD build/stm32l4xx_hal_flash.o
LOAD build/stm32l4xx_hal_flash_ex.o
LOAD build/stm32l4xx_hal_flash_ramfunc.o
LOAD build/stm32l4xx_hal_gpio.o
LOAD build/stm32l4xx_hal_dma.o
LOAD build/stm32l4xx_hal_dma_ex.o
LOAD build/stm32l4xx_hal_pwr.o
LOAD build/stm32l4xx_hal_pwr_ex.o
LOAD build/stm32l4xx_hal_cortex.o
LOAD build/stm32l4xx_hal_exti.o
LOAD build/stm32l4xx_hal_spi.o
LOAD build/stm32l4xx_hal_spi_ex.o
LOAD build/stm32l4xx_hal_tim.o
LOAD build/stm32l4xx_hal_tim_ex.o
LOAD build/stm32l4xx_hal_uart.o
LOAD build/stm32l4xx_hal_uart_ex.o
LOAD build/system_stm32l4xx.o
LOAD build/shell_cmd_list.o
LOAD build/shell_companion.o
LOAD build/shell_ext.o
LOAD build/shell_port.o
LOAD build/shell.o
LOAD build/fsm.o
LOAD build/gpio.o
LOAD build/adc.o
LOAD build/spi.o
LOAD build/usart.o
LOAD build/timer.o
LOAD build/queue.o
LOAD build/y_lora.o
LOAD build/SX1278_hw.o
LOAD build/W25QXX.o
LOAD build/led.o
LOAD build/rs485.o
LOAD build/ATGM332D.o
LOAD build/EC2x.o
LOAD build/SX1278.o
LOAD build/startup_stm32l431xx.o
LOAD /Applications/ArmGNUToolchain/12.3.rel1/arm-none-eabi/bin/../lib/gcc/arm-none-eabi/12.3.1/../../../../arm-none-eabi/lib/thumb/v7e-m+fp/hard/libc_nano.a
LOAD /Applications/ArmGNUToolchain/12.3.rel1/arm-none-eabi/bin/../lib/gcc/arm-none-eabi/12.3.1/../../../../arm-none-eabi/lib/thumb/v7e-m+fp/hard/libm.a
LOAD /Applications/ArmGNUToolchain/12.3.rel1/arm-none-eabi/bin/../lib/gcc/arm-none-eabi/12.3.1/../../../../arm-none-eabi/lib/thumb/v7e-m+fp/hard/libnosys.a
START GROUP
LOAD /Applications/ArmGNUToolchain/12.3.rel1/arm-none-eabi/bin/../lib/gcc/arm-none-eabi/12.3.1/thumb/v7e-m+fp/hard/libgcc.a
LOAD /Applications/ArmGNUToolchain/12.3.rel1/arm-none-eabi/bin/../lib/gcc/arm-none-eabi/12.3.1/../../../../arm-none-eabi/lib/thumb/v7e-m+fp/hard/libc_nano.a
END GROUP
START GROUP
LOAD /Applications/ArmGNUToolchain/12.3.rel1/arm-none-eabi/bin/../lib/gcc/arm-none-eabi/12.3.1/thumb/v7e-m+fp/hard/libgcc.a
LOAD /Applications/ArmGNUToolchain/12.3.rel1/arm-none-eabi/bin/../lib/gcc/arm-none-eabi/12.3.1/../../../../arm-none-eabi/lib/thumb/v7e-m+fp/hard/libc_nano.a
END GROUP
LOAD /Applications/ArmGNUToolchain/12.3.rel1/arm-none-eabi/bin/../lib/gcc/arm-none-eabi/12.3.1/thumb/v7e-m+fp/hard/crtend.o
LOAD /Applications/ArmGNUToolchain/12.3.rel1/arm-none-eabi/bin/../lib/gcc/arm-none-eabi/12.3.1/thumb/v7e-m+fp/hard/crtn.o
                0x20010000                        _estack = 0x20010000
                0x00000600                        _Min_Heap_Size = 0x600
                0x00000400                        _Min_Stack_Size = 0x400

.isr_vector     0x08000000      0x190
                0x08000000                        . = ALIGN (0x8)
 *(.isr_vector)
 .isr_vector    0x08000000      0x18c build/startup_stm32l431xx.o
                0x08000000                g_pfnVectors
                0x08000190                        . = ALIGN (0x8)
 *fill*         0x0800018c        0x4 

.text           0x08000190     0xb4b0
                0x08000190                        . = ALIGN (0x8)
 *(.text)
 .text          0x08000190       0xa0 /Applications/ArmGNUToolchain/12.3.rel1/arm-none-eabi/bin/../lib/gcc/arm-none-eabi/12.3.1/../../../../arm-none-eabi/lib/thumb/v7e-m+fp/hard/libc_nano.a(libc_a-memchr.o)
                0x08000190                memchr
 .text          0x08000230       0x10 /Applications/ArmGNUToolchain/12.3.rel1/arm-none-eabi/bin/../lib/gcc/arm-none-eabi/12.3.1/../../../../arm-none-eabi/lib/thumb/v7e-m+fp/hard/libc_nano.a(libc_a-strlen.o)
                0x08000230                strlen
 .text          0x08000240       0x14 /Applications/ArmGNUToolchain/12.3.rel1/arm-none-eabi/bin/../lib/gcc/arm-none-eabi/12.3.1/../../../../arm-none-eabi/lib/thumb/v7e-m+fp/hard/libc_nano.a(libc_a-strcmp.o)
                0x08000240                strcmp
 .text          0x08000254      0x378 /Applications/ArmGNUToolchain/12.3.rel1/arm-none-eabi/bin/../lib/gcc/arm-none-eabi/12.3.1/thumb/v7e-m+fp/hard/libgcc.a(_arm_addsubdf3.o)
                0x08000254                __aeabi_drsub
                0x0800025c                __subdf3
                0x0800025c                __aeabi_dsub
                0x08000260                __aeabi_dadd
                0x08000260                __adddf3
                0x080004d8                __aeabi_ui2d
                0x080004d8                __floatunsidf
                0x080004f8                __floatsidf
                0x080004f8                __aeabi_i2d
                0x0800051c                __extendsfdf2
                0x0800051c                __aeabi_f2d
                0x08000560                __aeabi_ul2d
                0x08000560                __floatundidf
                0x08000570                __aeabi_l2d
                0x08000570                __floatdidf
 .text          0x080005cc      0x424 /Applications/ArmGNUToolchain/12.3.rel1/arm-none-eabi/bin/../lib/gcc/arm-none-eabi/12.3.1/thumb/v7e-m+fp/hard/libgcc.a(_arm_muldivdf3.o)
                0x080005cc                __aeabi_dmul
                0x080005cc                __muldf3
                0x08000820                __aeabi_ddiv
                0x08000820                __divdf3
 .text          0x080009f0      0x110 /Applications/ArmGNUToolchain/12.3.rel1/arm-none-eabi/bin/../lib/gcc/arm-none-eabi/12.3.1/thumb/v7e-m+fp/hard/libgcc.a(_arm_cmpdf2.o)
                0x080009f0                __gedf2
                0x080009f0                __gtdf2
                0x080009f8                __ledf2
                0x080009f8                __ltdf2
                0x08000a00                __cmpdf2
                0x08000a00                __eqdf2
                0x08000a00                __nedf2
                0x08000a7c                __aeabi_cdrcmple
                0x08000a8c                __aeabi_cdcmple
                0x08000a8c                __aeabi_cdcmpeq
                0x08000a9c                __aeabi_dcmpeq
                0x08000ab0                __aeabi_dcmplt
                0x08000ac4                __aeabi_dcmple
                0x08000ad8                __aeabi_dcmpge
                0x08000aec                __aeabi_dcmpgt
 .text          0x08000b00       0x2c /Applications/ArmGNUToolchain/12.3.rel1/arm-none-eabi/bin/../lib/gcc/arm-none-eabi/12.3.1/thumb/v7e-m+fp/hard/libgcc.a(_arm_unorddf2.o)
                0x08000b00                __aeabi_dcmpun
                0x08000b00                __unorddf2
 .text          0x08000b2c       0x50 /Applications/ArmGNUToolchain/12.3.rel1/arm-none-eabi/bin/../lib/gcc/arm-none-eabi/12.3.1/thumb/v7e-m+fp/hard/libgcc.a(_arm_fixdfsi.o)
                0x08000b2c                __fixdfsi
                0x08000b2c                __aeabi_d2iz
 .text          0x08000b7c       0x40 /Applications/ArmGNUToolchain/12.3.rel1/arm-none-eabi/bin/../lib/gcc/arm-none-eabi/12.3.1/thumb/v7e-m+fp/hard/libgcc.a(_arm_fixunsdfsi.o)
                0x08000b7c                __fixunsdfsi
                0x08000b7c                __aeabi_d2uiz
 .text          0x08000bbc       0xa0 /Applications/ArmGNUToolchain/12.3.rel1/arm-none-eabi/bin/../lib/gcc/arm-none-eabi/12.3.1/thumb/v7e-m+fp/hard/libgcc.a(_arm_truncdfsf2.o)
                0x08000bbc                __aeabi_d2f
                0x08000bbc                __truncdfsf2
 .text          0x08000c5c       0x30 /Applications/ArmGNUToolchain/12.3.rel1/arm-none-eabi/bin/../lib/gcc/arm-none-eabi/12.3.1/thumb/v7e-m+fp/hard/libgcc.a(_aeabi_uldivmod.o)
                0x08000c5c                __aeabi_uldivmod
 .text          0x08000c8c        0x4 /Applications/ArmGNUToolchain/12.3.rel1/arm-none-eabi/bin/../lib/gcc/arm-none-eabi/12.3.1/thumb/v7e-m+fp/hard/libgcc.a(_dvmd_tls.o)
                0x08000c8c                __aeabi_ldiv0
                0x08000c8c                __aeabi_idiv0
 *(.text*)
 .text.deregister_tm_clones
                0x08000c90       0x1c /Applications/ArmGNUToolchain/12.3.rel1/arm-none-eabi/bin/../lib/gcc/arm-none-eabi/12.3.1/thumb/v7e-m+fp/hard/crtbegin.o
 .text.register_tm_clones
                0x08000cac       0x24 /Applications/ArmGNUToolchain/12.3.rel1/arm-none-eabi/bin/../lib/gcc/arm-none-eabi/12.3.1/thumb/v7e-m+fp/hard/crtbegin.o
 .text.__do_global_dtors_aux
                0x08000cd0       0x28 /Applications/ArmGNUToolchain/12.3.rel1/arm-none-eabi/bin/../lib/gcc/arm-none-eabi/12.3.1/thumb/v7e-m+fp/hard/crtbegin.o
 .text.frame_dummy
                0x08000cf8       0x24 /Applications/ArmGNUToolchain/12.3.rel1/arm-none-eabi/bin/../lib/gcc/arm-none-eabi/12.3.1/thumb/v7e-m+fp/hard/crtbegin.o
 .text.LED_Test
                0x08000d1c       0xc4 build/main.o
                0x08000d1c                LED_Test
 .text.RS485_Test
                0x08000de0       0x18 build/main.o
                0x08000de0                RS485_Test
 .text.Flash_Test
                0x08000df8       0xb4 build/main.o
                0x08000df8                Flash_Test
 .text.BDS_Test
                0x08000eac       0x58 build/main.o
                0x08000eac                BDS_Test
 .text.LDR_Value_Get
                0x08000f04       0x44 build/main.o
                0x08000f04                LDR_Value_Get
 .text.agencyLDR_Value_Get
                0x08000f48        0xe build/main.o
                0x08000f48                agencyLDR_Value_Get
 *fill*         0x08000f56        0x2 
 .text.Battery_Test
                0x08000f58       0x64 build/main.o
                0x08000f58                Battery_Test
 .text.agencyBattery_Test
                0x08000fbc        0x8 build/main.o
                0x08000fbc                agencyBattery_Test
 .text.Error_Handler
                0x08000fc4        0x4 build/main.o
                0x08000fc4                Error_Handler
 .text.SystemClock_Config
                0x08000fc8       0x78 build/main.o
                0x08000fc8                SystemClock_Config
 .text.main     0x08001040       0xc8 build/main.o
                0x08001040                main
 .text.NMI_Handler
                0x08001108        0x2 build/stm32l4xx_it.o
                0x08001108                NMI_Handler
 .text.HardFault_Handler
                0x0800110a        0x2 build/stm32l4xx_it.o
                0x0800110a                HardFault_Handler
 .text.MemManage_Handler
                0x0800110c        0x2 build/stm32l4xx_it.o
                0x0800110c                MemManage_Handler
 .text.BusFault_Handler
                0x0800110e        0x2 build/stm32l4xx_it.o
                0x0800110e                BusFault_Handler
 .text.UsageFault_Handler
                0x08001110        0x2 build/stm32l4xx_it.o
                0x08001110                UsageFault_Handler
 .text.SVC_Handler
                0x08001112        0x2 build/stm32l4xx_it.o
                0x08001112                SVC_Handler
 .text.DebugMon_Handler
                0x08001114        0x2 build/stm32l4xx_it.o
                0x08001114                DebugMon_Handler
 .text.PendSV_Handler
                0x08001116        0x2 build/stm32l4xx_it.o
                0x08001116                PendSV_Handler
 .text.SysTick_Handler
                0x08001118        0xc build/stm32l4xx_it.o
                0x08001118                SysTick_Handler
 .text.SPI2_IRQHandler
                0x08001124       0x10 build/stm32l4xx_it.o
                0x08001124                SPI2_IRQHandler
 .text.USART1_IRQHandler
                0x08001134       0x10 build/stm32l4xx_it.o
                0x08001134                USART1_IRQHandler
 .text.USART2_IRQHandler
                0x08001144       0x10 build/stm32l4xx_it.o
                0x08001144                USART2_IRQHandler
 .text.USART3_IRQHandler
                0x08001154       0x10 build/stm32l4xx_it.o
                0x08001154                USART3_IRQHandler
 .text.SPI3_IRQHandler
                0x08001164       0x10 build/stm32l4xx_it.o
                0x08001164                SPI3_IRQHandler
 .text.EXTI9_5_IRQHandler
                0x08001174       0x34 build/stm32l4xx_it.o
                0x08001174                EXTI9_5_IRQHandler
 .text.HAL_MspInit
                0x080011a8       0x3c build/stm32l4xx_hal_msp.o
                0x080011a8                HAL_MspInit
 .text.LL_ADC_REG_SetSequencerRanks
                0x080011e4       0x30 build/stm32l4xx_hal_adc.o
 .text.LL_ADC_SetChannelSamplingTime
                0x08001214       0x2c build/stm32l4xx_hal_adc.o
 .text.HAL_ADC_Init
                0x08001240      0x1dc build/stm32l4xx_hal_adc.o
                0x08001240                HAL_ADC_Init
 .text.HAL_ADC_PollForConversion
                0x0800141c       0xb4 build/stm32l4xx_hal_adc.o
                0x0800141c                HAL_ADC_PollForConversion
 .text.HAL_ADC_GetValue
                0x080014d0        0x6 build/stm32l4xx_hal_adc.o
                0x080014d0                HAL_ADC_GetValue
 *fill*         0x080014d6        0x2 
 .text.HAL_ADC_ConfigChannel
                0x080014d8      0x43c build/stm32l4xx_hal_adc.o
                0x080014d8                HAL_ADC_ConfigChannel
 .text.HAL_ADC_GetState
                0x08001914        0x4 build/stm32l4xx_hal_adc.o
                0x08001914                HAL_ADC_GetState
 .text.ADC_ConversionStop
                0x08001918      0x104 build/stm32l4xx_hal_adc.o
                0x08001918                ADC_ConversionStop
 .text.ADC_Enable
                0x08001a1c       0xdc build/stm32l4xx_hal_adc.o
                0x08001a1c                ADC_Enable
 .text.HAL_ADC_Start
                0x08001af8       0x8c build/stm32l4xx_hal_adc.o
                0x08001af8                HAL_ADC_Start
 .text.ADC_Disable
                0x08001b84       0x94 build/stm32l4xx_hal_adc.o
                0x08001b84                ADC_Disable
 .text.HAL_ADC_Stop
                0x08001c18       0x42 build/stm32l4xx_hal_adc.o
                0x08001c18                HAL_ADC_Stop
 .text.HAL_ADCEx_Calibration_Start
                0x08001c5a       0x98 build/stm32l4xx_hal_adc_ex.o
                0x08001c5a                HAL_ADCEx_Calibration_Start
 *fill*         0x08001cf2        0x2 
 .text.HAL_InitTick
                0x08001cf4       0x50 build/stm32l4xx_hal.o
                0x08001cf4                HAL_InitTick
 .text.HAL_Init
                0x08001d44       0x1e build/stm32l4xx_hal.o
                0x08001d44                HAL_Init
 *fill*         0x08001d62        0x2 
 .text.HAL_IncTick
                0x08001d64       0x18 build/stm32l4xx_hal.o
                0x08001d64                HAL_IncTick
 .text.HAL_GetTick
                0x08001d7c        0xc build/stm32l4xx_hal.o
                0x08001d7c                HAL_GetTick
 .text.HAL_Delay
                0x08001d88       0x28 build/stm32l4xx_hal.o
                0x08001d88                HAL_Delay
 .text.RCC_SetFlashLatencyFromMSIRange
                0x08001db0       0x90 build/stm32l4xx_hal_rcc.o
 .text.HAL_RCC_GetSysClockFreq
                0x08001e40       0xb4 build/stm32l4xx_hal_rcc.o
                0x08001e40                HAL_RCC_GetSysClockFreq
 .text.HAL_RCC_OscConfig
                0x08001ef4      0x66c build/stm32l4xx_hal_rcc.o
                0x08001ef4                HAL_RCC_OscConfig
 .text.HAL_RCC_ClockConfig
                0x08002560      0x184 build/stm32l4xx_hal_rcc.o
                0x08002560                HAL_RCC_ClockConfig
 .text.HAL_RCC_GetHCLKFreq
                0x080026e4        0xc build/stm32l4xx_hal_rcc.o
                0x080026e4                HAL_RCC_GetHCLKFreq
 .text.HAL_RCC_GetPCLK1Freq
                0x080026f0       0x24 build/stm32l4xx_hal_rcc.o
                0x080026f0                HAL_RCC_GetPCLK1Freq
 .text.HAL_RCC_GetPCLK2Freq
                0x08002714       0x24 build/stm32l4xx_hal_rcc.o
                0x08002714                HAL_RCC_GetPCLK2Freq
 .text.RCCEx_PLLSAI1_Config
                0x08002738      0x16c build/stm32l4xx_hal_rcc_ex.o
 .text.HAL_RCCEx_PeriphCLKConfig
                0x080028a4      0x31c build/stm32l4xx_hal_rcc_ex.o
                0x080028a4                HAL_RCCEx_PeriphCLKConfig
 .text.HAL_GPIO_Init
                0x08002bc0      0x1c8 build/stm32l4xx_hal_gpio.o
                0x08002bc0                HAL_GPIO_Init
 .text.HAL_GPIO_ReadPin
                0x08002d88        0xe build/stm32l4xx_hal_gpio.o
                0x08002d88                HAL_GPIO_ReadPin
 .text.HAL_GPIO_WritePin
                0x08002d96        0xa build/stm32l4xx_hal_gpio.o
                0x08002d96                HAL_GPIO_WritePin
 .text.HAL_GPIO_TogglePin
                0x08002da0       0x12 build/stm32l4xx_hal_gpio.o
                0x08002da0                HAL_GPIO_TogglePin
 .text.HAL_DMA_Abort
                0x08002db2       0x4a build/stm32l4xx_hal_dma.o
                0x08002db2                HAL_DMA_Abort
 .text.HAL_DMA_Abort_IT
                0x08002dfc       0x50 build/stm32l4xx_hal_dma.o
                0x08002dfc                HAL_DMA_Abort_IT
 .text.HAL_PWREx_GetVoltageRange
                0x08002e4c       0x10 build/stm32l4xx_hal_pwr_ex.o
                0x08002e4c                HAL_PWREx_GetVoltageRange
 .text.HAL_PWREx_ControlVoltageScaling
                0x08002e5c       0x90 build/stm32l4xx_hal_pwr_ex.o
                0x08002e5c                HAL_PWREx_ControlVoltageScaling
 .text.__NVIC_EnableIRQ
                0x08002eec       0x1c build/stm32l4xx_hal_cortex.o
 .text.__NVIC_SetPriority
                0x08002f08       0x28 build/stm32l4xx_hal_cortex.o
 .text.NVIC_EncodePriority
                0x08002f30       0x3e build/stm32l4xx_hal_cortex.o
 *fill*         0x08002f6e        0x2 
 .text.HAL_NVIC_SetPriorityGrouping
                0x08002f70       0x24 build/stm32l4xx_hal_cortex.o
                0x08002f70                HAL_NVIC_SetPriorityGrouping
 .text.HAL_NVIC_SetPriority
                0x08002f94       0x20 build/stm32l4xx_hal_cortex.o
                0x08002f94                HAL_NVIC_SetPriority
 .text.HAL_NVIC_EnableIRQ
                0x08002fb4        0x8 build/stm32l4xx_hal_cortex.o
                0x08002fb4                HAL_NVIC_EnableIRQ
 .text.HAL_SYSTICK_Config
                0x08002fbc       0x28 build/stm32l4xx_hal_cortex.o
                0x08002fbc                HAL_SYSTICK_Config
 .text.SPI_WaitFlagStateUntilTimeout
                0x08002fe4       0xc8 build/stm32l4xx_hal_spi.o
 .text.SPI_WaitFifoStateUntilTimeout
                0x080030ac       0xf0 build/stm32l4xx_hal_spi.o
 .text.SPI_EndRxTxTransaction
                0x0800319c       0x62 build/stm32l4xx_hal_spi.o
 .text.SPI_EndRxTransaction
                0x080031fe       0x82 build/stm32l4xx_hal_spi.o
 .text.HAL_SPI_Init
                0x08003280       0xde build/stm32l4xx_hal_spi.o
                0x08003280                HAL_SPI_Init
 .text.HAL_SPI_Transmit
                0x0800335e      0x202 build/stm32l4xx_hal_spi.o
                0x0800335e                HAL_SPI_Transmit
 .text.HAL_SPI_TransmitReceive
                0x08003560      0x2de build/stm32l4xx_hal_spi.o
                0x08003560                HAL_SPI_TransmitReceive
 .text.HAL_SPI_Receive
                0x0800383e      0x1aa build/stm32l4xx_hal_spi.o
                0x0800383e                HAL_SPI_Receive
 .text.HAL_SPI_ErrorCallback
                0x080039e8        0x2 build/stm32l4xx_hal_spi.o
                0x080039e8                HAL_SPI_ErrorCallback
 *fill*         0x080039ea        0x2 
 .text.HAL_SPI_IRQHandler
                0x080039ec      0x118 build/stm32l4xx_hal_spi.o
                0x080039ec                HAL_SPI_IRQHandler
 .text.SPI_DMAAbortOnError
                0x08003b04       0x12 build/stm32l4xx_hal_spi.o
 .text.HAL_SPI_GetState
                0x08003b16        0x6 build/stm32l4xx_hal_spi.o
                0x08003b16                HAL_SPI_GetState
 .text.UART_EndRxTransfer
                0x08003b1c       0x50 build/stm32l4xx_hal_uart.o
 .text.UART_TxISR_8BIT
                0x08003b6c       0x54 build/stm32l4xx_hal_uart.o
 .text.UART_TxISR_16BIT
                0x08003bc0       0x58 build/stm32l4xx_hal_uart.o
 .text.HAL_UART_Transmit_IT
                0x08003c18       0x80 build/stm32l4xx_hal_uart.o
                0x08003c18                HAL_UART_Transmit_IT
 .text.HAL_UART_TxCpltCallback
                0x08003c98        0x2 build/stm32l4xx_hal_uart.o
                0x08003c98                HAL_UART_TxCpltCallback
 .text.UART_EndTransmit_IT
                0x08003c9a       0x22 build/stm32l4xx_hal_uart.o
 .text.UART_DMAAbortOnError
                0x08003cbc       0x14 build/stm32l4xx_hal_uart.o
 .text.HAL_UART_IRQHandler
                0x08003cd0      0x2e0 build/stm32l4xx_hal_uart.o
                0x08003cd0                HAL_UART_IRQHandler
 .text.UART_RxISR_8BIT
                0x08003fb0       0xb0 build/stm32l4xx_hal_uart.o
 .text.UART_RxISR_16BIT
                0x08004060       0xae build/stm32l4xx_hal_uart.o
 *fill*         0x0800410e        0x2 
 .text.UART_SetConfig
                0x08004110      0x2a0 build/stm32l4xx_hal_uart.o
                0x08004110                UART_SetConfig
 .text.UART_AdvFeatureConfig
                0x080043b0       0xca build/stm32l4xx_hal_uart.o
                0x080043b0                UART_AdvFeatureConfig
 .text.UART_WaitOnFlagUntilTimeout
                0x0800447a       0xd0 build/stm32l4xx_hal_uart.o
                0x0800447a                UART_WaitOnFlagUntilTimeout
 .text.HAL_UART_Transmit
                0x0800454a       0xd8 build/stm32l4xx_hal_uart.o
                0x0800454a                HAL_UART_Transmit
 .text.UART_CheckIdleState
                0x08004622       0x70 build/stm32l4xx_hal_uart.o
                0x08004622                UART_CheckIdleState
 .text.HAL_UART_Init
                0x08004692       0x62 build/stm32l4xx_hal_uart.o
                0x08004692                HAL_UART_Init
 .text.UART_Start_Receive_IT
                0x080046f4       0xd8 build/stm32l4xx_hal_uart.o
                0x080046f4                UART_Start_Receive_IT
 .text.HAL_UART_Receive_IT
                0x080047cc       0x5c build/stm32l4xx_hal_uart.o
                0x080047cc                HAL_UART_Receive_IT
 .text.HAL_UARTEx_WakeupCallback
                0x08004828        0x2 build/stm32l4xx_hal_uart_ex.o
                0x08004828                HAL_UARTEx_WakeupCallback
 .text.HAL_UARTEx_ReceiveToIdle_IT
                0x0800482a       0x58 build/stm32l4xx_hal_uart_ex.o
                0x0800482a                HAL_UARTEx_ReceiveToIdle_IT
 *fill*         0x08004882        0x2 
 .text.SystemInit
                0x08004884       0x14 build/system_stm32l4xx.o
                0x08004884                SystemInit
 .text.shellExtNumType
                0x08004898       0x52 build/shell_ext.o
 .text.shellExtToNum
                0x080048ea       0x2e build/shell_ext.o
 .text.shellExtParseChar
                0x08004918       0x94 build/shell_ext.o
 .text.shellExtParseString
                0x080049ac       0x40 build/shell_ext.o
 .text.shellExtParseNumber
                0x080049ec       0xb0 build/shell_ext.o
 .text.shellExtParseVar
                0x08004a9c       0x1e build/shell_ext.o
 .text.shellExtParsePara
                0x08004aba       0x78 build/shell_ext.o
                0x08004aba                shellExtParsePara
 .text.shellExtRun
                0x08004b32       0xf4 build/shell_ext.o
                0x08004b32                shellExtRun
 *fill*         0x08004c26        0x2 
 .text.User_Shell_Write
                0x08004c28       0x30 build/shell_port.o
                0x08004c28                User_Shell_Write
 .text.User_Shell_Init
                0x08004c58       0x20 build/shell_port.o
                0x08004c58                User_Shell_Init
 .text.shellAdd
                0x08004c78       0x24 build/shell.o
 .text.shellWriteByte
                0x08004c9c       0x18 build/shell.o
 .text.shellWriteCommandDesc
                0x08004cb4       0x4c build/shell.o
 .text.shellStringCopy
                0x08004d00       0x16 build/shell.o
 .text.shellStringCompare
                0x08004d16       0x2e build/shell.o
 .text.shellGetCommandDesc
                0x08004d44       0x22 build/shell.o
 .text.shellParserParam
                0x08004d66       0x92 build/shell.o
 .text.shellRight
                0x08004df8       0x1a build/shell.o
                0x08004df8                shellRight
 .text.shellLeft
                0x08004e12       0x18 build/shell.o
                0x08004e12                shellLeft
 .text.shellHistoryAdd
                0x08004e2a       0x70 build/shell.o
 .text.shellRemoveParamQuotes
                0x08004e9a       0x54 build/shell.o
 *fill*         0x08004eee        0x2 
 .text.shellGetCurrent
                0x08004ef0       0x2c build/shell.o
                0x08004ef0                shellGetCurrent
 .text.shellWriteString
                0x08004f1c       0x26 build/shell.o
                0x08004f1c                shellWriteString
 *fill*         0x08004f42        0x2 
 .text.shellWritePrompt
                0x08004f44       0x60 build/shell.o
 .text.shellCheckPassword
                0x08004fa4       0x40 build/shell.o
 .text.shellClear
                0x08004fe4       0x14 build/shell.o
                0x08004fe4                shellClear
 .text.shellPrint
                0x08004ff8       0x38 build/shell.o
                0x08004ff8                shellPrint
 .text.shellCheckPermission
                0x08005030       0x44 build/shell.o
                0x08005030                shellCheckPermission
 .text.shellToHex
                0x08005074       0x28 build/shell.o
                0x08005074                shellToHex
 .text.shellGetCommandName
                0x0800509c       0x44 build/shell.o
 .text.shellToDec
                0x080050e0       0x60 build/shell.o
                0x080050e0                shellToDec
 .text.shellWriteReturnValue
                0x08005140       0x80 build/shell.o
 .text.shellListItem
                0x080051c0       0xe0 build/shell.o
                0x080051c0                shellListItem
 .text.shellListCommand
                0x080052a0       0x48 build/shell.o
                0x080052a0                shellListCommand
 .text.shellCmds
                0x080052e8        0xe build/shell.o
                0x080052e8                shellCmds
 *fill*         0x080052f6        0x2 
 .text.shellListVar
                0x080052f8       0x4c build/shell.o
                0x080052f8                shellListVar
 .text.shellVars
                0x08005344        0xe build/shell.o
                0x08005344                shellVars
 *fill*         0x08005352        0x2 
 .text.shellListUser
                0x08005354       0x48 build/shell.o
                0x08005354                shellListUser
 .text.shellUsers
                0x0800539c        0xe build/shell.o
                0x0800539c                shellUsers
 *fill*         0x080053aa        0x2 
 .text.shellListKey
                0x080053ac       0x48 build/shell.o
                0x080053ac                shellListKey
 .text.shellKeys
                0x080053f4        0xe build/shell.o
                0x080053f4                shellKeys
 .text.shellListAll
                0x08005402        0x8 build/shell.o
                0x08005402                shellListAll
 *fill*         0x0800540a        0x2 
 .text.shellDeleteCommandLine
                0x0800540c       0x20 build/shell.o
                0x0800540c                shellDeleteCommandLine
 .text.shellClearCommandLine
                0x0800542c       0x28 build/shell.o
                0x0800542c                shellClearCommandLine
 .text.shellHistory
                0x08005454       0x98 build/shell.o
 .text.shellUp  0x080054ec        0xa build/shell.o
                0x080054ec                shellUp
 .text.shellDown
                0x080054f6        0xc build/shell.o
                0x080054f6                shellDown
 *fill*         0x08005502        0x2 
 .text.shellTab
                0x08005504      0x114 build/shell.o
                0x08005504                shellTab
 .text.shellInsertByte
                0x08005618       0xbc build/shell.o
                0x08005618                shellInsertByte
 .text.shellDeleteByte
                0x080056d4       0xc4 build/shell.o
                0x080056d4                shellDeleteByte
 .text.shellBackspace
                0x08005798        0xa build/shell.o
                0x08005798                shellBackspace
 .text.shellDelete
                0x080057a2        0xc build/shell.o
                0x080057a2                shellDelete
 .text.shellSeekCommand
                0x080057ae       0x72 build/shell.o
                0x080057ae                shellSeekCommand
 .text.shellWriteCommandHelp
                0x08005820       0x60 build/shell.o
 .text.shellHelp
                0x08005880       0x24 build/shell.o
                0x08005880                shellHelp
 .text.shellGetVarValue
                0x080058a4       0x44 build/shell.o
                0x080058a4                shellGetVarValue
 .text.shellShowVar
                0x080058e8       0xc0 build/shell.o
 .text.shellSetVarValue
                0x080059a8       0x78 build/shell.o
                0x080059a8                shellSetVarValue
 .text.shellSetVar
                0x08005a20       0x64 build/shell.o
                0x08005a20                shellSetVar
 .text.shellSetUser
                0x08005a84       0x60 build/shell.o
                0x08005a84                shellSetUser
 .text.shellInit
                0x08005ae4       0x90 build/shell.o
                0x08005ae4                shellInit
 .text.shellRunCommand
                0x08005b74       0x94 build/shell.o
                0x08005b74                shellRunCommand
 .text.shellNormalInput
                0x08005c08       0x14 build/shell.o
                0x08005c08                shellNormalInput
 .text.shellExec
                0x08005c1c       0x68 build/shell.o
                0x08005c1c                shellExec
 .text.shellEnter
                0x08005c84       0x12 build/shell.o
                0x08005c84                shellEnter
 *fill*         0x08005c96        0x2 
 .text.shellHandler
                0x08005c98       0xd4 build/shell.o
                0x08005c98                shellHandler
 .text.FSM_Regist
                0x08005d6c        0x8 build/fsm.o
                0x08005d6c                FSM_Regist
 .text.MX_GPIO_Init
                0x08005d74       0xf8 build/gpio.o
                0x08005d74                MX_GPIO_Init
 .text.MX_ADC1_Init
                0x08005e6c       0x8c build/adc.o
                0x08005e6c                MX_ADC1_Init
 .text.HAL_ADC_MspInit
                0x08005ef8       0xa4 build/adc.o
                0x08005ef8                HAL_ADC_MspInit
 .text.ADC_Average_Get
                0x08005f9c       0x8c build/adc.o
                0x08005f9c                ADC_Average_Get
 .text.MX_SPI2_Init
                0x08006028       0x4c build/spi.o
                0x08006028                MX_SPI2_Init
 .text.MX_SPI3_Init
                0x08006074       0x4c build/spi.o
                0x08006074                MX_SPI3_Init
 .text.HAL_SPI_MspInit
                0x080060c0       0xb8 build/spi.o
                0x080060c0                HAL_SPI_MspInit
 .text.MX_USART1_UART_Init
                0x08006178       0x48 build/usart.o
                0x08006178                MX_USART1_UART_Init
 .text.MX_USART2_UART_Init
                0x080061c0       0x48 build/usart.o
                0x080061c0                MX_USART2_UART_Init
 .text.MX_USART3_UART_Init
                0x08006208       0x48 build/usart.o
                0x08006208                MX_USART3_UART_Init
 .text.HAL_UART_MspInit
                0x08006250      0x180 build/usart.o
                0x08006250                HAL_UART_MspInit
 .text.HAL_UART_RxCpltCallback
                0x080063d0       0x34 build/usart.o
                0x080063d0                HAL_UART_RxCpltCallback
 .text.HAL_UARTEx_RxEventCallback
                0x08006404       0x70 build/usart.o
                0x08006404                HAL_UARTEx_RxEventCallback
 .text.HAL_UART_ErrorCallback
                0x08006474       0x48 build/usart.o
                0x08006474                HAL_UART_ErrorCallback
 .text.timer_init
                0x080064bc       0x18 build/timer.o
                0x080064bc                timer_init
 .text.timer_update
                0x080064d4       0x84 build/timer.o
                0x080064d4                timer_update
 .text.timer_insert
                0x08006558       0x44 build/timer.o
                0x08006558                timer_insert
 .text.queue_init
                0x0800659c        0xe build/queue.o
                0x0800659c                queue_init
 .text.queue_insert
                0x080065aa       0x56 build/queue.o
                0x080065aa                queue_insert
 .text.SX1278_hw_SetNSS
                0x08006600       0x14 build/SX1278_hw.o
                0x08006600                SX1278_hw_SetNSS
 .text.SX1278_hw_init
                0x08006614       0x16 build/SX1278_hw.o
                0x08006614                SX1278_hw_init
 .text.SX1278_hw_SPICommand
                0x0800662a       0x2e build/SX1278_hw.o
                0x0800662a                SX1278_hw_SPICommand
 .text.SX1278_hw_SPIReadByte
                0x08006658       0x3c build/SX1278_hw.o
                0x08006658                SX1278_hw_SPIReadByte
 .text.SX1278_hw_DelayMs
                0x08006694        0x8 build/SX1278_hw.o
                0x08006694                SX1278_hw_DelayMs
 .text.SX1278_hw_Reset
                0x0800669c       0x2c build/SX1278_hw.o
                0x0800669c                SX1278_hw_Reset
 .text.SX1278_hw_GetDIO0
                0x080066c8       0x14 build/SX1278_hw.o
                0x080066c8                SX1278_hw_GetDIO0
 .text.BSP_W25Qx_Reset
                0x080066dc       0x3c build/W25QXX.o
 .text.BSP_W25Qx_GetStatus
                0x08006718       0x58 build/W25QXX.o
 .text.BSP_W25Qx_Init
                0x08006770        0xc build/W25QXX.o
                0x08006770                BSP_W25Qx_Init
 .text.BSP_W25Qx_Read_ID
                0x0800677c       0x4c build/W25QXX.o
                0x0800677c                BSP_W25Qx_Read_ID
 .text.BSP_W25Qx_Read_JEDEC_ID
                0x080067c8       0x48 build/W25QXX.o
                0x080067c8                BSP_W25Qx_Read_JEDEC_ID
 .text.LED_Init
                0x08006810       0x5c build/led.o
                0x08006810                LED_Init
 .text.LED_On   0x0800686c        0xe build/led.o
                0x0800686c                LED_On
 .text.LED_Off  0x0800687a        0xe build/led.o
                0x0800687a                LED_Off
 .text.LED_Toggle
                0x08006888        0xc build/led.o
                0x08006888                LED_Toggle
 .text.LED_Blink
                0x08006894       0x26 build/led.o
                0x08006894                LED_Blink
 .text.RS485_SendData
                0x080068ba       0x2c build/rs485.o
                0x080068ba                RS485_SendData
 *fill*         0x080068e6        0x2 
 .text.atgm_io_init
                0x080068e8       0x48 build/ATGM332D.o
                0x080068e8                atgm_io_init
 .text.atgm_open
                0x08006930       0x40 build/ATGM332D.o
                0x08006930                atgm_open
 .text.atgm_read
                0x08006970       0x4c build/ATGM332D.o
                0x08006970                atgm_read
 .text.atgm_handler
                0x080069bc       0x60 build/ATGM332D.o
                0x080069bc                atgm_handler
 .text.ec2x_waitreply
                0x08006a1c       0x28 build/EC2x.o
 .text.ec2x_reset
                0x08006a44       0x14 build/EC2x.o
 .text.ec2x_io_init
                0x08006a58       0x94 build/EC2x.o
                0x08006a58                ec2x_io_init
 .text.ec2x_open
                0x08006aec       0x70 build/EC2x.o
                0x08006aec                ec2x_open
 .text.ec2x_write
                0x08006b5c       0x28 build/EC2x.o
                0x08006b5c                ec2x_write
 .text.ec2x_cmd_send
                0x08006b84       0x20 build/EC2x.o
 .text.EC2x_Test
                0x08006ba4       0x88 build/EC2x.o
                0x08006ba4                EC2x_Test
 .text.ec2x_read
                0x08006c2c       0xac build/EC2x.o
                0x08006c2c                ec2x_read
 .text.ec2x_handler
                0x08006cd8       0xe8 build/EC2x.o
                0x08006cd8                ec2x_handler
 .text.ec2x_timeout_handle
                0x08006dc0       0x20 build/EC2x.o
                0x08006dc0                ec2x_timeout_handle
 .text.ec2x_replymatch
                0x08006de0       0x70 build/EC2x.o
                0x08006de0                ec2x_replymatch
 .text.SX1278_SPIRead
                0x08006e50       0x1e build/SX1278.o
                0x08006e50                SX1278_SPIRead
 .text.SX1278_SPIWrite
                0x08006e6e       0x2c build/SX1278.o
                0x08006e6e                SX1278_SPIWrite
 .text.SX1278_SPIBurstRead
                0x08006e9a       0x3e build/SX1278.o
                0x08006e9a                SX1278_SPIBurstRead
 .text.SX1278_SPIBurstWrite
                0x08006ed8       0x40 build/SX1278.o
                0x08006ed8                SX1278_SPIBurstWrite
 .text.SX1278_standby
                0x08006f18       0x12 build/SX1278.o
                0x08006f18                SX1278_standby
 .text.SX1278_sleep
                0x08006f2a       0x12 build/SX1278.o
                0x08006f2a                SX1278_sleep
 .text.SX1278_entryLoRa
                0x08006f3c        0xc build/SX1278.o
                0x08006f3c                SX1278_entryLoRa
 .text.SX1278_config
                0x08006f48      0x18c build/SX1278.o
                0x08006f48                SX1278_config
 .text.SX1278_clearLoRaIrq
                0x080070d4        0xc build/SX1278.o
                0x080070d4                SX1278_clearLoRaIrq
 .text.SX1278_LoRaEntryRx
                0x080070e0       0x9a build/SX1278.o
                0x080070e0                SX1278_LoRaEntryRx
 *fill*         0x0800717a        0x2 
 .text.SX1278_LoRaRxPacket
                0x0800717c       0xa0 build/SX1278.o
                0x0800717c                SX1278_LoRaRxPacket
 .text.SX1278_LoRaEntryTx
                0x0800721c       0x80 build/SX1278.o
                0x0800721c                SX1278_LoRaEntryTx
 .text.SX1278_LoRaTxPacket
                0x0800729c       0x5a build/SX1278.o
                0x0800729c                SX1278_LoRaTxPacket
 .text.SX1278_init
                0x080072f6       0x3e build/SX1278.o
                0x080072f6                SX1278_init
 .text.SX1278_transmit
                0x08007334       0x24 build/SX1278.o
                0x08007334                SX1278_transmit
 .text.SX1278_receive
                0x08007358        0x8 build/SX1278.o
                0x08007358                SX1278_receive
 .text.LORA_Send
                0x08007360       0x68 build/SX1278.o
                0x08007360                LORA_Send
 .text.Reset_Handler
                0x080073c8       0x50 build/startup_stm32l431xx.o
                0x080073c8                Reset_Handler
 .text.Default_Handler
                0x08007418        0x2 build/startup_stm32l431xx.o
                0x08007418                TIM1_BRK_TIM15_IRQHandler
                0x08007418                EXTI2_IRQHandler
                0x08007418                TIM1_CC_IRQHandler
                0x08007418                TSC_IRQHandler
                0x08007418                TAMP_STAMP_IRQHandler
                0x08007418                EXTI3_IRQHandler
                0x08007418                LPTIM2_IRQHandler
                0x08007418                I2C3_ER_IRQHandler
                0x08007418                EXTI0_IRQHandler
                0x08007418                I2C2_EV_IRQHandler
                0x08007418                CAN1_RX0_IRQHandler
                0x08007418                FPU_IRQHandler
                0x08007418                TIM1_UP_TIM16_IRQHandler
                0x08007418                SPI1_IRQHandler
                0x08007418                TIM6_DAC_IRQHandler
                0x08007418                DMA2_Channel2_IRQHandler
                0x08007418                DMA1_Channel4_IRQHandler
                0x08007418                ADC1_IRQHandler
                0x08007418                DMA1_Channel7_IRQHandler
                0x08007418                CAN1_RX1_IRQHandler
                0x08007418                DMA2_Channel1_IRQHandler
                0x08007418                QUADSPI_IRQHandler
                0x08007418                I2C1_EV_IRQHandler
                0x08007418                DMA1_Channel6_IRQHandler
                0x08007418                DMA2_Channel4_IRQHandler
                0x08007418                RCC_IRQHandler
                0x08007418                TIM1_TRG_COM_IRQHandler
                0x08007418                DMA1_Channel1_IRQHandler
                0x08007418                Default_Handler
                0x08007418                DMA2_Channel7_IRQHandler
                0x08007418                EXTI15_10_IRQHandler
                0x08007418                TIM7_IRQHandler
                0x08007418                SDMMC1_IRQHandler
                0x08007418                I2C3_EV_IRQHandler
                0x08007418                RTC_WKUP_IRQHandler
                0x08007418                PVD_PVM_IRQHandler
                0x08007418                CAN1_TX_IRQHandler
                0x08007418                DMA2_Channel5_IRQHandler
                0x08007418                CRS_IRQHandler
                0x08007418                DMA1_Channel5_IRQHandler
                0x08007418                EXTI4_IRQHandler
                0x08007418                RNG_IRQHandler
                0x08007418                DMA1_Channel3_IRQHandler
                0x08007418                COMP_IRQHandler
                0x08007418                WWDG_IRQHandler
                0x08007418                LPUART1_IRQHandler
                0x08007418                DMA2_Channel6_IRQHandler
                0x08007418                TIM2_IRQHandler
                0x08007418                EXTI1_IRQHandler
                0x08007418                I2C2_ER_IRQHandler
                0x08007418                DMA1_Channel2_IRQHandler
                0x08007418                CAN1_SCE_IRQHandler
                0x08007418                FLASH_IRQHandler
                0x08007418                I2C1_ER_IRQHandler
                0x08007418                SWPMI1_IRQHandler
                0x08007418                LPTIM1_IRQHandler
                0x08007418                SAI1_IRQHandler
                0x08007418                DMA2_Channel3_IRQHandler
                0x08007418                RTC_Alarm_IRQHandler
 .text.__cvt    0x0800741a       0xd2 /Applications/ArmGNUToolchain/12.3.rel1/arm-none-eabi/bin/../lib/gcc/arm-none-eabi/12.3.1/../../../../arm-none-eabi/lib/thumb/v7e-m+fp/hard/libc_nano.a(libc_a-nano-vfprintf_float.o)
                0x0800741a                __cvt
 .text.__exponent
                0x080074ec       0x74 /Applications/ArmGNUToolchain/12.3.rel1/arm-none-eabi/bin/../lib/gcc/arm-none-eabi/12.3.1/../../../../arm-none-eabi/lib/thumb/v7e-m+fp/hard/libc_nano.a(libc_a-nano-vfprintf_float.o)
                0x080074ec                __exponent
 .text._printf_float
                0x08007560      0x464 /Applications/ArmGNUToolchain/12.3.rel1/arm-none-eabi/bin/../lib/gcc/arm-none-eabi/12.3.1/../../../../arm-none-eabi/lib/thumb/v7e-m+fp/hard/libc_nano.a(libc_a-nano-vfprintf_float.o)
                0x08007560                _printf_float
 .text.malloc   0x080079c4       0x10 /Applications/ArmGNUToolchain/12.3.rel1/arm-none-eabi/bin/../lib/gcc/arm-none-eabi/12.3.1/../../../../arm-none-eabi/lib/thumb/v7e-m+fp/hard/libc_nano.a(libc_a-malloc.o)
                0x080079c4                malloc
 .text.free     0x080079d4       0x10 /Applications/ArmGNUToolchain/12.3.rel1/arm-none-eabi/bin/../lib/gcc/arm-none-eabi/12.3.1/../../../../arm-none-eabi/lib/thumb/v7e-m+fp/hard/libc_nano.a(libc_a-malloc.o)
                0x080079d4                free
 .text.sbrk_aligned
                0x080079e4       0x44 /Applications/ArmGNUToolchain/12.3.rel1/arm-none-eabi/bin/../lib/gcc/arm-none-eabi/12.3.1/../../../../arm-none-eabi/lib/thumb/v7e-m+fp/hard/libc_nano.a(libc_a-mallocr.o)
 .text._malloc_r
                0x08007a28      0x100 /Applications/ArmGNUToolchain/12.3.rel1/arm-none-eabi/bin/../lib/gcc/arm-none-eabi/12.3.1/../../../../arm-none-eabi/lib/thumb/v7e-m+fp/hard/libc_nano.a(libc_a-mallocr.o)
                0x08007a28                _malloc_r
 .text._printf_common
                0x08007b28       0xda /Applications/ArmGNUToolchain/12.3.rel1/arm-none-eabi/bin/../lib/gcc/arm-none-eabi/12.3.1/../../../../arm-none-eabi/lib/thumb/v7e-m+fp/hard/libc_nano.a(libc_a-nano-vfprintf_i.o)
                0x08007b28                _printf_common
 *fill*         0x08007c02        0x2 
 .text._printf_i
                0x08007c04      0x258 /Applications/ArmGNUToolchain/12.3.rel1/arm-none-eabi/bin/../lib/gcc/arm-none-eabi/12.3.1/../../../../arm-none-eabi/lib/thumb/v7e-m+fp/hard/libc_nano.a(libc_a-nano-vfprintf_i.o)
                0x08007c04                _printf_i
 .text.__malloc_lock
                0x08007e5c        0xc /Applications/ArmGNUToolchain/12.3.rel1/arm-none-eabi/bin/../lib/gcc/arm-none-eabi/12.3.1/../../../../arm-none-eabi/lib/thumb/v7e-m+fp/hard/libc_nano.a(libc_a-mlock.o)
                0x08007e5c                __malloc_lock
 .text.__malloc_unlock
                0x08007e68        0xc /Applications/ArmGNUToolchain/12.3.rel1/arm-none-eabi/bin/../lib/gcc/arm-none-eabi/12.3.1/../../../../arm-none-eabi/lib/thumb/v7e-m+fp/hard/libc_nano.a(libc_a-mlock.o)
                0x08007e68                __malloc_unlock
 .text.std      0x08007e74       0x6c /Applications/ArmGNUToolchain/12.3.rel1/arm-none-eabi/bin/../lib/gcc/arm-none-eabi/12.3.1/../../../../arm-none-eabi/lib/thumb/v7e-m+fp/hard/libc_nano.a(libc_a-findfp.o)
 .text.stdio_exit_handler
                0x08007ee0       0x18 /Applications/ArmGNUToolchain/12.3.rel1/arm-none-eabi/bin/../lib/gcc/arm-none-eabi/12.3.1/../../../../arm-none-eabi/lib/thumb/v7e-m+fp/hard/libc_nano.a(libc_a-findfp.o)
 .text.cleanup_stdio
                0x08007ef8       0x40 /Applications/ArmGNUToolchain/12.3.rel1/arm-none-eabi/bin/../lib/gcc/arm-none-eabi/12.3.1/../../../../arm-none-eabi/lib/thumb/v7e-m+fp/hard/libc_nano.a(libc_a-findfp.o)
 .text.global_stdio_init.part.0
                0x08007f38       0x3c /Applications/ArmGNUToolchain/12.3.rel1/arm-none-eabi/bin/../lib/gcc/arm-none-eabi/12.3.1/../../../../arm-none-eabi/lib/thumb/v7e-m+fp/hard/libc_nano.a(libc_a-findfp.o)
 .text.__sfp_lock_acquire
                0x08007f74        0xc /Applications/ArmGNUToolchain/12.3.rel1/arm-none-eabi/bin/../lib/gcc/arm-none-eabi/12.3.1/../../../../arm-none-eabi/lib/thumb/v7e-m+fp/hard/libc_nano.a(libc_a-findfp.o)
                0x08007f74                __sfp_lock_acquire
 .text.__sfp_lock_release
                0x08007f80        0xc /Applications/ArmGNUToolchain/12.3.rel1/arm-none-eabi/bin/../lib/gcc/arm-none-eabi/12.3.1/../../../../arm-none-eabi/lib/thumb/v7e-m+fp/hard/libc_nano.a(libc_a-findfp.o)
                0x08007f80                __sfp_lock_release
 .text.__sinit  0x08007f8c       0x30 /Applications/ArmGNUToolchain/12.3.rel1/arm-none-eabi/bin/../lib/gcc/arm-none-eabi/12.3.1/../../../../arm-none-eabi/lib/thumb/v7e-m+fp/hard/libc_nano.a(libc_a-findfp.o)
                0x08007f8c                __sinit
 .text._fwalk_sglue
                0x08007fbc       0x3c /Applications/ArmGNUToolchain/12.3.rel1/arm-none-eabi/bin/../lib/gcc/arm-none-eabi/12.3.1/../../../../arm-none-eabi/lib/thumb/v7e-m+fp/hard/libc_nano.a(libc_a-fwalk.o)
                0x08007fbc                _fwalk_sglue
 .text._vsnprintf_r
                0x08007ff8       0x56 /Applications/ArmGNUToolchain/12.3.rel1/arm-none-eabi/bin/../lib/gcc/arm-none-eabi/12.3.1/../../../../arm-none-eabi/lib/thumb/v7e-m+fp/hard/libc_nano.a(libc_a-vsnprintf.o)
                0x08007ff8                _vsnprintf_r
                0x08007ff8                _vsniprintf_r
 *fill*         0x0800804e        0x2 
 .text.vsnprintf
                0x08008050       0x1c /Applications/ArmGNUToolchain/12.3.rel1/arm-none-eabi/bin/../lib/gcc/arm-none-eabi/12.3.1/../../../../arm-none-eabi/lib/thumb/v7e-m+fp/hard/libc_nano.a(libc_a-vsnprintf.o)
                0x08008050                vsnprintf
                0x08008050                vsniprintf
 .text.strncmp  0x0800806c       0x24 /Applications/ArmGNUToolchain/12.3.rel1/arm-none-eabi/bin/../lib/gcc/arm-none-eabi/12.3.1/../../../../arm-none-eabi/lib/thumb/v7e-m+fp/hard/libc_nano.a(libc_a-strncmp.o)
                0x0800806c                strncmp
 .text.strstr   0x08008090       0x2c /Applications/ArmGNUToolchain/12.3.rel1/arm-none-eabi/bin/../lib/gcc/arm-none-eabi/12.3.1/../../../../arm-none-eabi/lib/thumb/v7e-m+fp/hard/libc_nano.a(libc_a-strstr.o)
                0x08008090                strstr
 .text.memset   0x080080bc       0x10 /Applications/ArmGNUToolchain/12.3.rel1/arm-none-eabi/bin/../lib/gcc/arm-none-eabi/12.3.1/../../../../arm-none-eabi/lib/thumb/v7e-m+fp/hard/libc_nano.a(libc_a-memset.o)
                0x080080bc                memset
 .text._localeconv_r
                0x080080cc        0x8 /Applications/ArmGNUToolchain/12.3.rel1/arm-none-eabi/bin/../lib/gcc/arm-none-eabi/12.3.1/../../../../arm-none-eabi/lib/thumb/v7e-m+fp/hard/libc_nano.a(libc_a-localeconv.o)
                0x080080cc                _localeconv_r
 .text._sbrk_r  0x080080d4       0x20 /Applications/ArmGNUToolchain/12.3.rel1/arm-none-eabi/bin/../lib/gcc/arm-none-eabi/12.3.1/../../../../arm-none-eabi/lib/thumb/v7e-m+fp/hard/libc_nano.a(libc_a-sbrkr.o)
                0x080080d4                _sbrk_r
 .text.__libc_init_array
                0x080080f4       0x48 /Applications/ArmGNUToolchain/12.3.rel1/arm-none-eabi/bin/../lib/gcc/arm-none-eabi/12.3.1/../../../../arm-none-eabi/lib/thumb/v7e-m+fp/hard/libc_nano.a(libc_a-init.o)
                0x080080f4                __libc_init_array
 .text.__retarget_lock_init_recursive
                0x0800813c        0x2 /Applications/ArmGNUToolchain/12.3.rel1/arm-none-eabi/bin/../lib/gcc/arm-none-eabi/12.3.1/../../../../arm-none-eabi/lib/thumb/v7e-m+fp/hard/libc_nano.a(libc_a-lock.o)
                0x0800813c                __retarget_lock_init_recursive
 .text.__retarget_lock_acquire_recursive
                0x0800813e        0x2 /Applications/ArmGNUToolchain/12.3.rel1/arm-none-eabi/bin/../lib/gcc/arm-none-eabi/12.3.1/../../../../arm-none-eabi/lib/thumb/v7e-m+fp/hard/libc_nano.a(libc_a-lock.o)
                0x0800813e                __retarget_lock_acquire_recursive
 .text.__retarget_lock_release_recursive
                0x08008140        0x2 /Applications/ArmGNUToolchain/12.3.rel1/arm-none-eabi/bin/../lib/gcc/arm-none-eabi/12.3.1/../../../../arm-none-eabi/lib/thumb/v7e-m+fp/hard/libc_nano.a(libc_a-lock.o)
                0x08008140                __retarget_lock_release_recursive
 .text.memcpy   0x08008142       0x1c /Applications/ArmGNUToolchain/12.3.rel1/arm-none-eabi/bin/../lib/gcc/arm-none-eabi/12.3.1/../../../../arm-none-eabi/lib/thumb/v7e-m+fp/hard/libc_nano.a(libc_a-memcpy-stub.o)
                0x08008142                memcpy
 .text.quorem   0x0800815e      0x110 /Applications/ArmGNUToolchain/12.3.rel1/arm-none-eabi/bin/../lib/gcc/arm-none-eabi/12.3.1/../../../../arm-none-eabi/lib/thumb/v7e-m+fp/hard/libc_nano.a(libc_a-dtoa.o)
 *fill*         0x0800826e        0x2 
 .text._dtoa_r  0x08008270      0xc58 /Applications/ArmGNUToolchain/12.3.rel1/arm-none-eabi/bin/../lib/gcc/arm-none-eabi/12.3.1/../../../../arm-none-eabi/lib/thumb/v7e-m+fp/hard/libc_nano.a(libc_a-dtoa.o)
                0x08008270                _dtoa_r
 .text._free_r  0x08008ec8       0x94 /Applications/ArmGNUToolchain/12.3.rel1/arm-none-eabi/bin/../lib/gcc/arm-none-eabi/12.3.1/../../../../arm-none-eabi/lib/thumb/v7e-m+fp/hard/libc_nano.a(libc_a-freer.o)
                0x08008ec8                _free_r
 .text.__ssputs_r
                0x08008f5c       0xb6 /Applications/ArmGNUToolchain/12.3.rel1/arm-none-eabi/bin/../lib/gcc/arm-none-eabi/12.3.1/../../../../arm-none-eabi/lib/thumb/v7e-m+fp/hard/libc_nano.a(libc_a-nano-svfprintf.o)
                0x08008f5c                __ssputs_r
 *fill*         0x08009012        0x2 
 .text._svfprintf_r
                0x08009014      0x1f8 /Applications/ArmGNUToolchain/12.3.rel1/arm-none-eabi/bin/../lib/gcc/arm-none-eabi/12.3.1/../../../../arm-none-eabi/lib/thumb/v7e-m+fp/hard/libc_nano.a(libc_a-nano-svfprintf.o)
                0x08009014                _svfprintf_r
                0x08009014                _svfiprintf_r
 .text.__sflush_r
                0x0800920c      0x108 /Applications/ArmGNUToolchain/12.3.rel1/arm-none-eabi/bin/../lib/gcc/arm-none-eabi/12.3.1/../../../../arm-none-eabi/lib/thumb/v7e-m+fp/hard/libc_nano.a(libc_a-fflush.o)
                0x0800920c                __sflush_r
 .text._fflush_r
                0x08009314       0x50 /Applications/ArmGNUToolchain/12.3.rel1/arm-none-eabi/bin/../lib/gcc/arm-none-eabi/12.3.1/../../../../arm-none-eabi/lib/thumb/v7e-m+fp/hard/libc_nano.a(libc_a-fflush.o)
                0x08009314                _fflush_r
 .text._Balloc  0x08009364       0x80 /Applications/ArmGNUToolchain/12.3.rel1/arm-none-eabi/bin/../lib/gcc/arm-none-eabi/12.3.1/../../../../arm-none-eabi/lib/thumb/v7e-m+fp/hard/libc_nano.a(libc_a-mprec.o)
                0x08009364                _Balloc
 .text._Bfree   0x080093e4       0x44 /Applications/ArmGNUToolchain/12.3.rel1/arm-none-eabi/bin/../lib/gcc/arm-none-eabi/12.3.1/../../../../arm-none-eabi/lib/thumb/v7e-m+fp/hard/libc_nano.a(libc_a-mprec.o)
                0x080093e4                _Bfree
 .text.__multadd
                0x08009428       0x8c /Applications/ArmGNUToolchain/12.3.rel1/arm-none-eabi/bin/../lib/gcc/arm-none-eabi/12.3.1/../../../../arm-none-eabi/lib/thumb/v7e-m+fp/hard/libc_nano.a(libc_a-mprec.o)
                0x08009428                __multadd
 .text.__hi0bits
                0x080094b4       0x44 /Applications/ArmGNUToolchain/12.3.rel1/arm-none-eabi/bin/../lib/gcc/arm-none-eabi/12.3.1/../../../../arm-none-eabi/lib/thumb/v7e-m+fp/hard/libc_nano.a(libc_a-mprec.o)
                0x080094b4                __hi0bits
 .text.__lo0bits
                0x080094f8       0x5a /Applications/ArmGNUToolchain/12.3.rel1/arm-none-eabi/bin/../lib/gcc/arm-none-eabi/12.3.1/../../../../arm-none-eabi/lib/thumb/v7e-m+fp/hard/libc_nano.a(libc_a-mprec.o)
                0x080094f8                __lo0bits
 *fill*         0x08009552        0x2 
 .text.__i2b    0x08009554       0x2c /Applications/ArmGNUToolchain/12.3.rel1/arm-none-eabi/bin/../lib/gcc/arm-none-eabi/12.3.1/../../../../arm-none-eabi/lib/thumb/v7e-m+fp/hard/libc_nano.a(libc_a-mprec.o)
                0x08009554                __i2b
 .text.__multiply
                0x08009580      0x154 /Applications/ArmGNUToolchain/12.3.rel1/arm-none-eabi/bin/../lib/gcc/arm-none-eabi/12.3.1/../../../../arm-none-eabi/lib/thumb/v7e-m+fp/hard/libc_nano.a(libc_a-mprec.o)
                0x08009580                __multiply
 .text.__pow5mult
                0x080096d4       0xb4 /Applications/ArmGNUToolchain/12.3.rel1/arm-none-eabi/bin/../lib/gcc/arm-none-eabi/12.3.1/../../../../arm-none-eabi/lib/thumb/v7e-m+fp/hard/libc_nano.a(libc_a-mprec.o)
                0x080096d4                __pow5mult
 .text.__lshift
                0x08009788       0xd8 /Applications/ArmGNUToolchain/12.3.rel1/arm-none-eabi/bin/../lib/gcc/arm-none-eabi/12.3.1/../../../../arm-none-eabi/lib/thumb/v7e-m+fp/hard/libc_nano.a(libc_a-mprec.o)
                0x08009788                __lshift
 .text.__mcmp   0x08009860       0x36 /Applications/ArmGNUToolchain/12.3.rel1/arm-none-eabi/bin/../lib/gcc/arm-none-eabi/12.3.1/../../../../arm-none-eabi/lib/thumb/v7e-m+fp/hard/libc_nano.a(libc_a-mprec.o)
                0x08009860                __mcmp
 *fill*         0x08009896        0x2 
 .text.__mdiff  0x08009898      0x128 /Applications/ArmGNUToolchain/12.3.rel1/arm-none-eabi/bin/../lib/gcc/arm-none-eabi/12.3.1/../../../../arm-none-eabi/lib/thumb/v7e-m+fp/hard/libc_nano.a(libc_a-mprec.o)
                0x08009898                __mdiff
 .text.__d2b    0x080099c0       0xb0 /Applications/ArmGNUToolchain/12.3.rel1/arm-none-eabi/bin/../lib/gcc/arm-none-eabi/12.3.1/../../../../arm-none-eabi/lib/thumb/v7e-m+fp/hard/libc_nano.a(libc_a-mprec.o)
                0x080099c0                __d2b
 .text.__sread  0x08009a70       0x22 /Applications/ArmGNUToolchain/12.3.rel1/arm-none-eabi/bin/../lib/gcc/arm-none-eabi/12.3.1/../../../../arm-none-eabi/lib/thumb/v7e-m+fp/hard/libc_nano.a(libc_a-stdio.o)
                0x08009a70                __sread
 .text.__swrite
                0x08009a92       0x38 /Applications/ArmGNUToolchain/12.3.rel1/arm-none-eabi/bin/../lib/gcc/arm-none-eabi/12.3.1/../../../../arm-none-eabi/lib/thumb/v7e-m+fp/hard/libc_nano.a(libc_a-stdio.o)
                0x08009a92                __swrite
 .text.__sseek  0x08009aca       0x24 /Applications/ArmGNUToolchain/12.3.rel1/arm-none-eabi/bin/../lib/gcc/arm-none-eabi/12.3.1/../../../../arm-none-eabi/lib/thumb/v7e-m+fp/hard/libc_nano.a(libc_a-stdio.o)
                0x08009aca                __sseek
 .text.__sclose
                0x08009aee        0x8 /Applications/ArmGNUToolchain/12.3.rel1/arm-none-eabi/bin/../lib/gcc/arm-none-eabi/12.3.1/../../../../arm-none-eabi/lib/thumb/v7e-m+fp/hard/libc_nano.a(libc_a-stdio.o)
                0x08009aee                __sclose
 .text._realloc_r
                0x08009af6       0x5c /Applications/ArmGNUToolchain/12.3.rel1/arm-none-eabi/bin/../lib/gcc/arm-none-eabi/12.3.1/../../../../arm-none-eabi/lib/thumb/v7e-m+fp/hard/libc_nano.a(libc_a-reallocr.o)
                0x08009af6                _realloc_r
 .text.memmove  0x08009b52       0x34 /Applications/ArmGNUToolchain/12.3.rel1/arm-none-eabi/bin/../lib/gcc/arm-none-eabi/12.3.1/../../../../arm-none-eabi/lib/thumb/v7e-m+fp/hard/libc_nano.a(libc_a-memmove.o)
                0x08009b52                memmove
 *fill*         0x08009b86        0x2 
 .text._close_r
                0x08009b88       0x20 /Applications/ArmGNUToolchain/12.3.rel1/arm-none-eabi/bin/../lib/gcc/arm-none-eabi/12.3.1/../../../../arm-none-eabi/lib/thumb/v7e-m+fp/hard/libc_nano.a(libc_a-closer.o)
                0x08009b88                _close_r
 .text._lseek_r
                0x08009ba8       0x24 /Applications/ArmGNUToolchain/12.3.rel1/arm-none-eabi/bin/../lib/gcc/arm-none-eabi/12.3.1/../../../../arm-none-eabi/lib/thumb/v7e-m+fp/hard/libc_nano.a(libc_a-lseekr.o)
                0x08009ba8                _lseek_r
 .text._read_r  0x08009bcc       0x24 /Applications/ArmGNUToolchain/12.3.rel1/arm-none-eabi/bin/../lib/gcc/arm-none-eabi/12.3.1/../../../../arm-none-eabi/lib/thumb/v7e-m+fp/hard/libc_nano.a(libc_a-readr.o)
                0x08009bcc                _read_r
 .text._write_r
                0x08009bf0       0x24 /Applications/ArmGNUToolchain/12.3.rel1/arm-none-eabi/bin/../lib/gcc/arm-none-eabi/12.3.1/../../../../arm-none-eabi/lib/thumb/v7e-m+fp/hard/libc_nano.a(libc_a-writer.o)
                0x08009bf0                _write_r
 .text.__assert_func
                0x08009c14       0x3c /Applications/ArmGNUToolchain/12.3.rel1/arm-none-eabi/bin/../lib/gcc/arm-none-eabi/12.3.1/../../../../arm-none-eabi/lib/thumb/v7e-m+fp/hard/libc_nano.a(libc_a-assert.o)
                0x08009c14                __assert_func
 .text._calloc_r
                0x08009c50       0x28 /Applications/ArmGNUToolchain/12.3.rel1/arm-none-eabi/bin/../lib/gcc/arm-none-eabi/12.3.1/../../../../arm-none-eabi/lib/thumb/v7e-m+fp/hard/libc_nano.a(libc_a-callocr.o)
                0x08009c50                _calloc_r
 .text.__ascii_mbtowc
                0x08009c78       0x24 /Applications/ArmGNUToolchain/12.3.rel1/arm-none-eabi/bin/../lib/gcc/arm-none-eabi/12.3.1/../../../../arm-none-eabi/lib/thumb/v7e-m+fp/hard/libc_nano.a(libc_a-mbtowc_r.o)
                0x08009c78                __ascii_mbtowc
 .text._malloc_usable_size_r
                0x08009c9c       0x10 /Applications/ArmGNUToolchain/12.3.rel1/arm-none-eabi/bin/../lib/gcc/arm-none-eabi/12.3.1/../../../../arm-none-eabi/lib/thumb/v7e-m+fp/hard/libc_nano.a(libc_a-msizer.o)
                0x08009c9c                _malloc_usable_size_r
 .text.fprintf  0x08009cac       0x24 /Applications/ArmGNUToolchain/12.3.rel1/arm-none-eabi/bin/../lib/gcc/arm-none-eabi/12.3.1/../../../../arm-none-eabi/lib/thumb/v7e-m+fp/hard/libc_nano.a(libc_a-fprintf.o)
                0x08009cac                fprintf
                0x08009cac                fiprintf
 .text.__ascii_wctomb
                0x08009cd0       0x1a /Applications/ArmGNUToolchain/12.3.rel1/arm-none-eabi/bin/../lib/gcc/arm-none-eabi/12.3.1/../../../../arm-none-eabi/lib/thumb/v7e-m+fp/hard/libc_nano.a(libc_a-wctomb_r.o)
                0x08009cd0                __ascii_wctomb
 .text.abort    0x08009cea        0xe /Applications/ArmGNUToolchain/12.3.rel1/arm-none-eabi/bin/../lib/gcc/arm-none-eabi/12.3.1/../../../../arm-none-eabi/lib/thumb/v7e-m+fp/hard/libc_nano.a(libc_a-abort.o)
                0x08009cea                abort
 .text.__sfputc_r
                0x08009cf8       0x2e /Applications/ArmGNUToolchain/12.3.rel1/arm-none-eabi/bin/../lib/gcc/arm-none-eabi/12.3.1/../../../../arm-none-eabi/lib/thumb/v7e-m+fp/hard/libc_nano.a(libc_a-nano-vfprintf.o)
 .text.__sfputs_r
                0x08009d26       0x24 /Applications/ArmGNUToolchain/12.3.rel1/arm-none-eabi/bin/../lib/gcc/arm-none-eabi/12.3.1/../../../../arm-none-eabi/lib/thumb/v7e-m+fp/hard/libc_nano.a(libc_a-nano-vfprintf.o)
                0x08009d26                __sfputs_r
 *fill*         0x08009d4a        0x2 
 .text._vfprintf_r
                0x08009d4c      0x230 /Applications/ArmGNUToolchain/12.3.rel1/arm-none-eabi/bin/../lib/gcc/arm-none-eabi/12.3.1/../../../../arm-none-eabi/lib/thumb/v7e-m+fp/hard/libc_nano.a(libc_a-nano-vfprintf.o)
                0x08009d4c                _vfiprintf_r
                0x08009d4c                _vfprintf_r
 .text.__swbuf_r
                0x08009f7c       0x7c /Applications/ArmGNUToolchain/12.3.rel1/arm-none-eabi/bin/../lib/gcc/arm-none-eabi/12.3.1/../../../../arm-none-eabi/lib/thumb/v7e-m+fp/hard/libc_nano.a(libc_a-wbuf.o)
                0x08009f7c                __swbuf_r
 .text.__swsetup_r
                0x08009ff8       0xac /Applications/ArmGNUToolchain/12.3.rel1/arm-none-eabi/bin/../lib/gcc/arm-none-eabi/12.3.1/../../../../arm-none-eabi/lib/thumb/v7e-m+fp/hard/libc_nano.a(libc_a-wsetup.o)
                0x08009ff8                __swsetup_r
 .text.__swhatbuf_r
                0x0800a0a4       0x4c /Applications/ArmGNUToolchain/12.3.rel1/arm-none-eabi/bin/../lib/gcc/arm-none-eabi/12.3.1/../../../../arm-none-eabi/lib/thumb/v7e-m+fp/hard/libc_nano.a(libc_a-makebuf.o)
                0x0800a0a4                __swhatbuf_r
 .text.__smakebuf_r
                0x0800a0f0       0x78 /Applications/ArmGNUToolchain/12.3.rel1/arm-none-eabi/bin/../lib/gcc/arm-none-eabi/12.3.1/../../../../arm-none-eabi/lib/thumb/v7e-m+fp/hard/libc_nano.a(libc_a-makebuf.o)
                0x0800a0f0                __smakebuf_r
 .text._fstat_r
                0x0800a168       0x24 /Applications/ArmGNUToolchain/12.3.rel1/arm-none-eabi/bin/../lib/gcc/arm-none-eabi/12.3.1/../../../../arm-none-eabi/lib/thumb/v7e-m+fp/hard/libc_nano.a(libc_a-fstatr.o)
                0x0800a168                _fstat_r
 .text._isatty_r
                0x0800a18c       0x20 /Applications/ArmGNUToolchain/12.3.rel1/arm-none-eabi/bin/../lib/gcc/arm-none-eabi/12.3.1/../../../../arm-none-eabi/lib/thumb/v7e-m+fp/hard/libc_nano.a(libc_a-isattyr.o)
                0x0800a18c                _isatty_r
 .text._raise_r
                0x0800a1ac       0x50 /Applications/ArmGNUToolchain/12.3.rel1/arm-none-eabi/bin/../lib/gcc/arm-none-eabi/12.3.1/../../../../arm-none-eabi/lib/thumb/v7e-m+fp/hard/libc_nano.a(libc_a-signal.o)
                0x0800a1ac                _raise_r
 .text.raise    0x0800a1fc       0x10 /Applications/ArmGNUToolchain/12.3.rel1/arm-none-eabi/bin/../lib/gcc/arm-none-eabi/12.3.1/../../../../arm-none-eabi/lib/thumb/v7e-m+fp/hard/libc_nano.a(libc_a-signal.o)
                0x0800a1fc                raise
 .text._kill_r  0x0800a20c       0x24 /Applications/ArmGNUToolchain/12.3.rel1/arm-none-eabi/bin/../lib/gcc/arm-none-eabi/12.3.1/../../../../arm-none-eabi/lib/thumb/v7e-m+fp/hard/libc_nano.a(libc_a-signalr.o)
                0x0800a20c                _kill_r
 .text._getpid_r
                0x0800a230        0x4 /Applications/ArmGNUToolchain/12.3.rel1/arm-none-eabi/bin/../lib/gcc/arm-none-eabi/12.3.1/../../../../arm-none-eabi/lib/thumb/v7e-m+fp/hard/libc_nano.a(libc_a-signalr.o)
                0x0800a230                _getpid_r
 *fill*         0x0800a234        0x4 
 .text.pow      0x0800a238       0xf0 /Applications/ArmGNUToolchain/12.3.rel1/arm-none-eabi/bin/../lib/gcc/arm-none-eabi/12.3.1/../../../../arm-none-eabi/lib/thumb/v7e-m+fp/hard/libm.a(libm_a-w_pow.o)
                0x0800a238                pow
 .text.finite   0x0800a328       0x18 /Applications/ArmGNUToolchain/12.3.rel1/arm-none-eabi/bin/../lib/gcc/arm-none-eabi/12.3.1/../../../../arm-none-eabi/lib/thumb/v7e-m+fp/hard/libm.a(libm_a-s_finite.o)
                0x0800a328                finite
 .text.__ieee754_pow
                0x0800a340      0xbec /Applications/ArmGNUToolchain/12.3.rel1/arm-none-eabi/bin/../lib/gcc/arm-none-eabi/12.3.1/../../../../arm-none-eabi/lib/thumb/v7e-m+fp/hard/libm.a(libm_a-e_pow.o)
                0x0800a340                __ieee754_pow
 .text.with_errno
                0x0800af2c       0x24 /Applications/ArmGNUToolchain/12.3.rel1/arm-none-eabi/bin/../lib/gcc/arm-none-eabi/12.3.1/../../../../arm-none-eabi/lib/thumb/v7e-m+fp/hard/libm.a(libm_a-math_err.o)
 .text.xflow    0x0800af50       0x34 /Applications/ArmGNUToolchain/12.3.rel1/arm-none-eabi/bin/../lib/gcc/arm-none-eabi/12.3.1/../../../../arm-none-eabi/lib/thumb/v7e-m+fp/hard/libm.a(libm_a-math_err.o)
 *fill*         0x0800af84        0x4 
 .text.__math_uflow
                0x0800af88       0x10 /Applications/ArmGNUToolchain/12.3.rel1/arm-none-eabi/bin/../lib/gcc/arm-none-eabi/12.3.1/../../../../arm-none-eabi/lib/thumb/v7e-m+fp/hard/libm.a(libm_a-math_err.o)
                0x0800af88                __math_uflow
 .text.__math_oflow
                0x0800af98       0x10 /Applications/ArmGNUToolchain/12.3.rel1/arm-none-eabi/bin/../lib/gcc/arm-none-eabi/12.3.1/../../../../arm-none-eabi/lib/thumb/v7e-m+fp/hard/libm.a(libm_a-math_err.o)
                0x0800af98                __math_oflow
 .text.fabs     0x0800afa8       0x10 /Applications/ArmGNUToolchain/12.3.rel1/arm-none-eabi/bin/../lib/gcc/arm-none-eabi/12.3.1/../../../../arm-none-eabi/lib/thumb/v7e-m+fp/hard/libm.a(libm_a-s_fabs.o)
                0x0800afa8                fabs
 .text.scalbn   0x0800afb8      0x114 /Applications/ArmGNUToolchain/12.3.rel1/arm-none-eabi/bin/../lib/gcc/arm-none-eabi/12.3.1/../../../../arm-none-eabi/lib/thumb/v7e-m+fp/hard/libm.a(libm_a-s_scalbn.o)
                0x0800afb8                scalbn
 .text.__ieee754_sqrt
                0x0800b0cc      0x1f4 /Applications/ArmGNUToolchain/12.3.rel1/arm-none-eabi/bin/../lib/gcc/arm-none-eabi/12.3.1/../../../../arm-none-eabi/lib/thumb/v7e-m+fp/hard/libm.a(libm_a-e_sqrt.o)
                0x0800b0cc                __ieee754_sqrt
 .text._close   0x0800b2c0       0x10 /Applications/ArmGNUToolchain/12.3.rel1/arm-none-eabi/bin/../lib/gcc/arm-none-eabi/12.3.1/../../../../arm-none-eabi/lib/thumb/v7e-m+fp/hard/libnosys.a(close.o)
                0x0800b2c0                _close
 .text._fstat   0x0800b2d0       0x10 /Applications/ArmGNUToolchain/12.3.rel1/arm-none-eabi/bin/../lib/gcc/arm-none-eabi/12.3.1/../../../../arm-none-eabi/lib/thumb/v7e-m+fp/hard/libnosys.a(fstat.o)
                0x0800b2d0                _fstat
 .text._getpid  0x0800b2e0       0x10 /Applications/ArmGNUToolchain/12.3.rel1/arm-none-eabi/bin/../lib/gcc/arm-none-eabi/12.3.1/../../../../arm-none-eabi/lib/thumb/v7e-m+fp/hard/libnosys.a(getpid.o)
                0x0800b2e0                _getpid
 .text._isatty  0x0800b2f0       0x10 /Applications/ArmGNUToolchain/12.3.rel1/arm-none-eabi/bin/../lib/gcc/arm-none-eabi/12.3.1/../../../../arm-none-eabi/lib/thumb/v7e-m+fp/hard/libnosys.a(isatty.o)
                0x0800b2f0                _isatty
 .text._kill    0x0800b300       0x10 /Applications/ArmGNUToolchain/12.3.rel1/arm-none-eabi/bin/../lib/gcc/arm-none-eabi/12.3.1/../../../../arm-none-eabi/lib/thumb/v7e-m+fp/hard/libnosys.a(kill.o)
                0x0800b300                _kill
 .text._lseek   0x0800b310       0x10 /Applications/ArmGNUToolchain/12.3.rel1/arm-none-eabi/bin/../lib/gcc/arm-none-eabi/12.3.1/../../../../arm-none-eabi/lib/thumb/v7e-m+fp/hard/libnosys.a(lseek.o)
                0x0800b310                _lseek
 .text._read    0x0800b320       0x10 /Applications/ArmGNUToolchain/12.3.rel1/arm-none-eabi/bin/../lib/gcc/arm-none-eabi/12.3.1/../../../../arm-none-eabi/lib/thumb/v7e-m+fp/hard/libnosys.a(read.o)
                0x0800b320                _read
 .text._sbrk    0x0800b330       0x1c /Applications/ArmGNUToolchain/12.3.rel1/arm-none-eabi/bin/../lib/gcc/arm-none-eabi/12.3.1/../../../../arm-none-eabi/lib/thumb/v7e-m+fp/hard/libnosys.a(sbrk.o)
                0x0800b330                _sbrk
 .text._write   0x0800b34c       0x10 /Applications/ArmGNUToolchain/12.3.rel1/arm-none-eabi/bin/../lib/gcc/arm-none-eabi/12.3.1/../../../../arm-none-eabi/lib/thumb/v7e-m+fp/hard/libnosys.a(write.o)
                0x0800b34c                _write
 .text._exit    0x0800b35c        0x4 /Applications/ArmGNUToolchain/12.3.rel1/arm-none-eabi/bin/../lib/gcc/arm-none-eabi/12.3.1/../../../../arm-none-eabi/lib/thumb/v7e-m+fp/hard/libnosys.a(_exit.o)
                0x0800b35c                _exit
 .text.__udivmoddi4
                0x0800b360      0x2bc /Applications/ArmGNUToolchain/12.3.rel1/arm-none-eabi/bin/../lib/gcc/arm-none-eabi/12.3.1/thumb/v7e-m+fp/hard/libgcc.a(_udivmoddi4.o)
                0x0800b360                __udivmoddi4
 .text.__errno  0x0800b61c        0xc /Applications/ArmGNUToolchain/12.3.rel1/arm-none-eabi/bin/../lib/gcc/arm-none-eabi/12.3.1/../../../../arm-none-eabi/lib/thumb/v7e-m+fp/hard/libc_nano.a(libc_a-errno.o)
                0x0800b61c                __errno
 *(.glue_7)
 .glue_7        0x0800b628        0x0 linker stubs
 *(.glue_7t)
 .glue_7t       0x0800b628        0x0 linker stubs
 *(.eh_frame)
 .eh_frame      0x0800b628        0x0 /Applications/ArmGNUToolchain/12.3.rel1/arm-none-eabi/bin/../lib/gcc/arm-none-eabi/12.3.1/thumb/v7e-m+fp/hard/crtbegin.o
 *(.init)
 .init          0x0800b628        0x4 /Applications/ArmGNUToolchain/12.3.rel1/arm-none-eabi/bin/../lib/gcc/arm-none-eabi/12.3.1/thumb/v7e-m+fp/hard/crti.o
                0x0800b628                _init
 .init          0x0800b62c        0x8 /Applications/ArmGNUToolchain/12.3.rel1/arm-none-eabi/bin/../lib/gcc/arm-none-eabi/12.3.1/thumb/v7e-m+fp/hard/crtn.o
 *(.fini)
 .fini          0x0800b634        0x4 /Applications/ArmGNUToolchain/12.3.rel1/arm-none-eabi/bin/../lib/gcc/arm-none-eabi/12.3.1/thumb/v7e-m+fp/hard/crti.o
                0x0800b634                _fini
 .fini          0x0800b638        0x8 /Applications/ArmGNUToolchain/12.3.rel1/arm-none-eabi/bin/../lib/gcc/arm-none-eabi/12.3.1/thumb/v7e-m+fp/hard/crtn.o
                0x0800b640                        . = ALIGN (0x8)
                0x0800b640                        _etext = .

.vfp11_veneer   0x0800b640        0x0
 .vfp11_veneer  0x0800b640        0x0 linker stubs

.v4_bx          0x0800b640        0x0
 .v4_bx         0x0800b640        0x0 linker stubs

.iplt           0x0800b640        0x0
 .iplt          0x0800b640        0x0 /Applications/ArmGNUToolchain/12.3.rel1/arm-none-eabi/bin/../lib/gcc/arm-none-eabi/12.3.1/thumb/v7e-m+fp/hard/crtbegin.o

.rodata         0x0800b640      0xc10
                0x0800b640                        . = ALIGN (0x8)
 *(.rodata)
 .rodata        0x0800b640        0x3 build/main.o
 *(.rodata*)
 *fill*         0x0800b643        0x1 
 .rodata.LED_Test.str1.4
                0x0800b644       0x45 build/main.o
 *fill*         0x0800b689        0x3 
 .rodata.Flash_Test.str1.4
                0x0800b68c       0x6f build/main.o
 *fill*         0x0800b6fb        0x1 
 .rodata.BDS_Test.str1.4
                0x0800b6fc        0x5 build/main.o
 *fill*         0x0800b701        0x3 
 .rodata.LDR_Value_Get.str1.4
                0x0800b704       0x47 build/main.o
 *fill*         0x0800b74b        0x1 
 .rodata.Battery_Test.str1.4
                0x0800b74c       0x10 build/main.o
 .rodata.main.str1.4
                0x0800b75c       0x19 build/main.o
 *fill*         0x0800b775        0x3 
 .rodata.shellDescbds_test
                0x0800b778        0xd build/main.o
                0x0800b778                shellDescbds_test
 *fill*         0x0800b785        0x3 
 .rodata.shellCmdbds_test
                0x0800b788        0x9 build/main.o
                0x0800b788                shellCmdbds_test
 *fill*         0x0800b791        0x3 
 .rodata.shellDescflash_test
                0x0800b794       0x10 build/main.o
                0x0800b794                shellDescflash_test
 .rodata.shellCmdflash_test
                0x0800b7a4        0xb build/main.o
                0x0800b7a4                shellCmdflash_test
 *fill*         0x0800b7af        0x1 
 .rodata.shellDescrs485_send
                0x0800b7b0       0x10 build/main.o
                0x0800b7b0                shellDescrs485_send
 .rodata.shellCmdrs485_send
                0x0800b7c0        0xb build/main.o
                0x0800b7c0                shellCmdrs485_send
 *fill*         0x0800b7cb        0x1 
 .rodata.shellDescbattery
                0x0800b7cc       0x1a build/main.o
                0x0800b7cc                shellDescbattery
 *fill*         0x0800b7e6        0x2 
 .rodata.shellCmdbattery
                0x0800b7e8        0x8 build/main.o
                0x0800b7e8                shellCmdbattery
 .rodata.shellDescled
                0x0800b7f0        0xe build/main.o
                0x0800b7f0                shellDescled
 *fill*         0x0800b7fe        0x2 
 .rodata.shellCmdled
                0x0800b800        0x4 build/main.o
                0x0800b800                shellCmdled
 .rodata.shellDescLDR_Get
                0x0800b804        0xe build/main.o
                0x0800b804                shellDescLDR_Get
 *fill*         0x0800b812        0x2 
 .rodata.shellCmdLDR_Get
                0x0800b814        0x8 build/main.o
                0x0800b814                shellCmdLDR_Get
 .rodata.MSIRangeTable
                0x0800b81c       0x30 build/system_stm32l4xx.o
                0x0800b81c                MSIRangeTable
 .rodata.APBPrescTable
                0x0800b84c        0x8 build/system_stm32l4xx.o
                0x0800b84c                APBPrescTable
 .rodata.AHBPrescTable
                0x0800b854       0x10 build/system_stm32l4xx.o
                0x0800b854                AHBPrescTable
 .rodata.shellWriteCommandDesc.str1.4
                0x0800b864        0x4 build/shell.o
 .rodata.shellWritePrompt.str1.4
                0x0800b868       0x23 build/shell.o
                                 0x27 (size before relaxing)
 *fill*         0x0800b88b        0x1 
 .rodata.shellCheckPassword.str1.4
                0x0800b88c      0x16f build/shell.o
 *fill*         0x0800b9fb        0x1 
 .rodata.shellClear.str1.4
                0x0800b9fc        0x9 build/shell.o
 *fill*         0x0800ba05        0x3 
 .rodata.shellWriteReturnValue.str1.4
                0x0800ba08       0x20 build/shell.o
 .rodata.shellListItem.str1.4
                0x0800ba28       0x2b build/shell.o
 *fill*         0x0800ba53        0x1 
 .rodata.shellListCommand.str1.4
                0x0800ba54       0x12 build/shell.o
 *fill*         0x0800ba66        0x2 
 .rodata.shellListVar.str1.4
                0x0800ba68        0xe build/shell.o
 *fill*         0x0800ba76        0x2 
 .rodata.shellListUser.str1.4
                0x0800ba78        0xf build/shell.o
 *fill*         0x0800ba87        0x1 
 .rodata.shellListKey.str1.4
                0x0800ba88        0xe build/shell.o
 *fill*         0x0800ba96        0x2 
 .rodata.shellDeleteCommandLine.str1.4
                0x0800ba98        0x4 build/shell.o
 .rodata.shellInsertByte.str1.4
                0x0800ba9c       0x21 build/shell.o
 *fill*         0x0800babd        0x3 
 .rodata.shellWriteCommandHelp.str1.4
                0x0800bac0       0x28 build/shell.o
 .rodata.shellShowVar.str1.4
                0x0800bae8        0x6 build/shell.o
 *fill*         0x0800baee        0x2 
 .rodata.shellSetVarValue.str1.4
                0x0800baf0       0x30 build/shell.o
 .rodata.shellSetVar.str1.4
                0x0800bb20       0x20 build/shell.o
 .rodata.shellInit.str1.4
                0x0800bb40        0x7 build/shell.o
 *fill*         0x0800bb47        0x1 
 .rodata.shellDescclear
                0x0800bb48        0xe build/shell.o
                0x0800bb48                shellDescclear
 *fill*         0x0800bb56        0x2 
 .rodata.shellCmdclear
                0x0800bb58        0x6 build/shell.o
                0x0800bb58                shellCmdclear
 *fill*         0x0800bb5e        0x2 
 .rodata.shellDesckeys
                0x0800bb60        0xd build/shell.o
                0x0800bb60                shellDesckeys
 *fill*         0x0800bb6d        0x3 
 .rodata.shellCmdkeys
                0x0800bb70        0x5 build/shell.o
                0x0800bb70                shellCmdkeys
 *fill*         0x0800bb75        0x3 
 .rodata.shellDescvars
                0x0800bb78        0xd build/shell.o
                0x0800bb78                shellDescvars
 *fill*         0x0800bb85        0x3 
 .rodata.shellCmdvars
                0x0800bb88        0x5 build/shell.o
                0x0800bb88                shellCmdvars
 *fill*         0x0800bb8d        0x3 
 .rodata.shellDesccmds
                0x0800bb90        0xd build/shell.o
                0x0800bb90                shellDesccmds
 *fill*         0x0800bb9d        0x3 
 .rodata.shellCmdcmds
                0x0800bba0        0x5 build/shell.o
                0x0800bba0                shellCmdcmds
 *fill*         0x0800bba5        0x3 
 .rodata.shellDescusers
                0x0800bba8        0xe build/shell.o
                0x0800bba8                shellDescusers
 *fill*         0x0800bbb6        0x2 
 .rodata.shellCmdusers
                0x0800bbb8        0x6 build/shell.o
                0x0800bbb8                shellCmdusers
 *fill*         0x0800bbbe        0x2 
 .rodata.shellDeschelp
                0x0800bbc0       0x1e build/shell.o
                0x0800bbc0                shellDeschelp
 *fill*         0x0800bbde        0x2 
 .rodata.shellCmdhelp
                0x0800bbe0        0x5 build/shell.o
                0x0800bbe0                shellCmdhelp
 *fill*         0x0800bbe5        0x3 
 .rodata.shellDesc0x0D000000
                0x0800bbe8        0x6 build/shell.o
                0x0800bbe8                shellDesc0x0D000000
 *fill*         0x0800bbee        0x2 
 .rodata.shellDesc0x0A000000
                0x0800bbf0        0x6 build/shell.o
                0x0800bbf0                shellDesc0x0A000000
 *fill*         0x0800bbf6        0x2 
 .rodata.shellDesc0x1B5B337E
                0x0800bbf8        0x7 build/shell.o
                0x0800bbf8                shellDesc0x1B5B337E
 *fill*         0x0800bbff        0x1 
 .rodata.shellDesc0x7F000000
                0x0800bc00        0xa build/shell.o
                0x0800bc00                shellDesc0x7F000000
 *fill*         0x0800bc0a        0x2 
 .rodata.shellDesc0x08000000
                0x0800bc0c        0xa build/shell.o
                0x0800bc0c                shellDesc0x08000000
 *fill*         0x0800bc16        0x2 
 .rodata.shellDesc0x09000000
                0x0800bc18        0x4 build/shell.o
                0x0800bc18                shellDesc0x09000000
 .rodata.shellDesc0x1B5B4400
                0x0800bc1c        0x5 build/shell.o
                0x0800bc1c                shellDesc0x1B5B4400
 *fill*         0x0800bc21        0x3 
 .rodata.shellDesc0x1B5B4300
                0x0800bc24        0x6 build/shell.o
                0x0800bc24                shellDesc0x1B5B4300
 *fill*         0x0800bc2a        0x2 
 .rodata.shellDesc0x1B5B4200
                0x0800bc2c        0x5 build/shell.o
                0x0800bc2c                shellDesc0x1B5B4200
 *fill*         0x0800bc31        0x3 
 .rodata.shellDesc0x1B5B4100
                0x0800bc34        0x3 build/shell.o
                0x0800bc34                shellDesc0x1B5B4100
 *fill*         0x0800bc37        0x1 
 .rodata.shellDescsetVar
                0x0800bc38        0x8 build/shell.o
                0x0800bc38                shellDescsetVar
 .rodata.shellCmdsetVar
                0x0800bc40        0x7 build/shell.o
                0x0800bc40                shellCmdsetVar
 *fill*         0x0800bc47        0x1 
 .rodata.shellDesDefaultUser
                0x0800bc48        0xd build/shell.o
                0x0800bc48                shellDesDefaultUser
 *fill*         0x0800bc55        0x3 
 .rodata.shellPasswordDefaultUser
                0x0800bc58        0x1 build/shell.o
                0x0800bc58                shellPasswordDefaultUser
 *fill*         0x0800bc59        0x3 
 .rodata.shellCmdDefaultUser
                0x0800bc5c        0x7 build/shell.o
                0x0800bc5c                shellCmdDefaultUser
 *fill*         0x0800bc63        0x1 
 .rodata.ec2x_reset.str1.4
                0x0800bc64        0x6 build/EC2x.o
 *fill*         0x0800bc6a        0x2 
 .rodata.EC2x_Test.str1.4
                0x0800bc6c        0xc build/EC2x.o
 .rodata.ec2x_handler.str1.4
                0x0800bc78        0x3 build/EC2x.o
 *fill*         0x0800bc7b        0x1 
 .rodata.ec2x_timeout_handle.str1.4
                0x0800bc7c       0x10 build/EC2x.o
 .rodata.ec2x_replymatch.str1.4
                0x0800bc8c        0xd build/EC2x.o
 *fill*         0x0800bc99        0x3 
 .rodata.shellDescec2x_cmd_send
                0x0800bc9c        0xa build/EC2x.o
                0x0800bc9c                shellDescec2x_cmd_send
 *fill*         0x0800bca6        0x2 
 .rodata.shellCmdec2x_cmd_send
                0x0800bca8        0xe build/EC2x.o
                0x0800bca8                shellCmdec2x_cmd_send
 *fill*         0x0800bcb6        0x2 
 .rodata.SX1278_LoRaRxPacket.str1.4
                0x0800bcb8       0x1e build/SX1278.o
 *fill*         0x0800bcd6        0x2 
 .rodata.LORA_Send.str1.4
                0x0800bcd8       0x1b build/SX1278.o
 *fill*         0x0800bcf3        0x1 
 .rodata.shellDesclora_send
                0x0800bcf4        0xa build/SX1278.o
                0x0800bcf4                shellDesclora_send
 *fill*         0x0800bcfe        0x2 
 .rodata.shellCmdlora_send
                0x0800bd00        0xa build/SX1278.o
                0x0800bd00                shellCmdlora_send
 *fill*         0x0800bd0a        0x2 
 .rodata.SX1278_CRC_Sum
                0x0800bd0c        0x2 build/SX1278.o
 *fill*         0x0800bd0e        0x2 
 .rodata.SX1278_CodingRate
                0x0800bd10        0x4 build/SX1278.o
 .rodata.SX1278_LoRaBandwidth
                0x0800bd14        0xa build/SX1278.o
 *fill*         0x0800bd1e        0x2 
 .rodata.SX1278_SpreadFactor
                0x0800bd20        0x7 build/SX1278.o
 *fill*         0x0800bd27        0x1 
 .rodata.SX1278_Power
                0x0800bd28        0x4 build/SX1278.o
 .rodata._printf_float.str1.1
                0x0800bd2c       0x12 /Applications/ArmGNUToolchain/12.3.rel1/arm-none-eabi/bin/../lib/gcc/arm-none-eabi/12.3.1/../../../../arm-none-eabi/lib/thumb/v7e-m+fp/hard/libc_nano.a(libc_a-nano-vfprintf_float.o)
 .rodata._printf_i.str1.1
                0x0800bd3e       0x22 /Applications/ArmGNUToolchain/12.3.rel1/arm-none-eabi/bin/../lib/gcc/arm-none-eabi/12.3.1/../../../../arm-none-eabi/lib/thumb/v7e-m+fp/hard/libc_nano.a(libc_a-nano-vfprintf_i.o)
 .rodata._dtoa_r.str1.1
                0x0800bd60       0x96 /Applications/ArmGNUToolchain/12.3.rel1/arm-none-eabi/bin/../lib/gcc/arm-none-eabi/12.3.1/../../../../arm-none-eabi/lib/thumb/v7e-m+fp/hard/libc_nano.a(libc_a-dtoa.o)
                                 0x98 (size before relaxing)
 .rodata._svfprintf_r.str1.1
                0x0800bdf6       0x11 /Applications/ArmGNUToolchain/12.3.rel1/arm-none-eabi/bin/../lib/gcc/arm-none-eabi/12.3.1/../../../../arm-none-eabi/lib/thumb/v7e-m+fp/hard/libc_nano.a(libc_a-nano-svfprintf.o)
 .rodata._Balloc.str1.1
                0x0800be07       0x62 /Applications/ArmGNUToolchain/12.3.rel1/arm-none-eabi/bin/../lib/gcc/arm-none-eabi/12.3.1/../../../../arm-none-eabi/lib/thumb/v7e-m+fp/hard/libc_nano.a(libc_a-mprec.o)
                                 0x79 (size before relaxing)
 .rodata.__multadd.str1.1
                0x0800be69       0x11 /Applications/ArmGNUToolchain/12.3.rel1/arm-none-eabi/bin/../lib/gcc/arm-none-eabi/12.3.1/../../../../arm-none-eabi/lib/thumb/v7e-m+fp/hard/libc_nano.a(libc_a-mprec.o)
 *fill*         0x0800be69        0x3 
 .rodata.p05.0  0x0800be6c        0xc /Applications/ArmGNUToolchain/12.3.rel1/arm-none-eabi/bin/../lib/gcc/arm-none-eabi/12.3.1/../../../../arm-none-eabi/lib/thumb/v7e-m+fp/hard/libc_nano.a(libc_a-mprec.o)
 .rodata.__mprec_bigtens
                0x0800be78       0x28 /Applications/ArmGNUToolchain/12.3.rel1/arm-none-eabi/bin/../lib/gcc/arm-none-eabi/12.3.1/../../../../arm-none-eabi/lib/thumb/v7e-m+fp/hard/libc_nano.a(libc_a-mprec.o)
                0x0800be78                __mprec_bigtens
 .rodata.__mprec_tens
                0x0800bea0       0xc8 /Applications/ArmGNUToolchain/12.3.rel1/arm-none-eabi/bin/../lib/gcc/arm-none-eabi/12.3.1/../../../../arm-none-eabi/lib/thumb/v7e-m+fp/hard/libc_nano.a(libc_a-mprec.o)
                0x0800bea0                __mprec_tens
 .rodata._setlocale_r.str1.1
                0x0800bf68        0x8 /Applications/ArmGNUToolchain/12.3.rel1/arm-none-eabi/bin/../lib/gcc/arm-none-eabi/12.3.1/../../../../arm-none-eabi/lib/thumb/v7e-m+fp/hard/libc_nano.a(libc_a-locale.o)
                                  0x9 (size before relaxing)
 .rodata.str1.1
                0x0800bf70        0x2 /Applications/ArmGNUToolchain/12.3.rel1/arm-none-eabi/bin/../lib/gcc/arm-none-eabi/12.3.1/../../../../arm-none-eabi/lib/thumb/v7e-m+fp/hard/libc_nano.a(libc_a-locale.o)
 .rodata._ctype_
                0x0800bf72      0x101 /Applications/ArmGNUToolchain/12.3.rel1/arm-none-eabi/bin/../lib/gcc/arm-none-eabi/12.3.1/../../../../arm-none-eabi/lib/thumb/v7e-m+fp/hard/libc_nano.a(libc_a-ctype_.o)
                0x0800bf72                _ctype_
 .rodata.__assert_func.str1.1
                0x0800c073       0x3c /Applications/ArmGNUToolchain/12.3.rel1/arm-none-eabi/bin/../lib/gcc/arm-none-eabi/12.3.1/../../../../arm-none-eabi/lib/thumb/v7e-m+fp/hard/libc_nano.a(libc_a-assert.o)
                                 0x3d (size before relaxing)
 .rodata._vfprintf_r.str1.1
                0x0800c0af       0x11 /Applications/ArmGNUToolchain/12.3.rel1/arm-none-eabi/bin/../lib/gcc/arm-none-eabi/12.3.1/../../../../arm-none-eabi/lib/thumb/v7e-m+fp/hard/libc_nano.a(libc_a-nano-vfprintf.o)
                0x0800c0c0                        . = ALIGN (0x8)
 *fill*         0x0800c0af        0x1 
                0x0800c0b0                        _shell_command_start = .
 *(shellCommand)
 shellCommand   0x0800c0b0       0x60 build/main.o
                0x0800c0b0                shellCommandbds_test
                0x0800c0c0                shellCommandflash_test
                0x0800c0d0                shellCommandrs485_send
                0x0800c0e0                shellCommandbattery
                0x0800c0f0                shellCommandled
                0x0800c100                shellCommandLDR_Get
 shellCommand   0x0800c110      0x120 build/shell.o
                0x0800c110                shellCommandclear
                0x0800c120                shellCommandkeys
                0x0800c130                shellCommandvars
                0x0800c140                shellCommandcmds
                0x0800c150                shellCommandusers
                0x0800c160                shellCommandhelp
                0x0800c170                shellKey0x0D000000
                0x0800c180                shellKey0x0A000000
                0x0800c190                shellKey0x1B5B337E
                0x0800c1a0                shellKey0x7F000000
                0x0800c1b0                shellKey0x08000000
                0x0800c1c0                shellKey0x09000000
                0x0800c1d0                shellKey0x1B5B4400
                0x0800c1e0                shellKey0x1B5B4300
                0x0800c1f0                shellKey0x1B5B4200
                0x0800c200                shellKey0x1B5B4100
                0x0800c210                shellCommandsetVar
                0x0800c220                shellUserDefault
 shellCommand   0x0800c230       0x10 build/EC2x.o
                0x0800c230                shellCommandec2x_cmd_send
 shellCommand   0x0800c240       0x10 build/SX1278.o
                0x0800c240                shellCommandlora_send
                0x0800c250                        _shell_command_end = .

.ARM.extab      0x0800c250        0x0
                0x0800c250                        . = ALIGN (0x8)
 *(.ARM.extab* .gnu.linkonce.armextab.*)
                0x0800c250                        . = ALIGN (0x8)

.ARM            0x0800c250        0x8
                0x0800c250                        . = ALIGN (0x8)
                0x0800c250                        __exidx_start = .
 *(.ARM.exidx*)
 .ARM.exidx     0x0800c250        0x8 /Applications/ArmGNUToolchain/12.3.rel1/arm-none-eabi/bin/../lib/gcc/arm-none-eabi/12.3.1/../../../../arm-none-eabi/lib/thumb/v7e-m+fp/hard/libc_nano.a(libc_a-memchr.o)
 .ARM.exidx     0x0800c258        0x0 /Applications/ArmGNUToolchain/12.3.rel1/arm-none-eabi/bin/../lib/gcc/arm-none-eabi/12.3.1/../../../../arm-none-eabi/lib/thumb/v7e-m+fp/hard/libc_nano.a(libc_a-strlen.o)
                                  0x8 (size before relaxing)
 .ARM.exidx     0x0800c258        0x0 /Applications/ArmGNUToolchain/12.3.rel1/arm-none-eabi/bin/../lib/gcc/arm-none-eabi/12.3.1/../../../../arm-none-eabi/lib/thumb/v7e-m+fp/hard/libc_nano.a(libc_a-strcmp.o)
                                  0x8 (size before relaxing)
 .ARM.exidx.text.__udivmoddi4
                0x0800c258        0x0 /Applications/ArmGNUToolchain/12.3.rel1/arm-none-eabi/bin/../lib/gcc/arm-none-eabi/12.3.1/thumb/v7e-m+fp/hard/libgcc.a(_udivmoddi4.o)
                                  0x8 (size before relaxing)
                0x0800c258                        __exidx_end = .
                0x0800c258                        . = ALIGN (0x8)

.rel.dyn        0x0800c258        0x0
 .rel.iplt      0x0800c258        0x0 /Applications/ArmGNUToolchain/12.3.rel1/arm-none-eabi/bin/../lib/gcc/arm-none-eabi/12.3.1/thumb/v7e-m+fp/hard/crtbegin.o

.preinit_array  0x0800c258        0x0
                0x0800c258                        . = ALIGN (0x8)
                0x0800c258                        PROVIDE (__preinit_array_start = .)
 *(.preinit_array*)
                0x0800c258                        PROVIDE (__preinit_array_end = .)
                0x0800c258                        . = ALIGN (0x8)

.init_array     0x0800c258        0x8
                0x0800c258                        . = ALIGN (0x8)
                0x0800c258                        PROVIDE (__init_array_start = .)
 *(SORT_BY_NAME(.init_array.*))
 *(.init_array*)
 .init_array    0x0800c258        0x4 /Applications/ArmGNUToolchain/12.3.rel1/arm-none-eabi/bin/../lib/gcc/arm-none-eabi/12.3.1/thumb/v7e-m+fp/hard/crtbegin.o
                0x0800c25c                        PROVIDE (__init_array_end = .)
                0x0800c260                        . = ALIGN (0x8)
 *fill*         0x0800c25c        0x4 

.fini_array     0x0800c260        0x8
                0x0800c260                        . = ALIGN (0x8)
                [!provide]                        PROVIDE (__fini_array_start = .)
 *(SORT_BY_NAME(.fini_array.*))
 *(.fini_array*)
 .fini_array    0x0800c260        0x4 /Applications/ArmGNUToolchain/12.3.rel1/arm-none-eabi/bin/../lib/gcc/arm-none-eabi/12.3.1/thumb/v7e-m+fp/hard/crtbegin.o
                [!provide]                        PROVIDE (__fini_array_end = .)
                0x0800c268                        . = ALIGN (0x8)
 *fill*         0x0800c264        0x4 
                0x0800c268                        _sidata = LOADADDR (.data)

.data           0x20000000      0x658 load address 0x0800c268
                0x20000000                        . = ALIGN (0x8)
                0x20000000                        _sdata = .
 *(.data)
 *(.data*)
 .data.bds_dev  0x20000000        0x4 build/main.o
                0x20000000                bds_dev
 .data.uwTickFreq