Archive member included to satisfy reference by file (symbol)

e:/gcc-arm-none-eabi-10.3-2021.10-win32/gcc-arm-none-eabi-10.3-2021.10/bin/../lib/gcc/arm-none-eabi/10.3.1/../../../../arm-none-eabi/lib/thumb/v7e-m+fp/hard\libc_nano.a(lib_a-exit.o)
                              e:/gcc-arm-none-eabi-10.3-2021.10-win32/gcc-arm-none-eabi-10.3-2021.10/bin/../lib/gcc/arm-none-eabi/10.3.1/../../../../arm-none-eabi/lib/thumb/v7e-m+fp/hard/crt0.o (exit)
e:/gcc-arm-none-eabi-10.3-2021.10-win32/gcc-arm-none-eabi-10.3-2021.10/bin/../lib/gcc/arm-none-eabi/10.3.1/../../../../arm-none-eabi/lib/thumb/v7e-m+fp/hard\libc_nano.a(lib_a-impure.o)
                              e:/gcc-arm-none-eabi-10.3-2021.10-win32/gcc-arm-none-eabi-10.3-2021.10/bin/../lib/gcc/arm-none-eabi/10.3.1/../../../../arm-none-eabi/lib/thumb/v7e-m+fp/hard\libc_nano.a(lib_a-exit.o) (_global_impure_ptr)
e:/gcc-arm-none-eabi-10.3-2021.10-win32/gcc-arm-none-eabi-10.3-2021.10/bin/../lib/gcc/arm-none-eabi/10.3.1/../../../../arm-none-eabi/lib/thumb/v7e-m+fp/hard\libc_nano.a(lib_a-init.o)
                              e:/gcc-arm-none-eabi-10.3-2021.10-win32/gcc-arm-none-eabi-10.3-2021.10/bin/../lib/gcc/arm-none-eabi/10.3.1/../../../../arm-none-eabi/lib/thumb/v7e-m+fp/hard/crt0.o (__libc_init_array)
e:/gcc-arm-none-eabi-10.3-2021.10-win32/gcc-arm-none-eabi-10.3-2021.10/bin/../lib/gcc/arm-none-eabi/10.3.1/../../../../arm-none-eabi/lib/thumb/v7e-m+fp/hard\libc_nano.a(lib_a-memset.o)
                              e:/gcc-arm-none-eabi-10.3-2021.10-win32/gcc-arm-none-eabi-10.3-2021.10/bin/../lib/gcc/arm-none-eabi/10.3.1/../../../../arm-none-eabi/lib/thumb/v7e-m+fp/hard/crt0.o (memset)
e:/gcc-arm-none-eabi-10.3-2021.10-win32/gcc-arm-none-eabi-10.3-2021.10/bin/../lib/gcc/arm-none-eabi/10.3.1/../../../../arm-none-eabi/lib/thumb/v7e-m+fp/hard\libc_nano.a(lib_a-printf.o)
                              build/main.o (printf)
e:/gcc-arm-none-eabi-10.3-2021.10-win32/gcc-arm-none-eabi-10.3-2021.10/bin/../lib/gcc/arm-none-eabi/10.3.1/../../../../arm-none-eabi/lib/thumb/v7e-m+fp/hard\libc_nano.a(lib_a-findfp.o)
                              e:/gcc-arm-none-eabi-10.3-2021.10-win32/gcc-arm-none-eabi-10.3-2021.10/bin/../lib/gcc/arm-none-eabi/10.3.1/../../../../arm-none-eabi/lib/thumb/v7e-m+fp/hard\libc_nano.a(lib_a-printf.o) (__sinit)
e:/gcc-arm-none-eabi-10.3-2021.10-win32/gcc-arm-none-eabi-10.3-2021.10/bin/../lib/gcc/arm-none-eabi/10.3.1/../../../../arm-none-eabi/lib/thumb/v7e-m+fp/hard\libc_nano.a(lib_a-fwalk.o)
                              e:/gcc-arm-none-eabi-10.3-2021.10-win32/gcc-arm-none-eabi-10.3-2021.10/bin/../lib/gcc/arm-none-eabi/10.3.1/../../../../arm-none-eabi/lib/thumb/v7e-m+fp/hard\libc_nano.a(lib_a-findfp.o) (_fwalk)
e:/gcc-arm-none-eabi-10.3-2021.10-win32/gcc-arm-none-eabi-10.3-2021.10/bin/../lib/gcc/arm-none-eabi/10.3.1/../../../../arm-none-eabi/lib/thumb/v7e-m+fp/hard\libc_nano.a(lib_a-lock.o)
                              e:/gcc-arm-none-eabi-10.3-2021.10-win32/gcc-arm-none-eabi-10.3-2021.10/bin/../lib/gcc/arm-none-eabi/10.3.1/../../../../arm-none-eabi/lib/thumb/v7e-m+fp/hard\libc_nano.a(lib_a-findfp.o) (__retarget_lock_init_recursive)
e:/gcc-arm-none-eabi-10.3-2021.10-win32/gcc-arm-none-eabi-10.3-2021.10/bin/../lib/gcc/arm-none-eabi/10.3.1/../../../../arm-none-eabi/lib/thumb/v7e-m+fp/hard\libc_nano.a(lib_a-nano-mallocr.o)
                              e:/gcc-arm-none-eabi-10.3-2021.10-win32/gcc-arm-none-eabi-10.3-2021.10/bin/../lib/gcc/arm-none-eabi/10.3.1/../../../../arm-none-eabi/lib/thumb/v7e-m+fp/hard\libc_nano.a(lib_a-findfp.o) (_malloc_r)
e:/gcc-arm-none-eabi-10.3-2021.10-win32/gcc-arm-none-eabi-10.3-2021.10/bin/../lib/gcc/arm-none-eabi/10.3.1/../../../../arm-none-eabi/lib/thumb/v7e-m+fp/hard\libc_nano.a(lib_a-nano-vfprintf.o)
                              e:/gcc-arm-none-eabi-10.3-2021.10-win32/gcc-arm-none-eabi-10.3-2021.10/bin/../lib/gcc/arm-none-eabi/10.3.1/../../../../arm-none-eabi/lib/thumb/v7e-m+fp/hard\libc_nano.a(lib_a-printf.o) (_vfprintf_r)
e:/gcc-arm-none-eabi-10.3-2021.10-win32/gcc-arm-none-eabi-10.3-2021.10/bin/../lib/gcc/arm-none-eabi/10.3.1/../../../../arm-none-eabi/lib/thumb/v7e-m+fp/hard\libc_nano.a(lib_a-nano-vfprintf_i.o)
                              e:/gcc-arm-none-eabi-10.3-2021.10-win32/gcc-arm-none-eabi-10.3-2021.10/bin/../lib/gcc/arm-none-eabi/10.3.1/../../../../arm-none-eabi/lib/thumb/v7e-m+fp/hard\libc_nano.a(lib_a-nano-vfprintf.o) (_printf_i)
e:/gcc-arm-none-eabi-10.3-2021.10-win32/gcc-arm-none-eabi-10.3-2021.10/bin/../lib/gcc/arm-none-eabi/10.3.1/../../../../arm-none-eabi/lib/thumb/v7e-m+fp/hard\libc_nano.a(lib_a-sbrkr.o)
                              e:/gcc-arm-none-eabi-10.3-2021.10-win32/gcc-arm-none-eabi-10.3-2021.10/bin/../lib/gcc/arm-none-eabi/10.3.1/../../../../arm-none-eabi/lib/thumb/v7e-m+fp/hard\libc_nano.a(lib_a-nano-mallocr.o) (_sbrk_r)
[...]
Memory Configuration

Name             Origin             Length             Attributes
RAM              0x20000000         0x00010000         xrw
RAM2             0x10000000         0x00004000         xrw
FLASH            0x08000000         0x00020000         xr
*default*        0x00000000         0xffffffff

Linker script and memory map

LOAD e:/gcc-arm-none-eabi-10.3-2021.10-win32/gcc-arm-none-eabi-10.3-2021.10/bin/../lib/gcc/arm-none-eabi/10.3.1/thumb/v7e-m+fp/hard/crti.o
LOAD e:/gcc-arm-none-eabi-10.3-2021.10-win32/gcc-arm-none-eabi-10.3-2021.10/bin/../lib/gcc/arm-none-eabi/10.3.1/thumb/v7e-m+fp/hard/crtbegin.o
LOAD e:/gcc-arm-none-eabi-10.3-2021.10-win32/gcc-arm-none-eabi-10.3-2021.10/bin/../lib/gcc/arm-none-eabi/10.3.1/../../../../arm-none-eabi/lib/thumb/v7e-m+fp/hard/crt0.o
LOAD build/main.o
LOAD build/gpio.o
LOAD build/spi.o
LOAD build/usart.o
LOAD build/stm32l4xx_it.o
LOAD build/stm32l4xx_hal_msp.o
LOAD build/stm32l4xx_hal_spi.o
LOAD build/stm32l4xx_hal_spi_ex.o
LOAD build/stm32l4xx_hal.o
LOAD build/stm32l4xx_hal_i2c.o
LOAD build/stm32l4xx_hal_i2c_ex.o
LOAD build/stm32l4xx_hal_rcc.o
LOAD build/stm32l4xx_hal_rcc_ex.o
LOAD build/stm32l4xx_hal_flash.o
LOAD build/stm32l4xx_hal_flash_ex.o
LOAD build/stm32l4xx_hal_flash_ramfunc.o
LOAD build/stm32l4xx_hal_gpio.o
LOAD build/stm32l4xx_hal_dma.o
LOAD build/stm32l4xx_hal_dma_ex.o
LOAD build/stm32l4xx_hal_pwr.o
LOAD build/stm32l4xx_hal_pwr_ex.o
LOAD build/stm32l4xx_hal_cortex.o
LOAD build/stm32l4xx_hal_exti.o
LOAD build/stm32l4xx_hal_tim.o
LOAD build/stm32l4xx_hal_tim_ex.o
LOAD build/stm32l4xx_hal_uart.o
LOAD build/stm32l4xx_hal_uart_ex.o
LOAD build/system_stm32l4xx.o
LOAD build/startup_stm32l431xx.o
LOAD e:/gcc-arm-none-eabi-10.3-2021.10-win32/gcc-arm-none-eabi-10.3-2021.10/bin/../lib/gcc/arm-none-eabi/10.3.1/../../../../arm-none-eabi/lib/thumb/v7e-m+fp/hard\libc_nano.a
LOAD e:/gcc-arm-none-eabi-10.3-2021.10-win32/gcc-arm-none-eabi-10.3-2021.10/bin/../lib/gcc/arm-none-eabi/10.3.1/../../../../arm-none-eabi/lib/thumb/v7e-m+fp/hard\libm.a
LOAD e:/gcc-arm-none-eabi-10.3-2021.10-win32/gcc-arm-none-eabi-10.3-2021.10/bin/../lib/gcc/arm-none-eabi/10.3.1/../../../../arm-none-eabi/lib/thumb/v7e-m+fp/hard\libnosys.a
START GROUP
LOAD e:/gcc-arm-none-eabi-10.3-2021.10-win32/gcc-arm-none-eabi-10.3-2021.10/bin/../lib/gcc/arm-none-eabi/10.3.1/thumb/v7e-m+fp/hard\libgcc.a
LOAD e:/gcc-arm-none-eabi-10.3-2021.10-win32/gcc-arm-none-eabi-10.3-2021.10/bin/../lib/gcc/arm-none-eabi/10.3.1/../../../../arm-none-eabi/lib/thumb/v7e-m+fp/hard\libc_nano.a
END GROUP
START GROUP
LOAD e:/gcc-arm-none-eabi-10.3-2021.10-win32/gcc-arm-none-eabi-10.3-2021.10/bin/../lib/gcc/arm-none-eabi/10.3.1/thumb/v7e-m+fp/hard\libgcc.a
LOAD e:/gcc-arm-none-eabi-10.3-2021.10-win32/gcc-arm-none-eabi-10.3-2021.10/bin/../lib/gcc/arm-none-eabi/10.3.1/../../../../arm-none-eabi/lib/thumb/v7e-m+fp/hard\libc_nano.a
END GROUP
LOAD e:/gcc-arm-none-eabi-10.3-2021.10-win32/gcc-arm-none-eabi-10.3-2021.10/bin/../lib/gcc/arm-none-eabi/10.3.1/thumb/v7e-m+fp/hard/crtend.o
LOAD e:/gcc-arm-none-eabi-10.3-2021.10-win32/gcc-arm-none-eabi-10.3-2021.10/bin/../lib/gcc/arm-none-eabi/10.3.1/thumb/v7e-m+fp/hard/crtn.o
                0x20010000                _estack = 0x20010000
                0x00000200                _Min_Heap_Size = 0x200
                0x00000400                _Min_Stack_Size = 0x400

.isr_vector     0x08000000      0x190
                0x08000000                . = ALIGN (0x8)
 *(.isr_vector)
 .isr_vector    0x08000000      0x18c build/startup_stm32l431xx.o
                0x08000000                g_pfnVectors
                0x08000190                . = ALIGN (0x8)
 *fill*         0x0800018c        0x4 

.text           0x08000190     0x3940
                0x08000190                . = ALIGN (0x8)
 *(.text)
 .text          0x08000190       0x40 e:/gcc-arm-none-eabi-10.3-2021.10-win32/gcc-arm-none-eabi-10.3-2021.10/bin/../lib/gcc/arm-none-eabi/10.3.1/thumb/v7e-m+fp/hard/crtbegin.o
 .text          0x080001d0       0xa0 e:/gcc-arm-none-eabi-10.3-2021.10-win32/gcc-arm-none-eabi-10.3-2021.10/bin/../lib/gcc/arm-none-eabi/10.3.1/../../../../arm-none-eabi/lib/thumb/v7e-m+fp/hard\libc_nano.a(lib_a-memchr.o)
                0x080001d0                memchr
 .text          0x08000270       0x30 e:/gcc-arm-none-eabi-10.3-2021.10-win32/gcc-arm-none-eabi-10.3-2021.10/bin/../lib/gcc/arm-none-eabi/10.3.1/thumb/v7e-m+fp/hard\libgcc.a(_aeabi_uldivmod.o)
                0x08000270                __aeabi_uldivmod
 .text          0x080002a0      0x2d0 e:/gcc-arm-none-eabi-10.3-2021.10-win32/gcc-arm-none-eabi-10.3-2021.10/bin/../lib/gcc/arm-none-eabi/10.3.1/thumb/v7e-m+fp/hard\libgcc.a(_udivmoddi4.o)
                0x080002a0                __udivmoddi4
 .text          0x08000570        0x4 e:/gcc-arm-none-eabi-10.3-2021.10-win32/gcc-arm-none-eabi-10.3-2021.10/bin/../lib/gcc/arm-none-eabi/10.3.1/thumb/v7e-m+fp/hard\libgcc.a(_dvmd_tls.o)
                0x08000570                __aeabi_idiv0
                0x08000570                __aeabi_ldiv0
 *(.text*)
 .text.Error_Handler
                0x08000574        0x4 build/main.o
                0x08000574                Error_Handler
 .text.SystemClock_Config
                0x08000578       0x7a build/main.o
                0x08000578                SystemClock_Config
 *fill*         0x080005f2        0x2 
 .text.main     0x080005f4       0x64 build/main.o
                0x080005f4                main
 .text.MX_GPIO_Init
                0x08000658       0x74 build/gpio.o
                0x08000658                MX_GPIO_Init
 .text.MX_SPI1_Init
                0x080006cc       0x4c build/spi.o
                0x080006cc                MX_SPI1_Init
 .text.HAL_SPI_MspInit
                0x08000718       0x68 build/spi.o
                0x08000718                HAL_SPI_MspInit
 .text.Flash_Read_Write
                0x08000780       0x60 build/spi.o
                0x08000780                Flash_Read_Write
 .text.Flash_Reset
                0x080007e0       0x4c build/spi.o
                0x080007e0                Flash_Reset
 .text.MX_USART3_UART_Init
                0x0800082c       0x38 build/usart.o
                0x0800082c                MX_USART3_UART_Init
 .text.HAL_UART_MspInit
                0x08000864       0x8c build/usart.o
                0x08000864                HAL_UART_MspInit
 .text.NMI_Handler
                0x080008f0        0x2 build/stm32l4xx_it.o
                0x080008f0                NMI_Handler
 .text.HardFault_Handler
                0x080008f2        0x2 build/stm32l4xx_it.o
                0x080008f2                HardFault_Handler
 .text.MemManage_Handler
                0x080008f4        0x2 build/stm32l4xx_it.o
                0x080008f4                MemManage_Handler
 .text.BusFault_Handler
                0x080008f6        0x2 build/stm32l4xx_it.o
                0x080008f6                BusFault_Handler
 .text.UsageFault_Handler
                0x080008f8        0x2 build/stm32l4xx_it.o
                0x080008f8                UsageFault_Handler
 .text.SVC_Handler
                0x080008fa        0x2 build/stm32l4xx_it.o
                0x080008fa                SVC_Handler
 .text.DebugMon_Handler
                0x080008fc        0x2 build/stm32l4xx_it.o
                0x080008fc                DebugMon_Handler
 .text.PendSV_Handler
                0x080008fe        0x2 build/stm32l4xx_it.o
                0x080008fe                PendSV_Handler
 .text.SysTick_Handler
                0x08000900        0x8 build/stm32l4xx_it.o
                0x08000900                SysTick_Handler
 .text.HAL_MspInit
                0x08000908       0x30 build/stm32l4xx_hal_msp.o
                0x08000908                HAL_MspInit
 .text.SPI_WaitFlagStateUntilTimeout
                0x08000938       0xd4 build/stm32l4xx_hal_spi.o
 .text.SPI_WaitFifoStateUntilTimeout
                0x08000a0c       0xf4 build/stm32l4xx_hal_spi.o
 .text.SPI_EndRxTxTransaction
                0x08000b00       0x62 build/stm32l4xx_hal_spi.o
 .text.SPI_EndRxTransaction
                0x08000b62       0x82 build/stm32l4xx_hal_spi.o
 .text.HAL_SPI_Init
                0x08000be4       0xde build/stm32l4xx_hal_spi.o
                0x08000be4                HAL_SPI_Init
 .text.HAL_SPI_Transmit
                0x08000cc2      0x202 build/stm32l4xx_hal_spi.o
                0x08000cc2                HAL_SPI_Transmit
 .text.HAL_SPI_TransmitReceive
                0x08000ec4      0x2de build/stm32l4xx_hal_spi.o
                0x08000ec4                HAL_SPI_TransmitReceive
 .text.HAL_SPI_Receive
                0x080011a2      0x1aa build/stm32l4xx_hal_spi.o
                0x080011a2                HAL_SPI_Receive
 .text.HAL_InitTick
                0x0800134c       0x50 build/stm32l4xx_hal.o
                0x0800134c                HAL_InitTick
 .text.HAL_Init
                0x0800139c       0x1e build/stm32l4xx_hal.o
                0x0800139c                HAL_Init
 *fill*         0x080013ba        0x2 
 .text.HAL_IncTick
                0x080013bc       0x18 build/stm32l4xx_hal.o
                0x080013bc                HAL_IncTick
 .text.HAL_GetTick
                0x080013d4        0xc build/stm32l4xx_hal.o
                0x080013d4                HAL_GetTick
 .text.HAL_Delay
                0x080013e0       0x28 build/stm32l4xx_hal.o
                0x080013e0                HAL_Delay
 .text.RCC_SetFlashLatencyFromMSIRange
                0x08001408       0x90 build/stm32l4xx_hal_rcc.o
 .text.HAL_RCC_GetSysClockFreq
                0x08001498       0xb4 build/stm32l4xx_hal_rcc.o
                0x08001498                HAL_RCC_GetSysClockFreq
 .text.HAL_RCC_OscConfig
                0x0800154c      0x66c build/stm32l4xx_hal_rcc.o
                0x0800154c                HAL_RCC_OscConfig
 .text.HAL_RCC_ClockConfig
                0x08001bb8      0x188 build/stm32l4xx_hal_rcc.o
                0x08001bb8                HAL_RCC_ClockConfig
 .text.HAL_RCC_GetHCLKFreq
                0x08001d40        0xc build/stm32l4xx_hal_rcc.o
                0x08001d40                HAL_RCC_GetHCLKFreq
 .text.HAL_RCC_GetPCLK1Freq
                0x08001d4c       0x24 build/stm32l4xx_hal_rcc.o
                0x08001d4c                HAL_RCC_GetPCLK1Freq
 .text.HAL_RCC_GetPCLK2Freq
                0x08001d70       0x24 build/stm32l4xx_hal_rcc.o
                0x08001d70                HAL_RCC_GetPCLK2Freq
 .text.RCCEx_PLLSAI1_Config
                0x08001d94      0x16c build/stm32l4xx_hal_rcc_ex.o
 .text.HAL_RCCEx_PeriphCLKConfig
                0x08001f00      0x31c build/stm32l4xx_hal_rcc_ex.o
                0x08001f00                HAL_RCCEx_PeriphCLKConfig
 .text.HAL_GPIO_Init
                0x0800221c      0x1c8 build/stm32l4xx_hal_gpio.o
                0x0800221c                HAL_GPIO_Init
 .text.HAL_GPIO_WritePin
                0x080023e4        0xa build/stm32l4xx_hal_gpio.o
                0x080023e4                HAL_GPIO_WritePin
 *fill*         0x080023ee        0x2 
 .text.HAL_PWREx_GetVoltageRange
                0x080023f0       0x10 build/stm32l4xx_hal_pwr_ex.o
                0x080023f0                HAL_PWREx_GetVoltageRange
 .text.HAL_PWREx_ControlVoltageScaling
                0x08002400       0x90 build/stm32l4xx_hal_pwr_ex.o
                0x08002400                HAL_PWREx_ControlVoltageScaling
 .text.HAL_NVIC_SetPriorityGrouping
                0x08002490       0x24 build/stm32l4xx_hal_cortex.o
                0x08002490                HAL_NVIC_SetPriorityGrouping
 .text.HAL_NVIC_SetPriority
                0x080024b4       0x70 build/stm32l4xx_hal_cortex.o
                0x080024b4                HAL_NVIC_SetPriority
 .text.HAL_SYSTICK_Config
                0x08002524       0x28 build/stm32l4xx_hal_cortex.o
                0x08002524                HAL_SYSTICK_Config
 .text.UART_SetConfig
                0x0800254c      0x2a0 build/stm32l4xx_hal_uart.o
                0x0800254c                UART_SetConfig
 .text.UART_AdvFeatureConfig
                0x080027ec       0xca build/stm32l4xx_hal_uart.o
                0x080027ec                UART_AdvFeatureConfig
 .text.UART_WaitOnFlagUntilTimeout
                0x080028b6       0xd4 build/stm32l4xx_hal_uart.o
                0x080028b6                UART_WaitOnFlagUntilTimeout
 .text.UART_CheckIdleState
                0x0800298a       0x70 build/stm32l4xx_hal_uart.o
                0x0800298a                UART_CheckIdleState
 .text.HAL_UART_Init
                0x080029fa       0x62 build/stm32l4xx_hal_uart.o
                0x080029fa                HAL_UART_Init
 .text.SystemInit
                0x08002a5c       0x14 build/system_stm32l4xx.o
                0x08002a5c                SystemInit
 .text.Reset_Handler
                0x08002a70       0x50 build/startup_stm32l431xx.o
                0x08002a70                Reset_Handler
 .text.Default_Handler
                0x08002ac0        0x2 build/startup_stm32l431xx.o
                0x08002ac0                RTC_Alarm_IRQHandler
                0x08002ac0                EXTI2_IRQHandler
                0x08002ac0                TIM1_CC_IRQHandler
                0x08002ac0                TSC_IRQHandler
                0x08002ac0                TAMP_STAMP_IRQHandler
                0x08002ac0                EXTI3_IRQHandler
                0x08002ac0                LPTIM2_IRQHandler
                0x08002ac0                I2C3_ER_IRQHandler
                0x08002ac0                EXTI0_IRQHandler
                0x08002ac0                I2C2_EV_IRQHandler
                0x08002ac0                CAN1_RX0_IRQHandler
                0x08002ac0                FPU_IRQHandler
                0x08002ac0                TIM1_UP_TIM16_IRQHandler
                0x08002ac0                SPI1_IRQHandler
                0x08002ac0                TIM6_DAC_IRQHandler
                0x08002ac0                DMA2_Channel2_IRQHandler
                0x08002ac0                DMA1_Channel4_IRQHandler
                0x08002ac0                ADC1_IRQHandler
                0x08002ac0                USART3_IRQHandler
                0x08002ac0                DMA1_Channel7_IRQHandler
                0x08002ac0                CAN1_RX1_IRQHandler
                0x08002ac0                DMA2_Channel1_IRQHandler
                0x08002ac0                QUADSPI_IRQHandler
                0x08002ac0                I2C1_EV_IRQHandler
                0x08002ac0                DMA1_Channel6_IRQHandler
                0x08002ac0                DMA2_Channel4_IRQHandler
                0x08002ac0                RCC_IRQHandler
                0x08002ac0                TIM1_TRG_COM_IRQHandler
                0x08002ac0                DMA1_Channel1_IRQHandler
                0x08002ac0                Default_Handler
                0x08002ac0                DMA2_Channel7_IRQHandler
                0x08002ac0                EXTI15_10_IRQHandler
                0x08002ac0                TIM7_IRQHandler
                0x08002ac0                SDMMC1_IRQHandler
                0x08002ac0                I2C3_EV_IRQHandler
                0x08002ac0                EXTI9_5_IRQHandler
                0x08002ac0                RTC_WKUP_IRQHandler
                0x08002ac0                PVD_PVM_IRQHandler
                0x08002ac0                SPI2_IRQHandler
                0x08002ac0                CAN1_TX_IRQHandler
                0x08002ac0                DMA2_Channel5_IRQHandler
                0x08002ac0                CRS_IRQHandler
                0x08002ac0                DMA1_Channel5_IRQHandler
                0x08002ac0                EXTI4_IRQHandler
                0x08002ac0                RNG_IRQHandler
                0x08002ac0                DMA1_Channel3_IRQHandler
                0x08002ac0                COMP_IRQHandler
                0x08002ac0                WWDG_IRQHandler
                0x08002ac0                LPUART1_IRQHandler
                0x08002ac0                DMA2_Channel6_IRQHandler
                0x08002ac0                TIM2_IRQHandler
                0x08002ac0                EXTI1_IRQHandler
                0x08002ac0                USART2_IRQHandler
                0x08002ac0                I2C2_ER_IRQHandler
                0x08002ac0                DMA1_Channel2_IRQHandler
                0x08002ac0                CAN1_SCE_IRQHandler
                0x08002ac0                FLASH_IRQHandler
                0x08002ac0                USART1_IRQHandler
                0x08002ac0                SPI3_IRQHandler
                0x08002ac0                I2C1_ER_IRQHandler
                0x08002ac0                SWPMI1_IRQHandler
                0x08002ac0                LPTIM1_IRQHandler
                0x08002ac0                SAI1_IRQHandler
                0x08002ac0                DMA2_Channel3_IRQHandler
                0x08002ac0                TIM1_BRK_TIM15_IRQHandler
 *fill*         0x08002ac2        0x2 
 .text.__libc_init_array
                0x08002ac4       0x48 e:/gcc-arm-none-eabi-10.3-2021.10-win32/gcc-arm-none-eabi-10.3-2021.10/bin/../lib/gcc/arm-none-eabi/10.3.1/../../../../arm-none-eabi/lib/thumb/v7e-m+fp/hard\libc_nano.a(lib_a-init.o)
                0x08002ac4                __libc_init_array
 .text.memset   0x08002b0c       0x10 e:/gcc-arm-none-eabi-10.3-2021.10-win32/gcc-arm-none-eabi-10.3-2021.10/bin/../lib/gcc/arm-none-eabi/10.3.1/../../../../arm-none-eabi/lib/thumb/v7e-m+fp/hard\libc_nano.a(lib_a-memset.o)
                0x08002b0c                memset
 .text.printf   0x08002b1c       0x30 e:/gcc-arm-none-eabi-10.3-2021.10-win32/gcc-arm-none-eabi-10.3-2021.10/bin/../lib/gcc/arm-none-eabi/10.3.1/../../../../arm-none-eabi/lib/thumb/v7e-m+fp/hard\libc_nano.a(lib_a-printf.o)
                0x08002b1c                iprintf
                0x08002b1c                printf
 .text.std      0x08002b4c       0x48 e:/gcc-arm-none-eabi-10.3-2021.10-win32/gcc-arm-none-eabi-10.3-2021.10/bin/../lib/gcc/arm-none-eabi/10.3.1/../../../../arm-none-eabi/lib/thumb/v7e-m+fp/hard\libc_nano.a(lib_a-findfp.o)
 .text._cleanup_r
                0x08002b94        0xc e:/gcc-arm-none-eabi-10.3-2021.10-win32/gcc-arm-none-eabi-10.3-2021.10/bin/../lib/gcc/arm-none-eabi/10.3.1/../../../../arm-none-eabi/lib/thumb/v7e-m+fp/hard\libc_nano.a(lib_a-findfp.o)
                0x08002b94                _cleanup_r
 .text.__sfmoreglue
                0x08002ba0       0x2c e:/gcc-arm-none-eabi-10.3-2021.10-win32/gcc-arm-none-eabi-10.3-2021.10/bin/../lib/gcc/arm-none-eabi/10.3.1/../../../../arm-none-eabi/lib/thumb/v7e-m+fp/hard\libc_nano.a(lib_a-findfp.o)
                0x08002ba0                __sfmoreglue
 .text.__sfp_lock_acquire
                0x08002bcc        0xc e:/gcc-arm-none-eabi-10.3-2021.10-win32/gcc-arm-none-eabi-10.3-2021.10/bin/../lib/gcc/arm-none-eabi/10.3.1/../../../../arm-none-eabi/lib/thumb/v7e-m+fp/hard\libc_nano.a(lib_a-findfp.o)
                0x08002bcc                __sfp_lock_acquire
 .text.__sfp_lock_release
                0x08002bd8        0xc e:/gcc-arm-none-eabi-10.3-2021.10-win32/gcc-arm-none-eabi-10.3-2021.10/bin/../lib/gcc/arm-none-eabi/10.3.1/../../../../arm-none-eabi/lib/thumb/v7e-m+fp/hard\libc_nano.a(lib_a-findfp.o)
                0x08002bd8                __sfp_lock_release
 .text.__sinit_lock_acquire
                0x08002be4        0xc e:/gcc-arm-none-eabi-10.3-2021.10-win32/gcc-arm-none-eabi-10.3-2021.10/bin/../lib/gcc/arm-none-eabi/10.3.1/../../../../arm-none-eabi/lib/thumb/v7e-m+fp/hard\libc_nano.a(lib_a-findfp.o)
                0x08002be4                __sinit_lock_acquire
 .text.__sinit_lock_release
                0x08002bf0        0xc e:/gcc-arm-none-eabi-10.3-2021.10-win32/gcc-arm-none-eabi-10.3-2021.10/bin/../lib/gcc/arm-none-eabi/10.3.1/../../../../arm-none-eabi/lib/thumb/v7e-m+fp/hard\libc_nano.a(lib_a-findfp.o)
                0x08002bf0                __sinit_lock_release
 .text.__sinit  0x08002bfc       0x70 e:/gcc-arm-none-eabi-10.3-2021.10-win32/gcc-arm-none-eabi-10.3-2021.10/bin/../lib/gcc/arm-none-eabi/10.3.1/../../../../arm-none-eabi/lib/thumb/v7e-m+fp/hard\libc_nano.a(lib_a-findfp.o)
                0x08002bfc                __sinit
 .text.__sfp    0x08002c6c       0x8c e:/gcc-arm-none-eabi-10.3-2021.10-win32/gcc-arm-none-eabi-10.3-2021.10/bin/../lib/gcc/arm-none-eabi/10.3.1/../../../../arm-none-eabi/lib/thumb/v7e-m+fp/hard\libc_nano.a(lib_a-findfp.o)
                0x08002c6c                __sfp
 .text._fwalk_reent
                0x08002cf8       0x3e e:/gcc-arm-none-eabi-10.3-2021.10-win32/gcc-arm-none-eabi-10.3-2021.10/bin/../lib/gcc/arm-none-eabi/10.3.1/../../../../arm-none-eabi/lib/thumb/v7e-m+fp/hard\libc_nano.a(lib_a-fwalk.o)
                0x08002cf8                _fwalk_reent
 .text.__retarget_lock_init_recursive
                0x08002d36        0x2 e:/gcc-arm-none-eabi-10.3-2021.10-win32/gcc-arm-none-eabi-10.3-2021.10/bin/../lib/gcc/arm-none-eabi/10.3.1/../../../../arm-none-eabi/lib/thumb/v7e-m+fp/hard\libc_nano.a(lib_a-lock.o)
                0x08002d36                __retarget_lock_init_recursive
 .text.__retarget_lock_acquire_recursive
                0x08002d38        0x2 e:/gcc-arm-none-eabi-10.3-2021.10-win32/gcc-arm-none-eabi-10.3-2021.10/bin/../lib/gcc/arm-none-eabi/10.3.1/../../../../arm-none-eabi/lib/thumb/v7e-m+fp/hard\libc_nano.a(lib_a-lock.o)
                0x08002d38                __retarget_lock_acquire_recursive
 .text.__retarget_lock_release_recursive
                0x08002d3a        0x2 e:/gcc-arm-none-eabi-10.3-2021.10-win32/gcc-arm-none-eabi-10.3-2021.10/bin/../lib/gcc/arm-none-eabi/10.3.1/../../../../arm-none-eabi/lib/thumb/v7e-m+fp/hard\libc_nano.a(lib_a-lock.o)
                0x08002d3a                __retarget_lock_release_recursive
 .text.sbrk_aligned
                0x08002d3c       0x40 e:/gcc-arm-none-eabi-10.3-2021.10-win32/gcc-arm-none-eabi-10.3-2021.10/bin/../lib/gcc/arm-none-eabi/10.3.1/../../../../arm-none-eabi/lib/thumb/v7e-m+fp/hard\libc_nano.a(lib_a-nano-mallocr.o)
 .text._malloc_r
                0x08002d7c       0xe8 e:/gcc-arm-none-eabi-10.3-2021.10-win32/gcc-arm-none-eabi-10.3-2021.10/bin/../lib/gcc/arm-none-eabi/10.3.1/../../../../arm-none-eabi/lib/thumb/v7e-m+fp/hard\libc_nano.a(lib_a-nano-mallocr.o)
                0x08002d7c                _malloc_r
 .text.__sfputc_r
                0x08002e64       0x2e e:/gcc-arm-none-eabi-10.3-2021.10-win32/gcc-arm-none-eabi-10.3-2021.10/bin/../lib/gcc/arm-none-eabi/10.3.1/../../../../arm-none-eabi/lib/thumb/v7e-m+fp/hard\libc_nano.a(lib_a-nano-vfprintf.o)
 .text.__sfputs_r
                0x08002e92       0x24 e:/gcc-arm-none-eabi-10.3-2021.10-win32/gcc-arm-none-eabi-10.3-2021.10/bin/../lib/gcc/arm-none-eabi/10.3.1/../../../../arm-none-eabi/lib/thumb/v7e-m+fp/hard\libc_nano.a(lib_a-nano-vfprintf.o)
                0x08002e92                __sfputs_r
 *fill*         0x08002eb6        0x2 
 .text._vfprintf_r
                0x08002eb8      0x260 e:/gcc-arm-none-eabi-10.3-2021.10-win32/gcc-arm-none-eabi-10.3-2021.10/bin/../lib/gcc/arm-none-eabi/10.3.1/../../../../arm-none-eabi/lib/thumb/v7e-m+fp/hard\libc_nano.a(lib_a-nano-vfprintf.o)
                0x08002eb8                _vfprintf_r
                0x08002eb8                _vfiprintf_r
 .text._printf_common
                0x08003118       0xda e:/gcc-arm-none-eabi-10.3-2021.10-win32/gcc-arm-none-eabi-10.3-2021.10/bin/../lib/gcc/arm-none-eabi/10.3.1/../../../../arm-none-eabi/lib/thumb/v7e-m+fp/hard\libc_nano.a(lib_a-nano-vfprintf_i.o)
                0x08003118                _printf_common
 *fill*         0x080031f2        0x2 
 .text._printf_i
                0x080031f4      0x24c e:/gcc-arm-none-eabi-10.3-2021.10-win32/gcc-arm-none-eabi-10.3-2021.10/bin/../lib/gcc/arm-none-eabi/10.3.1/../../../../arm-none-eabi/lib/thumb/v7e-m+fp/hard\libc_nano.a(lib_a-nano-vfprintf_i.o)
                0x080031f4                _printf_i
 .text._sbrk_r  0x08003440       0x20 e:/gcc-arm-none-eabi-10.3-2021.10-win32/gcc-arm-none-eabi-10.3-2021.10/bin/../lib/gcc/arm-none-eabi/10.3.1/../../../../arm-none-eabi/lib/thumb/v7e-m+fp/hard\libc_nano.a(lib_a-sbrkr.o)
                0x08003440                _sbrk_r
 .text.__sread  0x08003460       0x22 e:/gcc-arm-none-eabi-10.3-2021.10-win32/gcc-arm-none-eabi-10.3-2021.10/bin/../lib/gcc/arm-none-eabi/10.3.1/../../../../arm-none-eabi/lib/thumb/v7e-m+fp/hard\libc_nano.a(lib_a-stdio.o)
                0x08003460                __sread
 .text.__swrite
                0x08003482       0x38 e:/gcc-arm-none-eabi-10.3-2021.10-win32/gcc-arm-none-eabi-10.3-2021.10/bin/../lib/gcc/arm-none-eabi/10.3.1/../../../../arm-none-eabi/lib/thumb/v7e-m+fp/hard\libc_nano.a(lib_a-stdio.o)
                0x08003482                __swrite
 .text.__sseek  0x080034ba       0x24 e:/gcc-arm-none-eabi-10.3-2021.10-win32/gcc-arm-none-eabi-10.3-2021.10/bin/../lib/gcc/arm-none-eabi/10.3.1/../../../../arm-none-eabi/lib/thumb/v7e-m+fp/hard\libc_nano.a(lib_a-stdio.o)
                0x080034ba                __sseek
 .text.__sclose
                0x080034de        0x8 e:/gcc-arm-none-eabi-10.3-2021.10-win32/gcc-arm-none-eabi-10.3-2021.10/bin/../lib/gcc/arm-none-eabi/10.3.1/../../../../arm-none-eabi/lib/thumb/v7e-m+fp/hard\libc_nano.a(lib_a-stdio.o)
                0x080034de                __sclose
 *fill*         0x080034e6        0x2 
 .text.__swbuf_r
                0x080034e8       0xa4 e:/gcc-arm-none-eabi-10.3-2021.10-win32/gcc-arm-none-eabi-10.3-2021.10/bin/../lib/gcc/arm-none-eabi/10.3.1/../../../../arm-none-eabi/lib/thumb/v7e-m+fp/hard\libc_nano.a(lib_a-wbuf.o)
                0x080034e8                __swbuf_r
 .text._write_r
                0x0800358c       0x24 e:/gcc-arm-none-eabi-10.3-2021.10-win32/gcc-arm-none-eabi-10.3-2021.10/bin/../lib/gcc/arm-none-eabi/10.3.1/../../../../arm-none-eabi/lib/thumb/v7e-m+fp/hard\libc_nano.a(lib_a-writer.o)
                0x0800358c                _write_r
 .text.__swsetup_r
                0x080035b0       0xdc e:/gcc-arm-none-eabi-10.3-2021.10-win32/gcc-arm-none-eabi-10.3-2021.10/bin/../lib/gcc/arm-none-eabi/10.3.1/../../../../arm-none-eabi/lib/thumb/v7e-m+fp/hard\libc_nano.a(lib_a-wsetup.o)
                0x080035b0                __swsetup_r
 .text._close_r
                0x0800368c       0x20 e:/gcc-arm-none-eabi-10.3-2021.10-win32/gcc-arm-none-eabi-10.3-2021.10/bin/../lib/gcc/arm-none-eabi/10.3.1/../../../../arm-none-eabi/lib/thumb/v7e-m+fp/hard\libc_nano.a(lib_a-closer.o)
                0x0800368c                _close_r
 .text.__sflush_r
                0x080036ac      0x10c e:/gcc-arm-none-eabi-10.3-2021.10-win32/gcc-arm-none-eabi-10.3-2021.10/bin/../lib/gcc/arm-none-eabi/10.3.1/../../../../arm-none-eabi/lib/thumb/v7e-m+fp/hard\libc_nano.a(lib_a-fflush.o)
                0x080036ac                __sflush_r
 .text._fflush_r
                0x080037b8       0x78 e:/gcc-arm-none-eabi-10.3-2021.10-win32/gcc-arm-none-eabi-10.3-2021.10/bin/../lib/gcc/arm-none-eabi/10.3.1/../../../../arm-none-eabi/lib/thumb/v7e-m+fp/hard\libc_nano.a(lib_a-fflush.o)
                0x080037b8                _fflush_r
 .text._lseek_r
                0x08003830       0x24 e:/gcc-arm-none-eabi-10.3-2021.10-win32/gcc-arm-none-eabi-10.3-2021.10/bin/../lib/gcc/arm-none-eabi/10.3.1/../../../../arm-none-eabi/lib/thumb/v7e-m+fp/hard\libc_nano.a(lib_a-lseekr.o)
                0x08003830                _lseek_r
 .text.__swhatbuf_r
                0x08003854       0x4a e:/gcc-arm-none-eabi-10.3-2021.10-win32/gcc-arm-none-eabi-10.3-2021.10/bin/../lib/gcc/arm-none-eabi/10.3.1/../../../../arm-none-eabi/lib/thumb/v7e-m+fp/hard\libc_nano.a(lib_a-makebuf.o)
                0x08003854                __swhatbuf_r
 *fill*         0x0800389e        0x2 
 .text.__smakebuf_r
                0x080038a0       0x80 e:/gcc-arm-none-eabi-10.3-2021.10-win32/gcc-arm-none-eabi-10.3-2021.10/bin/../lib/gcc/arm-none-eabi/10.3.1/../../../../arm-none-eabi/lib/thumb/v7e-m+fp/hard\libc_nano.a(lib_a-makebuf.o)
                0x080038a0                __smakebuf_r
 .text.__malloc_lock
                0x08003920        0xc e:/gcc-arm-none-eabi-10.3-2021.10-win32/gcc-arm-none-eabi-10.3-2021.10/bin/../lib/gcc/arm-none-eabi/10.3.1/../../../../arm-none-eabi/lib/thumb/v7e-m+fp/hard\libc_nano.a(lib_a-mlock.o)
                0x08003920                __malloc_lock
 .text.__malloc_unlock
                0x0800392c        0xc e:/gcc-arm-none-eabi-10.3-2021.10-win32/gcc-arm-none-eabi-10.3-2021.10/bin/../lib/gcc/arm-none-eabi/10.3.1/../../../../arm-none-eabi/lib/thumb/v7e-m+fp/hard\libc_nano.a(lib_a-mlock.o)
                0x0800392c                __malloc_unlock
 .text._free_r  0x08003938       0x98 e:/gcc-arm-none-eabi-10.3-2021.10-win32/gcc-arm-none-eabi-10.3-2021.10/bin/../lib/gcc/arm-none-eabi/10.3.1/../../../../arm-none-eabi/lib/thumb/v7e-m+fp/hard\libc_nano.a(lib_a-nano-freer.o)
                0x08003938                _free_r
 .text._read_r  0x080039d0       0x24 e:/gcc-arm-none-eabi-10.3-2021.10-win32/gcc-arm-none-eabi-10.3-2021.10/bin/../lib/gcc/arm-none-eabi/10.3.1/../../../../arm-none-eabi/lib/thumb/v7e-m+fp/hard\libc_nano.a(lib_a-readr.o)
                0x080039d0                _read_r
 .text._fstat_r
                0x080039f4       0x24 e:/gcc-arm-none-eabi-10.3-2021.10-win32/gcc-arm-none-eabi-10.3-2021.10/bin/../lib/gcc/arm-none-eabi/10.3.1/../../../../arm-none-eabi/lib/thumb/v7e-m+fp/hard\libc_nano.a(lib_a-fstatr.o)
                0x080039f4                _fstat_r
 .text._isatty_r
                0x08003a18       0x20 e:/gcc-arm-none-eabi-10.3-2021.10-win32/gcc-arm-none-eabi-10.3-2021.10/bin/../lib/gcc/arm-none-eabi/10.3.1/../../../../arm-none-eabi/lib/thumb/v7e-m+fp/hard\libc_nano.a(lib_a-isattyr.o)
                0x08003a18                _isatty_r
 .text._close   0x08003a38       0x10 e:/gcc-arm-none-eabi-10.3-2021.10-win32/gcc-arm-none-eabi-10.3-2021.10/bin/../lib/gcc/arm-none-eabi/10.3.1/../../../../arm-none-eabi/lib/thumb/v7e-m+fp/hard\libnosys.a(close.o)
                0x08003a38                _close
 .text._fstat   0x08003a48       0x10 e:/gcc-arm-none-eabi-10.3-2021.10-win32/gcc-arm-none-eabi-10.3-2021.10/bin/../lib/gcc/arm-none-eabi/10.3.1/../../../../arm-none-eabi/lib/thumb/v7e-m+fp/hard\libnosys.a(fstat.o)
                0x08003a48                _fstat
 .text._isatty  0x08003a58       0x10 e:/gcc-arm-none-eabi-10.3-2021.10-win32/gcc-arm-none-eabi-10.3-2021.10/bin/../lib/gcc/arm-none-eabi/10.3.1/../../../../arm-none-eabi/lib/thumb/v7e-m+fp/hard\libnosys.a(isatty.o)
                0x08003a58                _isatty
 .text._lseek   0x08003a68       0x10 e:/gcc-arm-none-eabi-10.3-2021.10-win32/gcc-arm-none-eabi-10.3-2021.10/bin/../lib/gcc/arm-none-eabi/10.3.1/../../../../arm-none-eabi/lib/thumb/v7e-m+fp/hard\libnosys.a(lseek.o)
                0x08003a68                _lseek
 .text._read    0x08003a78       0x10 e:/gcc-arm-none-eabi-10.3-2021.10-win32/gcc-arm-none-eabi-10.3-2021.10/bin/../lib/gcc/arm-none-eabi/10.3.1/../../../../arm-none-eabi/lib/thumb/v7e-m+fp/hard\libnosys.a(read.o)
                0x08003a78                _read
 .text._sbrk    0x08003a88       0x1c e:/gcc-arm-none-eabi-10.3-2021.10-win32/gcc-arm-none-eabi-10.3-2021.10/bin/../lib/gcc/arm-none-eabi/10.3.1/../../../../arm-none-eabi/lib/thumb/v7e-m+fp/hard\libnosys.a(sbrk.o)
                0x08003a88                _sbrk
 .text._write   0x08003aa4       0x10 e:/gcc-arm-none-eabi-10.3-2021.10-win32/gcc-arm-none-eabi-10.3-2021.10/bin/../lib/gcc/arm-none-eabi/10.3.1/../../../../arm-none-eabi/lib/thumb/v7e-m+fp/hard\libnosys.a(write.o)
                0x08003aa4                _write
 *(.glue_7)
 .glue_7        0x08003ab4        0x0 linker stubs
 *(.glue_7t)
 .glue_7t       0x08003ab4        0x0 linker stubs
 *(.eh_frame)
 .eh_frame      0x08003ab4        0x0 e:/gcc-arm-none-eabi-10.3-2021.10-win32/gcc-arm-none-eabi-10.3-2021.10/bin/../lib/gcc/arm-none-eabi/10.3.1/thumb/v7e-m+fp/hard/crtbegin.o
 *(.init)
 .init          0x08003ab4        0x4 e:/gcc-arm-none-eabi-10.3-2021.10-win32/gcc-arm-none-eabi-10.3-2021.10/bin/../lib/gcc/arm-none-eabi/10.3.1/thumb/v7e-m+fp/hard/crti.o
                0x08003ab4                _init
 .init          0x08003ab8        0x8 e:/gcc-arm-none-eabi-10.3-2021.10-win32/gcc-arm-none-eabi-10.3-2021.10/bin/../lib/gcc/arm-none-eabi/10.3.1/thumb/v7e-m+fp/hard/crtn.o
 *(.fini)
 .fini          0x08003ac0        0x4 e:/gcc-arm-none-eabi-10.3-2021.10-win32/gcc-arm-none-eabi-10.3-2021.10/bin/../lib/gcc/arm-none-eabi/10.3.1/thumb/v7e-m+fp/hard/crti.o
                0x08003ac0                _fini
 .fini          0x08003ac4        0x8 e:/gcc-arm-none-eabi-10.3-2021.10-win32/gcc-arm-none-eabi-10.3-2021.10/bin/../lib/gcc/arm-none-eabi/10.3.1/thumb/v7e-m+fp/hard/crtn.o
                0x08003ad0                . = ALIGN (0x8)
 *fill*         0x08003acc        0x4 
                0x08003ad0                _etext = .

.vfp11_veneer   0x08003ad0        0x0
 .vfp11_veneer  0x08003ad0        0x0 linker stubs

.v4_bx          0x08003ad0        0x0
 .v4_bx         0x08003ad0        0x0 linker stubs

.iplt           0x08003ad0        0x0
 .iplt          0x08003ad0        0x0 e:/gcc-arm-none-eabi-10.3-2021.10-win32/gcc-arm-none-eabi-10.3-2021.10/bin/../lib/gcc/arm-none-eabi/10.3.1/thumb/v7e-m+fp/hard/crtbegin.o

.rodata         0x08003ad0      0x128
                0x08003ad0                . = ALIGN (0x8)
 *(.rodata)
 *(.rodata*)
 .rodata.main.str1.4
                0x08003ad0        0xf build/main.o
 *fill*         0x08003adf        0x1 
 .rodata.Flash_Read_Write.str1.4
                0x08003ae0       0x34 build/spi.o
 .rodata.AHBPrescTable
                0x08003b14       0x10 build/system_stm32l4xx.o
                0x08003b14                AHBPrescTable
 .rodata.APBPrescTable
                0x08003b24        0x8 build/system_stm32l4xx.o
                0x08003b24                APBPrescTable
 .rodata.MSIRangeTable
                0x08003b2c       0x30 build/system_stm32l4xx.o
                0x08003b2c                MSIRangeTable
 .rodata._global_impure_ptr
                0x08003b5c        0x4 e:/gcc-arm-none-eabi-10.3-2021.10-win32/gcc-arm-none-eabi-10.3-2021.10/bin/../lib/gcc/arm-none-eabi/10.3.1/../../../../arm-none-eabi/lib/thumb/v7e-m+fp/hard\libc_nano.a(lib_a-impure.o)
                0x08003b5c                _global_impure_ptr
 .rodata.__sf_fake_stderr
                0x08003b60       0x20 e:/gcc-arm-none-eabi-10.3-2021.10-win32/gcc-arm-none-eabi-10.3-2021.10/bin/../lib/gcc/arm-none-eabi/10.3.1/../../../../arm-none-eabi/lib/thumb/v7e-m+fp/hard\libc_nano.a(lib_a-findfp.o)
                0x08003b60                __sf_fake_stderr
 .rodata.__sf_fake_stdin
                0x08003b80       0x20 e:/gcc-arm-none-eabi-10.3-2021.10-win32/gcc-arm-none-eabi-10.3-2021.10/bin/../lib/gcc/arm-none-eabi/10.3.1/../../../../arm-none-eabi/lib/thumb/v7e-m+fp/hard\libc_nano.a(lib_a-findfp.o)
                0x08003b80                __sf_fake_stdin
 .rodata.__sf_fake_stdout
                0x08003ba0       0x20 e:/gcc-arm-none-eabi-10.3-2021.10-win32/gcc-arm-none-eabi-10.3-2021.10/bin/../lib/gcc/arm-none-eabi/10.3.1/../../../../arm-none-eabi/lib/thumb/v7e-m+fp/hard\libc_nano.a(lib_a-findfp.o)
                0x08003ba0                __sf_fake_stdout
 .rodata._vfprintf_r.str1.1
                0x08003bc0       0x11 e:/gcc-arm-none-eabi-10.3-2021.10-win32/gcc-arm-none-eabi-10.3-2021.10/bin/../lib/gcc/arm-none-eabi/10.3.1/../../../../arm-none-eabi/lib/thumb/v7e-m+fp/hard\libc_nano.a(lib_a-nano-vfprintf.o)
 .rodata._printf_i.str1.1
                0x08003bd1       0x22 e:/gcc-arm-none-eabi-10.3-2021.10-win32/gcc-arm-none-eabi-10.3-2021.10/bin/../lib/gcc/arm-none-eabi/10.3.1/../../../../arm-none-eabi/lib/thumb/v7e-m+fp/hard\libc_nano.a(lib_a-nano-vfprintf_i.o)
                0x08003bf8                . = ALIGN (0x8)
 *fill*         0x08003bf3        0x5 

.ARM.extab      0x08003bf8        0x0
                0x08003bf8                . = ALIGN (0x8)
 *(.ARM.extab* .gnu.linkonce.armextab.*)
                0x08003bf8                . = ALIGN (0x8)

.ARM            0x08003bf8        0x8
                0x08003bf8                . = ALIGN (0x8)
                0x08003bf8                __exidx_start = .
 *(.ARM.exidx*)
 .ARM.exidx     0x08003bf8        0x8 e:/gcc-arm-none-eabi-10.3-2021.10-win32/gcc-arm-none-eabi-10.3-2021.10/bin/../lib/gcc/arm-none-eabi/10.3.1/thumb/v7e-m+fp/hard\libgcc.a(_udivmoddi4.o)
                0x08003c00                __exidx_end = .
                0x08003c00                . = ALIGN (0x8)

.rel.dyn        0x08003c00        0x0
 .rel.iplt      0x08003c00        0x0 e:/gcc-arm-none-eabi-10.3-2021.10-win32/gcc-arm-none-eabi-10.3-2021.10/bin/../lib/gcc/arm-none-eabi/10.3.1/thumb/v7e-m+fp/hard/crtbegin.o

.preinit_array  0x08003c00        0x0
                0x08003c00                . = ALIGN (0x8)
                0x08003c00                PROVIDE (__preinit_array_start = .)
 *(.preinit_array*)
                0x08003c00                PROVIDE (__preinit_array_end = .)
                0x08003c00                . = ALIGN (0x8)

.init_array     0x08003c00        0x8
                0x08003c00                . = ALIGN (0x8)
                0x08003c00                PROVIDE (__init_array_start = .)
 *(SORT_BY_NAME(.init_array.*))
 *(.init_array*)
 .init_array    0x08003c00        0x4 e:/gcc-arm-none-eabi-10.3-2021.10-win32/gcc-arm-none-eabi-10.3-2021.10/bin/../lib/gcc/arm-none-eabi/10.3.1/thumb/v7e-m+fp/hard/crtbegin.o
                0x08003c04                PROVIDE (__init_array_end = .)
                0x08003c08                . = ALIGN (0x8)
 *fill*         0x08003c04        0x4 

.fini_array     0x08003c08        0x8
                0x08003c08                . = ALIGN (0x8)
                [!provide]                PROVIDE (__fini_array_start = .)
 *(SORT_BY_NAME(.fini_array.*))
 *(.fini_array*)
 .fini_array    0x08003c08        0x4 e:/gcc-arm-none-eabi-10.3-2021.10-win32/gcc-arm-none-eabi-10.3-2021.10/bin/../lib/gcc/arm-none-eabi/10.3.1/thumb/v7e-m+fp/hard/crtbegin.o
                [!provide]                PROVIDE (__fini_array_end = .)
                0x08003c10                . = ALIGN (0x8)
 *fill*         0x08003c0c        0x4 
                0x08003c10                _sidata = LOADADDR (.data)

.data           0x20000000       0x70 load address 0x08003c10
                0x20000000                . = ALIGN (0x8)
                0x20000000                _sdata = .
 *(.data)
 *(.data*)
 .data.uwTickFreq
                0x20000000        0x1 build/stm32l4xx_hal.o
                0x20000000                uwTickFreq
 *fill*         0x20000001        0x3 
 .data.uwTickPrio
                0x20000004        0x4 build/stm32l4xx_hal.o
                0x20000004                uwTickPrio
 .data.SystemCoreClock
                0x20000008        0x4 build/system_stm32l4xx.o
                0x20000008                SystemCoreClock
 .data._impure_ptr
                0x2000000c        0x4 e:/gcc-arm-none-eabi-10.3-2021.10-win32/gcc-arm-none-eabi-10.3-2021.10/bin/../lib/gcc/arm-none-eabi/10.3.1/../../../../arm-none-eabi/lib/thumb/v7e-m+fp/hard\libc_nano.a(lib_a-impure.o)
                0x2000000c                _impure_ptr
 .data.impure_data
                0x20000010       0x60 e:/gcc-arm-none-eabi-10.3-2021.10-win32/gcc-arm-none-eabi-10.3-2021.10/bin/../lib/gcc/arm-none-eabi/10.3.1/../../../../arm-none-eabi/lib/thumb/v7e-m+fp/hard\libc_nano.a(lib_a-impure.o)
                0x20000070                . = ALIGN (0x8)
                0x20000070                _edata = .

.igot.plt       0x20000070        0x0 load address 0x08003c80
 .igot.plt      0x20000070        0x0 e:/gcc-arm-none-eabi-10.3-2021.10-win32/gcc-arm-none-eabi-10.3-2021.10/bin/../lib/gcc/arm-none-eabi/10.3.1/thumb/v7e-m+fp/hard/crtbegin.o
                0x20000070                . = ALIGN (0x4)

.bss            0x20000070      0x11c load address 0x08003c80
                0x20000070                _sbss = .
                0x20000070                __bss_start__ = _sbss
 *(.bss)
 .bss           0x20000070       0x1c e:/gcc-arm-none-eabi-10.3-2021.10-win32/gcc-arm-none-eabi-10.3-2021.10/bin/../lib/gcc/arm-none-eabi/10.3.1/thumb/v7e-m+fp/hard/crtbegin.o
 *(.bss*)
 .bss.hspi1     0x2000008c       0x64 build/spi.o
                0x2000008c                hspi1
 .bss.huart3    0x200000f0       0x84 build/usart.o
                0x200000f0                huart3
 .bss.uwTick    0x20000174        0x4 build/stm32l4xx_hal.o
                0x20000174                uwTick
 .bss.__lock___malloc_recursive_mutex
                0x20000178        0x1 e:/gcc-arm-none-eabi-10.3-2021.10-win32/gcc-arm-none-eabi-10.3-2021.10/bin/../lib/gcc/arm-none-eabi/10.3.1/../../../../arm-none-eabi/lib/thumb/v7e-m+fp/hard\libc_nano.a(lib_a-lock.o)
                0x20000178                __lock___malloc_recursive_mutex
 .bss.__lock___sfp_recursive_mutex
                0x20000179        0x1 e:/gcc-arm-none-eabi-10.3-2021.10-win32/gcc-arm-none-eabi-10.3-2021.10/bin/../lib/gcc/arm-none-eabi/10.3.1/../../../../arm-none-eabi/lib/thumb/v7e-m+fp/hard\libc_nano.a(lib_a-lock.o)
                0x20000179                __lock___sfp_recursive_mutex
 .bss.__lock___sinit_recursive_mutex
                0x2000017a        0x1 e:/gcc-arm-none-eabi-10.3-2021.10-win32/gcc-arm-none-eabi-10.3-2021.10/bin/../lib/gcc/arm-none-eabi/10.3.1/../../../../arm-none-eabi/lib/thumb/v7e-m+fp/hard\libc_nano.a(lib_a-lock.o)
                0x2000017a                __lock___sinit_recursive_mutex
 *fill*         0x2000017b        0x1 
 .bss.__malloc_free_list
                0x2000017c        0x4 e:/gcc-arm-none-eabi-10.3-2021.10-win32/gcc-arm-none-eabi-10.3-2021.10/bin/../lib/gcc/arm-none-eabi/10.3.1/../../../../arm-none-eabi/lib/thumb/v7e-m+fp/hard\libc_nano.a(lib_a-nano-mallocr.o)
                0x2000017c                __malloc_free_list
 .bss.__malloc_sbrk_start
                0x20000180        0x4 e:/gcc-arm-none-eabi-10.3-2021.10-win32/gcc-arm-none-eabi-10.3-2021.10/bin/../lib/gcc/arm-none-eabi/10.3.1/../../../../arm-none-eabi/lib/thumb/v7e-m+fp/hard\libc_nano.a(lib_a-nano-mallocr.o)
                0x20000180                __malloc_sbrk_start
 .bss.errno     0x20000184        0x4 e:/gcc-arm-none-eabi-10.3-2021.10-win32/gcc-arm-none-eabi-10.3-2021.10/bin/../lib/gcc/arm-none-eabi/10.3.1/../../../../arm-none-eabi/lib/thumb/v7e-m+fp/hard\libc_nano.a(lib_a-reent.o)
                0x20000184                errno
 .bss.heap_end.0
                0x20000188        0x4 e:/gcc-arm-none-eabi-10.3-2021.10-win32/gcc-arm-none-eabi-10.3-2021.10/bin/../lib/gcc/arm-none-eabi/10.3.1/../../../../arm-none-eabi/lib/thumb/v7e-m+fp/hard\libnosys.a(sbrk.o)
 *(COMMON)
                0x2000018c                . = ALIGN (0x4)
                0x2000018c                _ebss = .
                0x2000018c                __bss_end__ = _ebss

._user_heap_stack
                0x2000018c      0x604 load address 0x08003c80
                0x20000190                . = ALIGN (0x8)
 *fill*         0x2000018c        0x4 
                0x20000190                PROVIDE (end = .)
                [!provide]                PROVIDE (_end = .)
                0x20000390                . = (. + _Min_Heap_Size)
 *fill*         0x20000190      0x200 
                0x20000790                . = (. + _Min_Stack_Size)
 *fill*         0x20000390      0x400 
                0x20000790                . = ALIGN (0x8)

/DISCARD/
 libc.a(*)
 libm.a(*)
 libgcc.a(*)

.ARM.attributes
                0x00000000       0x30
 *(.ARM.attributes)
 .ARM.attributes
                0x00000000       0x1e e:/gcc-arm-none-eabi-10.3-2021.10-win32/gcc-arm-none-eabi-10.3-2021.10/bin/../lib/gcc/arm-none-eabi/10.3.1/thumb/v7e-m+fp/hard/crti.o
 .ARM.attributes
                0x0000001e       0x34 e:/gcc-arm-none-eabi-10.3-2021.10-win32/gcc-arm-none-eabi-10.3-2021.10/bin/../lib/gcc/arm-none-eabi/10.3.1/thumb/v7e-m+fp/hard/crtbegin.o
 .ARM.attributes
                0x00000052       0x34 build/main.o
 .ARM.attributes
                0x00000086       0x34 build/gpio.o
 .ARM.attributes
                0x000000ba       0x34 build/spi.o
 .ARM.attributes
                0x000000ee       0x34 build/usart.o
 .ARM.attributes
                0x00000122       0x34 build/stm32l4xx_it.o
 .ARM.attributes
                0x00000156       0x34 build/stm32l4xx_hal_msp.o
 .ARM.attributes
                0x0000018a       0x34 build/stm32l4xx_hal_spi.o
 .ARM.attributes
                0x000001be       0x34 build/stm32l4xx_hal.o
 .ARM.attributes
                0x000001f2       0x34 build/stm32l4xx_hal_rcc.o
 .ARM.attributes
                0x00000226       0x34 build/stm32l4xx_hal_rcc_ex.o
 .ARM.attributes
                0x0000025a       0x34 build/stm32l4xx_hal_gpio.o
 .ARM.attributes
                0x0000028e       0x34 build/stm32l4xx_hal_pwr_ex.o
 .ARM.attributes
                0x000002c2       0x34 build/stm32l4xx_hal_cortex.o
 .ARM.attributes
                0x000002f6       0x34 build/stm32l4xx_hal_uart.o
 .ARM.attributes
                0x0000032a       0x34 build/system_stm32l4xx.o
 .ARM.attributes
                0x0000035e       0x21 build/startup_stm32l431xx.o
 .ARM.attributes
                0x0000037f       0x34 e:/gcc-arm-none-eabi-10.3-2021.10-win32/gcc-arm-none-eabi-10.3-2021.10/bin/../lib/gcc/arm-none-eabi/10.3.1/../../../../arm-none-eabi/lib/thumb/v7e-m+fp/hard\libc_nano.a(lib_a-impure.o)
 .ARM.attributes
                0x000003b3       0x34 e:/gcc-arm-none-eabi-10.3-2021.10-win32/gcc-arm-none-eabi-10.3-2021.10/bin/../lib/gcc/arm-none-eabi/10.3.1/../../../../arm-none-eabi/lib/thumb/v7e-m+fp/hard\libc_nano.a(lib_a-init.o)
 .ARM.attributes
                0x000003e7       0x34 e:/gcc-arm-none-eabi-10.3-2021.10-win32/gcc-arm-none-eabi-10.3-2021.10/bin/../lib/gcc/arm-none-eabi/10.3.1/../../../../arm-none-eabi/lib/thumb/v7e-m+fp/hard\libc_nano.a(lib_a-memset.o)
 .ARM.attributes
                0x0000041b       0x34 e:/gcc-arm-none-eabi-10.3-2021.10-win32/gcc-arm-none-eabi-10.3-2021.10/bin/../lib/gcc/arm-none-eabi/10.3.1/../../../../arm-none-eabi/lib/thumb/v7e-m+fp/hard\libc_nano.a(lib_a-printf.o)
 .ARM.attributes
                0x0000044f       0x34 e:/gcc-arm-none-eabi-10.3-2021.10-win32/gcc-arm-none-eabi-10.3-2021.10/bin/../lib/gcc/arm-none-eabi/10.3.1/../../../../arm-none-eabi/lib/thumb/v7e-m+fp/hard\libc_nano.a(lib_a-findfp.o)
 .ARM.attributes
                0x00000483       0x34 e:/gcc-arm-none-eabi-10.3-2021.10-win32/gcc-arm-none-eabi-10.3-2021.10/bin/../lib/gcc/arm-none-eabi/10.3.1/../../../../arm-none-eabi/lib/thumb/v7e-m+fp/hard\libc_nano.a(lib_a-fwalk.o)
 .ARM.attributes
                0x000004b7       0x34 e:/gcc-arm-none-eabi-10.3-2021.10-win32/gcc-arm-none-eabi-10.3-2021.10/bin/../lib/gcc/arm-none-eabi/10.3.1/../../../../arm-none-eabi/lib/thumb/v7e-m+fp/hard\libc_nano.a(lib_a-lock.o)
 .ARM.attributes
                0x000004eb       0x34 e:/gcc-arm-none-eabi-10.3-2021.10-win32/gcc-arm-none-eabi-10.3-2021.10/bin/../lib/gcc/arm-none-eabi/10.3.1/../../../../arm-none-eabi/lib/thumb/v7e-m+fp/hard\libc_nano.a(lib_a-nano-mallocr.o)
 .ARM.attributes
                0x0000051f       0x34 e:/gcc-arm-none-eabi-10.3-2021.10-win32/gcc-arm-none-eabi-10.3-2021.10/bin/../lib/gcc/arm-none-eabi/10.3.1/../../../../arm-none-eabi/lib/thumb/v7e-m+fp/hard\libc_nano.a(lib_a-nano-vfprintf.o)
 .ARM.attributes
                0x00000553       0x34 e:/gcc-arm-none-eabi-10.3-2021.10-win32/gcc-arm-none-eabi-10.3-2021.10/bin/../lib/gcc/arm-none-eabi/10.3.1/../../../../arm-none-eabi/lib/thumb/v7e-m+fp/hard\libc_nano.a(lib_a-nano-vfprintf_i.o)
 .ARM.attributes
                0x00000587       0x34 e:/gcc-arm-none-eabi-10.3-2021.10-win32/gcc-arm-none-eabi-10.3-2021.10/bin/../lib/gcc/arm-none-eabi/10.3.1/../../../../arm-none-eabi/lib/thumb/v7e-m+fp/hard\libc_nano.a(lib_a-sbrkr.o)
 .ARM.attributes
                0x000005bb       0x34 e:/gcc-arm-none-eabi-10.3-2021.10-win32/gcc-arm-none-eabi-10.3-2021.10/bin/../lib/gcc/arm-none-eabi/10.3.1/../../../../arm-none-eabi/lib/thumb/v7e-m+fp/hard\libc_nano.a(lib_a-stdio.o)
 .ARM.attributes
                0x000005ef       0x34 e:/gcc-arm-none-eabi-10.3-2021.10-win32/gcc-arm-none-eabi-10.3-2021.10/bin/../lib/gcc/arm-none-eabi/10.3.1/../../../../arm-none-eabi/lib/thumb/v7e-m+fp/hard\libc_nano.a(lib_a-wbuf.o)
 .ARM.attributes
                0x00000623       0x34 e:/gcc-arm-none-eabi-10.3-2021.10-win32/gcc-arm-none-eabi-10.3-2021.10/bin/../lib/gcc/arm-none-eabi/10.3.1/../../../../arm-none-eabi/lib/thumb/v7e-m+fp/hard\libc_nano.a(lib_a-writer.o)
 .ARM.attributes
                0x00000657       0x34 e:/gcc-arm-none-eabi-10.3-2021.10-win32/gcc-arm-none-eabi-10.3-2021.10/bin/../lib/gcc/arm-none-eabi/10.3.1/../../../../arm-none-eabi/lib/thumb/v7e-m+fp/hard\libc_nano.a(lib_a-wsetup.o)
 .ARM.attributes
                0x0000068b       0x34 e:/gcc-arm-none-eabi-10.3-2021.10-win32/gcc-arm-none-eabi-10.3-2021.10/bin/../lib/gcc/arm-none-eabi/10.3.1/../../../../arm-none-eabi/lib/thumb/v7e-m+fp/hard\libc_nano.a(lib_a-closer.o)
 .ARM.attributes
                0x000006bf       0x34 e:/gcc-arm-none-eabi-10.3-2021.10-win32/gcc-arm-none-eabi-10.3-2021.10/bin/../lib/gcc/arm-none-eabi/10.3.1/../../../../arm-none-eabi/lib/thumb/v7e-m+fp/hard\libc_nano.a(lib_a-fflush.o)
 .ARM.attributes
                0x000006f3       0x34 e:/gcc-arm-none-eabi-10.3-2021.10-win32/gcc-arm-none-eabi-10.3-2021.10/bin/../lib/gcc/arm-none-eabi/10.3.1/../../../../arm-none-eabi/lib/thumb/v7e-m+fp/hard\libc_nano.a(lib_a-lseekr.o)
 .ARM.attributes
                0x00000727       0x34 e:/gcc-arm-none-eabi-10.3-2021.10-win32/gcc-arm-none-eabi-10.3-2021.10/bin/../lib/gcc/arm-none-eabi/10.3.1/../../../../arm-none-eabi/lib/thumb/v7e-m+fp/hard\libc_nano.a(lib_a-makebuf.o)
 .ARM.attributes
                0x0000075b       0x1c e:/gcc-arm-none-eabi-10.3-2021.10-win32/gcc-arm-none-eabi-10.3-2021.10/bin/../lib/gcc/arm-none-eabi/10.3.1/../../../../arm-none-eabi/lib/thumb/v7e-m+fp/hard\libc_nano.a(lib_a-memchr.o)
 .ARM.attributes
                0x00000777       0x34 e:/gcc-arm-none-eabi-10.3-2021.10-win32/gcc-arm-none-eabi-10.3-2021.10/bin/../lib/gcc/arm-none-eabi/10.3.1/../../../../arm-none-eabi/lib/thumb/v7e-m+fp/hard\libc_nano.a(lib_a-mlock.o)
 .ARM.attributes
                0x000007ab       0x34 e:/gcc-arm-none-eabi-10.3-2021.10-win32/gcc-arm-none-eabi-10.3-2021.10/bin/../lib/gcc/arm-none-eabi/10.3.1/../../../../arm-none-eabi/lib/thumb/v7e-m+fp/hard\libc_nano.a(lib_a-nano-freer.o)
 .ARM.attributes
                0x000007df       0x34 e:/gcc-arm-none-eabi-10.3-2021.10-win32/gcc-arm-none-eabi-10.3-2021.10/bin/../lib/gcc/arm-none-eabi/10.3.1/../../../../arm-none-eabi/lib/thumb/v7e-m+fp/hard\libc_nano.a(lib_a-readr.o)
 .ARM.attributes
                0x00000813       0x34 e:/gcc-arm-none-eabi-10.3-2021.10-win32/gcc-arm-none-eabi-10.3-2021.10/bin/../lib/gcc/arm-none-eabi/10.3.1/../../../../arm-none-eabi/lib/thumb/v7e-m+fp/hard\libc_nano.a(lib_a-reent.o)
 .ARM.attributes
                0x00000847       0x34 e:/gcc-arm-none-eabi-10.3-2021.10-win32/gcc-arm-none-eabi-10.3-2021.10/bin/../lib/gcc/arm-none-eabi/10.3.1/../../../../arm-none-eabi/lib/thumb/v7e-m+fp/hard\libc_nano.a(lib_a-fstatr.o)
 .ARM.attributes
                0x0000087b       0x34 e:/gcc-arm-none-eabi-10.3-2021.10-win32/gcc-arm-none-eabi-10.3-2021.10/bin/../lib/gcc/arm-none-eabi/10.3.1/../../../../arm-none-eabi/lib/thumb/v7e-m+fp/hard\libc_nano.a(lib_a-isattyr.o)
 .ARM.attributes
                0x000008af       0x34 e:/gcc-arm-none-eabi-10.3-2021.10-win32/gcc-arm-none-eabi-10.3-2021.10/bin/../lib/gcc/arm-none-eabi/10.3.1/../../../../arm-none-eabi/lib/thumb/v7e-m+fp/hard\libnosys.a(close.o)
 .ARM.attributes
                0x000008e3       0x34 e:/gcc-arm-none-eabi-10.3-2021.10-win32/gcc-arm-none-eabi-10.3-2021.10/bin/../lib/gcc/arm-none-eabi/10.3.1/../../../../arm-none-eabi/lib/thumb/v7e-m+fp/hard\libnosys.a(fstat.o)
 .ARM.attributes
                0x00000917       0x34 e:/gcc-arm-none-eabi-10.3-2021.10-win32/gcc-arm-none-eabi-10.3-2021.10/bin/../lib/gcc/arm-none-eabi/10.3.1/../../../../arm-none-eabi/lib/thumb/v7e-m+fp/hard\libnosys.a(isatty.o)
 .ARM.attributes
                0x0000094b       0x34 e:/gcc-arm-none-eabi-10.3-2021.10-win32/gcc-arm-none-eabi-10.3-2021.10/bin/../lib/gcc/arm-none-eabi/10.3.1/../../../../arm-none-eabi/lib/thumb/v7e-m+fp/hard\libnosys.a(lseek.o)
 .ARM.attributes
                0x0000097f       0x34 e:/gcc-arm-none-eabi-10.3-2021.10-win32/gcc-arm-none-eabi-10.3-2021.10/bin/../lib/gcc/arm-none-eabi/10.3.1/../../../../arm-none-eabi/lib/thumb/v7e-m+fp/hard\libnosys.a(read.o)
 .ARM.attributes
                0x000009b3       0x34 e:/gcc-arm-none-eabi-10.3-2021.10-win32/gcc-arm-none-eabi-10.3-2021.10/bin/../lib/gcc/arm-none-eabi/10.3.1/../../../../arm-none-eabi/lib/thumb/v7e-m+fp/hard\libnosys.a(sbrk.o)
 .ARM.attributes
                0x000009e7       0x34 e:/gcc-arm-none-eabi-10.3-2021.10-win32/gcc-arm-none-eabi-10.3-2021.10/bin/../lib/gcc/arm-none-eabi/10.3.1/../../../../arm-none-eabi/lib/thumb/v7e-m+fp/hard\libnosys.a(write.o)
 .ARM.attributes
                0x00000a1b       0x1e e:/gcc-arm-none-eabi-10.3-2021.10-win32/gcc-arm-none-eabi-10.3-2021.10/bin/../lib/gcc/arm-none-eabi/10.3.1/thumb/v7e-m+fp/hard\libgcc.a(_aeabi_uldivmod.o)
 .ARM.attributes
                0x00000a39       0x34 e:/gcc-arm-none-eabi-10.3-2021.10-win32/gcc-arm-none-eabi-10.3-2021.10/bin/../lib/gcc/arm-none-eabi/10.3.1/thumb/v7e-m+fp/hard\libgcc.a(_udivmoddi4.o)
 .ARM.attributes
                0x00000a6d       0x1e e:/gcc-arm-none-eabi-10.3-2021.10-win32/gcc-arm-none-eabi-10.3-2021.10/bin/../lib/gcc/arm-none-eabi/10.3.1/thumb/v7e-m+fp/hard\libgcc.a(_dvmd_tls.o)
 .ARM.attributes
                0x00000a8b       0x1e e:/gcc-arm-none-eabi-10.3-2021.10-win32/gcc-arm-none-eabi-10.3-2021.10/bin/../lib/gcc/arm-none-eabi/10.3.1/thumb/v7e-m+fp/hard/crtn.o
OUTPUT(build/DD_Gateway.elf elf32-littlearm)
LOAD linker stubs
LOAD e:/gcc-arm-none-eabi-10.3-2021.10-win32/gcc-arm-none-eabi-10.3-2021.10/bin/../lib/gcc/arm-none-eabi/10.3.1/../../../../arm-none-eabi/lib/thumb/v7e-m+fp/hard\libc.a
LOAD e:/gcc-arm-none-eabi-10.3-2021.10-win32/gcc-arm-none-eabi-10.3-2021.10/bin/../lib/gcc/arm-none-eabi/10.3.1/../../../../arm-none-eabi/lib/thumb/v7e-m+fp/hard\libm.a
LOAD e:/gcc-arm-none-eabi-10.3-2021.10-win32/gcc-arm-none-eabi-10.3-2021.10/bin/../lib/gcc/arm-none-eabi/10.3.1/thumb/v7e-m+fp/hard\libgcc.a

.debug_info     0x00000000     0xfeaf
 .debug_info    0x00000000      0x521 build/main.o
 .debug_info    0x00000521      0x55a build/gpio.o
 .debug_info    0x00000a7b      0xdd1 build/spi.o
 .debug_info    0x0000184c      0xe6c build/usart.o
 .debug_info    0x000026b8      0x15b build/stm32l4xx_it.o
 .debug_info    0x00002813      0x370 build/stm32l4xx_hal_msp.o
 .debug_info    0x00002b83     0x230f build/stm32l4xx_hal_spi.o
 .debug_info    0x00004e92      0xc8b build/stm32l4xx_hal.o
 .debug_info    0x00005b1d     0x1051 build/stm32l4xx_hal_rcc.o
 .debug_info    0x00006b6e     0x13d9 build/stm32l4xx_hal_rcc_ex.o
 .debug_info    0x00007f47      0x91c build/stm32l4xx_hal_gpio.o
 .debug_info    0x00008863      0xaa6 build/stm32l4xx_hal_pwr_ex.o
 .debug_info    0x00009309     0x1114 build/stm32l4xx_hal_cortex.o
 .debug_info    0x0000a41d     0x53ee build/stm32l4xx_hal_uart.o
 .debug_info    0x0000f80b      0x682 build/system_stm32l4xx.o
 .debug_info    0x0000fe8d       0x22 build/startup_stm32l431xx.o

.debug_abbrev   0x00000000     0x1e68
 .debug_abbrev  0x00000000      0x1ae build/main.o
 .debug_abbrev  0x000001ae      0x151 build/gpio.o
 .debug_abbrev  0x000002ff      0x21d build/spi.o
 .debug_abbrev  0x0000051c      0x1f0 build/usart.o
 .debug_abbrev  0x0000070c       0x81 build/stm32l4xx_it.o
 .debug_abbrev  0x0000078d       0xc1 build/stm32l4xx_hal_msp.o
 .debug_abbrev  0x0000084e      0x278 build/stm32l4xx_hal_spi.o
 .debug_abbrev  0x00000ac6      0x249 build/stm32l4xx_hal.o
 .debug_abbrev  0x00000d0f      0x28e build/stm32l4xx_hal_rcc.o
 .debug_abbrev  0x00000f9d      0x2b0 build/stm32l4xx_hal_rcc_ex.o
 .debug_abbrev  0x0000124d      0x222 build/stm32l4xx_hal_gpio.o
 .debug_abbrev  0x0000146f      0x234 build/stm32l4xx_hal_pwr_ex.o
 .debug_abbrev  0x000016a3      0x382 build/stm32l4xx_hal_cortex.o
 .debug_abbrev  0x00001a25      0x316 build/stm32l4xx_hal_uart.o
 .debug_abbrev  0x00001d3b      0x11b build/system_stm32l4xx.o
 .debug_abbrev  0x00001e56       0x12 build/startup_stm32l431xx.o

.debug_loc      0x00000000     0xbab5
 .debug_loc     0x00000000       0xa2 build/main.o
 .debug_loc     0x000000a2       0x38 build/gpio.o
 .debug_loc     0x000000da      0x2bd build/spi.o
 .debug_loc     0x00000397       0xea build/usart.o
 .debug_loc     0x00000481       0x20 build/stm32l4xx_it.o
 .debug_loc     0x000004a1       0x2c build/stm32l4xx_hal_msp.o
 .debug_loc     0x000004cd     0x279d build/stm32l4xx_hal_spi.o
 .debug_loc     0x00002c6a      0x2af build/stm32l4xx_hal.o
 .debug_loc     0x00002f19      0x9e0 build/stm32l4xx_hal_rcc.o
 .debug_loc     0x000038f9     0x188e build/stm32l4xx_hal_rcc_ex.o
 .debug_loc     0x00005187      0x46f build/stm32l4xx_hal_gpio.o
 .debug_loc     0x000055f6      0x905 build/stm32l4xx_hal_pwr_ex.o
 .debug_loc     0x00005efb      0x7a4 build/stm32l4xx_hal_cortex.o
 .debug_loc     0x0000669f     0x52ef build/stm32l4xx_hal_uart.o
 .debug_loc     0x0000b98e      0x127 build/system_stm32l4xx.o

.debug_aranges  0x00000000      0xa40
 .debug_aranges
                0x00000000       0x30 build/main.o
 .debug_aranges
                0x00000030       0x20 build/gpio.o
 .debug_aranges
                0x00000050       0x40 build/spi.o
 .debug_aranges
                0x00000090       0x30 build/usart.o
 .debug_aranges
                0x000000c0       0x60 build/stm32l4xx_it.o
 .debug_aranges
                0x00000120       0x20 build/stm32l4xx_hal_msp.o
 .debug_aranges
                0x00000140      0x1d8 build/stm32l4xx_hal_spi.o
 .debug_aranges
                0x00000318      0x130 build/stm32l4xx_hal.o
 .debug_aranges
                0x00000448       0x90 build/stm32l4xx_hal_rcc.o
 .debug_aranges
                0x000004d8       0xf0 build/stm32l4xx_hal_rcc_ex.o
 .debug_aranges
                0x000005c8       0x58 build/stm32l4xx_hal_gpio.o
 .debug_aranges
                0x00000620      0x100 build/stm32l4xx_hal_pwr_ex.o
 .debug_aranges
                0x00000720       0xa8 build/stm32l4xx_hal_cortex.o
 .debug_aranges
                0x000007c8      0x228 build/stm32l4xx_hal_uart.o
 .debug_aranges
                0x000009f0       0x28 build/system_stm32l4xx.o
 .debug_aranges
                0x00000a18       0x28 build/startup_stm32l431xx.o

.debug_ranges   0x00000000      0xa08
 .debug_ranges  0x00000000       0x38 build/main.o
 .debug_ranges  0x00000038       0x10 build/gpio.o
 .debug_ranges  0x00000048       0x30 build/spi.o
 .debug_ranges  0x00000078       0x20 build/usart.o
 .debug_ranges  0x00000098       0x50 build/stm32l4xx_it.o
 .debug_ranges  0x000000e8       0x10 build/stm32l4xx_hal_msp.o
 .debug_ranges  0x000000f8      0x1c8 build/stm32l4xx_hal_spi.o
 .debug_ranges  0x000002c0      0x120 build/stm32l4xx_hal.o
 .debug_ranges  0x000003e0       0x98 build/stm32l4xx_hal_rcc.o
 .debug_ranges  0x00000478       0xf8 build/stm32l4xx_hal_rcc_ex.o
 .debug_ranges  0x00000570       0x48 build/stm32l4xx_hal_gpio.o
 .debug_ranges  0x000005b8       0xf0 build/stm32l4xx_hal_pwr_ex.o
 .debug_ranges  0x000006a8       0xf8 build/stm32l4xx_hal_cortex.o
 .debug_ranges  0x000007a0      0x230 build/stm32l4xx_hal_uart.o
 .debug_ranges  0x000009d0       0x18 build/system_stm32l4xx.o
 .debug_ranges  0x000009e8       0x20 build/startup_stm32l431xx.o

.debug_line     0x00000000     0xcf45
 .debug_line    0x00000000      0x39e build/main.o
 .debug_line    0x0000039e      0x1de build/gpio.o
 .debug_line    0x0000057c      0x40e build/spi.o
 .debug_line    0x0000098a      0x34e build/usart.o
 .debug_line    0x00000cd8      0x177 build/stm32l4xx_it.o
 .debug_line    0x00000e4f      0x182 build/stm32l4xx_hal_msp.o
 .debug_line    0x00000fd1     0x292e build/stm32l4xx_hal_spi.o
 .debug_line    0x000038ff      0x6ba build/stm32l4xx_hal.o
 .debug_line    0x00003fb9      0xf76 build/stm32l4xx_hal_rcc.o
 .debug_line    0x00004f2f     0x1396 build/stm32l4xx_hal_rcc_ex.o
 .debug_line    0x000062c5      0x69a build/stm32l4xx_hal_gpio.o
 .debug_line    0x0000695f      0x8b3 build/stm32l4xx_hal_pwr_ex.o
 .debug_line    0x00007212      0x795 build/stm32l4xx_hal_cortex.o
 .debug_line    0x000079a7     0x526e build/stm32l4xx_hal_uart.o
 .debug_line    0x0000cc15      0x2ba build/system_stm32l4xx.o
 .debug_line    0x0000cecf       0x76 build/startup_stm32l431xx.o

.debug_str      0x00000000     0x355e
 .debug_str     0x00000000      0x3ba build/main.o
                                0x414 (size before relaxing)
 .debug_str     0x000003ba      0x202 build/gpio.o
                                0x390 (size before relaxing)
 .debug_str     0x000005bc      0x3fe build/spi.o
                                0x847 (size before relaxing)
 .debug_str     0x000009ba      0x3c3 build/usart.o
                                0x9e2 (size before relaxing)
 .debug_str     0x00000d7d       0xb4 build/stm32l4xx_it.o
                                0x203 (size before relaxing)
 .debug_str     0x00000e31       0x29 build/stm32l4xx_hal_msp.o
                                0x2df (size before relaxing)
 .debug_str     0x00000e5a      0x5bd build/stm32l4xx_hal_spi.o
                                0xbb5 (size before relaxing)
 .debug_str     0x00001417      0x87a build/stm32l4xx_hal.o
                                0xbe2 (size before relaxing)
 .debug_str     0x00001c91      0x2cb build/stm32l4xx_hal_rcc.o
                                0x82d (size before relaxing)
 .debug_str     0x00001f5c      0x4bc build/stm32l4xx_hal_rcc_ex.o
                                0xb5e (size before relaxing)
 .debug_str     0x00002418       0xd5 build/stm32l4xx_hal_gpio.o
                                0x512 (size before relaxing)
 .debug_str     0x000024ed      0x41a build/stm32l4xx_hal_pwr_ex.o
                                0x702 (size before relaxing)
 .debug_str     0x00002907      0x44b build/stm32l4xx_hal_cortex.o
                                0xb11 (size before relaxing)
 .debug_str     0x00002d52      0x7ab build/stm32l4xx_hal_uart.o
                                0xfc3 (size before relaxing)
 .debug_str     0x000034fd       0x3d build/system_stm32l4xx.o
                                0x3b0 (size before relaxing)
 .debug_str     0x0000353a       0x24 build/startup_stm32l431xx.o
                                 0x3e (size before relaxing)

.comment        0x00000000       0x49
 .comment       0x00000000       0x49 build/main.o
                                 0x4a (size before relaxing)
 .comment       0x00000049       0x4a build/gpio.o
 .comment       0x00000049       0x4a build/spi.o
 .comment       0x00000049       0x4a build/usart.o
 .comment       0x00000049       0x4a build/stm32l4xx_it.o
 .comment       0x00000049       0x4a build/stm32l4xx_hal_msp.o
 .comment       0x00000049       0x4a build/stm32l4xx_hal_spi.o
 .comment       0x00000049       0x4a build/stm32l4xx_hal.o
 .comment       0x00000049       0x4a build/stm32l4xx_hal_rcc.o
 .comment       0x00000049       0x4a build/stm32l4xx_hal_rcc_ex.o
 .comment       0x00000049       0x4a build/stm32l4xx_hal_gpio.o
 .comment       0x00000049       0x4a build/stm32l4xx_hal_pwr_ex.o
 .comment       0x00000049       0x4a build/stm32l4xx_hal_cortex.o
 .comment       0x00000049       0x4a build/stm32l4xx_hal_uart.o
 .comment       0x00000049       0x4a build/system_stm32l4xx.o

.debug_frame    0x00000000     0x2210
 .debug_frame   0x00000000       0x58 build/main.o
 .debug_frame   0x00000058       0x30 build/gpio.o
 .debug_frame   0x00000088       0x9c build/spi.o
 .debug_frame   0x00000124       0x64 build/usart.o
 .debug_frame   0x00000188       0xa8 build/stm32l4xx_it.o
 .debug_frame   0x00000230       0x28 build/stm32l4xx_hal_msp.o
 .debug_frame   0x00000258      0x5d8 build/stm32l4xx_hal_spi.o
 .debug_frame   0x00000830      0x274 build/stm32l4xx_hal.o
 .debug_frame   0x00000aa4      0x19c build/stm32l4xx_hal_rcc.o
 .debug_frame   0x00000c40      0x248 build/stm32l4xx_hal_rcc_ex.o
 .debug_frame   0x00000e88       0xd0 build/stm32l4xx_hal_gpio.o
 .debug_frame   0x00000f58      0x1f8 build/stm32l4xx_hal_pwr_ex.o
 .debug_frame   0x00001150      0x148 build/stm32l4xx_hal_cortex.o
 .debug_frame   0x00001298      0x600 build/stm32l4xx_hal_uart.o
 .debug_frame   0x00001898       0x30 build/system_stm32l4xx.o
 .debug_frame   0x000018c8       0x2c e:/gcc-arm-none-eabi-10.3-2021.10-win32/gcc-arm-none-eabi-10.3-2021.10/bin/../lib/gcc/arm-none-eabi/10.3.1/../../../../arm-none-eabi/lib/thumb/v7e-m+fp/hard\libc_nano.a(lib_a-init.o)
 .debug_frame   0x000018f4       0x20 e:/gcc-arm-none-eabi-10.3-2021.10-win32/gcc-arm-none-eabi-10.3-2021.10/bin/../lib/gcc/arm-none-eabi/10.3.1/../../../../arm-none-eabi/lib/thumb/v7e-m+fp/hard\libc_nano.a(lib_a-memset.o)
 .debug_frame   0x00001914       0x74 e:/gcc-arm-none-eabi-10.3-2021.10-win32/gcc-arm-none-eabi-10.3-2021.10/bin/../lib/gcc/arm-none-eabi/10.3.1/../../../../arm-none-eabi/lib/thumb/v7e-m+fp/hard\libc_nano.a(lib_a-printf.o)
 .debug_frame   0x00001988      0x14c e:/gcc-arm-none-eabi-10.3-2021.10-win32/gcc-arm-none-eabi-10.3-2021.10/bin/../lib/gcc/arm-none-eabi/10.3.1/../../../../arm-none-eabi/lib/thumb/v7e-m+fp/hard\libc_nano.a(lib_a-findfp.o)
 .debug_frame   0x00001ad4       0x54 e:/gcc-arm-none-eabi-10.3-2021.10-win32/gcc-arm-none-eabi-10.3-2021.10/bin/../lib/gcc/arm-none-eabi/10.3.1/../../../../arm-none-eabi/lib/thumb/v7e-m+fp/hard\libc_nano.a(lib_a-fwalk.o)
 .debug_frame   0x00001b28       0xb0 e:/gcc-arm-none-eabi-10.3-2021.10-win32/gcc-arm-none-eabi-10.3-2021.10/bin/../lib/gcc/arm-none-eabi/10.3.1/../../../../arm-none-eabi/lib/thumb/v7e-m+fp/hard\libc_nano.a(lib_a-lock.o)
 .debug_frame   0x00001bd8       0x4c e:/gcc-arm-none-eabi-10.3-2021.10-win32/gcc-arm-none-eabi-10.3-2021.10/bin/../lib/gcc/arm-none-eabi/10.3.1/../../../../arm-none-eabi/lib/thumb/v7e-m+fp/hard\libc_nano.a(lib_a-nano-mallocr.o)
 .debug_frame   0x00001c24       0xac e:/gcc-arm-none-eabi-10.3-2021.10-win32/gcc-arm-none-eabi-10.3-2021.10/bin/../lib/gcc/arm-none-eabi/10.3.1/../../../../arm-none-eabi/lib/thumb/v7e-m+fp/hard\libc_nano.a(lib_a-nano-vfprintf.o)
 .debug_frame   0x00001cd0       0x60 e:/gcc-arm-none-eabi-10.3-2021.10-win32/gcc-arm-none-eabi-10.3-2021.10/bin/../lib/gcc/arm-none-eabi/10.3.1/../../../../arm-none-eabi/lib/thumb/v7e-m+fp/hard\libc_nano.a(lib_a-nano-vfprintf_i.o)
 .debug_frame   0x00001d30       0x2c e:/gcc-arm-none-eabi-10.3-2021.10-win32/gcc-arm-none-eabi-10.3-2021.10/bin/../lib/gcc/arm-none-eabi/10.3.1/../../../../arm-none-eabi/lib/thumb/v7e-m+fp/hard\libc_nano.a(lib_a-sbrkr.o)
 .debug_frame   0x00001d5c       0x88 e:/gcc-arm-none-eabi-10.3-2021.10-win32/gcc-arm-none-eabi-10.3-2021.10/bin/../lib/gcc/arm-none-eabi/10.3.1/../../../../arm-none-eabi/lib/thumb/v7e-m+fp/hard\libc_nano.a(lib_a-stdio.o)
 .debug_frame   0x00001de4       0x40 e:/gcc-arm-none-eabi-10.3-2021.10-win32/gcc-arm-none-eabi-10.3-2021.10/bin/../lib/gcc/arm-none-eabi/10.3.1/../../../../arm-none-eabi/lib/thumb/v7e-m+fp/hard\libc_nano.a(lib_a-wbuf.o)
 .debug_frame   0x00001e24       0x2c e:/gcc-arm-none-eabi-10.3-2021.10-win32/gcc-arm-none-eabi-10.3-2021.10/bin/../lib/gcc/arm-none-eabi/10.3.1/../../../../arm-none-eabi/lib/thumb/v7e-m+fp/hard\libc_nano.a(lib_a-writer.o)
 .debug_frame   0x00001e50       0x2c e:/gcc-arm-none-eabi-10.3-2021.10-win32/gcc-arm-none-eabi-10.3-2021.10/bin/../lib/gcc/arm-none-eabi/10.3.1/../../../../arm-none-eabi/lib/thumb/v7e-m+fp/hard\libc_nano.a(lib_a-wsetup.o)
 .debug_frame   0x00001e7c       0x2c e:/gcc-arm-none-eabi-10.3-2021.10-win32/gcc-arm-none-eabi-10.3-2021.10/bin/../lib/gcc/arm-none-eabi/10.3.1/../../../../arm-none-eabi/lib/thumb/v7e-m+fp/hard\libc_nano.a(lib_a-closer.o)
 .debug_frame   0x00001ea8       0x5c e:/gcc-arm-none-eabi-10.3-2021.10-win32/gcc-arm-none-eabi-10.3-2021.10/bin/../lib/gcc/arm-none-eabi/10.3.1/../../../../arm-none-eabi/lib/thumb/v7e-m+fp/hard\libc_nano.a(lib_a-fflush.o)
 .debug_frame   0x00001f04       0x2c e:/gcc-arm-none-eabi-10.3-2021.10-win32/gcc-arm-none-eabi-10.3-2021.10/bin/../lib/gcc/arm-none-eabi/10.3.1/../../../../arm-none-eabi/lib/thumb/v7e-m+fp/hard\libc_nano.a(lib_a-lseekr.o)
 .debug_frame   0x00001f30       0x58 e:/gcc-arm-none-eabi-10.3-2021.10-win32/gcc-arm-none-eabi-10.3-2021.10/bin/../lib/gcc/arm-none-eabi/10.3.1/../../../../arm-none-eabi/lib/thumb/v7e-m+fp/hard\libc_nano.a(lib_a-makebuf.o)
 .debug_frame   0x00001f88       0x30 e:/gcc-arm-none-eabi-10.3-2021.10-win32/gcc-arm-none-eabi-10.3-2021.10/bin/../lib/gcc/arm-none-eabi/10.3.1/../../../../arm-none-eabi/lib/thumb/v7e-m+fp/hard\libc_nano.a(lib_a-mlock.o)
 .debug_frame   0x00001fb8       0x38 e:/gcc-arm-none-eabi-10.3-2021.10-win32/gcc-arm-none-eabi-10.3-2021.10/bin/../lib/gcc/arm-none-eabi/10.3.1/../../../../arm-none-eabi/lib/thumb/v7e-m+fp/hard\libc_nano.a(lib_a-nano-freer.o)
 .debug_frame   0x00001ff0       0x2c e:/gcc-arm-none-eabi-10.3-2021.10-win32/gcc-arm-none-eabi-10.3-2021.10/bin/../lib/gcc/arm-none-eabi/10.3.1/../../../../arm-none-eabi/lib/thumb/v7e-m+fp/hard\libc_nano.a(lib_a-readr.o)
 .debug_frame   0x0000201c       0x5c e:/gcc-arm-none-eabi-10.3-2021.10-win32/gcc-arm-none-eabi-10.3-2021.10/bin/../lib/gcc/arm-none-eabi/10.3.1/../../../../arm-none-eabi/lib/thumb/v7e-m+fp/hard\libc_nano.a(lib_a-reent.o)
 .debug_frame   0x00002078       0x2c e:/gcc-arm-none-eabi-10.3-2021.10-win32/gcc-arm-none-eabi-10.3-2021.10/bin/../lib/gcc/arm-none-eabi/10.3.1/../../../../arm-none-eabi/lib/thumb/v7e-m+fp/hard\libc_nano.a(lib_a-fstatr.o)
 .debug_frame   0x000020a4       0x2c e:/gcc-arm-none-eabi-10.3-2021.10-win32/gcc-arm-none-eabi-10.3-2021.10/bin/../lib/gcc/arm-none-eabi/10.3.1/../../../../arm-none-eabi/lib/thumb/v7e-m+fp/hard\libc_nano.a(lib_a-isattyr.o)
 .debug_frame   0x000020d0       0x20 e:/gcc-arm-none-eabi-10.3-2021.10-win32/gcc-arm-none-eabi-10.3-2021.10/bin/../lib/gcc/arm-none-eabi/10.3.1/../../../../arm-none-eabi/lib/thumb/v7e-m+fp/hard\libnosys.a(close.o)
 .debug_frame   0x000020f0       0x20 e:/gcc-arm-none-eabi-10.3-2021.10-win32/gcc-arm-none-eabi-10.3-2021.10/bin/../lib/gcc/arm-none-eabi/10.3.1/../../../../arm-none-eabi/lib/thumb/v7e-m+fp/hard\libnosys.a(fstat.o)
 .debug_frame   0x00002110       0x20 e:/gcc-arm-none-eabi-10.3-2021.10-win32/gcc-arm-none-eabi-10.3-2021.10/bin/../lib/gcc/arm-none-eabi/10.3.1/../../../../arm-none-eabi/lib/thumb/v7e-m+fp/hard\libnosys.a(isatty.o)
 .debug_frame   0x00002130       0x20 e:/gcc-arm-none-eabi-10.3-2021.10-win32/gcc-arm-none-eabi-10.3-2021.10/bin/../lib/gcc/arm-none-eabi/10.3.1/../../../../arm-none-eabi/lib/thumb/v7e-m+fp/hard\libnosys.a(lseek.o)
 .debug_frame   0x00002150       0x20 e:/gcc-arm-none-eabi-10.3-2021.10-win32/gcc-arm-none-eabi-10.3-2021.10/bin/../lib/gcc/arm-none-eabi/10.3.1/../../../../arm-none-eabi/lib/thumb/v7e-m+fp/hard\libnosys.a(read.o)
 .debug_frame   0x00002170       0x20 e:/gcc-arm-none-eabi-10.3-2021.10-win32/gcc-arm-none-eabi-10.3-2021.10/bin/../lib/gcc/arm-none-eabi/10.3.1/../../../../arm-none-eabi/lib/thumb/v7e-m+fp/hard\libnosys.a(sbrk.o)
 .debug_frame   0x00002190       0x20 e:/gcc-arm-none-eabi-10.3-2021.10-win32/gcc-arm-none-eabi-10.3-2021.10/bin/../lib/gcc/arm-none-eabi/10.3.1/../../../../arm-none-eabi/lib/thumb/v7e-m+fp/hard\libnosys.a(write.o)
 .debug_frame   0x000021b0       0x2c e:/gcc-arm-none-eabi-10.3-2021.10-win32/gcc-arm-none-eabi-10.3-2021.10/bin/../lib/gcc/arm-none-eabi/10.3.1/thumb/v7e-m+fp/hard\libgcc.a(_aeabi_uldivmod.o)
 .debug_frame   0x000021dc       0x34 e:/gcc-arm-none-eabi-10.3-2021.10-win32/gcc-arm-none-eabi-10.3-2021.10/bin/../lib/gcc/arm-none-eabi/10.3.1/thumb/v7e-m+fp/hard\libgcc.a(_udivmoddi4.o)

.stab           0x00000000       0x9c
 .stab          0x00000000       0x24 e:/gcc-arm-none-eabi-10.3-2021.10-win32/gcc-arm-none-eabi-10.3-2021.10/bin/../lib/gcc/arm-none-eabi/10.3.1/../../../../arm-none-eabi/lib/thumb/v7e-m+fp/hard\libnosys.a(close.o)
 .stab          0x00000024       0x18 e:/gcc-arm-none-eabi-10.3-2021.10-win32/gcc-arm-none-eabi-10.3-2021.10/bin/../lib/gcc/arm-none-eabi/10.3.1/../../../../arm-none-eabi/lib/thumb/v7e-m+fp/hard\libnosys.a(fstat.o)
                                 0x24 (size before relaxing)
 .stab          0x0000003c       0x18 e:/gcc-arm-none-eabi-10.3-2021.10-win32/gcc-arm-none-eabi-10.3-2021.10/bin/../lib/gcc/arm-none-eabi/10.3.1/../../../../arm-none-eabi/lib/thumb/v7e-m+fp/hard\libnosys.a(isatty.o)
                                 0x24 (size before relaxing)
 .stab          0x00000054       0x18 e:/gcc-arm-none-eabi-10.3-2021.10-win32/gcc-arm-none-eabi-10.3-2021.10/bin/../lib/gcc/arm-none-eabi/10.3.1/../../../../arm-none-eabi/lib/thumb/v7e-m+fp/hard\libnosys.a(lseek.o)
                                 0x24 (size before relaxing)
 .stab          0x0000006c       0x18 e:/gcc-arm-none-eabi-10.3-2021.10-win32/gcc-arm-none-eabi-10.3-2021.10/bin/../lib/gcc/arm-none-eabi/10.3.1/../../../../arm-none-eabi/lib/thumb/v7e-m+fp/hard\libnosys.a(read.o)
                                 0x24 (size before relaxing)
 .stab          0x00000084       0x18 e:/gcc-arm-none-eabi-10.3-2021.10-win32/gcc-arm-none-eabi-10.3-2021.10/bin/../lib/gcc/arm-none-eabi/10.3.1/../../../../arm-none-eabi/lib/thumb/v7e-m+fp/hard\libnosys.a(write.o)
                                 0x24 (size before relaxing)

.stabstr        0x00000000      0x14d
 .stabstr       0x00000000      0x14d e:/gcc-arm-none-eabi-10.3-2021.10-win32/gcc-arm-none-eabi-10.3-2021.10/bin/../lib/gcc/arm-none-eabi/10.3.1/../../../../arm-none-eabi/lib/thumb/v7e-m+fp/hard\libnosys.a(close.o)

Cross Reference Table

Symbol                                            File
ADC1_IRQHandler                                   build/startup_stm32l431xx.o
AHBPrescTable                                     build/system_stm32l4xx.o
                                                  build/stm32l4xx_hal_rcc.o
APBPrescTable                                     build/system_stm32l4xx.o
                                                  build/stm32l4xx_hal_rcc.o
BusFault_Handler                                  build/stm32l4xx_it.o
CAN1_RX0_IRQHandler                               build/startup_stm32l431xx.o
CAN1_RX1_IRQHandler                               build/startup_stm32l431xx.o
CAN1_SCE_IRQHandler                               build/startup_stm32l431xx.o
CAN1_TX_IRQHandler                                build/startup_stm32l431xx.o
COMP_IRQHandler                                   build/startup_stm32l431xx.o
CRS_IRQHandler                                    build/startup_stm32l431xx.o
DMA1_Channel1_IRQHandler                          build/startup_stm32l431xx.o
DMA1_Channel2_IRQHandler                          build/startup_stm32l431xx.o
DMA1_Channel3_IRQHandler                          build/startup_stm32l431xx.o
DMA1_Channel4_IRQHandler                          build/startup_stm32l431xx.o
DMA1_Channel5_IRQHandler                          build/startup_stm32l431xx.o
DMA1_Channel6_IRQHandler                          build/startup_stm32l431xx.o
DMA1_Channel7_IRQHandler                          build/startup_stm32l431xx.o
DMA2_Channel1_IRQHandler                          build/startup_stm32l431xx.o
DMA2_Channel2_IRQHandler                          build/startup_stm32l431xx.o
DMA2_Channel3_IRQHandler                          build/startup_stm32l431xx.o
DMA2_Channel4_IRQHandler                          build/startup_stm32l431xx.o
DMA2_Channel5_IRQHandler                          build/startup_stm32l431xx.o
DMA2_Channel6_IRQHandler                          build/startup_stm32l431xx.o
DMA2_Channel7_IRQHandler                          build/startup_stm32l431xx.o
DebugMon_Handler                                  build/stm32l4xx_it.o
Default_Handler                                   build/startup_stm32l431xx.o
EXTI0_IRQHandler                                  build/startup_stm32l431xx.o
EXTI15_10_IRQHandler                              build/startup_stm32l431xx.o
EXTI1_IRQHandler                                  build/startup_stm32l431xx.o
EXTI2_IRQHandler                                  build/startup_stm32l431xx.o
EXTI3_IRQHandler                                  build/startup_stm32l431xx.o
EXTI4_IRQHandler                                  build/startup_stm32l431xx.o
EXTI9_5_IRQHandler                                build/startup_stm32l431xx.o
Error_Handler                                     build/main.o
                                                  build/usart.o
                                                  build/spi.o
FLASH_FlushCaches                                 build/stm32l4xx_hal_flash_ex.o
                                                  build/stm32l4xx_hal_flash.o
FLASH_IRQHandler                                  build/startup_stm32l431xx.o
FLASH_PageErase                                   build/stm32l4xx_hal_flash_ex.o
                                                  build/stm32l4xx_hal_flash.o
FLASH_WaitForLastOperation                        build/stm32l4xx_hal_flash.o
                                                  build/stm32l4xx_hal_flash_ex.o
FPU_IRQHandler                                    build/startup_stm32l431xx.o
Flash_Read_Write                                  build/spi.o
                                                  build/main.o
Flash_Reset                                       build/spi.o
                                                  build/main.o
HAL_DBGMCU_DisableDBGSleepMode                    build/stm32l4xx_hal.o
HAL_DBGMCU_DisableDBGStandbyMode                  build/stm32l4xx_hal.o
HAL_DBGMCU_DisableDBGStopMode                     build/stm32l4xx_hal.o
HAL_DBGMCU_EnableDBGSleepMode                     build/stm32l4xx_hal.o
HAL_DBGMCU_EnableDBGStandbyMode                   build/stm32l4xx_hal.o
HAL_DBGMCU_EnableDBGStopMode                      build/stm32l4xx_hal.o
HAL_DMA_Abort                                     build/stm32l4xx_hal_dma.o
                                                  build/stm32l4xx_hal_uart.o
                                                  build/stm32l4xx_hal_spi.o
HAL_DMA_Abort_IT                                  build/stm32l4xx_hal_dma.o
                                                  build/stm32l4xx_hal_uart.o
                                                  build/stm32l4xx_hal_i2c.o
                                                  build/stm32l4xx_hal_spi.o
HAL_DMA_DeInit                                    build/stm32l4xx_hal_dma.o
HAL_DMA_GetError                                  build/stm32l4xx_hal_dma.o
                                                  build/stm32l4xx_hal_uart.o
HAL_DMA_GetState                                  build/stm32l4xx_hal_dma.o
                                                  build/stm32l4xx_hal_i2c.o
HAL_DMA_IRQHandler                                build/stm32l4xx_hal_dma.o
HAL_DMA_Init                                      build/stm32l4xx_hal_dma.o
HAL_DMA_PollForTransfer                           build/stm32l4xx_hal_dma.o
HAL_DMA_RegisterCallback                          build/stm32l4xx_hal_dma.o
HAL_DMA_Start                                     build/stm32l4xx_hal_dma.o
HAL_DMA_Start_IT                                  build/stm32l4xx_hal_dma.o
                                                  build/stm32l4xx_hal_uart.o
                                                  build/stm32l4xx_hal_i2c.o
                                                  build/stm32l4xx_hal_spi.o
HAL_DMA_UnRegisterCallback                        build/stm32l4xx_hal_dma.o
HAL_DeInit                                        build/stm32l4xx_hal.o
HAL_Delay                                         build/stm32l4xx_hal.o
                                                  build/main.o
HAL_EXTI_ClearConfigLine                          build/stm32l4xx_hal_exti.o
HAL_EXTI_ClearPending                             build/stm32l4xx_hal_exti.o
HAL_EXTI_GenerateSWI                              build/stm32l4xx_hal_exti.o
HAL_EXTI_GetConfigLine                            build/stm32l4xx_hal_exti.o
HAL_EXTI_GetHandle                                build/stm32l4xx_hal_exti.o
HAL_EXTI_GetPending                               build/stm32l4xx_hal_exti.o
HAL_EXTI_IRQHandler                               build/stm32l4xx_hal_exti.o
HAL_EXTI_RegisterCallback                         build/stm32l4xx_hal_exti.o
HAL_EXTI_SetConfigLine                            build/stm32l4xx_hal_exti.o
HAL_FLASHEx_DisableRunPowerDown                   build/stm32l4xx_hal_flash_ramfunc.o
HAL_FLASHEx_EnableRunPowerDown                    build/stm32l4xx_hal_flash_ramfunc.o
HAL_FLASHEx_Erase                                 build/stm32l4xx_hal_flash_ex.o
HAL_FLASHEx_Erase_IT                              build/stm32l4xx_hal_flash_ex.o
HAL_FLASHEx_OBGetConfig                           build/stm32l4xx_hal_flash_ex.o
HAL_FLASHEx_OBProgram                             build/stm32l4xx_hal_flash_ex.o
HAL_FLASH_EndOfOperationCallback                  build/stm32l4xx_hal_flash.o
HAL_FLASH_GetError                                build/stm32l4xx_hal_flash.o
HAL_FLASH_IRQHandler                              build/stm32l4xx_hal_flash.o
HAL_FLASH_Lock                                    build/stm32l4xx_hal_flash.o
HAL_FLASH_OB_Launch                               build/stm32l4xx_hal_flash.o
HAL_FLASH_OB_Lock                                 build/stm32l4xx_hal_flash.o
HAL_FLASH_OB_Unlock                               build/stm32l4xx_hal_flash.o
HAL_FLASH_OperationErrorCallback                  build/stm32l4xx_hal_flash.o
HAL_FLASH_Program                                 build/stm32l4xx_hal_flash.o
HAL_FLASH_Program_IT                              build/stm32l4xx_hal_flash.o
HAL_FLASH_Unlock                                  build/stm32l4xx_hal_flash.o
HAL_GPIO_DeInit                                   build/stm32l4xx_hal_gpio.o
                                                  build/usart.o
                                                  build/spi.o
HAL_GPIO_EXTI_Callback                            build/stm32l4xx_hal_gpio.o
HAL_GPIO_EXTI_IRQHandler                          build/stm32l4xx_hal_gpio.o
HAL_GPIO_Init                                     build/stm32l4xx_hal_gpio.o
                                                  build/stm32l4xx_hal_rcc_ex.o
                                                  build/stm32l4xx_hal_rcc.o
                                                  build/usart.o
                                                  build/spi.o
                                                  build/gpio.o
HAL_GPIO_LockPin                                  build/stm32l4xx_hal_gpio.o
HAL_GPIO_ReadPin                                  build/stm32l4xx_hal_gpio.o
HAL_GPIO_TogglePin                                build/stm32l4xx_hal_gpio.o
HAL_GPIO_WritePin                                 build/stm32l4xx_hal_gpio.o
                                                  build/spi.o
                                                  build/gpio.o
HAL_GetDEVID                                      build/stm32l4xx_hal.o
HAL_GetHalVersion                                 build/stm32l4xx_hal.o
HAL_GetREVID                                      build/stm32l4xx_hal.o
HAL_GetTick                                       build/stm32l4xx_hal.o
                                                  build/stm32l4xx_hal_uart_ex.o
                                                  build/stm32l4xx_hal_uart.o
                                                  build/stm32l4xx_hal_dma.o
                                                  build/stm32l4xx_hal_flash.o
                                                  build/stm32l4xx_hal_rcc_ex.o
                                                  build/stm32l4xx_hal_rcc.o
                                                  build/stm32l4xx_hal_i2c.o
                                                  build/stm32l4xx_hal_spi.o
HAL_GetTickFreq                                   build/stm32l4xx_hal.o
HAL_GetTickPrio                                   build/stm32l4xx_hal.o
HAL_GetUIDw0                                      build/stm32l4xx_hal.o
HAL_GetUIDw1                                      build/stm32l4xx_hal.o
HAL_GetUIDw2                                      build/stm32l4xx_hal.o
HAL_HalfDuplex_EnableReceiver                     build/stm32l4xx_hal_uart.o
HAL_HalfDuplex_EnableTransmitter                  build/stm32l4xx_hal_uart.o
HAL_HalfDuplex_Init                               build/stm32l4xx_hal_uart.o
HAL_I2CEx_ConfigAnalogFilter                      build/stm32l4xx_hal_i2c_ex.o
HAL_I2CEx_ConfigDigitalFilter                     build/stm32l4xx_hal_i2c_ex.o
HAL_I2CEx_DisableFastModePlus                     build/stm32l4xx_hal_i2c_ex.o
HAL_I2CEx_DisableWakeUp                           build/stm32l4xx_hal_i2c_ex.o
HAL_I2CEx_EnableFastModePlus                      build/stm32l4xx_hal_i2c_ex.o
HAL_I2CEx_EnableWakeUp                            build/stm32l4xx_hal_i2c_ex.o
HAL_I2C_AbortCpltCallback                         build/stm32l4xx_hal_i2c.o
HAL_I2C_AddrCallback                              build/stm32l4xx_hal_i2c.o
HAL_I2C_DeInit                                    build/stm32l4xx_hal_i2c.o
HAL_I2C_DisableListen_IT                          build/stm32l4xx_hal_i2c.o
HAL_I2C_ER_IRQHandler                             build/stm32l4xx_hal_i2c.o
HAL_I2C_EV_IRQHandler                             build/stm32l4xx_hal_i2c.o
HAL_I2C_EnableListen_IT                           build/stm32l4xx_hal_i2c.o
HAL_I2C_ErrorCallback                             build/stm32l4xx_hal_i2c.o
HAL_I2C_GetError                                  build/stm32l4xx_hal_i2c.o
HAL_I2C_GetMode                                   build/stm32l4xx_hal_i2c.o
HAL_I2C_GetState                                  build/stm32l4xx_hal_i2c.o
HAL_I2C_Init                                      build/stm32l4xx_hal_i2c.o
HAL_I2C_IsDeviceReady                             build/stm32l4xx_hal_i2c.o
HAL_I2C_ListenCpltCallback                        build/stm32l4xx_hal_i2c.o
HAL_I2C_MasterRxCpltCallback                      build/stm32l4xx_hal_i2c.o
HAL_I2C_MasterTxCpltCallback                      build/stm32l4xx_hal_i2c.o
HAL_I2C_Master_Abort_IT                           build/stm32l4xx_hal_i2c.o
HAL_I2C_Master_Receive                            build/stm32l4xx_hal_i2c.o
HAL_I2C_Master_Receive_DMA                        build/stm32l4xx_hal_i2c.o
HAL_I2C_Master_Receive_IT                         build/stm32l4xx_hal_i2c.o
HAL_I2C_Master_Seq_Receive_DMA                    build/stm32l4xx_hal_i2c.o
HAL_I2C_Master_Seq_Receive_IT                     build/stm32l4xx_hal_i2c.o
HAL_I2C_Master_Seq_Transmit_DMA                   build/stm32l4xx_hal_i2c.o
HAL_I2C_Master_Seq_Transmit_IT                    build/stm32l4xx_hal_i2c.o
HAL_I2C_Master_Transmit                           build/stm32l4xx_hal_i2c.o
HAL_I2C_Master_Transmit_DMA                       build/stm32l4xx_hal_i2c.o
HAL_I2C_Master_Transmit_IT                        build/stm32l4xx_hal_i2c.o
HAL_I2C_MemRxCpltCallback                         build/stm32l4xx_hal_i2c.o
HAL_I2C_MemTxCpltCallback                         build/stm32l4xx_hal_i2c.o
HAL_I2C_Mem_Read                                  build/stm32l4xx_hal_i2c.o
HAL_I2C_Mem_Read_DMA                              build/stm32l4xx_hal_i2c.o
HAL_I2C_Mem_Read_IT                               build/stm32l4xx_hal_i2c.o
HAL_I2C_Mem_Write                                 build/stm32l4xx_hal_i2c.o
HAL_I2C_Mem_Write_DMA                             build/stm32l4xx_hal_i2c.o
HAL_I2C_Mem_Write_IT                              build/stm32l4xx_hal_i2c.o
HAL_I2C_MspDeInit                                 build/stm32l4xx_hal_i2c.o
HAL_I2C_MspInit                                   build/stm32l4xx_hal_i2c.o
HAL_I2C_SlaveRxCpltCallback                       build/stm32l4xx_hal_i2c.o
HAL_I2C_SlaveTxCpltCallback                       build/stm32l4xx_hal_i2c.o
HAL_I2C_Slave_Receive                             build/stm32l4xx_hal_i2c.o
HAL_I2C_Slave_Receive_DMA                         build/stm32l4xx_hal_i2c.o
HAL_I2C_Slave_Receive_IT                          build/stm32l4xx_hal_i2c.o
HAL_I2C_Slave_Seq_Receive_DMA                     build/stm32l4xx_hal_i2c.o
HAL_I2C_Slave_Seq_Receive_IT                      build/stm32l4xx_hal_i2c.o
HAL_I2C_Slave_Seq_Transmit_DMA                    build/stm32l4xx_hal_i2c.o
HAL_I2C_Slave_Seq_Transmit_IT                     build/stm32l4xx_hal_i2c.o
HAL_I2C_Slave_Transmit                            build/stm32l4xx_hal_i2c.o
HAL_I2C_Slave_Transmit_DMA                        build/stm32l4xx_hal_i2c.o
HAL_I2C_Slave_Transmit_IT                         build/stm32l4xx_hal_i2c.o
HAL_IncTick                                       build/stm32l4xx_hal.o
                                                  build/stm32l4xx_it.o
HAL_Init                                          build/stm32l4xx_hal.o
                                                  build/main.o
HAL_InitTick                                      build/stm32l4xx_hal.o
                                                  build/stm32l4xx_hal_rcc.o
HAL_LIN_Init                                      build/stm32l4xx_hal_uart.o
HAL_LIN_SendBreak                                 build/stm32l4xx_hal_uart.o
HAL_MPU_ConfigRegion                              build/stm32l4xx_hal_cortex.o
HAL_MPU_Disable                                   build/stm32l4xx_hal_cortex.o
HAL_MPU_Enable                                    build/stm32l4xx_hal_cortex.o
HAL_MspDeInit                                     build/stm32l4xx_hal.o
HAL_MspInit                                       build/stm32l4xx_hal_msp.o
HAL_MultiProcessorEx_AddressLength_Set            build/stm32l4xx_hal_uart_ex.o
HAL_MultiProcessor_DisableMuteMode                build/stm32l4xx_hal_uart.o
HAL_MultiProcessor_EnableMuteMode                 build/stm32l4xx_hal_uart.o
HAL_MultiProcessor_EnterMuteMode                  build/stm32l4xx_hal_uart.o
HAL_MultiProcessor_Init                           build/stm32l4xx_hal_uart.o
HAL_NVIC_ClearPendingIRQ                          build/stm32l4xx_hal_cortex.o
HAL_NVIC_DisableIRQ                               build/stm32l4xx_hal_cortex.o
HAL_NVIC_EnableIRQ                                build/stm32l4xx_hal_cortex.o
HAL_NVIC_GetActive                                build/stm32l4xx_hal_cortex.o
HAL_NVIC_GetPendingIRQ                            build/stm32l4xx_hal_cortex.o
HAL_NVIC_GetPriority                              build/stm32l4xx_hal_cortex.o
HAL_NVIC_GetPriorityGrouping                      build/stm32l4xx_hal_cortex.o
HAL_NVIC_SetPendingIRQ                            build/stm32l4xx_hal_cortex.o
HAL_NVIC_SetPriority                              build/stm32l4xx_hal_cortex.o
                                                  build/stm32l4xx_hal.o
HAL_NVIC_SetPriorityGrouping                      build/stm32l4xx_hal_cortex.o
                                                  build/stm32l4xx_hal.o
HAL_NVIC_SystemReset                              build/stm32l4xx_hal_cortex.o
HAL_PWREx_ConfigPVM                               build/stm32l4xx_hal_pwr_ex.o
HAL_PWREx_ControlVoltageScaling                   build/stm32l4xx_hal_pwr_ex.o
                                                  build/main.o
HAL_PWREx_DisableBatteryCharging                  build/stm32l4xx_hal_pwr_ex.o
HAL_PWREx_DisableGPIOPullDown                     build/stm32l4xx_hal_pwr_ex.o
HAL_PWREx_DisableGPIOPullUp                       build/stm32l4xx_hal_pwr_ex.o
HAL_PWREx_DisableInternalWakeUpLine               build/stm32l4xx_hal_pwr_ex.o
HAL_PWREx_DisableLowPowerRunMode                  build/stm32l4xx_hal_pwr_ex.o
                                                  build/stm32l4xx_hal_pwr.o
HAL_PWREx_DisablePVM3                             build/stm32l4xx_hal_pwr_ex.o
HAL_PWREx_DisablePVM4                             build/stm32l4xx_hal_pwr_ex.o
HAL_PWREx_DisablePullUpPullDownConfig             build/stm32l4xx_hal_pwr_ex.o
HAL_PWREx_DisableSRAM2ContentRetention            build/stm32l4xx_hal_pwr_ex.o
HAL_PWREx_EnableBatteryCharging                   build/stm32l4xx_hal_pwr_ex.o
HAL_PWREx_EnableGPIOPullDown                      build/stm32l4xx_hal_pwr_ex.o
HAL_PWREx_EnableGPIOPullUp                        build/stm32l4xx_hal_pwr_ex.o
HAL_PWREx_EnableInternalWakeUpLine                build/stm32l4xx_hal_pwr_ex.o
HAL_PWREx_EnableLowPowerRunMode                   build/stm32l4xx_hal_pwr_ex.o
                                                  build/stm32l4xx_hal_pwr.o
HAL_PWREx_EnablePVM3                              build/stm32l4xx_hal_pwr_ex.o
HAL_PWREx_EnablePVM4                              build/stm32l4xx_hal_pwr_ex.o
HAL_PWREx_EnablePullUpPullDownConfig              build/stm32l4xx_hal_pwr_ex.o
HAL_PWREx_EnableSRAM2ContentRetention             build/stm32l4xx_hal_pwr_ex.o
HAL_PWREx_EnterSHUTDOWNMode                       build/stm32l4xx_hal_pwr_ex.o
HAL_PWREx_EnterSTOP0Mode                          build/stm32l4xx_hal_pwr_ex.o
                                                  build/stm32l4xx_hal_pwr.o
HAL_PWREx_EnterSTOP1Mode                          build/stm32l4xx_hal_pwr_ex.o
                                                  build/stm32l4xx_hal_pwr.o
HAL_PWREx_EnterSTOP2Mode                          build/stm32l4xx_hal_pwr_ex.o
HAL_PWREx_GetVoltageRange                         build/stm32l4xx_hal_pwr_ex.o
                                                  build/stm32l4xx_hal_rcc.o
HAL_PWREx_PVD_PVM_IRQHandler                      build/stm32l4xx_hal_pwr_ex.o
HAL_PWREx_PVM3Callback                            build/stm32l4xx_hal_pwr_ex.o
HAL_PWREx_PVM4Callback                            build/stm32l4xx_hal_pwr_ex.o
HAL_PWREx_SetSRAM2ContentRetention                build/stm32l4xx_hal_pwr_ex.o
HAL_PWR_ConfigPVD                                 build/stm32l4xx_hal_pwr.o
HAL_PWR_DeInit                                    build/stm32l4xx_hal_pwr.o
HAL_PWR_DisableBkUpAccess                         build/stm32l4xx_hal_pwr.o
                                                  build/stm32l4xx_hal_rcc_ex.o
HAL_PWR_DisablePVD                                build/stm32l4xx_hal_pwr.o
HAL_PWR_DisableSEVOnPend                          build/stm32l4xx_hal_pwr.o
HAL_PWR_DisableSleepOnExit                        build/stm32l4xx_hal_pwr.o
HAL_PWR_DisableWakeUpPin                          build/stm32l4xx_hal_pwr.o
HAL_PWR_EnableBkUpAccess                          build/stm32l4xx_hal_pwr.o
                                                  build/stm32l4xx_hal_rcc_ex.o
HAL_PWR_EnablePVD                                 build/stm32l4xx_hal_pwr.o